Archive member included to satisfy reference by file (symbol)

/opt/gcc-arm-none-eabi-7-2018-q2-update/bin/../lib/gcc/arm-none-eabi/7.3.1/../../../../arm-none-eabi/lib/thumb/v7-m/libc_nano.a(lib_a-exit.o)
                              /opt/gcc-arm-none-eabi-7-2018-q2-update/bin/../lib/gcc/arm-none-eabi/7.3.1/../../../../arm-none-eabi/lib/thumb/v7-m/rdimon-crt0.o (exit)
/opt/gcc-arm-none-eabi-7-2018-q2-update/bin/../lib/gcc/arm-none-eabi/7.3.1/../../../../arm-none-eabi/lib/thumb/v7-m/libc_nano.a(lib_a-impure.o)
                              /opt/gcc-arm-none-eabi-7-2018-q2-update/bin/../lib/gcc/arm-none-eabi/7.3.1/../../../../arm-none-eabi/lib/thumb/v7-m/libc_nano.a(lib_a-exit.o) (_global_impure_ptr)
/opt/gcc-arm-none-eabi-7-2018-q2-update/bin/../lib/gcc/arm-none-eabi/7.3.1/../../../../arm-none-eabi/lib/thumb/v7-m/libc_nano.a(lib_a-init.o)
                              /opt/gcc-arm-none-eabi-7-2018-q2-update/bin/../lib/gcc/arm-none-eabi/7.3.1/../../../../arm-none-eabi/lib/thumb/v7-m/rdimon-crt0.o (__libc_init_array)
/opt/gcc-arm-none-eabi-7-2018-q2-update/bin/../lib/gcc/arm-none-eabi/7.3.1/../../../../arm-none-eabi/lib/thumb/v7-m/libc_nano.a(lib_a-memset.o)
                              /opt/gcc-arm-none-eabi-7-2018-q2-update/bin/../lib/gcc/arm-none-eabi/7.3.1/../../../../arm-none-eabi/lib/thumb/v7-m/rdimon-crt0.o (memset)
/opt/gcc-arm-none-eabi-7-2018-q2-update/bin/../lib/gcc/arm-none-eabi/7.3.1/thumb/v7-m/libgcc.a(_arm_addsubdf3.o)
                              /tmp/ccgFedg7.o (__aeabi_dsub)
/opt/gcc-arm-none-eabi-7-2018-q2-update/bin/../lib/gcc/arm-none-eabi/7.3.1/thumb/v7-m/libgcc.a(_arm_muldivdf3.o)
                              /tmp/ccgFedg7.o (__aeabi_dmul)
/opt/gcc-arm-none-eabi-7-2018-q2-update/bin/../lib/gcc/arm-none-eabi/7.3.1/thumb/v7-m/libgcc.a(_arm_fixdfsi.o)
                              /tmp/ccgFedg7.o (__aeabi_d2iz)
/opt/gcc-arm-none-eabi-7-2018-q2-update/bin/../lib/gcc/arm-none-eabi/7.3.1/thumb/v7-m/libgcc.a(_arm_fixunsdfsi.o)
                              /tmp/ccgFedg7.o (__aeabi_d2uiz)
/opt/gcc-arm-none-eabi-7-2018-q2-update/bin/../lib/gcc/arm-none-eabi/7.3.1/../../../../arm-none-eabi/lib/thumb/v7-m/libg_nano.a(lib_a-sprintf.o)
                              /tmp/ccgFedg7.o (sprintf)
/opt/gcc-arm-none-eabi-7-2018-q2-update/bin/../lib/gcc/arm-none-eabi/7.3.1/../../../../arm-none-eabi/lib/thumb/v7-m/libg_nano.a(lib_a-nano-svfprintf.o)
                              /opt/gcc-arm-none-eabi-7-2018-q2-update/bin/../lib/gcc/arm-none-eabi/7.3.1/../../../../arm-none-eabi/lib/thumb/v7-m/libg_nano.a(lib_a-sprintf.o) (_svfprintf_r)
/opt/gcc-arm-none-eabi-7-2018-q2-update/bin/../lib/gcc/arm-none-eabi/7.3.1/../../../../arm-none-eabi/lib/thumb/v7-m/libg_nano.a(lib_a-nano-vfprintf_i.o)
                              /opt/gcc-arm-none-eabi-7-2018-q2-update/bin/../lib/gcc/arm-none-eabi/7.3.1/../../../../arm-none-eabi/lib/thumb/v7-m/libg_nano.a(lib_a-nano-svfprintf.o) (_printf_i)
/opt/gcc-arm-none-eabi-7-2018-q2-update/bin/../lib/gcc/arm-none-eabi/7.3.1/../../../../arm-none-eabi/lib/thumb/v7-m/libg_nano.a(lib_a-memchr-stub.o)
                              /opt/gcc-arm-none-eabi-7-2018-q2-update/bin/../lib/gcc/arm-none-eabi/7.3.1/../../../../arm-none-eabi/lib/thumb/v7-m/libg_nano.a(lib_a-nano-svfprintf.o) (memchr)
/opt/gcc-arm-none-eabi-7-2018-q2-update/bin/../lib/gcc/arm-none-eabi/7.3.1/../../../../arm-none-eabi/lib/thumb/v7-m/libg_nano.a(lib_a-memcpy-stub.o)
                              /opt/gcc-arm-none-eabi-7-2018-q2-update/bin/../lib/gcc/arm-none-eabi/7.3.1/../../../../arm-none-eabi/lib/thumb/v7-m/libg_nano.a(lib_a-nano-svfprintf.o) (memcpy)
/opt/gcc-arm-none-eabi-7-2018-q2-update/bin/../lib/gcc/arm-none-eabi/7.3.1/../../../../arm-none-eabi/lib/thumb/v7-m/libg_nano.a(lib_a-memmove.o)
                              /opt/gcc-arm-none-eabi-7-2018-q2-update/bin/../lib/gcc/arm-none-eabi/7.3.1/../../../../arm-none-eabi/lib/thumb/v7-m/libg_nano.a(lib_a-nano-svfprintf.o) (memmove)
/opt/gcc-arm-none-eabi-7-2018-q2-update/bin/../lib/gcc/arm-none-eabi/7.3.1/../../../../arm-none-eabi/lib/thumb/v7-m/libg_nano.a(lib_a-nano-freer.o)
                              /opt/gcc-arm-none-eabi-7-2018-q2-update/bin/../lib/gcc/arm-none-eabi/7.3.1/../../../../arm-none-eabi/lib/thumb/v7-m/libg_nano.a(lib_a-nano-svfprintf.o) (_free_r)
/opt/gcc-arm-none-eabi-7-2018-q2-update/bin/../lib/gcc/arm-none-eabi/7.3.1/../../../../arm-none-eabi/lib/thumb/v7-m/libg_nano.a(lib_a-nano-mallocr.o)
                              /opt/gcc-arm-none-eabi-7-2018-q2-update/bin/../lib/gcc/arm-none-eabi/7.3.1/../../../../arm-none-eabi/lib/thumb/v7-m/libg_nano.a(lib_a-nano-svfprintf.o) (_malloc_r)
/opt/gcc-arm-none-eabi-7-2018-q2-update/bin/../lib/gcc/arm-none-eabi/7.3.1/../../../../arm-none-eabi/lib/thumb/v7-m/libg_nano.a(lib_a-nano-reallocr.o)
                              /opt/gcc-arm-none-eabi-7-2018-q2-update/bin/../lib/gcc/arm-none-eabi/7.3.1/../../../../arm-none-eabi/lib/thumb/v7-m/libg_nano.a(lib_a-nano-svfprintf.o) (_realloc_r)
[...]
Memory Configuration

Name             Origin             Length             Attributes
FLASH            0x0000000008000000 0x0000000000020000 xr
RAM              0x0000000020000000 0x0000000000005000 xrw
MEMORY_B1        0x0000000060000000 0x0000000000000000 xr
*default*        0x0000000000000000 0xffffffffffffffff

Linker script and memory map

LOAD /opt/gcc-arm-none-eabi-7-2018-q2-update/bin/../lib/gcc/arm-none-eabi/7.3.1/thumb/v7-m/crti.o
LOAD /opt/gcc-arm-none-eabi-7-2018-q2-update/bin/../lib/gcc/arm-none-eabi/7.3.1/thumb/v7-m/crtbegin.o
LOAD /opt/gcc-arm-none-eabi-7-2018-q2-update/bin/../lib/gcc/arm-none-eabi/7.3.1/../../../../arm-none-eabi/lib/thumb/v7-m/rdimon-crt0.o
LOAD /opt/gcc-arm-none-eabi-7-2018-q2-update/bin/../lib/gcc/arm-none-eabi/7.3.1/thumb/v7-m/libgcc.a
LOAD /opt/gcc-arm-none-eabi-7-2018-q2-update/bin/../lib/gcc/arm-none-eabi/7.3.1/../../../../arm-none-eabi/lib/thumb/v7-m/libc_nano.a
LOAD /opt/gcc-arm-none-eabi-7-2018-q2-update/bin/../lib/gcc/arm-none-eabi/7.3.1/../../../../arm-none-eabi/lib/thumb/v7-m/libm.a
LOAD /tmp/ccgFedg7.o
LOAD /tmp/ccyzQDYS.o
LOAD /tmp/cc2V5HtF.o
LOAD /tmp/ccMoxwps.o
LOAD /tmp/ccjM1Wtg.o
LOAD /tmp/ccyETeY4.o
LOAD /tmp/ccQ06xKT.o
LOAD /tmp/cck99RWI.o
LOAD /tmp/cctenPpy.o
LOAD /tmp/ccsgDPno.o
LOAD /tmp/ccQw0zJe.o
LOAD /tmp/ccSQ5iS5.o
LOAD /tmp/ccbkcCLX.o
LOAD /tmp/ccLDklfQ.o
LOAD /tmp/ccTvhFtJ.o
LOAD /tmp/ccCiv51C.o
LOAD /tmp/cc49htUw.o
LOAD /tmp/ccnI5Tur.o
LOAD /tmp/ccXo62vm.o
LOAD /tmp/ccsFHS2h.o
LOAD /tmp/ccBzc2be.o
LOAD /tmp/cckfOkdc.o
LOAD /tmp/ccDIc65a.o
LOAD /tmp/cc4sJVia.o
LOAD /tmp/ccKKqnO9.o
LOAD /tmp/ccfGGYT9.o
LOAD /tmp/ccVibmma.o
LOAD /tmp/cctc3oeb.o
LOAD /tmp/ccyogOzc.o
LOAD /tmp/ccFB9bbe.o
LOAD /tmp/ccH4sMOf.o
START GROUP
LOAD /opt/gcc-arm-none-eabi-7-2018-q2-update/bin/../lib/gcc/arm-none-eabi/7.3.1/thumb/v7-m/libgcc.a
LOAD /opt/gcc-arm-none-eabi-7-2018-q2-update/bin/../lib/gcc/arm-none-eabi/7.3.1/../../../../arm-none-eabi/lib/thumb/v7-m/libg_nano.a
LOAD /opt/gcc-arm-none-eabi-7-2018-q2-update/bin/../lib/gcc/arm-none-eabi/7.3.1/../../../../arm-none-eabi/lib/thumb/v7-m/libc_nano.a
END GROUP
START GROUP
LOAD /opt/gcc-arm-none-eabi-7-2018-q2-update/bin/../lib/gcc/arm-none-eabi/7.3.1/thumb/v7-m/libgcc.a
LOAD /opt/gcc-arm-none-eabi-7-2018-q2-update/bin/../lib/gcc/arm-none-eabi/7.3.1/../../../../arm-none-eabi/lib/thumb/v7-m/libc_nano.a
LOAD /opt/gcc-arm-none-eabi-7-2018-q2-update/bin/../lib/gcc/arm-none-eabi/7.3.1/../../../../arm-none-eabi/lib/thumb/v7-m/librdimon_nano.a
END GROUP
START GROUP
LOAD /opt/gcc-arm-none-eabi-7-2018-q2-update/bin/../lib/gcc/arm-none-eabi/7.3.1/thumb/v7-m/libgcc.a
LOAD /opt/gcc-arm-none-eabi-7-2018-q2-update/bin/../lib/gcc/arm-none-eabi/7.3.1/../../../../arm-none-eabi/lib/thumb/v7-m/libc_nano.a
LOAD /opt/gcc-arm-none-eabi-7-2018-q2-update/bin/../lib/gcc/arm-none-eabi/7.3.1/../../../../arm-none-eabi/lib/thumb/v7-m/librdimon_nano.a
END GROUP
LOAD /opt/gcc-arm-none-eabi-7-2018-q2-update/bin/../lib/gcc/arm-none-eabi/7.3.1/thumb/v7-m/crtend.o
LOAD /opt/gcc-arm-none-eabi-7-2018-q2-update/bin/../lib/gcc/arm-none-eabi/7.3.1/thumb/v7-m/crtn.o
                0x0000000020005000                _estack = 0x20005000
                0x0000000000000000                _Min_Heap_Size = 0x0
                0x0000000000000100                _Min_Stack_Size = 0x100

.isr_vector     0x0000000008000000      0x10c
                0x0000000008000000                . = ALIGN (0x4)
 *(.isr_vector)
 .isr_vector    0x0000000008000000      0x10c /tmp/ccH4sMOf.o
                0x0000000008000000                g_pfnVectors
                0x000000000800010c                . = ALIGN (0x4)

.eh_frame       0x000000000800010c        0x0
 .eh_frame      0x000000000800010c        0x0 /opt/gcc-arm-none-eabi-7-2018-q2-update/bin/../lib/gcc/arm-none-eabi/7.3.1/thumb/v7-m/crtbegin.o

.text           0x0000000008000110     0x4244
                0x0000000008000110                . = ALIGN (0x4)
 *(.text)
 .text          0x0000000008000110       0x40 /opt/gcc-arm-none-eabi-7-2018-q2-update/bin/../lib/gcc/arm-none-eabi/7.3.1/thumb/v7-m/crtbegin.o
 .text          0x0000000008000150       0x8c /tmp/ccgFedg7.o
                0x0000000008000150                adc_init
 .text          0x00000000080001dc      0x15c /tmp/ccyzQDYS.o
                0x00000000080001dc                SystemInit
                0x00000000080002e0                SystemCoreClockUpdate
 .text          0x0000000008000338      0x398 /tmp/cc2V5HtF.o
                0x0000000008000338                ADC_DeInit
                0x00000000080003a4                ADC_Init
                0x00000000080003ec                ADC_StructInit
                0x0000000008000400                ADC_Cmd
                0x0000000008000414                ADC_DMACmd
                0x0000000008000428                ADC_ITConfig
                0x000000000800043c                ADC_ResetCalibration
                0x0000000008000448                ADC_GetResetCalibrationStatus
                0x0000000008000450                ADC_StartCalibration
                0x000000000800045c                ADC_GetCalibrationStatus
                0x0000000008000464                ADC_SoftwareStartConvCmd
                0x0000000008000478                ADC_GetSoftwareStartConvStatus
                0x0000000008000480                ADC_DiscModeChannelCountConfig
                0x0000000008000490                ADC_DiscModeCmd
                0x00000000080004a4                ADC_RegularChannelConfig
                0x0000000008000534                ADC_ExternalTrigConvCmd
                0x0000000008000548                ADC_GetConversionValue
                0x0000000008000550                ADC_GetDualModeConversionValue
                0x000000000800055c                ADC_AutoInjectedConvCmd
                0x0000000008000570                ADC_InjectedDiscModeCmd
                0x0000000008000584                ADC_ExternalTrigInjectedConvConfig
                0x0000000008000590                ADC_ExternalTrigInjectedConvCmd
                0x00000000080005a4                ADC_SoftwareStartInjectedConvCmd
                0x00000000080005b8                ADC_GetSoftwareStartInjectedConvCmdStatus
                0x00000000080005c0                ADC_InjectedChannelConfig
                0x0000000008000618                ADC_InjectedSequencerLengthConfig
                0x0000000008000628                ADC_SetInjectedOffset
                0x0000000008000640                ADC_GetInjectedConversionValue
                0x000000000800065c                ADC_AnalogWatchdogCmd
                0x000000000800066c                ADC_AnalogWatchdogThresholdsConfig
                0x0000000008000674                ADC_AnalogWatchdogSingleChannelConfig
                0x0000000008000680                ADC_TempSensorVrefintCmd
                0x000000000800069c                ADC_GetFlagStatus
                0x00000000080006a8                ADC_ClearFlag
                0x00000000080006b0                ADC_GetITStatus
                0x00000000080006c8                ADC_ClearITPendingBit
 .text          0x00000000080006d0      0x2e0 /tmp/ccLDklfQ.o
                0x00000000080006d0                GPIO_DeInit
                0x00000000080007ac                GPIO_AFIODeInit
                0x00000000080007c4                GPIO_Init
                0x0000000008000880                GPIO_StructInit
                0x0000000008000890                GPIO_ReadInputDataBit
                0x000000000800089c                GPIO_ReadInputData
                0x00000000080008a4                GPIO_ReadOutputDataBit
                0x00000000080008b0                GPIO_ReadOutputData
                0x00000000080008b8                GPIO_SetBits
                0x00000000080008bc                GPIO_ResetBits
                0x00000000080008c0                GPIO_WriteBit
                0x00000000080008cc                GPIO_Write
                0x00000000080008d0                GPIO_PinLockConfig
                0x00000000080008e0                GPIO_EventOutputConfig
                0x00000000080008fc                GPIO_EventOutputCmd
                0x0000000008000908                GPIO_PinRemapConfig
                0x0000000008000974                GPIO_EXTILineConfig
                0x00000000080009a4                GPIO_ETH_MediaInterfaceConfig
 .text          0x00000000080009b0      0x3a4 /tmp/ccTvhFtJ.o
                0x00000000080009b0                I2C_DeInit
                0x00000000080009ec                I2C_Init
                0x0000000008000abc                I2C_StructInit
                0x0000000008000adc                I2C_Cmd
                0x0000000008000af4                I2C_DMACmd
                0x0000000008000b0c                I2C_DMALastTransferCmd
                0x0000000008000b24                I2C_GenerateSTART
                0x0000000008000b3c                I2C_GenerateSTOP
                0x0000000008000b54                I2C_AcknowledgeConfig
                0x0000000008000b6c                I2C_OwnAddress2Config
                0x0000000008000b80                I2C_DualAddressCmd
                0x0000000008000b98                I2C_GeneralCallCmd
                0x0000000008000bb0                I2C_ITConfig
                0x0000000008000bc4                I2C_SendData
                0x0000000008000bc8                I2C_ReceiveData
                0x0000000008000bd0                I2C_Send7bitAddress
                0x0000000008000be8                I2C_ReadRegister
                0x0000000008000c00                I2C_SoftwareResetCmd
                0x0000000008000c14                I2C_NACKPositionConfig
                0x0000000008000c2c                I2C_SMBusAlertConfig
                0x0000000008000c44                I2C_TransmitPEC
                0x0000000008000c5c                I2C_PECPositionConfig
                0x0000000008000c60                I2C_CalculatePEC
                0x0000000008000c78                I2C_GetPEC
                0x0000000008000c80                I2C_ARPCmd
                0x0000000008000c98                I2C_StretchClockCmd
                0x0000000008000cb0                I2C_FastModeDutyCycleConfig
                0x0000000008000cc8                I2C_CheckEvent
                0x0000000008000ce0                I2C_GetLastEvent
                0x0000000008000cf0                I2C_GetFlagStatus
                0x0000000008000d28                I2C_ClearFlag
                0x0000000008000d30                I2C_GetITStatus
                0x0000000008000d4c                I2C_ClearITPendingBit
 .text          0x0000000008000d54      0x354 /tmp/ccnI5Tur.o
                0x0000000008000d54                RCC_DeInit
                0x0000000008000d94                RCC_HSEConfig
                0x0000000008000dcc                RCC_WaitForHSEStartUp
                0x0000000008000dfc                RCC_AdjustHSICalibrationValue
                0x0000000008000e10                RCC_HSICmd
                0x0000000008000e1c                RCC_PLLConfig
                0x0000000008000e30                RCC_PLLCmd
                0x0000000008000e3c                RCC_SYSCLKConfig
                0x0000000008000e50                RCC_GetSYSCLKSource
                0x0000000008000e60                RCC_HCLKConfig
                0x0000000008000e74                RCC_PCLK1Config
                0x0000000008000e88                RCC_PCLK2Config
                0x0000000008000e9c                RCC_ITConfig
                0x0000000008000eb4                RCC_USBCLKConfig
                0x0000000008000ec0                RCC_ADCCLKConfig
                0x0000000008000ed4                RCC_LSEConfig
                0x0000000008000ef4                RCC_LSICmd
                0x0000000008000f00                RCC_RTCCLKConfig
                0x0000000008000f10                RCC_RTCCLKCmd
                0x0000000008000f1c                RCC_GetClocksFreq
                0x0000000008000fa8                RCC_AHBPeriphClockCmd
                0x0000000008000fc0                RCC_APB2PeriphClockCmd
                0x0000000008000fd8                RCC_APB1PeriphClockCmd
                0x0000000008000ff0                RCC_APB2PeriphResetCmd
                0x0000000008001008                RCC_APB1PeriphResetCmd
                0x0000000008001020                RCC_BackupResetCmd
                0x000000000800102c                RCC_ClockSecuritySystemCmd
                0x0000000008001038                RCC_MCOConfig
                0x0000000008001044                RCC_GetFlagStatus
                0x0000000008001078                RCC_ClearFlag
                0x0000000008001088                RCC_GetITStatus
                0x000000000800109c                RCC_ClearITPendingBit
 .text          0x00000000080010a8      0xdb0 /tmp/cckfOkdc.o
                0x00000000080011a0                TIM_DeInit
                0x00000000080013d0                TIM_TimeBaseInit
                0x000000000800147c                TIM_OC1Init
                0x0000000008001504                TIM_OC2Init
                0x0000000008001588                TIM_OC3Init
                0x000000000800160c                TIM_OC4Init
                0x0000000008001678                TIM_ICInit
                0x00000000080017e0                TIM_PWMIConfig
                0x000000000800187c                TIM_BDTRConfig
                0x00000000080018a0                TIM_TimeBaseStructInit
                0x00000000080018b4                TIM_OCStructInit
                0x00000000080018c8                TIM_ICStructInit
                0x00000000080018d8                TIM_BDTRStructInit
                0x00000000080018ec                TIM_Cmd
                0x0000000008001904                TIM_CtrlPWMOutputs
                0x0000000008001920                TIM_ITConfig
                0x0000000008001934                TIM_GenerateEvent
                0x0000000008001938                TIM_DMAConfig
                0x0000000008001940                TIM_DMACmd
                0x0000000008001944                TIM_InternalClockConfig
                0x0000000008001954                TIM_ITRxExternalClockConfig
                0x000000000800196c                TIM_TIxExternalClockConfig
                0x00000000080019a0                TIM_ETRClockMode1Config
                0x00000000080019c8                TIM_ETRClockMode2Config
                0x00000000080019e8                TIM_ETRConfig
                0x0000000008001a00                TIM_PrescalerConfig
                0x0000000008001a08                TIM_CounterModeConfig
                0x0000000008001a18                TIM_SelectInputTrigger
                0x0000000008001a28                TIM_EncoderInterfaceConfig
                0x0000000008001a64                TIM_ForcedOC1Config
                0x0000000008001a74                TIM_ForcedOC2Config
                0x0000000008001a88                TIM_ForcedOC3Config
                0x0000000008001a98                TIM_ForcedOC4Config
                0x0000000008001aac                TIM_ARRPreloadConfig
                0x0000000008001ac4                TIM_SelectCOM
                0x0000000008001adc                TIM_SelectCCDMA
                0x0000000008001af4                TIM_CCPreloadControl
                0x0000000008001b0c                TIM_OC1PreloadConfig
                0x0000000008001b1c                TIM_OC2PreloadConfig
                0x0000000008001b30                TIM_OC3PreloadConfig
                0x0000000008001b40                TIM_OC4PreloadConfig
                0x0000000008001b54                TIM_OC1FastConfig
                0x0000000008001b64                TIM_OC2FastConfig
                0x0000000008001b78                TIM_OC3FastConfig
                0x0000000008001b88                TIM_OC4FastConfig
                0x0000000008001b9c                TIM_ClearOC1Ref
                0x0000000008001bac                TIM_ClearOC2Ref
                0x0000000008001bbc                TIM_ClearOC3Ref
                0x0000000008001bcc                TIM_ClearOC4Ref
                0x0000000008001bdc                TIM_OC1PolarityConfig
                0x0000000008001bec                TIM_OC1NPolarityConfig
                0x0000000008001bfc                TIM_OC2PolarityConfig
                0x0000000008001c10                TIM_OC2NPolarityConfig
                0x0000000008001c24                TIM_OC3PolarityConfig
                0x0000000008001c38                TIM_OC3NPolarityConfig
                0x0000000008001c4c                TIM_OC4PolarityConfig
                0x0000000008001c60                TIM_CCxCmd
                0x0000000008001c80                TIM_CCxNCmd
                0x0000000008001ca0                TIM_SelectOCxM
                0x0000000008001ce8                TIM_UpdateDisableConfig
                0x0000000008001d00                TIM_UpdateRequestConfig
                0x0000000008001d18                TIM_SelectHallSensor
                0x0000000008001d30                TIM_SelectOnePulseMode
                0x0000000008001d44                TIM_SelectOutputTrigger
                0x0000000008001d58                TIM_SelectSlaveMode
                0x0000000008001d6c                TIM_SelectMasterSlaveMode
                0x0000000008001d80                TIM_SetCounter
                0x0000000008001d84                TIM_SetAutoreload
                0x0000000008001d88                TIM_SetCompare1
                0x0000000008001d8c                TIM_SetCompare2
                0x0000000008001d90                TIM_SetCompare3
                0x0000000008001d94                TIM_SetCompare4
                0x0000000008001d9c                TIM_SetIC1Prescaler
                0x0000000008001db0                TIM_SetIC2Prescaler
                0x0000000008001dc8                TIM_SetIC3Prescaler
                0x0000000008001ddc                TIM_SetIC4Prescaler
                0x0000000008001df4                TIM_SetClockDivision
                0x0000000008001e08                TIM_GetCapture1
                0x0000000008001e0c                TIM_GetCapture2
                0x0000000008001e10                TIM_GetCapture3
                0x0000000008001e14                TIM_GetCapture4
                0x0000000008001e1c                TIM_GetCounter
                0x0000000008001e20                TIM_GetPrescaler
                0x0000000008001e24                TIM_GetFlagStatus
                0x0000000008001e30                TIM_ClearFlag
                0x0000000008001e38                TIM_GetITStatus
                0x0000000008001e50                TIM_ClearITPendingBit
 .text          0x0000000008001e58      0x3b8 /tmp/ccDIc65a.o
                0x0000000008001e58                USART_DeInit
                0x0000000008001f08                USART_Init
                0x0000000008001fbc                USART_StructInit
                0x0000000008001fd0                USART_ClockInit
                0x0000000008001ff0                USART_ClockStructInit
                0x0000000008001ffc                USART_Cmd
                0x0000000008002014                USART_ITConfig
                0x000000000800204c                USART_DMACmd
                0x0000000008002060                USART_SetAddress
                0x0000000008002074                USART_WakeUpConfig
                0x0000000008002088                USART_ReceiverWakeUpCmd
                0x00000000080020a0                USART_LINBreakDetectLengthConfig
                0x00000000080020b4                USART_LINCmd
                0x00000000080020cc                USART_SendData
                0x00000000080020d4                USART_ReceiveData
                0x00000000080020dc                USART_SendBreak
                0x00000000080020e8                USART_SetGuardTime
                0x00000000080020f8                USART_SetPrescaler
                0x0000000008002108                USART_SmartCardCmd
                0x0000000008002120                USART_SmartCardNACKCmd
                0x0000000008002138                USART_HalfDuplexCmd
                0x0000000008002150                USART_OverSampling8Cmd
                0x0000000008002164                USART_OneBitMethodCmd
                0x000000000800217c                USART_IrDAConfig
                0x0000000008002190                USART_IrDACmd
                0x00000000080021a8                USART_GetFlagStatus
                0x00000000080021b4                USART_ClearFlag
                0x00000000080021bc                USART_GetITStatus
                0x0000000008002200                USART_ClearITPendingBit
 .text          0x0000000008002210       0xb0 /tmp/ccKKqnO9.o
                0x0000000008002210                NVIC_PriorityGroupConfig
                0x0000000008002224                NVIC_Init
                0x000000000800227c                NVIC_SetVectorTable
                0x0000000008002290                NVIC_SystemLPConfig
                0x00000000080022a8                SysTick_CLKSourceConfig
 .text          0x00000000080022c0      0x2a8 /tmp/ccfGGYT9.o
                0x00000000080022c0                I2C1_init
                0x0000000008002340                I2C_SendByteByADDR
                0x00000000080023b4                sendhalfbyte
                0x00000000080023fc                sendbyte
                0x0000000008002438                sendcharlcd
                0x0000000008002440                setpos
                0x0000000008002484                lcd_init
                0x0000000008002510                clearlcd
                0x0000000008002528                str_lcd
                0x0000000008002540                createChar
 .text          0x0000000008002568       0x80 /tmp/ccVibmma.o
                0x0000000008002568                _delay_ms
                0x000000000800259c                _delay_us
                0x00000000080025d0                get_cpuFreq
 .text          0x00000000080025e8       0xbc /tmp/cctc3oeb.o
                0x00000000080025e8                put32b
                0x0000000008002650                make32b
                0x000000000800266c                buzzerInit
 .text          0x00000000080026a4      0x1ac /tmp/ccyogOzc.o
                0x00000000080026c4                USART_init
                0x0000000008002764                USART1_IRQHandler
                0x00000000080027f0                packetHandler
                0x0000000008002800                processPacket
                0x0000000008002828                USART_SendString
 .text          0x0000000008002850       0x3c /tmp/ccFB9bbe.o
                0x0000000008002850                _sbrk
                0x000000000800286c                link
                0x0000000008002874                _fstat
                0x0000000008002880                _read
                0x0000000008002884                _write
                0x0000000008002888                abort
 .text          0x000000000800288c      0x378 /opt/gcc-arm-none-eabi-7-2018-q2-update/bin/../lib/gcc/arm-none-eabi/7.3.1/thumb/v7-m/libgcc.a(_arm_addsubdf3.o)
                0x000000000800288c                __aeabi_drsub
                0x0000000008002894                __aeabi_dsub
                0x0000000008002894                __subdf3
                0x0000000008002898                __adddf3
                0x0000000008002898                __aeabi_dadd
                0x0000000008002b10                __aeabi_ui2d
                0x0000000008002b10                __floatunsidf
                0x0000000008002b30                __floatsidf
                0x0000000008002b30                __aeabi_i2d
                0x0000000008002b54                __extendsfdf2
                0x0000000008002b54                __aeabi_f2d
                0x0000000008002b98                __aeabi_ul2d
                0x0000000008002b98                __floatundidf
                0x0000000008002ba8                __floatdidf
                0x0000000008002ba8                __aeabi_l2d
 .text          0x0000000008002c04      0x424 /opt/gcc-arm-none-eabi-7-2018-q2-update/bin/../lib/gcc/arm-none-eabi/7.3.1/thumb/v7-m/libgcc.a(_arm_muldivdf3.o)
                0x0000000008002c04                __aeabi_dmul
                0x0000000008002c04                __muldf3
                0x0000000008002e58                __aeabi_ddiv
                0x0000000008002e58                __divdf3
 .text          0x0000000008003028       0x50 /opt/gcc-arm-none-eabi-7-2018-q2-update/bin/../lib/gcc/arm-none-eabi/7.3.1/thumb/v7-m/libgcc.a(_arm_fixdfsi.o)
                0x0000000008003028                __fixdfsi
                0x0000000008003028                __aeabi_d2iz
 .text          0x0000000008003078       0x40 /opt/gcc-arm-none-eabi-7-2018-q2-update/bin/../lib/gcc/arm-none-eabi/7.3.1/thumb/v7-m/libgcc.a(_arm_fixunsdfsi.o)
                0x0000000008003078                __fixunsdfsi
                0x0000000008003078                __aeabi_d2uiz
 .text          0x00000000080030b8      0x110 /opt/gcc-arm-none-eabi-7-2018-q2-update/bin/../lib/gcc/arm-none-eabi/7.3.1/thumb/v7-m/libgcc.a(_arm_cmpdf2.o)
                0x00000000080030b8                __gtdf2
                0x00000000080030b8                __gedf2
                0x00000000080030c0                __ltdf2
                0x00000000080030c0                __ledf2
                0x00000000080030c8                __cmpdf2
                0x00000000080030c8                __eqdf2
                0x00000000080030c8                __nedf2
                0x0000000008003144                __aeabi_cdrcmple
                0x0000000008003154                __aeabi_cdcmple
                0x0000000008003154                __aeabi_cdcmpeq
                0x0000000008003164                __aeabi_dcmpeq
                0x0000000008003178                __aeabi_dcmplt
                0x000000000800318c                __aeabi_dcmple
                0x00000000080031a0                __aeabi_dcmpge
                0x00000000080031b4                __aeabi_dcmpgt
 .text          0x00000000080031c8       0x2c /opt/gcc-arm-none-eabi-7-2018-q2-update/bin/../lib/gcc/arm-none-eabi/7.3.1/thumb/v7-m/libgcc.a(_arm_unorddf2.o)
                0x00000000080031c8                __aeabi_dcmpun
                0x00000000080031c8                __unorddf2
 *(.text*)
 .text.__libc_init_array
                0x00000000080031f4       0x48 /opt/gcc-arm-none-eabi-7-2018-q2-update/bin/../lib/gcc/arm-none-eabi/7.3.1/../../../../arm-none-eabi/lib/thumb/v7-m/libc_nano.a(lib_a-init.o)
                0x00000000080031f4                __libc_init_array
 *fill*         0x000000000800323c        0x4 
 .text.startup  0x0000000008003240      0x2e0 /tmp/ccgFedg7.o
                0x0000000008003240                main
 .text.Reset_Handler
                0x0000000008003520       0x48 /tmp/ccH4sMOf.o
                0x0000000008003520                Reset_Handler
 .text.Default_Handler
                0x0000000008003568        0x2 /tmp/ccH4sMOf.o
                0x0000000008003568                EXTI2_IRQHandler
                0x0000000008003568                DebugMon_Handler
                0x0000000008003568                TIM1_CC_IRQHandler
                0x0000000008003568                HardFault_Handler
                0x0000000008003568                SysTick_Handler
                0x0000000008003568                PVD_IRQHandler
                0x0000000008003568                PendSV_Handler
                0x0000000008003568                NMI_Handler
                0x0000000008003568                EXTI3_IRQHandler
                0x0000000008003568                EXTI0_IRQHandler
                0x0000000008003568                I2C2_EV_IRQHandler
                0x0000000008003568                UsageFault_Handler
                0x0000000008003568                ADC1_2_IRQHandler
                0x0000000008003568                SPI1_IRQHandler
                0x0000000008003568                TAMPER_IRQHandler
                0x0000000008003568                DMA1_Channel4_IRQHandler
                0x0000000008003568                USART3_IRQHandler
                0x0000000008003568                RTC_IRQHandler
                0x0000000008003568                DMA1_Channel7_IRQHandler
                0x0000000008003568                CAN1_RX1_IRQHandler
                0x0000000008003568                TIM4_IRQHandler
                0x0000000008003568                I2C1_EV_IRQHandler
                0x0000000008003568                DMA1_Channel6_IRQHandler
                0x0000000008003568                TIM3_IRQHandler
                0x0000000008003568                RCC_IRQHandler
                0x0000000008003568                TIM1_TRG_COM_IRQHandler
                0x0000000008003568                DMA1_Channel1_IRQHandler
                0x0000000008003568                Default_Handler
                0x0000000008003568                EXTI15_10_IRQHandler
                0x0000000008003568                EXTI9_5_IRQHandler
                0x0000000008003568                SPI2_IRQHandler
                0x0000000008003568                MemManage_Handler
                0x0000000008003568                SVC_Handler
                0x0000000008003568                DMA1_Channel5_IRQHandler
                0x0000000008003568                EXTI4_IRQHandler
                0x0000000008003568                USB_LP_CAN1_RX0_IRQHandler
                0x0000000008003568                USB_HP_CAN1_TX_IRQHandler
                0x0000000008003568                DMA1_Channel3_IRQHandler
                0x0000000008003568                TIM1_UP_IRQHandler
                0x0000000008003568                WWDG_IRQHandler
                0x0000000008003568                TIM2_IRQHandler
                0x0000000008003568                TIM1_BRK_IRQHandler
                0x0000000008003568                EXTI1_IRQHandler
                0x0000000008003568                RTCAlarm_IRQHandler
                0x0000000008003568                USART2_IRQHandler
                0x0000000008003568                I2C2_ER_IRQHandler
                0x0000000008003568                DMA1_Channel2_IRQHandler
                0x0000000008003568                CAN1_SCE_IRQHandler
                0x0000000008003568                FLASH_IRQHandler
                0x0000000008003568                BusFault_Handler
                0x0000000008003568                I2C1_ER_IRQHandler
                0x0000000008003568                USBWakeUp_IRQHandler
 *fill*         0x000000000800356a        0x2 
 .text.sprintf  0x000000000800356c       0x40 /opt/gcc-arm-none-eabi-7-2018-q2-update/bin/../lib/gcc/arm-none-eabi/7.3.1/../../../../arm-none-eabi/lib/thumb/v7-m/libg_nano.a(lib_a-sprintf.o)
                0x000000000800356c                sprintf
                0x000000000800356c                siprintf
 .text.__ssputs_r
                0x00000000080035ac       0xb4 /opt/gcc-arm-none-eabi-7-2018-q2-update/bin/../lib/gcc/arm-none-eabi/7.3.1/../../../../arm-none-eabi/lib/thumb/v7-m/libg_nano.a(lib_a-nano-svfprintf.o)
                0x00000000080035ac                __ssputs_r
 .text._svfprintf_r
                0x0000000008003660      0x1f0 /opt/gcc-arm-none-eabi-7-2018-q2-update/bin/../lib/gcc/arm-none-eabi/7.3.1/../../../../arm-none-eabi/lib/thumb/v7-m/libg_nano.a(lib_a-nano-svfprintf.o)
                0x0000000008003660                _svfprintf_r
                0x0000000008003660                _svfiprintf_r
 .text._printf_common
                0x0000000008003850       0xec /opt/gcc-arm-none-eabi-7-2018-q2-update/bin/../lib/gcc/arm-none-eabi/7.3.1/../../../../arm-none-eabi/lib/thumb/v7-m/libg_nano.a(lib_a-nano-vfprintf_i.o)
                0x0000000008003850                _printf_common
 .text._printf_i
                0x000000000800393c      0x224 /opt/gcc-arm-none-eabi-7-2018-q2-update/bin/../lib/gcc/arm-none-eabi/7.3.1/../../../../arm-none-eabi/lib/thumb/v7-m/libg_nano.a(lib_a-nano-vfprintf_i.o)
                0x000000000800393c                _printf_i
 .text.memchr   0x0000000008003b60       0x1c /opt/gcc-arm-none-eabi-7-2018-q2-update/bin/../lib/gcc/arm-none-eabi/7.3.1/../../../../arm-none-eabi/lib/thumb/v7-m/libg_nano.a(lib_a-memchr-stub.o)
                0x0000000008003b60                memchr
 .text.memcpy   0x0000000008003b7c       0x16 /opt/gcc-arm-none-eabi-7-2018-q2-update/bin/../lib/gcc/arm-none-eabi/7.3.1/../../../../arm-none-eabi/lib/thumb/v7-m/libg_nano.a(lib_a-memcpy-stub.o)
                0x0000000008003b7c                memcpy
 .text.memmove  0x0000000008003b92       0x32 /opt/gcc-arm-none-eabi-7-2018-q2-update/bin/../lib/gcc/arm-none-eabi/7.3.1/../../../../arm-none-eabi/lib/thumb/v7-m/libg_nano.a(lib_a-memmove.o)
                0x0000000008003b92                memmove
 .text._free_r  0x0000000008003bc4       0x98 /opt/gcc-arm-none-eabi-7-2018-q2-update/bin/../lib/gcc/arm-none-eabi/7.3.1/../../../../arm-none-eabi/lib/thumb/v7-m/libg_nano.a(lib_a-nano-freer.o)
                0x0000000008003bc4                _free_r
 .text._malloc_r
                0x0000000008003c5c       0xb4 /opt/gcc-arm-none-eabi-7-2018-q2-update/bin/../lib/gcc/arm-none-eabi/7.3.1/../../../../arm-none-eabi/lib/thumb/v7-m/libg_nano.a(lib_a-nano-mallocr.o)
                0x0000000008003c5c                _malloc_r
 .text._realloc_r
                0x0000000008003d10       0x4c /opt/gcc-arm-none-eabi-7-2018-q2-update/bin/../lib/gcc/arm-none-eabi/7.3.1/../../../../arm-none-eabi/lib/thumb/v7-m/libg_nano.a(lib_a-nano-reallocr.o)
                0x0000000008003d10                _realloc_r
 .text._sbrk_r  0x0000000008003d5c       0x20 /opt/gcc-arm-none-eabi-7-2018-q2-update/bin/../lib/gcc/arm-none-eabi/7.3.1/../../../../arm-none-eabi/lib/thumb/v7-m/libg_nano.a(lib_a-sbrkr.o)
                0x0000000008003d5c                _sbrk_r
 .text.__malloc_lock
                0x0000000008003d7c        0x2 /opt/gcc-arm-none-eabi-7-2018-q2-update/bin/../lib/gcc/arm-none-eabi/7.3.1/../../../../arm-none-eabi/lib/thumb/v7-m/libg_nano.a(lib_a-mlock.o)
                0x0000000008003d7c                __malloc_lock
 .text.__malloc_unlock
                0x0000000008003d7e        0x2 /opt/gcc-arm-none-eabi-7-2018-q2-update/bin/../lib/gcc/arm-none-eabi/7.3.1/../../../../arm-none-eabi/lib/thumb/v7-m/libg_nano.a(lib_a-mlock.o)
                0x0000000008003d7e                __malloc_unlock
 .text._malloc_usable_size_r
                0x0000000008003d80       0x10 /opt/gcc-arm-none-eabi-7-2018-q2-update/bin/../lib/gcc/arm-none-eabi/7.3.1/../../../../arm-none-eabi/lib/thumb/v7-m/libg_nano.a(lib_a-nano-msizer.o)
                0x0000000008003d80                _malloc_usable_size_r
 .text.__errno  0x0000000008003d90        0xc /opt/gcc-arm-none-eabi-7-2018-q2-update/bin/../lib/gcc/arm-none-eabi/7.3.1/../../../../arm-none-eabi/lib/thumb/v7-m/libc_nano.a(lib_a-errno.o)
                0x0000000008003d90                __errno
 .text.log      0x0000000008003d9c       0xfc /opt/gcc-arm-none-eabi-7-2018-q2-update/bin/../lib/gcc/arm-none-eabi/7.3.1/../../../../arm-none-eabi/lib/thumb/v7-m/libm.a(lib_a-w_log.o)
                0x0000000008003d9c                log
 .text.__ieee754_log
                0x0000000008003e98      0x394 /opt/gcc-arm-none-eabi-7-2018-q2-update/bin/../lib/gcc/arm-none-eabi/7.3.1/../../../../arm-none-eabi/lib/thumb/v7-m/libm.a(lib_a-e_log.o)
                0x0000000008003e98                __ieee754_log
 .text.matherr  0x000000000800422c        0x4 /opt/gcc-arm-none-eabi-7-2018-q2-update/bin/../lib/gcc/arm-none-eabi/7.3.1/../../../../arm-none-eabi/lib/thumb/v7-m/libm.a(lib_a-s_matherr.o)
                0x000000000800422c                matherr
 .text.nan      0x0000000008004230        0xc /opt/gcc-arm-none-eabi-7-2018-q2-update/bin/../lib/gcc/arm-none-eabi/7.3.1/../../../../arm-none-eabi/lib/thumb/v7-m/libm.a(lib_a-s_nan.o)
                0x0000000008004230                nan
 *(.rodata)
 *(.rodata*)
 .rodata.str1.4
                0x000000000800423c       0x66 /tmp/ccgFedg7.o
 .rodata._svfprintf_r.str1.1
                0x00000000080042a2       0x11 /opt/gcc-arm-none-eabi-7-2018-q2-update/bin/../lib/gcc/arm-none-eabi/7.3.1/../../../../arm-none-eabi/lib/thumb/v7-m/libg_nano.a(lib_a-nano-svfprintf.o)
 .rodata._printf_i.str1.1
                0x00000000080042b3       0x22 /opt/gcc-arm-none-eabi-7-2018-q2-update/bin/../lib/gcc/arm-none-eabi/7.3.1/../../../../arm-none-eabi/lib/thumb/v7-m/libg_nano.a(lib_a-nano-vfprintf_i.o)
 *fill*         0x00000000080042d5        0x3 
 .rodata.__sf_fake_stderr
                0x00000000080042d8       0x20 /opt/gcc-arm-none-eabi-7-2018-q2-update/bin/../lib/gcc/arm-none-eabi/7.3.1/../../../../arm-none-eabi/lib/thumb/v7-m/libc_nano.a(lib_a-findfp.o)
                0x00000000080042d8                __sf_fake_stderr
 .rodata.__sf_fake_stdin
                0x00000000080042f8       0x20 /opt/gcc-arm-none-eabi-7-2018-q2-update/bin/../lib/gcc/arm-none-eabi/7.3.1/../../../../arm-none-eabi/lib/thumb/v7-m/libc_nano.a(lib_a-findfp.o)
                0x00000000080042f8                __sf_fake_stdin
 .rodata.__sf_fake_stdout
                0x0000000008004318       0x20 /opt/gcc-arm-none-eabi-7-2018-q2-update/bin/../lib/gcc/arm-none-eabi/7.3.1/../../../../arm-none-eabi/lib/thumb/v7-m/libc_nano.a(lib_a-findfp.o)
                0x0000000008004318                __sf_fake_stdout
 .rodata.log.str1.4
                0x0000000008004338        0x4 /opt/gcc-arm-none-eabi-7-2018-q2-update/bin/../lib/gcc/arm-none-eabi/7.3.1/../../../../arm-none-eabi/lib/thumb/v7-m/libm.a(lib_a-w_log.o)
                                          0x5 (size before relaxing)
 *(.glue_7)
 .glue_7        0x000000000800433c        0x0 linker stubs
 *(.glue_7t)
 .glue_7t       0x000000000800433c        0x0 linker stubs
 *(.init)
 .init          0x000000000800433c        0x4 /opt/gcc-arm-none-eabi-7-2018-q2-update/bin/../lib/gcc/arm-none-eabi/7.3.1/thumb/v7-m/crti.o
                0x000000000800433c                _init
 .init          0x0000000008004340        0x8 /opt/gcc-arm-none-eabi-7-2018-q2-update/bin/../lib/gcc/arm-none-eabi/7.3.1/thumb/v7-m/crtn.o
 *(.fini)
 .fini          0x0000000008004348        0x4 /opt/gcc-arm-none-eabi-7-2018-q2-update/bin/../lib/gcc/arm-none-eabi/7.3.1/thumb/v7-m/crti.o
                0x0000000008004348                _fini
 .fini          0x000000000800434c        0x8 /opt/gcc-arm-none-eabi-7-2018-q2-update/bin/../lib/gcc/arm-none-eabi/7.3.1/thumb/v7-m/crtn.o
                0x0000000008004354                . = ALIGN (0x4)
                0x0000000008004354                _etext = .

.vfp11_veneer   0x0000000008004354        0x0
 .vfp11_veneer  0x0000000008004354        0x0 linker stubs

.v4_bx          0x0000000008004354        0x0
 .v4_bx         0x0000000008004354        0x0 linker stubs

.iplt           0x0000000008004354        0x0
 .iplt          0x0000000008004354        0x0 /opt/gcc-arm-none-eabi-7-2018-q2-update/bin/../lib/gcc/arm-none-eabi/7.3.1/thumb/v7-m/crtbegin.o

.rel.dyn        0x0000000008004354        0x0
 .rel.iplt      0x0000000008004354        0x0 /opt/gcc-arm-none-eabi-7-2018-q2-update/bin/../lib/gcc/arm-none-eabi/7.3.1/thumb/v7-m/crtbegin.o

.ARM.extab
 *(.ARM.extab* .gnu.linkonce.armextab.*)

.ARM            0x0000000008004354        0x0
                0x0000000008004354                __exidx_start = .
 *(.ARM.exidx*)
                0x0000000008004354                __exidx_end = .

.ARM.attributes
                0x0000000008004354       0x29
 *(.ARM.attributes)
 .ARM.attributes
                0x0000000008004354       0x1d /opt/gcc-arm-none-eabi-7-2018-q2-update/bin/../lib/gcc/arm-none-eabi/7.3.1/thumb/v7-m/crti.o
 .ARM.attributes
                0x0000000008004371       0x2d /opt/gcc-arm-none-eabi-7-2018-q2-update/bin/../lib/gcc/arm-none-eabi/7.3.1/thumb/v7-m/crtbegin.o
 .ARM.attributes
                0x000000000800439e       0x2d /opt/gcc-arm-none-eabi-7-2018-q2-update/bin/../lib/gcc/arm-none-eabi/7.3.1/../../../../arm-none-eabi/lib/thumb/v7-m/libc_nano.a(lib_a-impure.o)
 .ARM.attributes
                0x00000000080043cb       0x2d /opt/gcc-arm-none-eabi-7-2018-q2-update/bin/../lib/gcc/arm-none-eabi/7.3.1/../../../../arm-none-eabi/lib/thumb/v7-m/libc_nano.a(lib_a-init.o)
 .ARM.attributes
                0x00000000080043f8       0x33 /tmp/ccgFedg7.o
 .ARM.attributes
                0x000000000800442b       0x33 /tmp/ccyzQDYS.o
 .ARM.attributes
                0x000000000800445e       0x33 /tmp/cc2V5HtF.o
 .ARM.attributes
                0x0000000008004491       0x33 /tmp/ccLDklfQ.o
 .ARM.attributes
                0x00000000080044c4       0x33 /tmp/ccTvhFtJ.o
 .ARM.attributes
                0x00000000080044f7       0x33 /tmp/ccnI5Tur.o
 .ARM.attributes
                0x000000000800452a       0x33 /tmp/cckfOkdc.o
 .ARM.attributes
                0x000000000800455d       0x33 /tmp/ccDIc65a.o
 .ARM.attributes
                0x0000000008004590       0x33 /tmp/ccKKqnO9.o
 .ARM.attributes
                0x00000000080045c3       0x33 /tmp/ccfGGYT9.o
 .ARM.attributes
                0x00000000080045f6       0x33 /tmp/ccVibmma.o
 .ARM.attributes
                0x0000000008004629       0x33 /tmp/cctc3oeb.o
 .ARM.attributes
                0x000000000800465c       0x33 /tmp/ccyogOzc.o
 .ARM.attributes
                0x000000000800468f       0x33 /tmp/ccFB9bbe.o
 .ARM.attributes
                0x00000000080046c2       0x21 /tmp/ccH4sMOf.o
 .ARM.attributes
                0x00000000080046e3       0x1d /opt/gcc-arm-none-eabi-7-2018-q2-update/bin/../lib/gcc/arm-none-eabi/7.3.1/thumb/v7-m/libgcc.a(_arm_addsubdf3.o)
 .ARM.attributes
                0x0000000008004700       0x1d /opt/gcc-arm-none-eabi-7-2018-q2-update/bin/../lib/gcc/arm-none-eabi/7.3.1/thumb/v7-m/libgcc.a(_arm_muldivdf3.o)
 .ARM.attributes
                0x000000000800471d       0x1d /opt/gcc-arm-none-eabi-7-2018-q2-update/bin/../lib/gcc/arm-none-eabi/7.3.1/thumb/v7-m/libgcc.a(_arm_fixdfsi.o)
 .ARM.attributes
                0x000000000800473a       0x1d /opt/gcc-arm-none-eabi-7-2018-q2-update/bin/../lib/gcc/arm-none-eabi/7.3.1/thumb/v7-m/libgcc.a(_arm_fixunsdfsi.o)
 .ARM.attributes
                0x0000000008004757       0x2d /opt/gcc-arm-none-eabi-7-2018-q2-update/bin/../lib/gcc/arm-none-eabi/7.3.1/../../../../arm-none-eabi/lib/thumb/v7-m/libg_nano.a(lib_a-sprintf.o)
 .ARM.attributes
                0x0000000008004784       0x2d /opt/gcc-arm-none-eabi-7-2018-q2-update/bin/../lib/gcc/arm-none-eabi/7.3.1/../../../../arm-none-eabi/lib/thumb/v7-m/libg_nano.a(lib_a-nano-svfprintf.o)
 .ARM.attributes
                0x00000000080047b1       0x2d /opt/gcc-arm-none-eabi-7-2018-q2-update/bin/../lib/gcc/arm-none-eabi/7.3.1/../../../../arm-none-eabi/lib/thumb/v7-m/libg_nano.a(lib_a-nano-vfprintf_i.o)
 .ARM.attributes
                0x00000000080047de       0x2d /opt/gcc-arm-none-eabi-7-2018-q2-update/bin/../lib/gcc/arm-none-eabi/7.3.1/../../../../arm-none-eabi/lib/thumb/v7-m/libg_nano.a(lib_a-memchr-stub.o)
 .ARM.attributes
                0x000000000800480b       0x2d /opt/gcc-arm-none-eabi-7-2018-q2-update/bin/../lib/gcc/arm-none-eabi/7.3.1/../../../../arm-none-eabi/lib/thumb/v7-m/libg_nano.a(lib_a-memcpy-stub.o)
 .ARM.attributes
                0x0000000008004838       0x2d /opt/gcc-arm-none-eabi-7-2018-q2-update/bin/../lib/gcc/arm-none-eabi/7.3.1/../../../../arm-none-eabi/lib/thumb/v7-m/libg_nano.a(lib_a-memmove.o)
 .ARM.attributes
                0x0000000008004865       0x2d /opt/gcc-arm-none-eabi-7-2018-q2-update/bin/../lib/gcc/arm-none-eabi/7.3.1/../../../../arm-none-eabi/lib/thumb/v7-m/libg_nano.a(lib_a-nano-freer.o)
 .ARM.attributes
                0x0000000008004892       0x2d /opt/gcc-arm-none-eabi-7-2018-q2-update/bin/../lib/gcc/arm-none-eabi/7.3.1/../../../../arm-none-eabi/lib/thumb/v7-m/libg_nano.a(lib_a-nano-mallocr.o)
 .ARM.attributes
                0x00000000080048bf       0x2d /opt/gcc-arm-none-eabi-7-2018-q2-update/bin/../lib/gcc/arm-none-eabi/7.3.1/../../../../arm-none-eabi/lib/thumb/v7-m/libg_nano.a(lib_a-nano-reallocr.o)
 .ARM.attributes
                0x00000000080048ec       0x2d /opt/gcc-arm-none-eabi-7-2018-q2-update/bin/../lib/gcc/arm-none-eabi/7.3.1/../../../../arm-none-eabi/lib/thumb/v7-m/libg_nano.a(lib_a-sbrkr.o)
 .ARM.attributes
                0x0000000008004919       0x2d /opt/gcc-arm-none-eabi-7-2018-q2-update/bin/../lib/gcc/arm-none-eabi/7.3.1/../../../../arm-none-eabi/lib/thumb/v7-m/libg_nano.a(lib_a-mlock.o)
 .ARM.attributes
                0x0000000008004946       0x2d /opt/gcc-arm-none-eabi-7-2018-q2-update/bin/../lib/gcc/arm-none-eabi/7.3.1/../../../../arm-none-eabi/lib/thumb/v7-m/libg_nano.a(lib_a-nano-msizer.o)
 .ARM.attributes
                0x0000000008004973       0x2d /opt/gcc-arm-none-eabi-7-2018-q2-update/bin/../lib/gcc/arm-none-eabi/7.3.1/../../../../arm-none-eabi/lib/thumb/v7-m/libg_nano.a(lib_a-reent.o)
 .ARM.attributes
                0x00000000080049a0       0x2d /opt/gcc-arm-none-eabi-7-2018-q2-update/bin/../lib/gcc/arm-none-eabi/7.3.1/../../../../arm-none-eabi/lib/thumb/v7-m/libc_nano.a(lib_a-errno.o)
 .ARM.attributes
                0x00000000080049cd       0x2d /opt/gcc-arm-none-eabi-7-2018-q2-update/bin/../lib/gcc/arm-none-eabi/7.3.1/../../../../arm-none-eabi/lib/thumb/v7-m/libc_nano.a(lib_a-findfp.o)
 .ARM.attributes
                0x00000000080049fa       0x1d /opt/gcc-arm-none-eabi-7-2018-q2-update/bin/../lib/gcc/arm-none-eabi/7.3.1/thumb/v7-m/crtn.o
 .ARM.attributes
                0x0000000008004a17       0x2d /opt/gcc-arm-none-eabi-7-2018-q2-update/bin/../lib/gcc/arm-none-eabi/7.3.1/../../../../arm-none-eabi/lib/thumb/v7-m/libm.a(lib_a-w_log.o)
 .ARM.attributes
                0x0000000008004a44       0x2d /opt/gcc-arm-none-eabi-7-2018-q2-update/bin/../lib/gcc/arm-none-eabi/7.3.1/../../../../arm-none-eabi/lib/thumb/v7-m/libm.a(lib_a-e_log.o)
 .ARM.attributes
                0x0000000008004a71       0x2d /opt/gcc-arm-none-eabi-7-2018-q2-update/bin/../lib/gcc/arm-none-eabi/7.3.1/../../../../arm-none-eabi/lib/thumb/v7-m/libm.a(lib_a-s_lib_ver.o)
 .ARM.attributes
                0x0000000008004a9e       0x2d /opt/gcc-arm-none-eabi-7-2018-q2-update/bin/../lib/gcc/arm-none-eabi/7.3.1/../../../../arm-none-eabi/lib/thumb/v7-m/libm.a(lib_a-s_matherr.o)
 .ARM.attributes
                0x0000000008004acb       0x2d /opt/gcc-arm-none-eabi-7-2018-q2-update/bin/../lib/gcc/arm-none-eabi/7.3.1/../../../../arm-none-eabi/lib/thumb/v7-m/libm.a(lib_a-s_nan.o)
 .ARM.attributes
                0x0000000008004af8       0x1d /opt/gcc-arm-none-eabi-7-2018-q2-update/bin/../lib/gcc/arm-none-eabi/7.3.1/thumb/v7-m/libgcc.a(_arm_cmpdf2.o)
 .ARM.attributes
                0x0000000008004b15       0x1d /opt/gcc-arm-none-eabi-7-2018-q2-update/bin/../lib/gcc/arm-none-eabi/7.3.1/thumb/v7-m/libgcc.a(_arm_unorddf2.o)

.preinit_array  0x0000000008004354        0x0
                0x0000000008004354                PROVIDE (__preinit_array_start = .)
 *(.preinit_array*)
                0x0000000008004354                PROVIDE (__preinit_array_end = .)

.init_array     0x0000000008004354        0x4
                0x0000000008004354                PROVIDE (__init_array_start = .)
 *(SORT_BY_NAME(.init_array.*))
 *(.init_array*)
 .init_array    0x0000000008004354        0x4 /opt/gcc-arm-none-eabi-7-2018-q2-update/bin/../lib/gcc/arm-none-eabi/7.3.1/thumb/v7-m/crtbegin.o
                0x0000000008004358                PROVIDE (__init_array_end = .)

.fini_array     0x0000000008004358        0x4
                [!provide]                        PROVIDE (__fini_array_start = .)
 *(.fini_array*)
 .fini_array    0x0000000008004358        0x4 /opt/gcc-arm-none-eabi-7-2018-q2-update/bin/../lib/gcc/arm-none-eabi/7.3.1/thumb/v7-m/crtbegin.o
 *(SORT_BY_NAME(.fini_array.*))
                [!provide]                        PROVIDE (__fini_array_end = .)
                0x000000000800435c                _sidata = .

.data           0x0000000020000000       0x98 load address 0x000000000800435c
                0x0000000020000000                . = ALIGN (0x4)
                0x0000000020000000                _sdata = .
 *(.data)
 .data          0x0000000020000000       0x14 /tmp/ccyzQDYS.o
                0x0000000020000000                AHBPrescTable
                0x0000000020000010                SystemCoreClock
 .data          0x0000000020000014       0x14 /tmp/ccnI5Tur.o
 .data          0x0000000020000028        0x5 /tmp/ccyogOzc.o
                0x0000000020000028                deneme
                0x000000002000002c                timeoutCnt
 *(.data*)
 *fill*         0x000000002000002d        0x3 
 .data._impure_ptr
                0x0000000020000030        0x4 /opt/gcc-arm-none-eabi-7-2018-q2-update/bin/../lib/gcc/arm-none-eabi/7.3.1/../../../../arm-none-eabi/lib/thumb/v7-m/libc_nano.a(lib_a-impure.o)
                0x0000000020000030                _impure_ptr
 .data.impure_data
                0x0000000020000034       0x60 /opt/gcc-arm-none-eabi-7-2018-q2-update/bin/../lib/gcc/arm-none-eabi/7.3.1/../../../../arm-none-eabi/lib/thumb/v7-m/libc_nano.a(lib_a-impure.o)
 .data.__fdlib_version
                0x0000000020000094        0x1 /opt/gcc-arm-none-eabi-7-2018-q2-update/bin/../lib/gcc/arm-none-eabi/7.3.1/../../../../arm-none-eabi/lib/thumb/v7-m/libm.a(lib_a-s_lib_ver.o)
                0x0000000020000094                __fdlib_version
                0x0000000020000098                . = ALIGN (0x4)
 *fill*         0x0000000020000095        0x3 
                0x0000000020000098                _edata = .

.igot.plt       0x0000000020000098        0x0 load address 0x00000000080043f4
 .igot.plt      0x0000000020000098        0x0 /opt/gcc-arm-none-eabi-7-2018-q2-update/bin/../lib/gcc/arm-none-eabi/7.3.1/thumb/v7-m/crtbegin.o
                0x0000000020000098                . = ALIGN (0x4)

.bss            0x0000000020000098       0xe4 load address 0x00000000080043f8
                0x0000000020000098                _sbss = .
                0x0000000020000098                __bss_start__ = _sbss
 *(.bss)
 .bss           0x0000000020000098       0x1c /opt/gcc-arm-none-eabi-7-2018-q2-update/bin/../lib/gcc/arm-none-eabi/7.3.1/thumb/v7-m/crtbegin.o
 .bss           0x00000000200000b4        0x4 /tmp/ccgFedg7.o
                0x00000000200000b4                avgSum
 .bss           0x00000000200000b8        0x1 /tmp/ccfGGYT9.o
                0x00000000200000b8                portlcd
 .bss           0x00000000200000b9        0x1 /tmp/ccyogOzc.o
                0x00000000200000b9                newMessageFlag
 *fill*         0x00000000200000ba        0x2 
 .bss           0x00000000200000bc        0x4 /tmp/ccFB9bbe.o
 *(.bss*)
 .bss.__malloc_free_list
                0x00000000200000c0        0x4 /opt/gcc-arm-none-eabi-7-2018-q2-update/bin/../lib/gcc/arm-none-eabi/7.3.1/../../../../arm-none-eabi/lib/thumb/v7-m/libg_nano.a(lib_a-nano-mallocr.o)
                0x00000000200000c0                __malloc_free_list
 .bss.__malloc_sbrk_start
                0x00000000200000c4        0x4 /opt/gcc-arm-none-eabi-7-2018-q2-update/bin/../lib/gcc/arm-none-eabi/7.3.1/../../../../arm-none-eabi/lib/thumb/v7-m/libg_nano.a(lib_a-nano-mallocr.o)
                0x00000000200000c4                __malloc_sbrk_start
 *(COMMON)
 COMMON         0x00000000200000c8       0x48 /tmp/ccgFedg7.o
                0x00000000200000c8                averaged
                0x00000000200000d0                TIM_Pulse
                0x00000000200000d4                buffer2
                0x00000000200000e8                buffer
                0x0000000020000100                celcius
                0x0000000020000108                R
 COMMON         0x0000000020000110       0x65 /tmp/ccyogOzc.o
                0x0000000020000110                packetbuffer
                0x0000000020000174                packetbufferIndex
 *fill*         0x0000000020000175        0x3 
 COMMON         0x0000000020000178        0x4 /opt/gcc-arm-none-eabi-7-2018-q2-update/bin/../lib/gcc/arm-none-eabi/7.3.1/../../../../arm-none-eabi/lib/thumb/v7-m/libg_nano.a(lib_a-reent.o)
                0x0000000020000178                errno
                0x000000002000017c                . = ALIGN (0x4)
                0x000000002000017c                _ebss = .
                0x000000002000017c                __bss_end__ = _ebss
                0x000000002000017c                PROVIDE (end = _ebss)
                0x000000002000017c                PROVIDE (_end = _ebss)

._user_heap_stack
                0x000000002000017c      0x100 load address 0x00000000080044dc
                0x000000002000017c                . = ALIGN (0x4)
                0x000000002000017c                . = (. + _Min_Heap_Size)
                0x000000002000027c                . = (. + _Min_Stack_Size)
 *fill*         0x000000002000017c      0x100 
                0x000000002000027c                . = ALIGN (0x4)

.memory_b1_text
 *(.mb1text)
 *(.mb1text*)
 *(.mb1rodata)
 *(.mb1rodata*)

/DISCARD/
 libc.a(*)
 libm.a(*)
 libgcc.a(*)
OUTPUT(heat.elf elf32-littlearm)

.debug_frame    0x0000000000000000     0x1d04
 .debug_frame   0x0000000000000000       0x2c /opt/gcc-arm-none-eabi-7-2018-q2-update/bin/../lib/gcc/arm-none-eabi/7.3.1/../../../../arm-none-eabi/lib/thumb/v7-m/libc_nano.a(lib_a-init.o)
 .debug_frame   0x000000000000002c       0x58 /tmp/ccgFedg7.o
 .debug_frame   0x0000000000000084       0x48 /tmp/ccyzQDYS.o
 .debug_frame   0x00000000000000cc      0x2c0 /tmp/cc2V5HtF.o
 .debug_frame   0x000000000000038c      0x1b0 /tmp/ccLDklfQ.o
 .debug_frame   0x000000000000053c      0x26c /tmp/ccTvhFtJ.o
 .debug_frame   0x00000000000007a8      0x224 /tmp/ccnI5Tur.o
 .debug_frame   0x00000000000009cc      0x76c /tmp/cckfOkdc.o
 .debug_frame   0x0000000000001138      0x258 /tmp/ccDIc65a.o
 .debug_frame   0x0000000000001390       0x7c /tmp/ccKKqnO9.o
 .debug_frame   0x000000000000140c      0x120 /tmp/ccfGGYT9.o
 .debug_frame   0x000000000000152c       0x6c /tmp/ccVibmma.o
 .debug_frame   0x0000000000001598       0x74 /tmp/cctc3oeb.o
 .debug_frame   0x000000000000160c       0xbc /tmp/ccyogOzc.o
 .debug_frame   0x00000000000016c8       0x70 /tmp/ccFB9bbe.o
 .debug_frame   0x0000000000001738       0xac /opt/gcc-arm-none-eabi-7-2018-q2-update/bin/../lib/gcc/arm-none-eabi/7.3.1/thumb/v7-m/libgcc.a(_arm_addsubdf3.o)
 .debug_frame   0x00000000000017e4       0x50 /opt/gcc-arm-none-eabi-7-2018-q2-update/bin/../lib/gcc/arm-none-eabi/7.3.1/thumb/v7-m/libgcc.a(_arm_muldivdf3.o)
 .debug_frame   0x0000000000001834       0x24 /opt/gcc-arm-none-eabi-7-2018-q2-update/bin/../lib/gcc/arm-none-eabi/7.3.1/thumb/v7-m/libgcc.a(_arm_fixdfsi.o)
 .debug_frame   0x0000000000001858       0x24 /opt/gcc-arm-none-eabi-7-2018-q2-update/bin/../lib/gcc/arm-none-eabi/7.3.1/thumb/v7-m/libgcc.a(_arm_fixunsdfsi.o)
 .debug_frame   0x000000000000187c       0x6c /opt/gcc-arm-none-eabi-7-2018-q2-update/bin/../lib/gcc/arm-none-eabi/7.3.1/../../../../arm-none-eabi/lib/thumb/v7-m/libg_nano.a(lib_a-sprintf.o)
 .debug_frame   0x00000000000018e8       0x90 /opt/gcc-arm-none-eabi-7-2018-q2-update/bin/../lib/gcc/arm-none-eabi/7.3.1/../../../../arm-none-eabi/lib/thumb/v7-m/libg_nano.a(lib_a-nano-svfprintf.o)
 .debug_frame   0x0000000000001978       0x60 /opt/gcc-arm-none-eabi-7-2018-q2-update/bin/../lib/gcc/arm-none-eabi/7.3.1/../../../../arm-none-eabi/lib/thumb/v7-m/libg_nano.a(lib_a-nano-vfprintf_i.o)
 .debug_frame   0x00000000000019d8       0x28 /opt/gcc-arm-none-eabi-7-2018-q2-update/bin/../lib/gcc/arm-none-eabi/7.3.1/../../../../arm-none-eabi/lib/thumb/v7-m/libg_nano.a(lib_a-memchr-stub.o)
 .debug_frame   0x0000000000001a00       0x28 /opt/gcc-arm-none-eabi-7-2018-q2-update/bin/../lib/gcc/arm-none-eabi/7.3.1/../../../../arm-none-eabi/lib/thumb/v7-m/libg_nano.a(lib_a-memcpy-stub.o)
 .debug_frame   0x0000000000001a28       0x28 /opt/gcc-arm-none-eabi-7-2018-q2-update/bin/../lib/gcc/arm-none-eabi/7.3.1/../../../../arm-none-eabi/lib/thumb/v7-m/libg_nano.a(lib_a-memmove.o)
 .debug_frame   0x0000000000001a50       0x38 /opt/gcc-arm-none-eabi-7-2018-q2-update/bin/../lib/gcc/arm-none-eabi/7.3.1/../../../../arm-none-eabi/lib/thumb/v7-m/libg_nano.a(lib_a-nano-freer.o)
 .debug_frame   0x0000000000001a88       0x2c /opt/gcc-arm-none-eabi-7-2018-q2-update/bin/../lib/gcc/arm-none-eabi/7.3.1/../../../../arm-none-eabi/lib/thumb/v7-m/libg_nano.a(lib_a-nano-mallocr.o)
 .debug_frame   0x0000000000001ab4       0x3c /opt/gcc-arm-none-eabi-7-2018-q2-update/bin/../lib/gcc/arm-none-eabi/7.3.1/../../../../arm-none-eabi/lib/thumb/v7-m/libg_nano.a(lib_a-nano-reallocr.o)
 .debug_frame   0x0000000000001af0       0x2c /opt/gcc-arm-none-eabi-7-2018-q2-update/bin/../lib/gcc/arm-none-eabi/7.3.1/../../../../arm-none-eabi/lib/thumb/v7-m/libg_nano.a(lib_a-sbrkr.o)
 .debug_frame   0x0000000000001b1c       0x30 /opt/gcc-arm-none-eabi-7-2018-q2-update/bin/../lib/gcc/arm-none-eabi/7.3.1/../../../../arm-none-eabi/lib/thumb/v7-m/libg_nano.a(lib_a-mlock.o)
 .debug_frame   0x0000000000001b4c       0x20 /opt/gcc-arm-none-eabi-7-2018-q2-update/bin/../lib/gcc/arm-none-eabi/7.3.1/../../../../arm-none-eabi/lib/thumb/v7-m/libg_nano.a(lib_a-nano-msizer.o)
 .debug_frame   0x0000000000001b6c       0x5c /opt/gcc-arm-none-eabi-7-2018-q2-update/bin/../lib/gcc/arm-none-eabi/7.3.1/../../../../arm-none-eabi/lib/thumb/v7-m/libg_nano.a(lib_a-reent.o)
 .debug_frame   0x0000000000001bc8       0x20 /opt/gcc-arm-none-eabi-7-2018-q2-update/bin/../lib/gcc/arm-none-eabi/7.3.1/../../../../arm-none-eabi/lib/thumb/v7-m/libc_nano.a(lib_a-errno.o)
 .debug_frame   0x0000000000001be8      0x11c /opt/gcc-arm-none-eabi-7-2018-q2-update/bin/../lib/gcc/arm-none-eabi/7.3.1/../../../../arm-none-eabi/lib/thumb/v7-m/libc_nano.a(lib_a-findfp.o)

.debug_info     0x0000000000000000     0xbded
 .debug_info    0x0000000000000000     0x1692 /tmp/ccgFedg7.o
 .debug_info    0x0000000000001692      0x470 /tmp/ccyzQDYS.o
 .debug_info    0x0000000000001b02      0xc1d /tmp/cc2V5HtF.o
 .debug_info    0x000000000000271f      0x881 /tmp/ccLDklfQ.o
 .debug_info    0x0000000000002fa0      0xb76 /tmp/ccTvhFtJ.o
 .debug_info    0x0000000000003b16      0x92a /tmp/ccnI5Tur.o
 .debug_info    0x0000000000004440     0x239e /tmp/cckfOkdc.o
 .debug_info    0x00000000000067de      0xb1a /tmp/ccDIc65a.o
 .debug_info    0x00000000000072f8      0x4e7 /tmp/ccKKqnO9.o
 .debug_info    0x00000000000077df     0x1255 /tmp/ccfGGYT9.o
 .debug_info    0x0000000000008a34      0x9fe /tmp/ccVibmma.o
 .debug_info    0x0000000000009432      0xd3c /tmp/cctc3oeb.o
 .debug_info    0x000000000000a16e     0x1061 /tmp/ccyogOzc.o
 .debug_info    0x000000000000b1cf      0xbfc /tmp/ccFB9bbe.o
 .debug_info    0x000000000000bdcb       0x22 /tmp/ccH4sMOf.o

.debug_abbrev   0x0000000000000000     0x1fbb
 .debug_abbrev  0x0000000000000000      0x299 /tmp/ccgFedg7.o
 .debug_abbrev  0x0000000000000299      0x1b9 /tmp/ccyzQDYS.o
 .debug_abbrev  0x0000000000000452      0x1fb /tmp/cc2V5HtF.o
 .debug_abbrev  0x000000000000064d      0x217 /tmp/ccLDklfQ.o
 .debug_abbrev  0x0000000000000864      0x266 /tmp/ccTvhFtJ.o
 .debug_abbrev  0x0000000000000aca      0x281 /tmp/ccnI5Tur.o
 .debug_abbrev  0x0000000000000d4b      0x2d2 /tmp/cckfOkdc.o
 .debug_abbrev  0x000000000000101d      0x1f9 /tmp/ccDIc65a.o
 .debug_abbrev  0x0000000000001216      0x192 /tmp/ccKKqnO9.o
 .debug_abbrev  0x00000000000013a8      0x2c6 /tmp/ccfGGYT9.o
 .debug_abbrev  0x000000000000166e      0x1dc /tmp/ccVibmma.o
 .debug_abbrev  0x000000000000184a      0x265 /tmp/cctc3oeb.o
 .debug_abbrev  0x0000000000001aaf      0x2bb /tmp/ccyogOzc.o
 .debug_abbrev  0x0000000000001d6a      0x23f /tmp/ccFB9bbe.o
 .debug_abbrev  0x0000000000001fa9       0x12 /tmp/ccH4sMOf.o

.debug_loc      0x0000000000000000     0x48ad
 .debug_loc     0x0000000000000000       0x34 /tmp/ccgFedg7.o
 .debug_loc     0x0000000000000034       0xbc /tmp/ccyzQDYS.o
 .debug_loc     0x00000000000000f0      0x9a6 /tmp/cc2V5HtF.o
 .debug_loc     0x0000000000000a96      0x5dc /tmp/ccLDklfQ.o
 .debug_loc     0x0000000000001072      0x631 /tmp/ccTvhFtJ.o
 .debug_loc     0x00000000000016a3      0x6c6 /tmp/ccnI5Tur.o
 .debug_loc     0x0000000000001d69     0x1c4f /tmp/cckfOkdc.o
 .debug_loc     0x00000000000039b8      0x800 /tmp/ccDIc65a.o
 .debug_loc     0x00000000000041b8      0x16b /tmp/ccKKqnO9.o
 .debug_loc     0x0000000000004323      0x314 /tmp/ccfGGYT9.o
 .debug_loc     0x0000000000004637       0x58 /tmp/ccVibmma.o
 .debug_loc     0x000000000000468f      0x13a /tmp/cctc3oeb.o
 .debug_loc     0x00000000000047c9       0x49 /tmp/ccyogOzc.o
 .debug_loc     0x0000000000004812       0x9b /tmp/ccFB9bbe.o

.debug_aranges  0x0000000000000000      0x1f0
 .debug_aranges
                0x0000000000000000       0x28 /tmp/ccgFedg7.o
 .debug_aranges
                0x0000000000000028       0x20 /tmp/ccyzQDYS.o
 .debug_aranges
                0x0000000000000048       0x20 /tmp/cc2V5HtF.o
 .debug_aranges
                0x0000000000000068       0x20 /tmp/ccLDklfQ.o
 .debug_aranges
                0x0000000000000088       0x20 /tmp/ccTvhFtJ.o
 .debug_aranges
                0x00000000000000a8       0x20 /tmp/ccnI5Tur.o
 .debug_aranges
                0x00000000000000c8       0x20 /tmp/cckfOkdc.o
 .debug_aranges
                0x00000000000000e8       0x20 /tmp/ccDIc65a.o
 .debug_aranges
                0x0000000000000108       0x20 /tmp/ccKKqnO9.o
 .debug_aranges
                0x0000000000000128       0x20 /tmp/ccfGGYT9.o
 .debug_aranges
                0x0000000000000148       0x20 /tmp/ccVibmma.o
 .debug_aranges
                0x0000000000000168       0x20 /tmp/cctc3oeb.o
 .debug_aranges
                0x0000000000000188       0x20 /tmp/ccyogOzc.o
 .debug_aranges
                0x00000000000001a8       0x20 /tmp/ccFB9bbe.o
 .debug_aranges
                0x00000000000001c8       0x28 /tmp/ccH4sMOf.o

.debug_ranges   0x0000000000000000      0x180
 .debug_ranges  0x0000000000000000       0x18 /tmp/ccgFedg7.o
 .debug_ranges  0x0000000000000018       0x28 /tmp/ccyzQDYS.o
 .debug_ranges  0x0000000000000040       0x20 /tmp/ccnI5Tur.o
 .debug_ranges  0x0000000000000060       0xd0 /tmp/cckfOkdc.o
 .debug_ranges  0x0000000000000130       0x30 /tmp/ccyogOzc.o
 .debug_ranges  0x0000000000000160       0x20 /tmp/ccH4sMOf.o

.debug_line     0x0000000000000000     0x33b0
 .debug_line    0x0000000000000000      0x3ee /tmp/ccgFedg7.o
 .debug_line    0x00000000000003ee      0x21c /tmp/ccyzQDYS.o
 .debug_line    0x000000000000060a      0x427 /tmp/cc2V5HtF.o
 .debug_line    0x0000000000000a31      0x385 /tmp/ccLDklfQ.o
 .debug_line    0x0000000000000db6      0x3f9 /tmp/ccTvhFtJ.o
 .debug_line    0x00000000000011af      0x3ce /tmp/ccnI5Tur.o
 .debug_line    0x000000000000157d      0x941 /tmp/cckfOkdc.o
 .debug_line    0x0000000000001ebe      0x3f6 /tmp/ccDIc65a.o
 .debug_line    0x00000000000022b4      0x275 /tmp/ccKKqnO9.o
 .debug_line    0x0000000000002529      0x352 /tmp/ccfGGYT9.o
 .debug_line    0x000000000000287b      0x287 /tmp/ccVibmma.o
 .debug_line    0x0000000000002b02      0x2dc /tmp/cctc3oeb.o
 .debug_line    0x0000000000002dde      0x32f /tmp/ccyogOzc.o
 .debug_line    0x000000000000310d      0x1cf /tmp/ccFB9bbe.o
 .debug_line    0x00000000000032dc       0xd4 /tmp/ccH4sMOf.o

.debug_str      0x0000000000000000     0x3153
 .debug_str     0x0000000000000000      0xc58 /tmp/ccgFedg7.o
                                        0xd07 (size before relaxing)
 .debug_str     0x0000000000000c58      0x13b /tmp/ccyzQDYS.o
                                        0x339 (size before relaxing)
 .debug_str     0x0000000000000d93      0x430 /tmp/cc2V5HtF.o
                                        0x775 (size before relaxing)
 .debug_str     0x00000000000011c3      0x25c /tmp/ccLDklfQ.o
                                        0x593 (size before relaxing)
 .debug_str     0x000000000000141f      0x471 /tmp/ccTvhFtJ.o
                                        0x6f2 (size before relaxing)
 .debug_str     0x0000000000001890      0x303 /tmp/ccnI5Tur.o
                                        0x67d (size before relaxing)
 .debug_str     0x0000000000001b93      0x9a1 /tmp/cckfOkdc.o
                                        0xe6e (size before relaxing)
 .debug_str     0x0000000000002534      0x42c /tmp/ccDIc65a.o
                                        0x733 (size before relaxing)
 .debug_str     0x0000000000002960      0x1da /tmp/ccKKqnO9.o
                                        0x41b (size before relaxing)
 .debug_str     0x0000000000002b3a       0x88 /tmp/ccfGGYT9.o
                                        0x960 (size before relaxing)
 .debug_str     0x0000000000002bc2       0x20 /tmp/ccVibmma.o
                                        0x661 (size before relaxing)
 .debug_str     0x0000000000002be2       0x3c /tmp/cctc3oeb.o
                                        0x810 (size before relaxing)
 .debug_str     0x0000000000002c1e      0x35b /tmp/ccyogOzc.o
                                        0xcaa (size before relaxing)
 .debug_str     0x0000000000002f79      0x154 /tmp/ccFB9bbe.o
                                        0x735 (size before relaxing)
 .debug_str     0x00000000000030cd       0x86 /tmp/ccH4sMOf.o
                                         0xb6 (size before relaxing)

.comment        0x0000000000000000       0x7f
 .comment       0x0000000000000000       0x7f /tmp/ccgFedg7.o
                                         0x80 (size before relaxing)
 .comment       0x000000000000007f       0x80 /tmp/ccyzQDYS.o
 .comment       0x000000000000007f       0x80 /tmp/cc2V5HtF.o
 .comment       0x000000000000007f       0x80 /tmp/ccLDklfQ.o
 .comment       0x000000000000007f       0x80 /tmp/ccTvhFtJ.o
 .comment       0x000000000000007f       0x80 /tmp/ccnI5Tur.o
 .comment       0x000000000000007f       0x80 /tmp/cckfOkdc.o
 .comment       0x000000000000007f       0x80 /tmp/ccDIc65a.o
 .comment       0x000000000000007f       0x80 /tmp/ccKKqnO9.o
 .comment       0x000000000000007f       0x80 /tmp/ccfGGYT9.o
 .comment       0x000000000000007f       0x80 /tmp/ccVibmma.o
 .comment       0x000000000000007f       0x80 /tmp/cctc3oeb.o
 .comment       0x000000000000007f       0x80 /tmp/ccyogOzc.o
 .comment       0x000000000000007f       0x80 /tmp/ccFB9bbe.o
