Archive member included to satisfy reference by file (symbol)

/opt/gcc-arm-none-eabi-7-2018-q2-update/bin/../lib/gcc/arm-none-eabi/7.3.1/../../../../arm-none-eabi/lib/thumb/v7-m/libc_nano.a(lib_a-exit.o)
                              /opt/gcc-arm-none-eabi-7-2018-q2-update/bin/../lib/gcc/arm-none-eabi/7.3.1/../../../../arm-none-eabi/lib/thumb/v7-m/rdimon-crt0.o (exit)
/opt/gcc-arm-none-eabi-7-2018-q2-update/bin/../lib/gcc/arm-none-eabi/7.3.1/../../../../arm-none-eabi/lib/thumb/v7-m/libc_nano.a(lib_a-impure.o)
                              /opt/gcc-arm-none-eabi-7-2018-q2-update/bin/../lib/gcc/arm-none-eabi/7.3.1/../../../../arm-none-eabi/lib/thumb/v7-m/libc_nano.a(lib_a-exit.o) (_global_impure_ptr)
/opt/gcc-arm-none-eabi-7-2018-q2-update/bin/../lib/gcc/arm-none-eabi/7.3.1/../../../../arm-none-eabi/lib/thumb/v7-m/libc_nano.a(lib_a-init.o)
                              /opt/gcc-arm-none-eabi-7-2018-q2-update/bin/../lib/gcc/arm-none-eabi/7.3.1/../../../../arm-none-eabi/lib/thumb/v7-m/rdimon-crt0.o (__libc_init_array)
/opt/gcc-arm-none-eabi-7-2018-q2-update/bin/../lib/gcc/arm-none-eabi/7.3.1/../../../../arm-none-eabi/lib/thumb/v7-m/libc_nano.a(lib_a-memset.o)
                              /opt/gcc-arm-none-eabi-7-2018-q2-update/bin/../lib/gcc/arm-none-eabi/7.3.1/../../../../arm-none-eabi/lib/thumb/v7-m/rdimon-crt0.o (memset)
/opt/gcc-arm-none-eabi-7-2018-q2-update/bin/../lib/gcc/arm-none-eabi/7.3.1/thumb/v7-m/libgcc.a(_arm_addsubdf3.o)
                              /tmp/ccbgbTMw.o (__aeabi_dsub)
/opt/gcc-arm-none-eabi-7-2018-q2-update/bin/../lib/gcc/arm-none-eabi/7.3.1/thumb/v7-m/libgcc.a(_arm_muldivdf3.o)
                              /tmp/ccbgbTMw.o (__aeabi_dmul)
/opt/gcc-arm-none-eabi-7-2018-q2-update/bin/../lib/gcc/arm-none-eabi/7.3.1/thumb/v7-m/libgcc.a(_arm_cmpdf2.o)
                              /tmp/ccbgbTMw.o (__aeabi_dcmplt)
/opt/gcc-arm-none-eabi-7-2018-q2-update/bin/../lib/gcc/arm-none-eabi/7.3.1/thumb/v7-m/libgcc.a(_arm_fixdfsi.o)
                              /tmp/ccbgbTMw.o (__aeabi_d2iz)
/opt/gcc-arm-none-eabi-7-2018-q2-update/bin/../lib/gcc/arm-none-eabi/7.3.1/thumb/v7-m/libgcc.a(_arm_fixunsdfsi.o)
                              /tmp/ccbgbTMw.o (__aeabi_d2uiz)
/opt/gcc-arm-none-eabi-7-2018-q2-update/bin/../lib/gcc/arm-none-eabi/7.3.1/../../../../arm-none-eabi/lib/thumb/v7-m/libg_nano.a(lib_a-sprintf.o)
                              /tmp/ccbgbTMw.o (sprintf)
/opt/gcc-arm-none-eabi-7-2018-q2-update/bin/../lib/gcc/arm-none-eabi/7.3.1/../../../../arm-none-eabi/lib/thumb/v7-m/libg_nano.a(lib_a-nano-svfprintf.o)
                              /opt/gcc-arm-none-eabi-7-2018-q2-update/bin/../lib/gcc/arm-none-eabi/7.3.1/../../../../arm-none-eabi/lib/thumb/v7-m/libg_nano.a(lib_a-sprintf.o) (_svfprintf_r)
/opt/gcc-arm-none-eabi-7-2018-q2-update/bin/../lib/gcc/arm-none-eabi/7.3.1/../../../../arm-none-eabi/lib/thumb/v7-m/libg_nano.a(lib_a-nano-vfprintf_i.o)
                              /opt/gcc-arm-none-eabi-7-2018-q2-update/bin/../lib/gcc/arm-none-eabi/7.3.1/../../../../arm-none-eabi/lib/thumb/v7-m/libg_nano.a(lib_a-nano-svfprintf.o) (_printf_i)
/opt/gcc-arm-none-eabi-7-2018-q2-update/bin/../lib/gcc/arm-none-eabi/7.3.1/../../../../arm-none-eabi/lib/thumb/v7-m/libg_nano.a(lib_a-memchr-stub.o)
                              /opt/gcc-arm-none-eabi-7-2018-q2-update/bin/../lib/gcc/arm-none-eabi/7.3.1/../../../../arm-none-eabi/lib/thumb/v7-m/libg_nano.a(lib_a-nano-svfprintf.o) (memchr)
/opt/gcc-arm-none-eabi-7-2018-q2-update/bin/../lib/gcc/arm-none-eabi/7.3.1/../../../../arm-none-eabi/lib/thumb/v7-m/libg_nano.a(lib_a-memcpy-stub.o)
                              /opt/gcc-arm-none-eabi-7-2018-q2-update/bin/../lib/gcc/arm-none-eabi/7.3.1/../../../../arm-none-eabi/lib/thumb/v7-m/libg_nano.a(lib_a-nano-svfprintf.o) (memcpy)
/opt/gcc-arm-none-eabi-7-2018-q2-update/bin/../lib/gcc/arm-none-eabi/7.3.1/../../../../arm-none-eabi/lib/thumb/v7-m/libg_nano.a(lib_a-memmove.o)
                              /opt/gcc-arm-none-eabi-7-2018-q2-update/bin/../lib/gcc/arm-none-eabi/7.3.1/../../../../arm-none-eabi/lib/thumb/v7-m/libg_nano.a(lib_a-nano-svfprintf.o) (memmove)
/opt/gcc-arm-none-eabi-7-2018-q2-update/bin/../lib/gcc/arm-none-eabi/7.3.1/../../../../arm-none-eabi/lib/thumb/v7-m/libg_nano.a(lib_a-nano-freer.o)
                              /opt/gcc-arm-none-eabi-7-2018-q2-update/bin/../lib/gcc/arm-none-eabi/7.3.1/../../../../arm-none-eabi/lib/thumb/v7-m/libg_nano.a(lib_a-nano-svfprintf.o) (_free_r)
/opt/gcc-arm-none-eabi-7-2018-q2-update/bin/../lib/gcc/arm-none-eabi/7.3.1/../../../../arm-none-eabi/lib/thumb/v7-m/libg_nano.a(lib_a-nano-mallocr.o)
                              /opt/gcc-arm-none-eabi-7-2018-q2-update/bin/../lib/gcc/arm-none-eabi/7.3.1/../../../../arm-none-eabi/lib/thumb/v7-m/libg_nano.a(lib_a-nano-svfprintf.o) (_malloc_r)
/opt/gcc-arm-none-eabi-7-2018-q2-update/bin/../lib/gcc/arm-none-eabi/7.3.1/../../../../arm-none-eabi/lib/thumb/v7-m/libg_nano.a(lib_a-nano-reallocr.o)
[...]
Memory Configuration

Name             Origin             Length             Attributes
FLASH            0x0000000008000000 0x0000000000020000 xr
RAM              0x0000000020000000 0x0000000000005000 xrw
MEMORY_B1        0x0000000060000000 0x0000000000000000 xr
*default*        0x0000000000000000 0xffffffffffffffff

Linker script and memory map

LOAD /opt/gcc-arm-none-eabi-7-2018-q2-update/bin/../lib/gcc/arm-none-eabi/7.3.1/thumb/v7-m/crti.o
LOAD /opt/gcc-arm-none-eabi-7-2018-q2-update/bin/../lib/gcc/arm-none-eabi/7.3.1/thumb/v7-m/crtbegin.o
LOAD /opt/gcc-arm-none-eabi-7-2018-q2-update/bin/../lib/gcc/arm-none-eabi/7.3.1/../../../../arm-none-eabi/lib/thumb/v7-m/rdimon-crt0.o
LOAD /opt/gcc-arm-none-eabi-7-2018-q2-update/bin/../lib/gcc/arm-none-eabi/7.3.1/thumb/v7-m/libgcc.a
LOAD /opt/gcc-arm-none-eabi-7-2018-q2-update/bin/../lib/gcc/arm-none-eabi/7.3.1/../../../../arm-none-eabi/lib/thumb/v7-m/libc_nano.a
LOAD /opt/gcc-arm-none-eabi-7-2018-q2-update/bin/../lib/gcc/arm-none-eabi/7.3.1/../../../../arm-none-eabi/lib/thumb/v7-m/libm.a
LOAD /tmp/ccbgbTMw.o
LOAD /tmp/cc2oWtYs.o
LOAD /tmp/ccperPVp.o
LOAD /tmp/ccLTPAhn.o
LOAD /tmp/cctjPycm.o
LOAD /tmp/ccAABiKl.o
LOAD /tmp/cc6UDtIl.o
LOAD /tmp/ccMkh5lm.o
LOAD /tmp/cc1CAwpn.o
LOAD /tmp/ccPN7aVo.o
LOAD /tmp/ccRCyWLq.o
LOAD /tmp/ccJsv1rt.o
LOAD /tmp/ccvypsYw.o
LOAD /tmp/ccQbIf9A.o
LOAD /tmp/ccZCZK5F.o
LOAD /tmp/ccFVRckL.o
LOAD /tmp/cct5fXRQ.o
LOAD /tmp/ccfbQC3W.o
LOAD /tmp/cc0wQHF3.o
LOAD /tmp/ccoCG0Oa.o
LOAD /tmp/ccr3xmBi.o
LOAD /tmp/cckbR5es.o
LOAD /tmp/ccOAafGC.o
LOAD /tmp/cceG0WpN.o
LOAD /tmp/ccsk2ArY.o
LOAD /tmp/cc4XlD19.o
LOAD /tmp/ccokyqYl.o
LOAD /tmp/cch2Ipjy.o
LOAD /tmp/cc9muc7K.o
LOAD /tmp/ccVURR9X.o
LOAD /tmp/ccO9kIeb.o
START GROUP
LOAD /opt/gcc-arm-none-eabi-7-2018-q2-update/bin/../lib/gcc/arm-none-eabi/7.3.1/thumb/v7-m/libgcc.a
LOAD /opt/gcc-arm-none-eabi-7-2018-q2-update/bin/../lib/gcc/arm-none-eabi/7.3.1/../../../../arm-none-eabi/lib/thumb/v7-m/libg_nano.a
LOAD /opt/gcc-arm-none-eabi-7-2018-q2-update/bin/../lib/gcc/arm-none-eabi/7.3.1/../../../../arm-none-eabi/lib/thumb/v7-m/libc_nano.a
END GROUP
START GROUP
LOAD /opt/gcc-arm-none-eabi-7-2018-q2-update/bin/../lib/gcc/arm-none-eabi/7.3.1/thumb/v7-m/libgcc.a
LOAD /opt/gcc-arm-none-eabi-7-2018-q2-update/bin/../lib/gcc/arm-none-eabi/7.3.1/../../../../arm-none-eabi/lib/thumb/v7-m/libc_nano.a
LOAD /opt/gcc-arm-none-eabi-7-2018-q2-update/bin/../lib/gcc/arm-none-eabi/7.3.1/../../../../arm-none-eabi/lib/thumb/v7-m/librdimon_nano.a
END GROUP
START GROUP
LOAD /opt/gcc-arm-none-eabi-7-2018-q2-update/bin/../lib/gcc/arm-none-eabi/7.3.1/thumb/v7-m/libgcc.a
LOAD /opt/gcc-arm-none-eabi-7-2018-q2-update/bin/../lib/gcc/arm-none-eabi/7.3.1/../../../../arm-none-eabi/lib/thumb/v7-m/libc_nano.a
LOAD /opt/gcc-arm-none-eabi-7-2018-q2-update/bin/../lib/gcc/arm-none-eabi/7.3.1/../../../../arm-none-eabi/lib/thumb/v7-m/librdimon_nano.a
END GROUP
LOAD /opt/gcc-arm-none-eabi-7-2018-q2-update/bin/../lib/gcc/arm-none-eabi/7.3.1/thumb/v7-m/crtend.o
LOAD /opt/gcc-arm-none-eabi-7-2018-q2-update/bin/../lib/gcc/arm-none-eabi/7.3.1/thumb/v7-m/crtn.o
                0x0000000020005000                _estack = 0x20005000
                0x0000000000000000                _Min_Heap_Size = 0x0
                0x0000000000000100                _Min_Stack_Size = 0x100

.isr_vector     0x0000000008000000      0x10c
                0x0000000008000000                . = ALIGN (0x4)
 *(.isr_vector)
 .isr_vector    0x0000000008000000      0x10c /tmp/ccO9kIeb.o
                0x0000000008000000                g_pfnVectors
                0x000000000800010c                . = ALIGN (0x4)

.eh_frame       0x000000000800010c        0x0
 .eh_frame      0x000000000800010c        0x0 /opt/gcc-arm-none-eabi-7-2018-q2-update/bin/../lib/gcc/arm-none-eabi/7.3.1/thumb/v7-m/crtbegin.o

.text           0x0000000008000110     0x4414
                0x0000000008000110                . = ALIGN (0x4)
 *(.text)
 .text          0x0000000008000110       0x40 /opt/gcc-arm-none-eabi-7-2018-q2-update/bin/../lib/gcc/arm-none-eabi/7.3.1/thumb/v7-m/crtbegin.o
 .text          0x0000000008000150      0x3c8 /tmp/ccbgbTMw.o
                0x0000000008000150                adc_init
                0x00000000080001dc                tim_init
                0x0000000008000234                getTemp
                0x0000000008000370                TIM4_IRQHandler
 .text          0x0000000008000518      0x15c /tmp/cc2oWtYs.o
                0x0000000008000518                SystemInit
                0x000000000800061c                SystemCoreClockUpdate
 .text          0x0000000008000674      0x398 /tmp/ccperPVp.o
                0x0000000008000674                ADC_DeInit
                0x00000000080006e0                ADC_Init
                0x0000000008000728                ADC_StructInit
                0x000000000800073c                ADC_Cmd
                0x0000000008000750                ADC_DMACmd
                0x0000000008000764                ADC_ITConfig
                0x0000000008000778                ADC_ResetCalibration
                0x0000000008000784                ADC_GetResetCalibrationStatus
                0x000000000800078c                ADC_StartCalibration
                0x0000000008000798                ADC_GetCalibrationStatus
                0x00000000080007a0                ADC_SoftwareStartConvCmd
                0x00000000080007b4                ADC_GetSoftwareStartConvStatus
                0x00000000080007bc                ADC_DiscModeChannelCountConfig
                0x00000000080007cc                ADC_DiscModeCmd
                0x00000000080007e0                ADC_RegularChannelConfig
                0x0000000008000870                ADC_ExternalTrigConvCmd
                0x0000000008000884                ADC_GetConversionValue
                0x000000000800088c                ADC_GetDualModeConversionValue
                0x0000000008000898                ADC_AutoInjectedConvCmd
                0x00000000080008ac                ADC_InjectedDiscModeCmd
                0x00000000080008c0                ADC_ExternalTrigInjectedConvConfig
                0x00000000080008cc                ADC_ExternalTrigInjectedConvCmd
                0x00000000080008e0                ADC_SoftwareStartInjectedConvCmd
                0x00000000080008f4                ADC_GetSoftwareStartInjectedConvCmdStatus
                0x00000000080008fc                ADC_InjectedChannelConfig
                0x0000000008000954                ADC_InjectedSequencerLengthConfig
                0x0000000008000964                ADC_SetInjectedOffset
                0x000000000800097c                ADC_GetInjectedConversionValue
                0x0000000008000998                ADC_AnalogWatchdogCmd
                0x00000000080009a8                ADC_AnalogWatchdogThresholdsConfig
                0x00000000080009b0                ADC_AnalogWatchdogSingleChannelConfig
                0x00000000080009bc                ADC_TempSensorVrefintCmd
                0x00000000080009d8                ADC_GetFlagStatus
                0x00000000080009e4                ADC_ClearFlag
                0x00000000080009ec                ADC_GetITStatus
                0x0000000008000a04                ADC_ClearITPendingBit
 .text          0x0000000008000a0c      0x2e0 /tmp/ccQbIf9A.o
                0x0000000008000a0c                GPIO_DeInit
                0x0000000008000ae8                GPIO_AFIODeInit
                0x0000000008000b00                GPIO_Init
                0x0000000008000bbc                GPIO_StructInit
                0x0000000008000bcc                GPIO_ReadInputDataBit
                0x0000000008000bd8                GPIO_ReadInputData
                0x0000000008000be0                GPIO_ReadOutputDataBit
                0x0000000008000bec                GPIO_ReadOutputData
                0x0000000008000bf4                GPIO_SetBits
                0x0000000008000bf8                GPIO_ResetBits
                0x0000000008000bfc                GPIO_WriteBit
                0x0000000008000c08                GPIO_Write
                0x0000000008000c0c                GPIO_PinLockConfig
                0x0000000008000c1c                GPIO_EventOutputConfig
                0x0000000008000c38                GPIO_EventOutputCmd
                0x0000000008000c44                GPIO_PinRemapConfig
                0x0000000008000cb0                GPIO_EXTILineConfig
                0x0000000008000ce0                GPIO_ETH_MediaInterfaceConfig
 .text          0x0000000008000cec      0x3a4 /tmp/ccZCZK5F.o
                0x0000000008000cec                I2C_DeInit
                0x0000000008000d28                I2C_Init
                0x0000000008000df8                I2C_StructInit
                0x0000000008000e18                I2C_Cmd
                0x0000000008000e30                I2C_DMACmd
                0x0000000008000e48                I2C_DMALastTransferCmd
                0x0000000008000e60                I2C_GenerateSTART
                0x0000000008000e78                I2C_GenerateSTOP
                0x0000000008000e90                I2C_AcknowledgeConfig
                0x0000000008000ea8                I2C_OwnAddress2Config
                0x0000000008000ebc                I2C_DualAddressCmd
                0x0000000008000ed4                I2C_GeneralCallCmd
                0x0000000008000eec                I2C_ITConfig
                0x0000000008000f00                I2C_SendData
                0x0000000008000f04                I2C_ReceiveData
                0x0000000008000f0c                I2C_Send7bitAddress
                0x0000000008000f24                I2C_ReadRegister
                0x0000000008000f3c                I2C_SoftwareResetCmd
                0x0000000008000f50                I2C_NACKPositionConfig
                0x0000000008000f68                I2C_SMBusAlertConfig
                0x0000000008000f80                I2C_TransmitPEC
                0x0000000008000f98                I2C_PECPositionConfig
                0x0000000008000f9c                I2C_CalculatePEC
                0x0000000008000fb4                I2C_GetPEC
                0x0000000008000fbc                I2C_ARPCmd
                0x0000000008000fd4                I2C_StretchClockCmd
                0x0000000008000fec                I2C_FastModeDutyCycleConfig
                0x0000000008001004                I2C_CheckEvent
                0x000000000800101c                I2C_GetLastEvent
                0x000000000800102c                I2C_GetFlagStatus
                0x0000000008001064                I2C_ClearFlag
                0x000000000800106c                I2C_GetITStatus
                0x0000000008001088                I2C_ClearITPendingBit
 .text          0x0000000008001090      0x354 /tmp/ccfbQC3W.o
                0x0000000008001090                RCC_DeInit
                0x00000000080010d0                RCC_HSEConfig
                0x0000000008001108                RCC_WaitForHSEStartUp
                0x0000000008001138                RCC_AdjustHSICalibrationValue
                0x000000000800114c                RCC_HSICmd
                0x0000000008001158                RCC_PLLConfig
                0x000000000800116c                RCC_PLLCmd
                0x0000000008001178                RCC_SYSCLKConfig
                0x000000000800118c                RCC_GetSYSCLKSource
                0x000000000800119c                RCC_HCLKConfig
                0x00000000080011b0                RCC_PCLK1Config
                0x00000000080011c4                RCC_PCLK2Config
                0x00000000080011d8                RCC_ITConfig
                0x00000000080011f0                RCC_USBCLKConfig
                0x00000000080011fc                RCC_ADCCLKConfig
                0x0000000008001210                RCC_LSEConfig
                0x0000000008001230                RCC_LSICmd
                0x000000000800123c                RCC_RTCCLKConfig
                0x000000000800124c                RCC_RTCCLKCmd
                0x0000000008001258                RCC_GetClocksFreq
                0x00000000080012e4                RCC_AHBPeriphClockCmd
                0x00000000080012fc                RCC_APB2PeriphClockCmd
                0x0000000008001314                RCC_APB1PeriphClockCmd
                0x000000000800132c                RCC_APB2PeriphResetCmd
                0x0000000008001344                RCC_APB1PeriphResetCmd
                0x000000000800135c                RCC_BackupResetCmd
                0x0000000008001368                RCC_ClockSecuritySystemCmd
                0x0000000008001374                RCC_MCOConfig
                0x0000000008001380                RCC_GetFlagStatus
                0x00000000080013b4                RCC_ClearFlag
                0x00000000080013c4                RCC_GetITStatus
                0x00000000080013d8                RCC_ClearITPendingBit
 .text          0x00000000080013e4      0xdb0 /tmp/cckbR5es.o
                0x00000000080014dc                TIM_DeInit
                0x000000000800170c                TIM_TimeBaseInit
                0x00000000080017b8                TIM_OC1Init
                0x0000000008001840                TIM_OC2Init
                0x00000000080018c4                TIM_OC3Init
                0x0000000008001948                TIM_OC4Init
                0x00000000080019b4                TIM_ICInit
                0x0000000008001b1c                TIM_PWMIConfig
                0x0000000008001bb8                TIM_BDTRConfig
                0x0000000008001bdc                TIM_TimeBaseStructInit
                0x0000000008001bf0                TIM_OCStructInit
                0x0000000008001c04                TIM_ICStructInit
                0x0000000008001c14                TIM_BDTRStructInit
                0x0000000008001c28                TIM_Cmd
                0x0000000008001c40                TIM_CtrlPWMOutputs
                0x0000000008001c5c                TIM_ITConfig
                0x0000000008001c70                TIM_GenerateEvent
                0x0000000008001c74                TIM_DMAConfig
                0x0000000008001c7c                TIM_DMACmd
                0x0000000008001c80                TIM_InternalClockConfig
                0x0000000008001c90                TIM_ITRxExternalClockConfig
                0x0000000008001ca8                TIM_TIxExternalClockConfig
                0x0000000008001cdc                TIM_ETRClockMode1Config
                0x0000000008001d04                TIM_ETRClockMode2Config
                0x0000000008001d24                TIM_ETRConfig
                0x0000000008001d3c                TIM_PrescalerConfig
                0x0000000008001d44                TIM_CounterModeConfig
                0x0000000008001d54                TIM_SelectInputTrigger
                0x0000000008001d64                TIM_EncoderInterfaceConfig
                0x0000000008001da0                TIM_ForcedOC1Config
                0x0000000008001db0                TIM_ForcedOC2Config
                0x0000000008001dc4                TIM_ForcedOC3Config
                0x0000000008001dd4                TIM_ForcedOC4Config
                0x0000000008001de8                TIM_ARRPreloadConfig
                0x0000000008001e00                TIM_SelectCOM
                0x0000000008001e18                TIM_SelectCCDMA
                0x0000000008001e30                TIM_CCPreloadControl
                0x0000000008001e48                TIM_OC1PreloadConfig
                0x0000000008001e58                TIM_OC2PreloadConfig
                0x0000000008001e6c                TIM_OC3PreloadConfig
                0x0000000008001e7c                TIM_OC4PreloadConfig
                0x0000000008001e90                TIM_OC1FastConfig
                0x0000000008001ea0                TIM_OC2FastConfig
                0x0000000008001eb4                TIM_OC3FastConfig
                0x0000000008001ec4                TIM_OC4FastConfig
                0x0000000008001ed8                TIM_ClearOC1Ref
                0x0000000008001ee8                TIM_ClearOC2Ref
                0x0000000008001ef8                TIM_ClearOC3Ref
                0x0000000008001f08                TIM_ClearOC4Ref
                0x0000000008001f18                TIM_OC1PolarityConfig
                0x0000000008001f28                TIM_OC1NPolarityConfig
                0x0000000008001f38                TIM_OC2PolarityConfig
                0x0000000008001f4c                TIM_OC2NPolarityConfig
                0x0000000008001f60                TIM_OC3PolarityConfig
                0x0000000008001f74                TIM_OC3NPolarityConfig
                0x0000000008001f88                TIM_OC4PolarityConfig
                0x0000000008001f9c                TIM_CCxCmd
                0x0000000008001fbc                TIM_CCxNCmd
                0x0000000008001fdc                TIM_SelectOCxM
                0x0000000008002024                TIM_UpdateDisableConfig
                0x000000000800203c                TIM_UpdateRequestConfig
                0x0000000008002054                TIM_SelectHallSensor
                0x000000000800206c                TIM_SelectOnePulseMode
                0x0000000008002080                TIM_SelectOutputTrigger
                0x0000000008002094                TIM_SelectSlaveMode
                0x00000000080020a8                TIM_SelectMasterSlaveMode
                0x00000000080020bc                TIM_SetCounter
                0x00000000080020c0                TIM_SetAutoreload
                0x00000000080020c4                TIM_SetCompare1
                0x00000000080020c8                TIM_SetCompare2
                0x00000000080020cc                TIM_SetCompare3
                0x00000000080020d0                TIM_SetCompare4
                0x00000000080020d8                TIM_SetIC1Prescaler
                0x00000000080020ec                TIM_SetIC2Prescaler
                0x0000000008002104                TIM_SetIC3Prescaler
                0x0000000008002118                TIM_SetIC4Prescaler
                0x0000000008002130                TIM_SetClockDivision
                0x0000000008002144                TIM_GetCapture1
                0x0000000008002148                TIM_GetCapture2
                0x000000000800214c                TIM_GetCapture3
                0x0000000008002150                TIM_GetCapture4
                0x0000000008002158                TIM_GetCounter
                0x000000000800215c                TIM_GetPrescaler
                0x0000000008002160                TIM_GetFlagStatus
                0x000000000800216c                TIM_ClearFlag
                0x0000000008002174                TIM_GetITStatus
                0x000000000800218c                TIM_ClearITPendingBit
 .text          0x0000000008002194      0x3b8 /tmp/ccOAafGC.o
                0x0000000008002194                USART_DeInit
                0x0000000008002244                USART_Init
                0x00000000080022f8                USART_StructInit
                0x000000000800230c                USART_ClockInit
                0x000000000800232c                USART_ClockStructInit
                0x0000000008002338                USART_Cmd
                0x0000000008002350                USART_ITConfig
                0x0000000008002388                USART_DMACmd
                0x000000000800239c                USART_SetAddress
                0x00000000080023b0                USART_WakeUpConfig
                0x00000000080023c4                USART_ReceiverWakeUpCmd
                0x00000000080023dc                USART_LINBreakDetectLengthConfig
                0x00000000080023f0                USART_LINCmd
                0x0000000008002408                USART_SendData
                0x0000000008002410                USART_ReceiveData
                0x0000000008002418                USART_SendBreak
                0x0000000008002424                USART_SetGuardTime
                0x0000000008002434                USART_SetPrescaler
                0x0000000008002444                USART_SmartCardCmd
                0x000000000800245c                USART_SmartCardNACKCmd
                0x0000000008002474                USART_HalfDuplexCmd
                0x000000000800248c                USART_OverSampling8Cmd
                0x00000000080024a0                USART_OneBitMethodCmd
                0x00000000080024b8                USART_IrDAConfig
                0x00000000080024cc                USART_IrDACmd
                0x00000000080024e4                USART_GetFlagStatus
                0x00000000080024f0                USART_ClearFlag
                0x00000000080024f8                USART_GetITStatus
                0x000000000800253c                USART_ClearITPendingBit
 .text          0x000000000800254c       0xb0 /tmp/ccsk2ArY.o
                0x000000000800254c                NVIC_PriorityGroupConfig
                0x0000000008002560                NVIC_Init
                0x00000000080025b8                NVIC_SetVectorTable
                0x00000000080025cc                NVIC_SystemLPConfig
                0x00000000080025e4                SysTick_CLKSourceConfig
 .text          0x00000000080025fc      0x2a8 /tmp/cc4XlD19.o
                0x00000000080025fc                I2C1_init
                0x000000000800267c                I2C_SendByteByADDR
                0x00000000080026f0                sendhalfbyte
                0x0000000008002738                sendbyte
                0x0000000008002774                sendcharlcd
                0x000000000800277c                setpos
                0x00000000080027c0                lcd_init
                0x000000000800284c                clearlcd
                0x0000000008002864                str_lcd
                0x000000000800287c                createChar
 .text          0x00000000080028a4       0x80 /tmp/ccokyqYl.o
                0x00000000080028a4                _delay_ms
                0x00000000080028d8                _delay_us
                0x000000000800290c                get_cpuFreq
 .text          0x0000000008002924       0xbc /tmp/cch2Ipjy.o
                0x0000000008002924                put32b
                0x000000000800298c                make32b
                0x00000000080029a8                buzzerInit
 .text          0x00000000080029e0      0x1ac /tmp/cc9muc7K.o
                0x0000000008002a00                USART_init
                0x0000000008002aa0                USART1_IRQHandler
                0x0000000008002b2c                packetHandler
                0x0000000008002b3c                processPacket
                0x0000000008002b64                USART_SendString
 .text          0x0000000008002b8c       0x3c /tmp/ccVURR9X.o
                0x0000000008002b8c                _sbrk
                0x0000000008002ba8                link
                0x0000000008002bb0                _fstat
                0x0000000008002bbc                _read
                0x0000000008002bc0                _write
                0x0000000008002bc4                abort
 .text          0x0000000008002bc8      0x378 /opt/gcc-arm-none-eabi-7-2018-q2-update/bin/../lib/gcc/arm-none-eabi/7.3.1/thumb/v7-m/libgcc.a(_arm_addsubdf3.o)
                0x0000000008002bc8                __aeabi_drsub
                0x0000000008002bd0                __aeabi_dsub
                0x0000000008002bd0                __subdf3
                0x0000000008002bd4                __adddf3
                0x0000000008002bd4                __aeabi_dadd
                0x0000000008002e4c                __aeabi_ui2d
                0x0000000008002e4c                __floatunsidf
                0x0000000008002e6c                __floatsidf
                0x0000000008002e6c                __aeabi_i2d
                0x0000000008002e90                __extendsfdf2
                0x0000000008002e90                __aeabi_f2d
                0x0000000008002ed4                __aeabi_ul2d
                0x0000000008002ed4                __floatundidf
                0x0000000008002ee4                __floatdidf
                0x0000000008002ee4                __aeabi_l2d
 .text          0x0000000008002f40      0x424 /opt/gcc-arm-none-eabi-7-2018-q2-update/bin/../lib/gcc/arm-none-eabi/7.3.1/thumb/v7-m/libgcc.a(_arm_muldivdf3.o)
                0x0000000008002f40                __aeabi_dmul
                0x0000000008002f40                __muldf3
                0x0000000008003194                __aeabi_ddiv
                0x0000000008003194                __divdf3
 .text          0x0000000008003364      0x110 /opt/gcc-arm-none-eabi-7-2018-q2-update/bin/../lib/gcc/arm-none-eabi/7.3.1/thumb/v7-m/libgcc.a(_arm_cmpdf2.o)
                0x0000000008003364                __gtdf2
                0x0000000008003364                __gedf2
                0x000000000800336c                __ltdf2
                0x000000000800336c                __ledf2
                0x0000000008003374                __cmpdf2
                0x0000000008003374                __eqdf2
                0x0000000008003374                __nedf2
                0x00000000080033f0                __aeabi_cdrcmple
                0x0000000008003400                __aeabi_cdcmple
                0x0000000008003400                __aeabi_cdcmpeq
                0x0000000008003410                __aeabi_dcmpeq
                0x0000000008003424                __aeabi_dcmplt
                0x0000000008003438                __aeabi_dcmple
                0x000000000800344c                __aeabi_dcmpge
                0x0000000008003460                __aeabi_dcmpgt
 .text          0x0000000008003474       0x50 /opt/gcc-arm-none-eabi-7-2018-q2-update/bin/../lib/gcc/arm-none-eabi/7.3.1/thumb/v7-m/libgcc.a(_arm_fixdfsi.o)
                0x0000000008003474                __fixdfsi
                0x0000000008003474                __aeabi_d2iz
 .text          0x00000000080034c4       0x40 /opt/gcc-arm-none-eabi-7-2018-q2-update/bin/../lib/gcc/arm-none-eabi/7.3.1/thumb/v7-m/libgcc.a(_arm_fixunsdfsi.o)
                0x00000000080034c4                __fixunsdfsi
                0x00000000080034c4                __aeabi_d2uiz
 .text          0x0000000008003504       0x2c /opt/gcc-arm-none-eabi-7-2018-q2-update/bin/../lib/gcc/arm-none-eabi/7.3.1/thumb/v7-m/libgcc.a(_arm_unorddf2.o)
                0x0000000008003504                __aeabi_dcmpun
                0x0000000008003504                __unorddf2
 *(.text*)
 .text.__libc_init_array
                0x0000000008003530       0x48 /opt/gcc-arm-none-eabi-7-2018-q2-update/bin/../lib/gcc/arm-none-eabi/7.3.1/../../../../arm-none-eabi/lib/thumb/v7-m/libc_nano.a(lib_a-init.o)
                0x0000000008003530                __libc_init_array
 .text.startup  0x0000000008003578      0x1cc /tmp/ccbgbTMw.o
                0x0000000008003578                main
 .text.Reset_Handler
                0x0000000008003744       0x48 /tmp/ccO9kIeb.o
                0x0000000008003744                Reset_Handler
 .text.Default_Handler
                0x000000000800378c        0x2 /tmp/ccO9kIeb.o
                0x000000000800378c                EXTI2_IRQHandler
                0x000000000800378c                DebugMon_Handler
                0x000000000800378c                TIM1_CC_IRQHandler
                0x000000000800378c                HardFault_Handler
                0x000000000800378c                SysTick_Handler
                0x000000000800378c                PVD_IRQHandler
                0x000000000800378c                PendSV_Handler
                0x000000000800378c                NMI_Handler
                0x000000000800378c                EXTI3_IRQHandler
                0x000000000800378c                EXTI0_IRQHandler
                0x000000000800378c                I2C2_EV_IRQHandler
                0x000000000800378c                UsageFault_Handler
                0x000000000800378c                ADC1_2_IRQHandler
                0x000000000800378c                SPI1_IRQHandler
                0x000000000800378c                TAMPER_IRQHandler
                0x000000000800378c                DMA1_Channel4_IRQHandler
                0x000000000800378c                USART3_IRQHandler
                0x000000000800378c                RTC_IRQHandler
                0x000000000800378c                DMA1_Channel7_IRQHandler
                0x000000000800378c                CAN1_RX1_IRQHandler
                0x000000000800378c                I2C1_EV_IRQHandler
                0x000000000800378c                DMA1_Channel6_IRQHandler
                0x000000000800378c                TIM3_IRQHandler
                0x000000000800378c                RCC_IRQHandler
                0x000000000800378c                TIM1_TRG_COM_IRQHandler
                0x000000000800378c                DMA1_Channel1_IRQHandler
                0x000000000800378c                Default_Handler
                0x000000000800378c                EXTI15_10_IRQHandler
                0x000000000800378c                EXTI9_5_IRQHandler
                0x000000000800378c                SPI2_IRQHandler
                0x000000000800378c                MemManage_Handler
                0x000000000800378c                SVC_Handler
                0x000000000800378c                DMA1_Channel5_IRQHandler
                0x000000000800378c                EXTI4_IRQHandler
                0x000000000800378c                USB_LP_CAN1_RX0_IRQHandler
                0x000000000800378c                USB_HP_CAN1_TX_IRQHandler
                0x000000000800378c                DMA1_Channel3_IRQHandler
                0x000000000800378c                TIM1_UP_IRQHandler
                0x000000000800378c                WWDG_IRQHandler
                0x000000000800378c                TIM2_IRQHandler
                0x000000000800378c                TIM1_BRK_IRQHandler
                0x000000000800378c                EXTI1_IRQHandler
                0x000000000800378c                RTCAlarm_IRQHandler
                0x000000000800378c                USART2_IRQHandler
                0x000000000800378c                I2C2_ER_IRQHandler
                0x000000000800378c                DMA1_Channel2_IRQHandler
                0x000000000800378c                CAN1_SCE_IRQHandler
                0x000000000800378c                FLASH_IRQHandler
                0x000000000800378c                BusFault_Handler
                0x000000000800378c                I2C1_ER_IRQHandler
                0x000000000800378c                USBWakeUp_IRQHandler
 *fill*         0x000000000800378e        0x2 
 .text.sprintf  0x0000000008003790       0x40 /opt/gcc-arm-none-eabi-7-2018-q2-update/bin/../lib/gcc/arm-none-eabi/7.3.1/../../../../arm-none-eabi/lib/thumb/v7-m/libg_nano.a(lib_a-sprintf.o)
                0x0000000008003790                sprintf
                0x0000000008003790                siprintf
 .text.__ssputs_r
                0x00000000080037d0       0xb4 /opt/gcc-arm-none-eabi-7-2018-q2-update/bin/../lib/gcc/arm-none-eabi/7.3.1/../../../../arm-none-eabi/lib/thumb/v7-m/libg_nano.a(lib_a-nano-svfprintf.o)
                0x00000000080037d0                __ssputs_r
 .text._svfprintf_r
                0x0000000008003884      0x1f0 /opt/gcc-arm-none-eabi-7-2018-q2-update/bin/../lib/gcc/arm-none-eabi/7.3.1/../../../../arm-none-eabi/lib/thumb/v7-m/libg_nano.a(lib_a-nano-svfprintf.o)
                0x0000000008003884                _svfprintf_r
                0x0000000008003884                _svfiprintf_r
 .text._printf_common
                0x0000000008003a74       0xec /opt/gcc-arm-none-eabi-7-2018-q2-update/bin/../lib/gcc/arm-none-eabi/7.3.1/../../../../arm-none-eabi/lib/thumb/v7-m/libg_nano.a(lib_a-nano-vfprintf_i.o)
                0x0000000008003a74                _printf_common
 .text._printf_i
                0x0000000008003b60      0x224 /opt/gcc-arm-none-eabi-7-2018-q2-update/bin/../lib/gcc/arm-none-eabi/7.3.1/../../../../arm-none-eabi/lib/thumb/v7-m/libg_nano.a(lib_a-nano-vfprintf_i.o)
                0x0000000008003b60                _printf_i
 .text.memchr   0x0000000008003d84       0x1c /opt/gcc-arm-none-eabi-7-2018-q2-update/bin/../lib/gcc/arm-none-eabi/7.3.1/../../../../arm-none-eabi/lib/thumb/v7-m/libg_nano.a(lib_a-memchr-stub.o)
                0x0000000008003d84                memchr
 .text.memcpy   0x0000000008003da0       0x16 /opt/gcc-arm-none-eabi-7-2018-q2-update/bin/../lib/gcc/arm-none-eabi/7.3.1/../../../../arm-none-eabi/lib/thumb/v7-m/libg_nano.a(lib_a-memcpy-stub.o)
                0x0000000008003da0                memcpy
 .text.memmove  0x0000000008003db6       0x32 /opt/gcc-arm-none-eabi-7-2018-q2-update/bin/../lib/gcc/arm-none-eabi/7.3.1/../../../../arm-none-eabi/lib/thumb/v7-m/libg_nano.a(lib_a-memmove.o)
                0x0000000008003db6                memmove
 .text._free_r  0x0000000008003de8       0x98 /opt/gcc-arm-none-eabi-7-2018-q2-update/bin/../lib/gcc/arm-none-eabi/7.3.1/../../../../arm-none-eabi/lib/thumb/v7-m/libg_nano.a(lib_a-nano-freer.o)
                0x0000000008003de8                _free_r
 .text._malloc_r
                0x0000000008003e80       0xb4 /opt/gcc-arm-none-eabi-7-2018-q2-update/bin/../lib/gcc/arm-none-eabi/7.3.1/../../../../arm-none-eabi/lib/thumb/v7-m/libg_nano.a(lib_a-nano-mallocr.o)
                0x0000000008003e80                _malloc_r
 .text._realloc_r
                0x0000000008003f34       0x4c /opt/gcc-arm-none-eabi-7-2018-q2-update/bin/../lib/gcc/arm-none-eabi/7.3.1/../../../../arm-none-eabi/lib/thumb/v7-m/libg_nano.a(lib_a-nano-reallocr.o)
                0x0000000008003f34                _realloc_r
 .text._sbrk_r  0x0000000008003f80       0x20 /opt/gcc-arm-none-eabi-7-2018-q2-update/bin/../lib/gcc/arm-none-eabi/7.3.1/../../../../arm-none-eabi/lib/thumb/v7-m/libg_nano.a(lib_a-sbrkr.o)
                0x0000000008003f80                _sbrk_r
 .text.__malloc_lock
                0x0000000008003fa0        0x2 /opt/gcc-arm-none-eabi-7-2018-q2-update/bin/../lib/gcc/arm-none-eabi/7.3.1/../../../../arm-none-eabi/lib/thumb/v7-m/libg_nano.a(lib_a-mlock.o)
                0x0000000008003fa0                __malloc_lock
 .text.__malloc_unlock
                0x0000000008003fa2        0x2 /opt/gcc-arm-none-eabi-7-2018-q2-update/bin/../lib/gcc/arm-none-eabi/7.3.1/../../../../arm-none-eabi/lib/thumb/v7-m/libg_nano.a(lib_a-mlock.o)
                0x0000000008003fa2                __malloc_unlock
 .text._malloc_usable_size_r
                0x0000000008003fa4       0x10 /opt/gcc-arm-none-eabi-7-2018-q2-update/bin/../lib/gcc/arm-none-eabi/7.3.1/../../../../arm-none-eabi/lib/thumb/v7-m/libg_nano.a(lib_a-nano-msizer.o)
                0x0000000008003fa4                _malloc_usable_size_r
 .text.__errno  0x0000000008003fb4        0xc /opt/gcc-arm-none-eabi-7-2018-q2-update/bin/../lib/gcc/arm-none-eabi/7.3.1/../../../../arm-none-eabi/lib/thumb/v7-m/libc_nano.a(lib_a-errno.o)
                0x0000000008003fb4                __errno
 .text.log      0x0000000008003fc0       0xfc /opt/gcc-arm-none-eabi-7-2018-q2-update/bin/../lib/gcc/arm-none-eabi/7.3.1/../../../../arm-none-eabi/lib/thumb/v7-m/libm.a(lib_a-w_log.o)
                0x0000000008003fc0                log
 *fill*         0x00000000080040bc        0x4 
 .text.__ieee754_log
                0x00000000080040c0      0x394 /opt/gcc-arm-none-eabi-7-2018-q2-update/bin/../lib/gcc/arm-none-eabi/7.3.1/../../../../arm-none-eabi/lib/thumb/v7-m/libm.a(lib_a-e_log.o)
                0x00000000080040c0                __ieee754_log
 .text.matherr  0x0000000008004454        0x4 /opt/gcc-arm-none-eabi-7-2018-q2-update/bin/../lib/gcc/arm-none-eabi/7.3.1/../../../../arm-none-eabi/lib/thumb/v7-m/libm.a(lib_a-s_matherr.o)
                0x0000000008004454                matherr
 .text.nan      0x0000000008004458        0xc /opt/gcc-arm-none-eabi-7-2018-q2-update/bin/../lib/gcc/arm-none-eabi/7.3.1/../../../../arm-none-eabi/lib/thumb/v7-m/libm.a(lib_a-s_nan.o)
                0x0000000008004458                nan
 *(.rodata)
 *(.rodata*)
 .rodata.str1.4
                0x0000000008004464        0xa /tmp/ccbgbTMw.o
 .rodata._svfprintf_r.str1.1
                0x000000000800446e       0x11 /opt/gcc-arm-none-eabi-7-2018-q2-update/bin/../lib/gcc/arm-none-eabi/7.3.1/../../../../arm-none-eabi/lib/thumb/v7-m/libg_nano.a(lib_a-nano-svfprintf.o)
 .rodata._printf_i.str1.1
                0x000000000800447f       0x22 /opt/gcc-arm-none-eabi-7-2018-q2-update/bin/../lib/gcc/arm-none-eabi/7.3.1/../../../../arm-none-eabi/lib/thumb/v7-m/libg_nano.a(lib_a-nano-vfprintf_i.o)
 *fill*         0x00000000080044a1        0x3 
 .rodata.__sf_fake_stderr
                0x00000000080044a4       0x20 /opt/gcc-arm-none-eabi-7-2018-q2-update/bin/../lib/gcc/arm-none-eabi/7.3.1/../../../../arm-none-eabi/lib/thumb/v7-m/libc_nano.a(lib_a-findfp.o)
                0x00000000080044a4                __sf_fake_stderr
 .rodata.__sf_fake_stdin
                0x00000000080044c4       0x20 /opt/gcc-arm-none-eabi-7-2018-q2-update/bin/../lib/gcc/arm-none-eabi/7.3.1/../../../../arm-none-eabi/lib/thumb/v7-m/libc_nano.a(lib_a-findfp.o)
                0x00000000080044c4                __sf_fake_stdin
 .rodata.__sf_fake_stdout
                0x00000000080044e4       0x20 /opt/gcc-arm-none-eabi-7-2018-q2-update/bin/../lib/gcc/arm-none-eabi/7.3.1/../../../../arm-none-eabi/lib/thumb/v7-m/libc_nano.a(lib_a-findfp.o)
                0x00000000080044e4                __sf_fake_stdout
 .rodata.log.str1.4
                0x0000000008004504        0x8 /opt/gcc-arm-none-eabi-7-2018-q2-update/bin/../lib/gcc/arm-none-eabi/7.3.1/../../../../arm-none-eabi/lib/thumb/v7-m/libm.a(lib_a-w_log.o)
                                          0x5 (size before relaxing)
 *(.glue_7)
 .glue_7        0x000000000800450c        0x0 linker stubs
 *(.glue_7t)
 .glue_7t       0x000000000800450c        0x0 linker stubs
 *(.init)
 .init          0x000000000800450c        0x4 /opt/gcc-arm-none-eabi-7-2018-q2-update/bin/../lib/gcc/arm-none-eabi/7.3.1/thumb/v7-m/crti.o
                0x000000000800450c                _init
 .init          0x0000000008004510        0x8 /opt/gcc-arm-none-eabi-7-2018-q2-update/bin/../lib/gcc/arm-none-eabi/7.3.1/thumb/v7-m/crtn.o
 *(.fini)
 .fini          0x0000000008004518        0x4 /opt/gcc-arm-none-eabi-7-2018-q2-update/bin/../lib/gcc/arm-none-eabi/7.3.1/thumb/v7-m/crti.o
                0x0000000008004518                _fini
 .fini          0x000000000800451c        0x8 /opt/gcc-arm-none-eabi-7-2018-q2-update/bin/../lib/gcc/arm-none-eabi/7.3.1/thumb/v7-m/crtn.o
                0x0000000008004524                . = ALIGN (0x4)
                0x0000000008004524                _etext = .

.vfp11_veneer   0x0000000008004524        0x0
 .vfp11_veneer  0x0000000008004524        0x0 linker stubs

.v4_bx          0x0000000008004524        0x0
 .v4_bx         0x0000000008004524        0x0 linker stubs

.iplt           0x0000000008004524        0x0
 .iplt          0x0000000008004524        0x0 /opt/gcc-arm-none-eabi-7-2018-q2-update/bin/../lib/gcc/arm-none-eabi/7.3.1/thumb/v7-m/crtbegin.o

.rel.dyn        0x0000000008004524        0x0
 .rel.iplt      0x0000000008004524        0x0 /opt/gcc-arm-none-eabi-7-2018-q2-update/bin/../lib/gcc/arm-none-eabi/7.3.1/thumb/v7-m/crtbegin.o

.ARM.extab
 *(.ARM.extab* .gnu.linkonce.armextab.*)

.ARM            0x0000000008004524        0x0
                0x0000000008004524                __exidx_start = .
 *(.ARM.exidx*)
                0x0000000008004524                __exidx_end = .

.ARM.attributes
                0x0000000008004524       0x29
 *(.ARM.attributes)
 .ARM.attributes
                0x0000000008004524       0x1d /opt/gcc-arm-none-eabi-7-2018-q2-update/bin/../lib/gcc/arm-none-eabi/7.3.1/thumb/v7-m/crti.o
 .ARM.attributes
                0x0000000008004541       0x2d /opt/gcc-arm-none-eabi-7-2018-q2-update/bin/../lib/gcc/arm-none-eabi/7.3.1/thumb/v7-m/crtbegin.o
 .ARM.attributes
                0x000000000800456e       0x2d /opt/gcc-arm-none-eabi-7-2018-q2-update/bin/../lib/gcc/arm-none-eabi/7.3.1/../../../../arm-none-eabi/lib/thumb/v7-m/libc_nano.a(lib_a-impure.o)
 .ARM.attributes
                0x000000000800459b       0x2d /opt/gcc-arm-none-eabi-7-2018-q2-update/bin/../lib/gcc/arm-none-eabi/7.3.1/../../../../arm-none-eabi/lib/thumb/v7-m/libc_nano.a(lib_a-init.o)
 .ARM.attributes
                0x00000000080045c8       0x33 /tmp/ccbgbTMw.o
 .ARM.attributes
                0x00000000080045fb       0x33 /tmp/cc2oWtYs.o
 .ARM.attributes
                0x000000000800462e       0x33 /tmp/ccperPVp.o
 .ARM.attributes
                0x0000000008004661       0x33 /tmp/ccQbIf9A.o
 .ARM.attributes
                0x0000000008004694       0x33 /tmp/ccZCZK5F.o
 .ARM.attributes
                0x00000000080046c7       0x33 /tmp/ccfbQC3W.o
 .ARM.attributes
                0x00000000080046fa       0x33 /tmp/cckbR5es.o
 .ARM.attributes
                0x000000000800472d       0x33 /tmp/ccOAafGC.o
 .ARM.attributes
                0x0000000008004760       0x33 /tmp/ccsk2ArY.o
 .ARM.attributes
                0x0000000008004793       0x33 /tmp/cc4XlD19.o
 .ARM.attributes
                0x00000000080047c6       0x33 /tmp/ccokyqYl.o
 .ARM.attributes
                0x00000000080047f9       0x33 /tmp/cch2Ipjy.o
 .ARM.attributes
                0x000000000800482c       0x33 /tmp/cc9muc7K.o
 .ARM.attributes
                0x000000000800485f       0x33 /tmp/ccVURR9X.o
 .ARM.attributes
                0x0000000008004892       0x21 /tmp/ccO9kIeb.o
 .ARM.attributes
                0x00000000080048b3       0x1d /opt/gcc-arm-none-eabi-7-2018-q2-update/bin/../lib/gcc/arm-none-eabi/7.3.1/thumb/v7-m/libgcc.a(_arm_addsubdf3.o)
 .ARM.attributes
                0x00000000080048d0       0x1d /opt/gcc-arm-none-eabi-7-2018-q2-update/bin/../lib/gcc/arm-none-eabi/7.3.1/thumb/v7-m/libgcc.a(_arm_muldivdf3.o)
 .ARM.attributes
                0x00000000080048ed       0x1d /opt/gcc-arm-none-eabi-7-2018-q2-update/bin/../lib/gcc/arm-none-eabi/7.3.1/thumb/v7-m/libgcc.a(_arm_cmpdf2.o)
 .ARM.attributes
                0x000000000800490a       0x1d /opt/gcc-arm-none-eabi-7-2018-q2-update/bin/../lib/gcc/arm-none-eabi/7.3.1/thumb/v7-m/libgcc.a(_arm_fixdfsi.o)
 .ARM.attributes
                0x0000000008004927       0x1d /opt/gcc-arm-none-eabi-7-2018-q2-update/bin/../lib/gcc/arm-none-eabi/7.3.1/thumb/v7-m/libgcc.a(_arm_fixunsdfsi.o)
 .ARM.attributes
                0x0000000008004944       0x2d /opt/gcc-arm-none-eabi-7-2018-q2-update/bin/../lib/gcc/arm-none-eabi/7.3.1/../../../../arm-none-eabi/lib/thumb/v7-m/libg_nano.a(lib_a-sprintf.o)
 .ARM.attributes
                0x0000000008004971       0x2d /opt/gcc-arm-none-eabi-7-2018-q2-update/bin/../lib/gcc/arm-none-eabi/7.3.1/../../../../arm-none-eabi/lib/thumb/v7-m/libg_nano.a(lib_a-nano-svfprintf.o)
 .ARM.attributes
                0x000000000800499e       0x2d /opt/gcc-arm-none-eabi-7-2018-q2-update/bin/../lib/gcc/arm-none-eabi/7.3.1/../../../../arm-none-eabi/lib/thumb/v7-m/libg_nano.a(lib_a-nano-vfprintf_i.o)
 .ARM.attributes
                0x00000000080049cb       0x2d /opt/gcc-arm-none-eabi-7-2018-q2-update/bin/../lib/gcc/arm-none-eabi/7.3.1/../../../../arm-none-eabi/lib/thumb/v7-m/libg_nano.a(lib_a-memchr-stub.o)
 .ARM.attributes
                0x00000000080049f8       0x2d /opt/gcc-arm-none-eabi-7-2018-q2-update/bin/../lib/gcc/arm-none-eabi/7.3.1/../../../../arm-none-eabi/lib/thumb/v7-m/libg_nano.a(lib_a-memcpy-stub.o)
 .ARM.attributes
                0x0000000008004a25       0x2d /opt/gcc-arm-none-eabi-7-2018-q2-update/bin/../lib/gcc/arm-none-eabi/7.3.1/../../../../arm-none-eabi/lib/thumb/v7-m/libg_nano.a(lib_a-memmove.o)
 .ARM.attributes
                0x0000000008004a52       0x2d /opt/gcc-arm-none-eabi-7-2018-q2-update/bin/../lib/gcc/arm-none-eabi/7.3.1/../../../../arm-none-eabi/lib/thumb/v7-m/libg_nano.a(lib_a-nano-freer.o)
 .ARM.attributes
                0x0000000008004a7f       0x2d /opt/gcc-arm-none-eabi-7-2018-q2-update/bin/../lib/gcc/arm-none-eabi/7.3.1/../../../../arm-none-eabi/lib/thumb/v7-m/libg_nano.a(lib_a-nano-mallocr.o)
 .ARM.attributes
                0x0000000008004aac       0x2d /opt/gcc-arm-none-eabi-7-2018-q2-update/bin/../lib/gcc/arm-none-eabi/7.3.1/../../../../arm-none-eabi/lib/thumb/v7-m/libg_nano.a(lib_a-nano-reallocr.o)
 .ARM.attributes
                0x0000000008004ad9       0x2d /opt/gcc-arm-none-eabi-7-2018-q2-update/bin/../lib/gcc/arm-none-eabi/7.3.1/../../../../arm-none-eabi/lib/thumb/v7-m/libg_nano.a(lib_a-sbrkr.o)
 .ARM.attributes
                0x0000000008004b06       0x2d /opt/gcc-arm-none-eabi-7-2018-q2-update/bin/../lib/gcc/arm-none-eabi/7.3.1/../../../../arm-none-eabi/lib/thumb/v7-m/libg_nano.a(lib_a-mlock.o)
 .ARM.attributes
                0x0000000008004b33       0x2d /opt/gcc-arm-none-eabi-7-2018-q2-update/bin/../lib/gcc/arm-none-eabi/7.3.1/../../../../arm-none-eabi/lib/thumb/v7-m/libg_nano.a(lib_a-nano-msizer.o)
 .ARM.attributes
                0x0000000008004b60       0x2d /opt/gcc-arm-none-eabi-7-2018-q2-update/bin/../lib/gcc/arm-none-eabi/7.3.1/../../../../arm-none-eabi/lib/thumb/v7-m/libg_nano.a(lib_a-reent.o)
 .ARM.attributes
                0x0000000008004b8d       0x2d /opt/gcc-arm-none-eabi-7-2018-q2-update/bin/../lib/gcc/arm-none-eabi/7.3.1/../../../../arm-none-eabi/lib/thumb/v7-m/libc_nano.a(lib_a-errno.o)
 .ARM.attributes
                0x0000000008004bba       0x2d /opt/gcc-arm-none-eabi-7-2018-q2-update/bin/../lib/gcc/arm-none-eabi/7.3.1/../../../../arm-none-eabi/lib/thumb/v7-m/libc_nano.a(lib_a-findfp.o)
 .ARM.attributes
                0x0000000008004be7       0x1d /opt/gcc-arm-none-eabi-7-2018-q2-update/bin/../lib/gcc/arm-none-eabi/7.3.1/thumb/v7-m/crtn.o
 .ARM.attributes
                0x0000000008004c04       0x2d /opt/gcc-arm-none-eabi-7-2018-q2-update/bin/../lib/gcc/arm-none-eabi/7.3.1/../../../../arm-none-eabi/lib/thumb/v7-m/libm.a(lib_a-w_log.o)
 .ARM.attributes
                0x0000000008004c31       0x2d /opt/gcc-arm-none-eabi-7-2018-q2-update/bin/../lib/gcc/arm-none-eabi/7.3.1/../../../../arm-none-eabi/lib/thumb/v7-m/libm.a(lib_a-e_log.o)
 .ARM.attributes
                0x0000000008004c5e       0x2d /opt/gcc-arm-none-eabi-7-2018-q2-update/bin/../lib/gcc/arm-none-eabi/7.3.1/../../../../arm-none-eabi/lib/thumb/v7-m/libm.a(lib_a-s_lib_ver.o)
 .ARM.attributes
                0x0000000008004c8b       0x2d /opt/gcc-arm-none-eabi-7-2018-q2-update/bin/../lib/gcc/arm-none-eabi/7.3.1/../../../../arm-none-eabi/lib/thumb/v7-m/libm.a(lib_a-s_matherr.o)
 .ARM.attributes
                0x0000000008004cb8       0x2d /opt/gcc-arm-none-eabi-7-2018-q2-update/bin/../lib/gcc/arm-none-eabi/7.3.1/../../../../arm-none-eabi/lib/thumb/v7-m/libm.a(lib_a-s_nan.o)
 .ARM.attributes
                0x0000000008004ce5       0x1d /opt/gcc-arm-none-eabi-7-2018-q2-update/bin/../lib/gcc/arm-none-eabi/7.3.1/thumb/v7-m/libgcc.a(_arm_unorddf2.o)

.preinit_array  0x0000000008004524        0x0
                0x0000000008004524                PROVIDE (__preinit_array_start = .)
 *(.preinit_array*)
                0x0000000008004524                PROVIDE (__preinit_array_end = .)

.init_array     0x0000000008004524        0x4
                0x0000000008004524                PROVIDE (__init_array_start = .)
 *(SORT_BY_NAME(.init_array.*))
 *(.init_array*)
 .init_array    0x0000000008004524        0x4 /opt/gcc-arm-none-eabi-7-2018-q2-update/bin/../lib/gcc/arm-none-eabi/7.3.1/thumb/v7-m/crtbegin.o
                0x0000000008004528                PROVIDE (__init_array_end = .)

.fini_array     0x0000000008004528        0x4
                [!provide]                        PROVIDE (__fini_array_start = .)
 *(.fini_array*)
 .fini_array    0x0000000008004528        0x4 /opt/gcc-arm-none-eabi-7-2018-q2-update/bin/../lib/gcc/arm-none-eabi/7.3.1/thumb/v7-m/crtbegin.o
 *(SORT_BY_NAME(.fini_array.*))
                [!provide]                        PROVIDE (__fini_array_end = .)
                0x000000000800452c                _sidata = .

.data           0x0000000020000000       0xc0 load address 0x000000000800452c
                0x0000000020000000                . = ALIGN (0x4)
                0x0000000020000000                _sdata = .
 *(.data)
 .data          0x0000000020000000       0x28 /tmp/ccbgbTMw.o
                0x0000000020000000                Setpoint
                0x0000000020000008                ki
                0x0000000020000010                kd
                0x0000000020000018                outMax
                0x0000000020000020                kp
 .data          0x0000000020000028       0x14 /tmp/cc2oWtYs.o
                0x0000000020000028                AHBPrescTable
                0x0000000020000038                SystemCoreClock
 .data          0x000000002000003c       0x14 /tmp/ccfbQC3W.o
 .data          0x0000000020000050        0x5 /tmp/cc9muc7K.o
                0x0000000020000050                deneme
                0x0000000020000054                timeoutCnt
 *(.data*)
 *fill*         0x0000000020000055        0x3 
 .data._impure_ptr
                0x0000000020000058        0x4 /opt/gcc-arm-none-eabi-7-2018-q2-update/bin/../lib/gcc/arm-none-eabi/7.3.1/../../../../arm-none-eabi/lib/thumb/v7-m/libc_nano.a(lib_a-impure.o)
                0x0000000020000058                _impure_ptr
 .data.impure_data
                0x000000002000005c       0x60 /opt/gcc-arm-none-eabi-7-2018-q2-update/bin/../lib/gcc/arm-none-eabi/7.3.1/../../../../arm-none-eabi/lib/thumb/v7-m/libc_nano.a(lib_a-impure.o)
 .data.__fdlib_version
                0x00000000200000bc        0x1 /opt/gcc-arm-none-eabi-7-2018-q2-update/bin/../lib/gcc/arm-none-eabi/7.3.1/../../../../arm-none-eabi/lib/thumb/v7-m/libm.a(lib_a-s_lib_ver.o)
                0x00000000200000bc                __fdlib_version
                0x00000000200000c0                . = ALIGN (0x4)
 *fill*         0x00000000200000bd        0x3 
                0x00000000200000c0                _edata = .

.igot.plt       0x00000000200000c0        0x0 load address 0x00000000080045ec
 .igot.plt      0x00000000200000c0        0x0 /opt/gcc-arm-none-eabi-7-2018-q2-update/bin/../lib/gcc/arm-none-eabi/7.3.1/thumb/v7-m/crtbegin.o
                0x00000000200000c0                . = ALIGN (0x4)

.bss            0x00000000200000c0      0x10c load address 0x00000000080045f0
                0x00000000200000c0                _sbss = .
                0x00000000200000c0                __bss_start__ = _sbss
 *(.bss)
 .bss           0x00000000200000c0       0x1c /opt/gcc-arm-none-eabi-7-2018-q2-update/bin/../lib/gcc/arm-none-eabi/7.3.1/thumb/v7-m/crtbegin.o
 *fill*         0x00000000200000dc        0x4 
 .bss           0x00000000200000e0       0x20 /tmp/ccbgbTMw.o
                0x00000000200000e0                ITerm
                0x00000000200000e8                lastErr
                0x00000000200000f0                DTerm
                0x00000000200000f8                outMin
 .bss           0x0000000020000100        0x1 /tmp/cc4XlD19.o
                0x0000000020000100                portlcd
 .bss           0x0000000020000101        0x1 /tmp/cc9muc7K.o
                0x0000000020000101                newMessageFlag
 *fill*         0x0000000020000102        0x2 
 .bss           0x0000000020000104        0x4 /tmp/ccVURR9X.o
 *(.bss*)
 .bss.__malloc_free_list
                0x0000000020000108        0x4 /opt/gcc-arm-none-eabi-7-2018-q2-update/bin/../lib/gcc/arm-none-eabi/7.3.1/../../../../arm-none-eabi/lib/thumb/v7-m/libg_nano.a(lib_a-nano-mallocr.o)
                0x0000000020000108                __malloc_free_list
 .bss.__malloc_sbrk_start
                0x000000002000010c        0x4 /opt/gcc-arm-none-eabi-7-2018-q2-update/bin/../lib/gcc/arm-none-eabi/7.3.1/../../../../arm-none-eabi/lib/thumb/v7-m/libg_nano.a(lib_a-nano-mallocr.o)
                0x000000002000010c                __malloc_sbrk_start
 *(COMMON)
 COMMON         0x0000000020000110       0x50 /tmp/ccbgbTMw.o
                0x0000000020000110                TIM_Pulse
                0x0000000020000114                buffer2
                0x0000000020000128                Output
                0x0000000020000130                rem
                0x0000000020000138                buffer
                0x0000000020000150                errorSum
                0x0000000020000158                Input
 COMMON         0x0000000020000160       0x65 /tmp/cc9muc7K.o
                0x0000000020000160                packetbuffer
                0x00000000200001c4                packetbufferIndex
 *fill*         0x00000000200001c5        0x3 
 COMMON         0x00000000200001c8        0x4 /opt/gcc-arm-none-eabi-7-2018-q2-update/bin/../lib/gcc/arm-none-eabi/7.3.1/../../../../arm-none-eabi/lib/thumb/v7-m/libg_nano.a(lib_a-reent.o)
                0x00000000200001c8                errno
                0x00000000200001cc                . = ALIGN (0x4)
                0x00000000200001cc                _ebss = .
                0x00000000200001cc                __bss_end__ = _ebss
                0x00000000200001cc                PROVIDE (end = _ebss)
                0x00000000200001cc                PROVIDE (_end = _ebss)

._user_heap_stack
                0x00000000200001cc      0x100 load address 0x00000000080046fc
                0x00000000200001cc                . = ALIGN (0x4)
                0x00000000200001cc                . = (. + _Min_Heap_Size)
                0x00000000200002cc                . = (. + _Min_Stack_Size)
 *fill*         0x00000000200001cc      0x100 
                0x00000000200002cc                . = ALIGN (0x4)

.memory_b1_text
 *(.mb1text)
 *(.mb1text*)
 *(.mb1rodata)
 *(.mb1rodata*)

/DISCARD/
 libc.a(*)
 libm.a(*)
 libgcc.a(*)
OUTPUT(heat.elf elf32-littlearm)

.debug_frame    0x0000000000000000     0x1e38
 .debug_frame   0x0000000000000000       0x2c /opt/gcc-arm-none-eabi-7-2018-q2-update/bin/../lib/gcc/arm-none-eabi/7.3.1/../../../../arm-none-eabi/lib/thumb/v7-m/libc_nano.a(lib_a-init.o)
 .debug_frame   0x000000000000002c       0xc8 /tmp/ccbgbTMw.o
 .debug_frame   0x00000000000000f4       0x48 /tmp/cc2oWtYs.o
 .debug_frame   0x000000000000013c      0x2c0 /tmp/ccperPVp.o
 .debug_frame   0x00000000000003fc      0x1b0 /tmp/ccQbIf9A.o
 .debug_frame   0x00000000000005ac      0x26c /tmp/ccZCZK5F.o
 .debug_frame   0x0000000000000818      0x224 /tmp/ccfbQC3W.o
 .debug_frame   0x0000000000000a3c      0x76c /tmp/cckbR5es.o
 .debug_frame   0x00000000000011a8      0x258 /tmp/ccOAafGC.o
 .debug_frame   0x0000000000001400       0x7c /tmp/ccsk2ArY.o
 .debug_frame   0x000000000000147c      0x120 /tmp/cc4XlD19.o
 .debug_frame   0x000000000000159c       0x6c /tmp/ccokyqYl.o
 .debug_frame   0x0000000000001608       0x74 /tmp/cch2Ipjy.o
 .debug_frame   0x000000000000167c       0xbc /tmp/cc9muc7K.o
 .debug_frame   0x0000000000001738       0x70 /tmp/ccVURR9X.o
 .debug_frame   0x00000000000017a8       0xac /opt/gcc-arm-none-eabi-7-2018-q2-update/bin/../lib/gcc/arm-none-eabi/7.3.1/thumb/v7-m/libgcc.a(_arm_addsubdf3.o)
 .debug_frame   0x0000000000001854       0x50 /opt/gcc-arm-none-eabi-7-2018-q2-update/bin/../lib/gcc/arm-none-eabi/7.3.1/thumb/v7-m/libgcc.a(_arm_muldivdf3.o)
 .debug_frame   0x00000000000018a4       0xc4 /opt/gcc-arm-none-eabi-7-2018-q2-update/bin/../lib/gcc/arm-none-eabi/7.3.1/thumb/v7-m/libgcc.a(_arm_cmpdf2.o)
 .debug_frame   0x0000000000001968       0x24 /opt/gcc-arm-none-eabi-7-2018-q2-update/bin/../lib/gcc/arm-none-eabi/7.3.1/thumb/v7-m/libgcc.a(_arm_fixdfsi.o)
 .debug_frame   0x000000000000198c       0x24 /opt/gcc-arm-none-eabi-7-2018-q2-update/bin/../lib/gcc/arm-none-eabi/7.3.1/thumb/v7-m/libgcc.a(_arm_fixunsdfsi.o)
 .debug_frame   0x00000000000019b0       0x6c /opt/gcc-arm-none-eabi-7-2018-q2-update/bin/../lib/gcc/arm-none-eabi/7.3.1/../../../../arm-none-eabi/lib/thumb/v7-m/libg_nano.a(lib_a-sprintf.o)
 .debug_frame   0x0000000000001a1c       0x90 /opt/gcc-arm-none-eabi-7-2018-q2-update/bin/../lib/gcc/arm-none-eabi/7.3.1/../../../../arm-none-eabi/lib/thumb/v7-m/libg_nano.a(lib_a-nano-svfprintf.o)
 .debug_frame   0x0000000000001aac       0x60 /opt/gcc-arm-none-eabi-7-2018-q2-update/bin/../lib/gcc/arm-none-eabi/7.3.1/../../../../arm-none-eabi/lib/thumb/v7-m/libg_nano.a(lib_a-nano-vfprintf_i.o)
 .debug_frame   0x0000000000001b0c       0x28 /opt/gcc-arm-none-eabi-7-2018-q2-update/bin/../lib/gcc/arm-none-eabi/7.3.1/../../../../arm-none-eabi/lib/thumb/v7-m/libg_nano.a(lib_a-memchr-stub.o)
 .debug_frame   0x0000000000001b34       0x28 /opt/gcc-arm-none-eabi-7-2018-q2-update/bin/../lib/gcc/arm-none-eabi/7.3.1/../../../../arm-none-eabi/lib/thumb/v7-m/libg_nano.a(lib_a-memcpy-stub.o)
 .debug_frame   0x0000000000001b5c       0x28 /opt/gcc-arm-none-eabi-7-2018-q2-update/bin/../lib/gcc/arm-none-eabi/7.3.1/../../../../arm-none-eabi/lib/thumb/v7-m/libg_nano.a(lib_a-memmove.o)
 .debug_frame   0x0000000000001b84       0x38 /opt/gcc-arm-none-eabi-7-2018-q2-update/bin/../lib/gcc/arm-none-eabi/7.3.1/../../../../arm-none-eabi/lib/thumb/v7-m/libg_nano.a(lib_a-nano-freer.o)
 .debug_frame   0x0000000000001bbc       0x2c /opt/gcc-arm-none-eabi-7-2018-q2-update/bin/../lib/gcc/arm-none-eabi/7.3.1/../../../../arm-none-eabi/lib/thumb/v7-m/libg_nano.a(lib_a-nano-mallocr.o)
 .debug_frame   0x0000000000001be8       0x3c /opt/gcc-arm-none-eabi-7-2018-q2-update/bin/../lib/gcc/arm-none-eabi/7.3.1/../../../../arm-none-eabi/lib/thumb/v7-m/libg_nano.a(lib_a-nano-reallocr.o)
 .debug_frame   0x0000000000001c24       0x2c /opt/gcc-arm-none-eabi-7-2018-q2-update/bin/../lib/gcc/arm-none-eabi/7.3.1/../../../../arm-none-eabi/lib/thumb/v7-m/libg_nano.a(lib_a-sbrkr.o)
 .debug_frame   0x0000000000001c50       0x30 /opt/gcc-arm-none-eabi-7-2018-q2-update/bin/../lib/gcc/arm-none-eabi/7.3.1/../../../../arm-none-eabi/lib/thumb/v7-m/libg_nano.a(lib_a-mlock.o)
 .debug_frame   0x0000000000001c80       0x20 /opt/gcc-arm-none-eabi-7-2018-q2-update/bin/../lib/gcc/arm-none-eabi/7.3.1/../../../../arm-none-eabi/lib/thumb/v7-m/libg_nano.a(lib_a-nano-msizer.o)
 .debug_frame   0x0000000000001ca0       0x5c /opt/gcc-arm-none-eabi-7-2018-q2-update/bin/../lib/gcc/arm-none-eabi/7.3.1/../../../../arm-none-eabi/lib/thumb/v7-m/libg_nano.a(lib_a-reent.o)
 .debug_frame   0x0000000000001cfc       0x20 /opt/gcc-arm-none-eabi-7-2018-q2-update/bin/../lib/gcc/arm-none-eabi/7.3.1/../../../../arm-none-eabi/lib/thumb/v7-m/libc_nano.a(lib_a-errno.o)
 .debug_frame   0x0000000000001d1c      0x11c /opt/gcc-arm-none-eabi-7-2018-q2-update/bin/../lib/gcc/arm-none-eabi/7.3.1/../../../../arm-none-eabi/lib/thumb/v7-m/libc_nano.a(lib_a-findfp.o)

.debug_info     0x0000000000000000     0xc177
 .debug_info    0x0000000000000000     0x1a1c /tmp/ccbgbTMw.o
 .debug_info    0x0000000000001a1c      0x470 /tmp/cc2oWtYs.o
 .debug_info    0x0000000000001e8c      0xc1d /tmp/ccperPVp.o
 .debug_info    0x0000000000002aa9      0x881 /tmp/ccQbIf9A.o
 .debug_info    0x000000000000332a      0xb76 /tmp/ccZCZK5F.o
 .debug_info    0x0000000000003ea0      0x92a /tmp/ccfbQC3W.o
 .debug_info    0x00000000000047ca     0x239e /tmp/cckbR5es.o
 .debug_info    0x0000000000006b68      0xb1a /tmp/ccOAafGC.o
 .debug_info    0x0000000000007682      0x4e7 /tmp/ccsk2ArY.o
 .debug_info    0x0000000000007b69     0x1255 /tmp/cc4XlD19.o
 .debug_info    0x0000000000008dbe      0x9fe /tmp/ccokyqYl.o
 .debug_info    0x00000000000097bc      0xd3c /tmp/cch2Ipjy.o
 .debug_info    0x000000000000a4f8     0x1061 /tmp/cc9muc7K.o
 .debug_info    0x000000000000b559      0xbfc /tmp/ccVURR9X.o
 .debug_info    0x000000000000c155       0x22 /tmp/ccO9kIeb.o

.debug_abbrev   0x0000000000000000     0x207b
 .debug_abbrev  0x0000000000000000      0x359 /tmp/ccbgbTMw.o
 .debug_abbrev  0x0000000000000359      0x1b9 /tmp/cc2oWtYs.o
 .debug_abbrev  0x0000000000000512      0x1fb /tmp/ccperPVp.o
 .debug_abbrev  0x000000000000070d      0x217 /tmp/ccQbIf9A.o
 .debug_abbrev  0x0000000000000924      0x266 /tmp/ccZCZK5F.o
 .debug_abbrev  0x0000000000000b8a      0x281 /tmp/ccfbQC3W.o
 .debug_abbrev  0x0000000000000e0b      0x2d2 /tmp/cckbR5es.o
 .debug_abbrev  0x00000000000010dd      0x1f9 /tmp/ccOAafGC.o
 .debug_abbrev  0x00000000000012d6      0x192 /tmp/ccsk2ArY.o
 .debug_abbrev  0x0000000000001468      0x2c6 /tmp/cc4XlD19.o
 .debug_abbrev  0x000000000000172e      0x1dc /tmp/ccokyqYl.o
 .debug_abbrev  0x000000000000190a      0x265 /tmp/cch2Ipjy.o
 .debug_abbrev  0x0000000000001b6f      0x2bb /tmp/cc9muc7K.o
 .debug_abbrev  0x0000000000001e2a      0x23f /tmp/ccVURR9X.o
 .debug_abbrev  0x0000000000002069       0x12 /tmp/ccO9kIeb.o

.debug_loc      0x0000000000000000     0x4960
 .debug_loc     0x0000000000000000       0xe7 /tmp/ccbgbTMw.o
 .debug_loc     0x00000000000000e7       0xbc /tmp/cc2oWtYs.o
 .debug_loc     0x00000000000001a3      0x9a6 /tmp/ccperPVp.o
 .debug_loc     0x0000000000000b49      0x5dc /tmp/ccQbIf9A.o
 .debug_loc     0x0000000000001125      0x631 /tmp/ccZCZK5F.o
 .debug_loc     0x0000000000001756      0x6c6 /tmp/ccfbQC3W.o
 .debug_loc     0x0000000000001e1c     0x1c4f /tmp/cckbR5es.o
 .debug_loc     0x0000000000003a6b      0x800 /tmp/ccOAafGC.o
 .debug_loc     0x000000000000426b      0x16b /tmp/ccsk2ArY.o
 .debug_loc     0x00000000000043d6      0x314 /tmp/cc4XlD19.o
 .debug_loc     0x00000000000046ea       0x58 /tmp/ccokyqYl.o
 .debug_loc     0x0000000000004742      0x13a /tmp/cch2Ipjy.o
 .debug_loc     0x000000000000487c       0x49 /tmp/cc9muc7K.o
 .debug_loc     0x00000000000048c5       0x9b /tmp/ccVURR9X.o

.debug_aranges  0x0000000000000000      0x1f0
 .debug_aranges
                0x0000000000000000       0x28 /tmp/ccbgbTMw.o
 .debug_aranges
                0x0000000000000028       0x20 /tmp/cc2oWtYs.o
 .debug_aranges
                0x0000000000000048       0x20 /tmp/ccperPVp.o
 .debug_aranges
                0x0000000000000068       0x20 /tmp/ccQbIf9A.o
 .debug_aranges
                0x0000000000000088       0x20 /tmp/ccZCZK5F.o
 .debug_aranges
                0x00000000000000a8       0x20 /tmp/ccfbQC3W.o
 .debug_aranges
                0x00000000000000c8       0x20 /tmp/cckbR5es.o
 .debug_aranges
                0x00000000000000e8       0x20 /tmp/ccOAafGC.o
 .debug_aranges
                0x0000000000000108       0x20 /tmp/ccsk2ArY.o
 .debug_aranges
                0x0000000000000128       0x20 /tmp/cc4XlD19.o
 .debug_aranges
                0x0000000000000148       0x20 /tmp/ccokyqYl.o
 .debug_aranges
                0x0000000000000168       0x20 /tmp/cch2Ipjy.o
 .debug_aranges
                0x0000000000000188       0x20 /tmp/cc9muc7K.o
 .debug_aranges
                0x00000000000001a8       0x20 /tmp/ccVURR9X.o
 .debug_aranges
                0x00000000000001c8       0x28 /tmp/ccO9kIeb.o

.debug_ranges   0x0000000000000000      0x198
 .debug_ranges  0x0000000000000000       0x30 /tmp/ccbgbTMw.o
 .debug_ranges  0x0000000000000030       0x28 /tmp/cc2oWtYs.o
 .debug_ranges  0x0000000000000058       0x20 /tmp/ccfbQC3W.o
 .debug_ranges  0x0000000000000078       0xd0 /tmp/cckbR5es.o
 .debug_ranges  0x0000000000000148       0x30 /tmp/cc9muc7K.o
 .debug_ranges  0x0000000000000178       0x20 /tmp/ccO9kIeb.o

.debug_line     0x0000000000000000     0x345b
 .debug_line    0x0000000000000000      0x499 /tmp/ccbgbTMw.o
 .debug_line    0x0000000000000499      0x21c /tmp/cc2oWtYs.o
 .debug_line    0x00000000000006b5      0x427 /tmp/ccperPVp.o
 .debug_line    0x0000000000000adc      0x385 /tmp/ccQbIf9A.o
 .debug_line    0x0000000000000e61      0x3f9 /tmp/ccZCZK5F.o
 .debug_line    0x000000000000125a      0x3ce /tmp/ccfbQC3W.o
 .debug_line    0x0000000000001628      0x941 /tmp/cckbR5es.o
 .debug_line    0x0000000000001f69      0x3f6 /tmp/ccOAafGC.o
 .debug_line    0x000000000000235f      0x275 /tmp/ccsk2ArY.o
 .debug_line    0x00000000000025d4      0x352 /tmp/cc4XlD19.o
 .debug_line    0x0000000000002926      0x287 /tmp/ccokyqYl.o
 .debug_line    0x0000000000002bad      0x2dc /tmp/cch2Ipjy.o
 .debug_line    0x0000000000002e89      0x32f /tmp/cc9muc7K.o
 .debug_line    0x00000000000031b8      0x1cf /tmp/ccVURR9X.o
 .debug_line    0x0000000000003387       0xd4 /tmp/ccO9kIeb.o

.debug_str      0x0000000000000000     0x3211
 .debug_str     0x0000000000000000     0x1070 /tmp/ccbgbTMw.o
                                       0x1131 (size before relaxing)
 .debug_str     0x0000000000001070      0x13b /tmp/cc2oWtYs.o
                                        0x339 (size before relaxing)
 .debug_str     0x00000000000011ab      0x430 /tmp/ccperPVp.o
                                        0x775 (size before relaxing)
 .debug_str     0x00000000000015db      0x25c /tmp/ccQbIf9A.o
                                        0x593 (size before relaxing)
 .debug_str     0x0000000000001837      0x471 /tmp/ccZCZK5F.o
                                        0x6f2 (size before relaxing)
 .debug_str     0x0000000000001ca8      0x303 /tmp/ccfbQC3W.o
                                        0x67d (size before relaxing)
 .debug_str     0x0000000000001fab      0x96e /tmp/cckbR5es.o
                                        0xe6e (size before relaxing)
 .debug_str     0x0000000000002919      0x42c /tmp/ccOAafGC.o
                                        0x733 (size before relaxing)
 .debug_str     0x0000000000002d45      0x15f /tmp/ccsk2ArY.o
                                        0x41b (size before relaxing)
 .debug_str     0x0000000000002ea4       0xa1 /tmp/cc4XlD19.o
                                        0x960 (size before relaxing)
 .debug_str     0x0000000000002f45       0x20 /tmp/ccokyqYl.o
                                        0x661 (size before relaxing)
 .debug_str     0x0000000000002f65       0x3c /tmp/cch2Ipjy.o
                                        0x810 (size before relaxing)
 .debug_str     0x0000000000002fa1       0x96 /tmp/cc9muc7K.o
                                        0xcaa (size before relaxing)
 .debug_str     0x0000000000003037      0x154 /tmp/ccVURR9X.o
                                        0x735 (size before relaxing)
 .debug_str     0x000000000000318b       0x86 /tmp/ccO9kIeb.o
                                         0xb6 (size before relaxing)

.comment        0x0000000000000000       0x7f
 .comment       0x0000000000000000       0x7f /tmp/ccbgbTMw.o
                                         0x80 (size before relaxing)
 .comment       0x000000000000007f       0x80 /tmp/cc2oWtYs.o
 .comment       0x000000000000007f       0x80 /tmp/ccperPVp.o
 .comment       0x000000000000007f       0x80 /tmp/ccQbIf9A.o
 .comment       0x000000000000007f       0x80 /tmp/ccZCZK5F.o
 .comment       0x000000000000007f       0x80 /tmp/ccfbQC3W.o
 .comment       0x000000000000007f       0x80 /tmp/cckbR5es.o
 .comment       0x000000000000007f       0x80 /tmp/ccOAafGC.o
 .comment       0x000000000000007f       0x80 /tmp/ccsk2ArY.o
 .comment       0x000000000000007f       0x80 /tmp/cc4XlD19.o
 .comment       0x000000000000007f       0x80 /tmp/ccokyqYl.o
 .comment       0x000000000000007f       0x80 /tmp/cch2Ipjy.o
 .comment       0x000000000000007f       0x80 /tmp/cc9muc7K.o
 .comment       0x000000000000007f       0x80 /tmp/ccVURR9X.o
