Archive member included to satisfy reference by file (symbol)

/opt/gcc-arm-none-eabi-7-2018-q2-update/bin/../lib/gcc/arm-none-eabi/7.3.1/../../../../arm-none-eabi/lib/thumb/v7-m/libc_nano.a(lib_a-exit.o)
                              /opt/gcc-arm-none-eabi-7-2018-q2-update/bin/../lib/gcc/arm-none-eabi/7.3.1/../../../../arm-none-eabi/lib/thumb/v7-m/rdimon-crt0.o (exit)
/opt/gcc-arm-none-eabi-7-2018-q2-update/bin/../lib/gcc/arm-none-eabi/7.3.1/../../../../arm-none-eabi/lib/thumb/v7-m/libc_nano.a(lib_a-impure.o)
                              /opt/gcc-arm-none-eabi-7-2018-q2-update/bin/../lib/gcc/arm-none-eabi/7.3.1/../../../../arm-none-eabi/lib/thumb/v7-m/libc_nano.a(lib_a-exit.o) (_global_impure_ptr)
/opt/gcc-arm-none-eabi-7-2018-q2-update/bin/../lib/gcc/arm-none-eabi/7.3.1/../../../../arm-none-eabi/lib/thumb/v7-m/libc_nano.a(lib_a-init.o)
                              /opt/gcc-arm-none-eabi-7-2018-q2-update/bin/../lib/gcc/arm-none-eabi/7.3.1/../../../../arm-none-eabi/lib/thumb/v7-m/rdimon-crt0.o (__libc_init_array)
/opt/gcc-arm-none-eabi-7-2018-q2-update/bin/../lib/gcc/arm-none-eabi/7.3.1/../../../../arm-none-eabi/lib/thumb/v7-m/libc_nano.a(lib_a-memset.o)
                              /opt/gcc-arm-none-eabi-7-2018-q2-update/bin/../lib/gcc/arm-none-eabi/7.3.1/../../../../arm-none-eabi/lib/thumb/v7-m/rdimon-crt0.o (memset)
/opt/gcc-arm-none-eabi-7-2018-q2-update/bin/../lib/gcc/arm-none-eabi/7.3.1/thumb/v7-m/libgcc.a(_arm_addsubdf3.o)
                              /tmp/ccizSerl.o (__aeabi_dsub)
/opt/gcc-arm-none-eabi-7-2018-q2-update/bin/../lib/gcc/arm-none-eabi/7.3.1/thumb/v7-m/libgcc.a(_arm_muldivdf3.o)
                              /tmp/ccizSerl.o (__aeabi_dmul)
/opt/gcc-arm-none-eabi-7-2018-q2-update/bin/../lib/gcc/arm-none-eabi/7.3.1/thumb/v7-m/libgcc.a(_arm_cmpdf2.o)
                              /tmp/ccizSerl.o (__aeabi_dcmplt)
/opt/gcc-arm-none-eabi-7-2018-q2-update/bin/../lib/gcc/arm-none-eabi/7.3.1/thumb/v7-m/libgcc.a(_arm_fixdfsi.o)
                              /tmp/ccizSerl.o (__aeabi_d2iz)
/opt/gcc-arm-none-eabi-7-2018-q2-update/bin/../lib/gcc/arm-none-eabi/7.3.1/thumb/v7-m/libgcc.a(_arm_fixunsdfsi.o)
                              /tmp/ccizSerl.o (__aeabi_d2uiz)
/opt/gcc-arm-none-eabi-7-2018-q2-update/bin/../lib/gcc/arm-none-eabi/7.3.1/../../../../arm-none-eabi/lib/thumb/v7-m/libg_nano.a(lib_a-sprintf.o)
                              /tmp/ccizSerl.o (sprintf)
/opt/gcc-arm-none-eabi-7-2018-q2-update/bin/../lib/gcc/arm-none-eabi/7.3.1/../../../../arm-none-eabi/lib/thumb/v7-m/libg_nano.a(lib_a-nano-svfprintf.o)
                              /opt/gcc-arm-none-eabi-7-2018-q2-update/bin/../lib/gcc/arm-none-eabi/7.3.1/../../../../arm-none-eabi/lib/thumb/v7-m/libg_nano.a(lib_a-sprintf.o) (_svfprintf_r)
/opt/gcc-arm-none-eabi-7-2018-q2-update/bin/../lib/gcc/arm-none-eabi/7.3.1/../../../../arm-none-eabi/lib/thumb/v7-m/libg_nano.a(lib_a-nano-vfprintf_i.o)
                              /opt/gcc-arm-none-eabi-7-2018-q2-update/bin/../lib/gcc/arm-none-eabi/7.3.1/../../../../arm-none-eabi/lib/thumb/v7-m/libg_nano.a(lib_a-nano-svfprintf.o) (_printf_i)
/opt/gcc-arm-none-eabi-7-2018-q2-update/bin/../lib/gcc/arm-none-eabi/7.3.1/../../../../arm-none-eabi/lib/thumb/v7-m/libg_nano.a(lib_a-memchr-stub.o)
                              /opt/gcc-arm-none-eabi-7-2018-q2-update/bin/../lib/gcc/arm-none-eabi/7.3.1/../../../../arm-none-eabi/lib/thumb/v7-m/libg_nano.a(lib_a-nano-svfprintf.o) (memchr)
/opt/gcc-arm-none-eabi-7-2018-q2-update/bin/../lib/gcc/arm-none-eabi/7.3.1/../../../../arm-none-eabi/lib/thumb/v7-m/libg_nano.a(lib_a-memcpy-stub.o)
                              /opt/gcc-arm-none-eabi-7-2018-q2-update/bin/../lib/gcc/arm-none-eabi/7.3.1/../../../../arm-none-eabi/lib/thumb/v7-m/libg_nano.a(lib_a-nano-svfprintf.o) (memcpy)
/opt/gcc-arm-none-eabi-7-2018-q2-update/bin/../lib/gcc/arm-none-eabi/7.3.1/../../../../arm-none-eabi/lib/thumb/v7-m/libg_nano.a(lib_a-memmove.o)
                              /opt/gcc-arm-none-eabi-7-2018-q2-update/bin/../lib/gcc/arm-none-eabi/7.3.1/../../../../arm-none-eabi/lib/thumb/v7-m/libg_nano.a(lib_a-nano-svfprintf.o) (memmove)
/opt/gcc-arm-none-eabi-7-2018-q2-update/bin/../lib/gcc/arm-none-eabi/7.3.1/../../../../arm-none-eabi/lib/thumb/v7-m/libg_nano.a(lib_a-nano-freer.o)
                              /opt/gcc-arm-none-eabi-7-2018-q2-update/bin/../lib/gcc/arm-none-eabi/7.3.1/../../../../arm-none-eabi/lib/thumb/v7-m/libg_nano.a(lib_a-nano-svfprintf.o) (_free_r)
/opt/gcc-arm-none-eabi-7-2018-q2-update/bin/../lib/gcc/arm-none-eabi/7.3.1/../../../../arm-none-eabi/lib/thumb/v7-m/libg_nano.a(lib_a-nano-mallocr.o)
                              /opt/gcc-arm-none-eabi-7-2018-q2-update/bin/../lib/gcc/arm-none-eabi/7.3.1/../../../../arm-none-eabi/lib/thumb/v7-m/libg_nano.a(lib_a-nano-svfprintf.o) (_malloc_r)
/opt/gcc-arm-none-eabi-7-2018-q2-update/bin/../lib/gcc/arm-none-eabi/7.3.1/../../../../arm-none-eabi/lib/thumb/v7-m/libg_nano.a(lib_a-nano-reallocr.o)
[...]
Memory Configuration

Name             Origin             Length             Attributes
FLASH            0x0000000008000000 0x0000000000020000 xr
RAM              0x0000000020000000 0x0000000000005000 xrw
MEMORY_B1        0x0000000060000000 0x0000000000000000 xr
*default*        0x0000000000000000 0xffffffffffffffff

Linker script and memory map

LOAD /opt/gcc-arm-none-eabi-7-2018-q2-update/bin/../lib/gcc/arm-none-eabi/7.3.1/thumb/v7-m/crti.o
LOAD /opt/gcc-arm-none-eabi-7-2018-q2-update/bin/../lib/gcc/arm-none-eabi/7.3.1/thumb/v7-m/crtbegin.o
LOAD /opt/gcc-arm-none-eabi-7-2018-q2-update/bin/../lib/gcc/arm-none-eabi/7.3.1/../../../../arm-none-eabi/lib/thumb/v7-m/rdimon-crt0.o
LOAD /opt/gcc-arm-none-eabi-7-2018-q2-update/bin/../lib/gcc/arm-none-eabi/7.3.1/thumb/v7-m/libgcc.a
LOAD /opt/gcc-arm-none-eabi-7-2018-q2-update/bin/../lib/gcc/arm-none-eabi/7.3.1/../../../../arm-none-eabi/lib/thumb/v7-m/libc_nano.a
LOAD /opt/gcc-arm-none-eabi-7-2018-q2-update/bin/../lib/gcc/arm-none-eabi/7.3.1/../../../../arm-none-eabi/lib/thumb/v7-m/libm.a
LOAD /tmp/ccizSerl.o
LOAD /tmp/ccbAmSE0.o
LOAD /tmp/ccY31WAG.o
LOAD /tmp/ccKK1RUm.o
LOAD /tmp/ccgijFB4.o
LOAD /tmp/ccKEvwWM.o
LOAD /tmp/cc6VUeMv.o
LOAD /tmp/ccFNvxnf.o
LOAD /tmp/ccjPGepZ.o
LOAD /tmp/ccljMhSJ.o
LOAD /tmp/ccvnhUHu.o
LOAD /tmp/ccZG2cig.o
LOAD /tmp/cc3JIxB2.o
LOAD /tmp/cc1b4wtP.o
LOAD /tmp/ccdu1v5C.o
LOAD /tmp/ccCJQmYq.o
LOAD /tmp/ccnkY09e.o
LOAD /tmp/ccjKtyY3.o
LOAD /tmp/ccbhSmbT.o
LOAD /tmp/ccZaPKSI.o
LOAD /tmp/ccPfD6az.o
LOAD /tmp/ccXzXZer.o
LOAD /tmp/ccpuNd4j.o
LOAD /tmp/ccRyF8bd.o
LOAD /tmp/cceTkFC6.o
LOAD /tmp/cceGqPB0.o
LOAD /tmp/ccC7vxXU.o
LOAD /tmp/ccj3AJHP.o
LOAD /tmp/ccxEMuUK.o
LOAD /tmp/cck6bcmG.o
LOAD /tmp/ccPZ85PB.o
START GROUP
LOAD /opt/gcc-arm-none-eabi-7-2018-q2-update/bin/../lib/gcc/arm-none-eabi/7.3.1/thumb/v7-m/libgcc.a
LOAD /opt/gcc-arm-none-eabi-7-2018-q2-update/bin/../lib/gcc/arm-none-eabi/7.3.1/../../../../arm-none-eabi/lib/thumb/v7-m/libg_nano.a
LOAD /opt/gcc-arm-none-eabi-7-2018-q2-update/bin/../lib/gcc/arm-none-eabi/7.3.1/../../../../arm-none-eabi/lib/thumb/v7-m/libc_nano.a
END GROUP
START GROUP
LOAD /opt/gcc-arm-none-eabi-7-2018-q2-update/bin/../lib/gcc/arm-none-eabi/7.3.1/thumb/v7-m/libgcc.a
LOAD /opt/gcc-arm-none-eabi-7-2018-q2-update/bin/../lib/gcc/arm-none-eabi/7.3.1/../../../../arm-none-eabi/lib/thumb/v7-m/libc_nano.a
LOAD /opt/gcc-arm-none-eabi-7-2018-q2-update/bin/../lib/gcc/arm-none-eabi/7.3.1/../../../../arm-none-eabi/lib/thumb/v7-m/librdimon_nano.a
END GROUP
START GROUP
LOAD /opt/gcc-arm-none-eabi-7-2018-q2-update/bin/../lib/gcc/arm-none-eabi/7.3.1/thumb/v7-m/libgcc.a
LOAD /opt/gcc-arm-none-eabi-7-2018-q2-update/bin/../lib/gcc/arm-none-eabi/7.3.1/../../../../arm-none-eabi/lib/thumb/v7-m/libc_nano.a
LOAD /opt/gcc-arm-none-eabi-7-2018-q2-update/bin/../lib/gcc/arm-none-eabi/7.3.1/../../../../arm-none-eabi/lib/thumb/v7-m/librdimon_nano.a
END GROUP
LOAD /opt/gcc-arm-none-eabi-7-2018-q2-update/bin/../lib/gcc/arm-none-eabi/7.3.1/thumb/v7-m/crtend.o
LOAD /opt/gcc-arm-none-eabi-7-2018-q2-update/bin/../lib/gcc/arm-none-eabi/7.3.1/thumb/v7-m/crtn.o
                0x0000000020005000                _estack = 0x20005000
                0x0000000000000000                _Min_Heap_Size = 0x0
                0x0000000000000100                _Min_Stack_Size = 0x100

.isr_vector     0x0000000008000000      0x10c
                0x0000000008000000                . = ALIGN (0x4)
 *(.isr_vector)
 .isr_vector    0x0000000008000000      0x10c /tmp/ccPZ85PB.o
                0x0000000008000000                g_pfnVectors
                0x000000000800010c                . = ALIGN (0x4)

.eh_frame       0x000000000800010c        0x0
 .eh_frame      0x000000000800010c        0x0 /opt/gcc-arm-none-eabi-7-2018-q2-update/bin/../lib/gcc/arm-none-eabi/7.3.1/thumb/v7-m/crtbegin.o

.text           0x0000000008000110     0x42b4
                0x0000000008000110                . = ALIGN (0x4)
 *(.text)
 .text          0x0000000008000110       0x40 /opt/gcc-arm-none-eabi-7-2018-q2-update/bin/../lib/gcc/arm-none-eabi/7.3.1/thumb/v7-m/crtbegin.o
 .text          0x0000000008000150      0x2ac /tmp/ccizSerl.o
                0x0000000008000150                adc_init
                0x00000000080001dc                tim_init
                0x0000000008000234                getTemp
                0x0000000008000338                TIM4_IRQHandler
 .text          0x00000000080003fc      0x15c /tmp/ccbAmSE0.o
                0x00000000080003fc                SystemInit
                0x0000000008000500                SystemCoreClockUpdate
 .text          0x0000000008000558      0x398 /tmp/ccY31WAG.o
                0x0000000008000558                ADC_DeInit
                0x00000000080005c4                ADC_Init
                0x000000000800060c                ADC_StructInit
                0x0000000008000620                ADC_Cmd
                0x0000000008000634                ADC_DMACmd
                0x0000000008000648                ADC_ITConfig
                0x000000000800065c                ADC_ResetCalibration
                0x0000000008000668                ADC_GetResetCalibrationStatus
                0x0000000008000670                ADC_StartCalibration
                0x000000000800067c                ADC_GetCalibrationStatus
                0x0000000008000684                ADC_SoftwareStartConvCmd
                0x0000000008000698                ADC_GetSoftwareStartConvStatus
                0x00000000080006a0                ADC_DiscModeChannelCountConfig
                0x00000000080006b0                ADC_DiscModeCmd
                0x00000000080006c4                ADC_RegularChannelConfig
                0x0000000008000754                ADC_ExternalTrigConvCmd
                0x0000000008000768                ADC_GetConversionValue
                0x0000000008000770                ADC_GetDualModeConversionValue
                0x000000000800077c                ADC_AutoInjectedConvCmd
                0x0000000008000790                ADC_InjectedDiscModeCmd
                0x00000000080007a4                ADC_ExternalTrigInjectedConvConfig
                0x00000000080007b0                ADC_ExternalTrigInjectedConvCmd
                0x00000000080007c4                ADC_SoftwareStartInjectedConvCmd
                0x00000000080007d8                ADC_GetSoftwareStartInjectedConvCmdStatus
                0x00000000080007e0                ADC_InjectedChannelConfig
                0x0000000008000838                ADC_InjectedSequencerLengthConfig
                0x0000000008000848                ADC_SetInjectedOffset
                0x0000000008000860                ADC_GetInjectedConversionValue
                0x000000000800087c                ADC_AnalogWatchdogCmd
                0x000000000800088c                ADC_AnalogWatchdogThresholdsConfig
                0x0000000008000894                ADC_AnalogWatchdogSingleChannelConfig
                0x00000000080008a0                ADC_TempSensorVrefintCmd
                0x00000000080008bc                ADC_GetFlagStatus
                0x00000000080008c8                ADC_ClearFlag
                0x00000000080008d0                ADC_GetITStatus
                0x00000000080008e8                ADC_ClearITPendingBit
 .text          0x00000000080008f0      0x2e0 /tmp/cc1b4wtP.o
                0x00000000080008f0                GPIO_DeInit
                0x00000000080009cc                GPIO_AFIODeInit
                0x00000000080009e4                GPIO_Init
                0x0000000008000aa0                GPIO_StructInit
                0x0000000008000ab0                GPIO_ReadInputDataBit
                0x0000000008000abc                GPIO_ReadInputData
                0x0000000008000ac4                GPIO_ReadOutputDataBit
                0x0000000008000ad0                GPIO_ReadOutputData
                0x0000000008000ad8                GPIO_SetBits
                0x0000000008000adc                GPIO_ResetBits
                0x0000000008000ae0                GPIO_WriteBit
                0x0000000008000aec                GPIO_Write
                0x0000000008000af0                GPIO_PinLockConfig
                0x0000000008000b00                GPIO_EventOutputConfig
                0x0000000008000b1c                GPIO_EventOutputCmd
                0x0000000008000b28                GPIO_PinRemapConfig
                0x0000000008000b94                GPIO_EXTILineConfig
                0x0000000008000bc4                GPIO_ETH_MediaInterfaceConfig
 .text          0x0000000008000bd0      0x3a4 /tmp/ccdu1v5C.o
                0x0000000008000bd0                I2C_DeInit
                0x0000000008000c0c                I2C_Init
                0x0000000008000cdc                I2C_StructInit
                0x0000000008000cfc                I2C_Cmd
                0x0000000008000d14                I2C_DMACmd
                0x0000000008000d2c                I2C_DMALastTransferCmd
                0x0000000008000d44                I2C_GenerateSTART
                0x0000000008000d5c                I2C_GenerateSTOP
                0x0000000008000d74                I2C_AcknowledgeConfig
                0x0000000008000d8c                I2C_OwnAddress2Config
                0x0000000008000da0                I2C_DualAddressCmd
                0x0000000008000db8                I2C_GeneralCallCmd
                0x0000000008000dd0                I2C_ITConfig
                0x0000000008000de4                I2C_SendData
                0x0000000008000de8                I2C_ReceiveData
                0x0000000008000df0                I2C_Send7bitAddress
                0x0000000008000e08                I2C_ReadRegister
                0x0000000008000e20                I2C_SoftwareResetCmd
                0x0000000008000e34                I2C_NACKPositionConfig
                0x0000000008000e4c                I2C_SMBusAlertConfig
                0x0000000008000e64                I2C_TransmitPEC
                0x0000000008000e7c                I2C_PECPositionConfig
                0x0000000008000e80                I2C_CalculatePEC
                0x0000000008000e98                I2C_GetPEC
                0x0000000008000ea0                I2C_ARPCmd
                0x0000000008000eb8                I2C_StretchClockCmd
                0x0000000008000ed0                I2C_FastModeDutyCycleConfig
                0x0000000008000ee8                I2C_CheckEvent
                0x0000000008000f00                I2C_GetLastEvent
                0x0000000008000f10                I2C_GetFlagStatus
                0x0000000008000f48                I2C_ClearFlag
                0x0000000008000f50                I2C_GetITStatus
                0x0000000008000f6c                I2C_ClearITPendingBit
 .text          0x0000000008000f74      0x354 /tmp/ccjKtyY3.o
                0x0000000008000f74                RCC_DeInit
                0x0000000008000fb4                RCC_HSEConfig
                0x0000000008000fec                RCC_WaitForHSEStartUp
                0x000000000800101c                RCC_AdjustHSICalibrationValue
                0x0000000008001030                RCC_HSICmd
                0x000000000800103c                RCC_PLLConfig
                0x0000000008001050                RCC_PLLCmd
                0x000000000800105c                RCC_SYSCLKConfig
                0x0000000008001070                RCC_GetSYSCLKSource
                0x0000000008001080                RCC_HCLKConfig
                0x0000000008001094                RCC_PCLK1Config
                0x00000000080010a8                RCC_PCLK2Config
                0x00000000080010bc                RCC_ITConfig
                0x00000000080010d4                RCC_USBCLKConfig
                0x00000000080010e0                RCC_ADCCLKConfig
                0x00000000080010f4                RCC_LSEConfig
                0x0000000008001114                RCC_LSICmd
                0x0000000008001120                RCC_RTCCLKConfig
                0x0000000008001130                RCC_RTCCLKCmd
                0x000000000800113c                RCC_GetClocksFreq
                0x00000000080011c8                RCC_AHBPeriphClockCmd
                0x00000000080011e0                RCC_APB2PeriphClockCmd
                0x00000000080011f8                RCC_APB1PeriphClockCmd
                0x0000000008001210                RCC_APB2PeriphResetCmd
                0x0000000008001228                RCC_APB1PeriphResetCmd
                0x0000000008001240                RCC_BackupResetCmd
                0x000000000800124c                RCC_ClockSecuritySystemCmd
                0x0000000008001258                RCC_MCOConfig
                0x0000000008001264                RCC_GetFlagStatus
                0x0000000008001298                RCC_ClearFlag
                0x00000000080012a8                RCC_GetITStatus
                0x00000000080012bc                RCC_ClearITPendingBit
 .text          0x00000000080012c8      0xdb0 /tmp/ccXzXZer.o
                0x00000000080013c0                TIM_DeInit
                0x00000000080015f0                TIM_TimeBaseInit
                0x000000000800169c                TIM_OC1Init
                0x0000000008001724                TIM_OC2Init
                0x00000000080017a8                TIM_OC3Init
                0x000000000800182c                TIM_OC4Init
                0x0000000008001898                TIM_ICInit
                0x0000000008001a00                TIM_PWMIConfig
                0x0000000008001a9c                TIM_BDTRConfig
                0x0000000008001ac0                TIM_TimeBaseStructInit
                0x0000000008001ad4                TIM_OCStructInit
                0x0000000008001ae8                TIM_ICStructInit
                0x0000000008001af8                TIM_BDTRStructInit
                0x0000000008001b0c                TIM_Cmd
                0x0000000008001b24                TIM_CtrlPWMOutputs
                0x0000000008001b40                TIM_ITConfig
                0x0000000008001b54                TIM_GenerateEvent
                0x0000000008001b58                TIM_DMAConfig
                0x0000000008001b60                TIM_DMACmd
                0x0000000008001b64                TIM_InternalClockConfig
                0x0000000008001b74                TIM_ITRxExternalClockConfig
                0x0000000008001b8c                TIM_TIxExternalClockConfig
                0x0000000008001bc0                TIM_ETRClockMode1Config
                0x0000000008001be8                TIM_ETRClockMode2Config
                0x0000000008001c08                TIM_ETRConfig
                0x0000000008001c20                TIM_PrescalerConfig
                0x0000000008001c28                TIM_CounterModeConfig
                0x0000000008001c38                TIM_SelectInputTrigger
                0x0000000008001c48                TIM_EncoderInterfaceConfig
                0x0000000008001c84                TIM_ForcedOC1Config
                0x0000000008001c94                TIM_ForcedOC2Config
                0x0000000008001ca8                TIM_ForcedOC3Config
                0x0000000008001cb8                TIM_ForcedOC4Config
                0x0000000008001ccc                TIM_ARRPreloadConfig
                0x0000000008001ce4                TIM_SelectCOM
                0x0000000008001cfc                TIM_SelectCCDMA
                0x0000000008001d14                TIM_CCPreloadControl
                0x0000000008001d2c                TIM_OC1PreloadConfig
                0x0000000008001d3c                TIM_OC2PreloadConfig
                0x0000000008001d50                TIM_OC3PreloadConfig
                0x0000000008001d60                TIM_OC4PreloadConfig
                0x0000000008001d74                TIM_OC1FastConfig
                0x0000000008001d84                TIM_OC2FastConfig
                0x0000000008001d98                TIM_OC3FastConfig
                0x0000000008001da8                TIM_OC4FastConfig
                0x0000000008001dbc                TIM_ClearOC1Ref
                0x0000000008001dcc                TIM_ClearOC2Ref
                0x0000000008001ddc                TIM_ClearOC3Ref
                0x0000000008001dec                TIM_ClearOC4Ref
                0x0000000008001dfc                TIM_OC1PolarityConfig
                0x0000000008001e0c                TIM_OC1NPolarityConfig
                0x0000000008001e1c                TIM_OC2PolarityConfig
                0x0000000008001e30                TIM_OC2NPolarityConfig
                0x0000000008001e44                TIM_OC3PolarityConfig
                0x0000000008001e58                TIM_OC3NPolarityConfig
                0x0000000008001e6c                TIM_OC4PolarityConfig
                0x0000000008001e80                TIM_CCxCmd
                0x0000000008001ea0                TIM_CCxNCmd
                0x0000000008001ec0                TIM_SelectOCxM
                0x0000000008001f08                TIM_UpdateDisableConfig
                0x0000000008001f20                TIM_UpdateRequestConfig
                0x0000000008001f38                TIM_SelectHallSensor
                0x0000000008001f50                TIM_SelectOnePulseMode
                0x0000000008001f64                TIM_SelectOutputTrigger
                0x0000000008001f78                TIM_SelectSlaveMode
                0x0000000008001f8c                TIM_SelectMasterSlaveMode
                0x0000000008001fa0                TIM_SetCounter
                0x0000000008001fa4                TIM_SetAutoreload
                0x0000000008001fa8                TIM_SetCompare1
                0x0000000008001fac                TIM_SetCompare2
                0x0000000008001fb0                TIM_SetCompare3
                0x0000000008001fb4                TIM_SetCompare4
                0x0000000008001fbc                TIM_SetIC1Prescaler
                0x0000000008001fd0                TIM_SetIC2Prescaler
                0x0000000008001fe8                TIM_SetIC3Prescaler
                0x0000000008001ffc                TIM_SetIC4Prescaler
                0x0000000008002014                TIM_SetClockDivision
                0x0000000008002028                TIM_GetCapture1
                0x000000000800202c                TIM_GetCapture2
                0x0000000008002030                TIM_GetCapture3
                0x0000000008002034                TIM_GetCapture4
                0x000000000800203c                TIM_GetCounter
                0x0000000008002040                TIM_GetPrescaler
                0x0000000008002044                TIM_GetFlagStatus
                0x0000000008002050                TIM_ClearFlag
                0x0000000008002058                TIM_GetITStatus
                0x0000000008002070                TIM_ClearITPendingBit
 .text          0x0000000008002078      0x3b8 /tmp/ccpuNd4j.o
                0x0000000008002078                USART_DeInit
                0x0000000008002128                USART_Init
                0x00000000080021dc                USART_StructInit
                0x00000000080021f0                USART_ClockInit
                0x0000000008002210                USART_ClockStructInit
                0x000000000800221c                USART_Cmd
                0x0000000008002234                USART_ITConfig
                0x000000000800226c                USART_DMACmd
                0x0000000008002280                USART_SetAddress
                0x0000000008002294                USART_WakeUpConfig
                0x00000000080022a8                USART_ReceiverWakeUpCmd
                0x00000000080022c0                USART_LINBreakDetectLengthConfig
                0x00000000080022d4                USART_LINCmd
                0x00000000080022ec                USART_SendData
                0x00000000080022f4                USART_ReceiveData
                0x00000000080022fc                USART_SendBreak
                0x0000000008002308                USART_SetGuardTime
                0x0000000008002318                USART_SetPrescaler
                0x0000000008002328                USART_SmartCardCmd
                0x0000000008002340                USART_SmartCardNACKCmd
                0x0000000008002358                USART_HalfDuplexCmd
                0x0000000008002370                USART_OverSampling8Cmd
                0x0000000008002384                USART_OneBitMethodCmd
                0x000000000800239c                USART_IrDAConfig
                0x00000000080023b0                USART_IrDACmd
                0x00000000080023c8                USART_GetFlagStatus
                0x00000000080023d4                USART_ClearFlag
                0x00000000080023dc                USART_GetITStatus
                0x0000000008002420                USART_ClearITPendingBit
 .text          0x0000000008002430       0xb0 /tmp/cceTkFC6.o
                0x0000000008002430                NVIC_PriorityGroupConfig
                0x0000000008002444                NVIC_Init
                0x000000000800249c                NVIC_SetVectorTable
                0x00000000080024b0                NVIC_SystemLPConfig
                0x00000000080024c8                SysTick_CLKSourceConfig
 .text          0x00000000080024e0      0x2a8 /tmp/cceGqPB0.o
                0x00000000080024e0                I2C1_init
                0x0000000008002560                I2C_SendByteByADDR
                0x00000000080025d4                sendhalfbyte
                0x000000000800261c                sendbyte
                0x0000000008002658                sendcharlcd
                0x0000000008002660                setpos
                0x00000000080026a4                lcd_init
                0x0000000008002730                clearlcd
                0x0000000008002748                str_lcd
                0x0000000008002760                createChar
 .text          0x0000000008002788       0x80 /tmp/ccC7vxXU.o
                0x0000000008002788                _delay_ms
                0x00000000080027bc                _delay_us
                0x00000000080027f0                get_cpuFreq
 .text          0x0000000008002808       0xbc /tmp/ccj3AJHP.o
                0x0000000008002808                put32b
                0x0000000008002870                make32b
                0x000000000800288c                buzzerInit
 .text          0x00000000080028c4      0x1ac /tmp/ccxEMuUK.o
                0x00000000080028e4                USART_init
                0x0000000008002984                USART1_IRQHandler
                0x0000000008002a10                packetHandler
                0x0000000008002a20                processPacket
                0x0000000008002a48                USART_SendString
 .text          0x0000000008002a70       0x3c /tmp/cck6bcmG.o
                0x0000000008002a70                _sbrk
                0x0000000008002a8c                link
                0x0000000008002a94                _fstat
                0x0000000008002aa0                _read
                0x0000000008002aa4                _write
                0x0000000008002aa8                abort
 .text          0x0000000008002aac      0x378 /opt/gcc-arm-none-eabi-7-2018-q2-update/bin/../lib/gcc/arm-none-eabi/7.3.1/thumb/v7-m/libgcc.a(_arm_addsubdf3.o)
                0x0000000008002aac                __aeabi_drsub
                0x0000000008002ab4                __aeabi_dsub
                0x0000000008002ab4                __subdf3
                0x0000000008002ab8                __adddf3
                0x0000000008002ab8                __aeabi_dadd
                0x0000000008002d30                __aeabi_ui2d
                0x0000000008002d30                __floatunsidf
                0x0000000008002d50                __floatsidf
                0x0000000008002d50                __aeabi_i2d
                0x0000000008002d74                __extendsfdf2
                0x0000000008002d74                __aeabi_f2d
                0x0000000008002db8                __aeabi_ul2d
                0x0000000008002db8                __floatundidf
                0x0000000008002dc8                __floatdidf
                0x0000000008002dc8                __aeabi_l2d
 .text          0x0000000008002e24      0x424 /opt/gcc-arm-none-eabi-7-2018-q2-update/bin/../lib/gcc/arm-none-eabi/7.3.1/thumb/v7-m/libgcc.a(_arm_muldivdf3.o)
                0x0000000008002e24                __aeabi_dmul
                0x0000000008002e24                __muldf3
                0x0000000008003078                __aeabi_ddiv
                0x0000000008003078                __divdf3
 .text          0x0000000008003248      0x110 /opt/gcc-arm-none-eabi-7-2018-q2-update/bin/../lib/gcc/arm-none-eabi/7.3.1/thumb/v7-m/libgcc.a(_arm_cmpdf2.o)
                0x0000000008003248                __gtdf2
                0x0000000008003248                __gedf2
                0x0000000008003250                __ltdf2
                0x0000000008003250                __ledf2
                0x0000000008003258                __cmpdf2
                0x0000000008003258                __eqdf2
                0x0000000008003258                __nedf2
                0x00000000080032d4                __aeabi_cdrcmple
                0x00000000080032e4                __aeabi_cdcmple
                0x00000000080032e4                __aeabi_cdcmpeq
                0x00000000080032f4                __aeabi_dcmpeq
                0x0000000008003308                __aeabi_dcmplt
                0x000000000800331c                __aeabi_dcmple
                0x0000000008003330                __aeabi_dcmpge
                0x0000000008003344                __aeabi_dcmpgt
 .text          0x0000000008003358       0x50 /opt/gcc-arm-none-eabi-7-2018-q2-update/bin/../lib/gcc/arm-none-eabi/7.3.1/thumb/v7-m/libgcc.a(_arm_fixdfsi.o)
                0x0000000008003358                __fixdfsi
                0x0000000008003358                __aeabi_d2iz
 .text          0x00000000080033a8       0x40 /opt/gcc-arm-none-eabi-7-2018-q2-update/bin/../lib/gcc/arm-none-eabi/7.3.1/thumb/v7-m/libgcc.a(_arm_fixunsdfsi.o)
                0x00000000080033a8                __fixunsdfsi
                0x00000000080033a8                __aeabi_d2uiz
 .text          0x00000000080033e8       0x2c /opt/gcc-arm-none-eabi-7-2018-q2-update/bin/../lib/gcc/arm-none-eabi/7.3.1/thumb/v7-m/libgcc.a(_arm_unorddf2.o)
                0x00000000080033e8                __aeabi_dcmpun
                0x00000000080033e8                __unorddf2
 *(.text*)
 .text.__libc_init_array
                0x0000000008003414       0x48 /opt/gcc-arm-none-eabi-7-2018-q2-update/bin/../lib/gcc/arm-none-eabi/7.3.1/../../../../arm-none-eabi/lib/thumb/v7-m/libc_nano.a(lib_a-init.o)
                0x0000000008003414                __libc_init_array
 *fill*         0x000000000800345c        0x4 
 .text.startup  0x0000000008003460      0x188 /tmp/ccizSerl.o
                0x0000000008003460                main
 .text.Reset_Handler
                0x00000000080035e8       0x48 /tmp/ccPZ85PB.o
                0x00000000080035e8                Reset_Handler
 .text.Default_Handler
                0x0000000008003630        0x2 /tmp/ccPZ85PB.o
                0x0000000008003630                EXTI2_IRQHandler
                0x0000000008003630                DebugMon_Handler
                0x0000000008003630                TIM1_CC_IRQHandler
                0x0000000008003630                HardFault_Handler
                0x0000000008003630                SysTick_Handler
                0x0000000008003630                PVD_IRQHandler
                0x0000000008003630                PendSV_Handler
                0x0000000008003630                NMI_Handler
                0x0000000008003630                EXTI3_IRQHandler
                0x0000000008003630                EXTI0_IRQHandler
                0x0000000008003630                I2C2_EV_IRQHandler
                0x0000000008003630                UsageFault_Handler
                0x0000000008003630                ADC1_2_IRQHandler
                0x0000000008003630                SPI1_IRQHandler
                0x0000000008003630                TAMPER_IRQHandler
                0x0000000008003630                DMA1_Channel4_IRQHandler
                0x0000000008003630                USART3_IRQHandler
                0x0000000008003630                RTC_IRQHandler
                0x0000000008003630                DMA1_Channel7_IRQHandler
                0x0000000008003630                CAN1_RX1_IRQHandler
                0x0000000008003630                I2C1_EV_IRQHandler
                0x0000000008003630                DMA1_Channel6_IRQHandler
                0x0000000008003630                TIM3_IRQHandler
                0x0000000008003630                RCC_IRQHandler
                0x0000000008003630                TIM1_TRG_COM_IRQHandler
                0x0000000008003630                DMA1_Channel1_IRQHandler
                0x0000000008003630                Default_Handler
                0x0000000008003630                EXTI15_10_IRQHandler
                0x0000000008003630                EXTI9_5_IRQHandler
                0x0000000008003630                SPI2_IRQHandler
                0x0000000008003630                MemManage_Handler
                0x0000000008003630                SVC_Handler
                0x0000000008003630                DMA1_Channel5_IRQHandler
                0x0000000008003630                EXTI4_IRQHandler
                0x0000000008003630                USB_LP_CAN1_RX0_IRQHandler
                0x0000000008003630                USB_HP_CAN1_TX_IRQHandler
                0x0000000008003630                DMA1_Channel3_IRQHandler
                0x0000000008003630                TIM1_UP_IRQHandler
                0x0000000008003630                WWDG_IRQHandler
                0x0000000008003630                TIM2_IRQHandler
                0x0000000008003630                TIM1_BRK_IRQHandler
                0x0000000008003630                EXTI1_IRQHandler
                0x0000000008003630                RTCAlarm_IRQHandler
                0x0000000008003630                USART2_IRQHandler
                0x0000000008003630                I2C2_ER_IRQHandler
                0x0000000008003630                DMA1_Channel2_IRQHandler
                0x0000000008003630                CAN1_SCE_IRQHandler
                0x0000000008003630                FLASH_IRQHandler
                0x0000000008003630                BusFault_Handler
                0x0000000008003630                I2C1_ER_IRQHandler
                0x0000000008003630                USBWakeUp_IRQHandler
 *fill*         0x0000000008003632        0x2 
 .text.sprintf  0x0000000008003634       0x40 /opt/gcc-arm-none-eabi-7-2018-q2-update/bin/../lib/gcc/arm-none-eabi/7.3.1/../../../../arm-none-eabi/lib/thumb/v7-m/libg_nano.a(lib_a-sprintf.o)
                0x0000000008003634                sprintf
                0x0000000008003634                siprintf
 .text.__ssputs_r
                0x0000000008003674       0xb4 /opt/gcc-arm-none-eabi-7-2018-q2-update/bin/../lib/gcc/arm-none-eabi/7.3.1/../../../../arm-none-eabi/lib/thumb/v7-m/libg_nano.a(lib_a-nano-svfprintf.o)
                0x0000000008003674                __ssputs_r
 .text._svfprintf_r
                0x0000000008003728      0x1f0 /opt/gcc-arm-none-eabi-7-2018-q2-update/bin/../lib/gcc/arm-none-eabi/7.3.1/../../../../arm-none-eabi/lib/thumb/v7-m/libg_nano.a(lib_a-nano-svfprintf.o)
                0x0000000008003728                _svfprintf_r
                0x0000000008003728                _svfiprintf_r
 .text._printf_common
                0x0000000008003918       0xec /opt/gcc-arm-none-eabi-7-2018-q2-update/bin/../lib/gcc/arm-none-eabi/7.3.1/../../../../arm-none-eabi/lib/thumb/v7-m/libg_nano.a(lib_a-nano-vfprintf_i.o)
                0x0000000008003918                _printf_common
 .text._printf_i
                0x0000000008003a04      0x224 /opt/gcc-arm-none-eabi-7-2018-q2-update/bin/../lib/gcc/arm-none-eabi/7.3.1/../../../../arm-none-eabi/lib/thumb/v7-m/libg_nano.a(lib_a-nano-vfprintf_i.o)
                0x0000000008003a04                _printf_i
 .text.memchr   0x0000000008003c28       0x1c /opt/gcc-arm-none-eabi-7-2018-q2-update/bin/../lib/gcc/arm-none-eabi/7.3.1/../../../../arm-none-eabi/lib/thumb/v7-m/libg_nano.a(lib_a-memchr-stub.o)
                0x0000000008003c28                memchr
 .text.memcpy   0x0000000008003c44       0x16 /opt/gcc-arm-none-eabi-7-2018-q2-update/bin/../lib/gcc/arm-none-eabi/7.3.1/../../../../arm-none-eabi/lib/thumb/v7-m/libg_nano.a(lib_a-memcpy-stub.o)
                0x0000000008003c44                memcpy
 .text.memmove  0x0000000008003c5a       0x32 /opt/gcc-arm-none-eabi-7-2018-q2-update/bin/../lib/gcc/arm-none-eabi/7.3.1/../../../../arm-none-eabi/lib/thumb/v7-m/libg_nano.a(lib_a-memmove.o)
                0x0000000008003c5a                memmove
 .text._free_r  0x0000000008003c8c       0x98 /opt/gcc-arm-none-eabi-7-2018-q2-update/bin/../lib/gcc/arm-none-eabi/7.3.1/../../../../arm-none-eabi/lib/thumb/v7-m/libg_nano.a(lib_a-nano-freer.o)
                0x0000000008003c8c                _free_r
 .text._malloc_r
                0x0000000008003d24       0xb4 /opt/gcc-arm-none-eabi-7-2018-q2-update/bin/../lib/gcc/arm-none-eabi/7.3.1/../../../../arm-none-eabi/lib/thumb/v7-m/libg_nano.a(lib_a-nano-mallocr.o)
                0x0000000008003d24                _malloc_r
 .text._realloc_r
                0x0000000008003dd8       0x4c /opt/gcc-arm-none-eabi-7-2018-q2-update/bin/../lib/gcc/arm-none-eabi/7.3.1/../../../../arm-none-eabi/lib/thumb/v7-m/libg_nano.a(lib_a-nano-reallocr.o)
                0x0000000008003dd8                _realloc_r
 .text._sbrk_r  0x0000000008003e24       0x20 /opt/gcc-arm-none-eabi-7-2018-q2-update/bin/../lib/gcc/arm-none-eabi/7.3.1/../../../../arm-none-eabi/lib/thumb/v7-m/libg_nano.a(lib_a-sbrkr.o)
                0x0000000008003e24                _sbrk_r
 .text.__malloc_lock
                0x0000000008003e44        0x2 /opt/gcc-arm-none-eabi-7-2018-q2-update/bin/../lib/gcc/arm-none-eabi/7.3.1/../../../../arm-none-eabi/lib/thumb/v7-m/libg_nano.a(lib_a-mlock.o)
                0x0000000008003e44                __malloc_lock
 .text.__malloc_unlock
                0x0000000008003e46        0x2 /opt/gcc-arm-none-eabi-7-2018-q2-update/bin/../lib/gcc/arm-none-eabi/7.3.1/../../../../arm-none-eabi/lib/thumb/v7-m/libg_nano.a(lib_a-mlock.o)
                0x0000000008003e46                __malloc_unlock
 .text._malloc_usable_size_r
                0x0000000008003e48       0x10 /opt/gcc-arm-none-eabi-7-2018-q2-update/bin/../lib/gcc/arm-none-eabi/7.3.1/../../../../arm-none-eabi/lib/thumb/v7-m/libg_nano.a(lib_a-nano-msizer.o)
                0x0000000008003e48                _malloc_usable_size_r
 .text.__errno  0x0000000008003e58        0xc /opt/gcc-arm-none-eabi-7-2018-q2-update/bin/../lib/gcc/arm-none-eabi/7.3.1/../../../../arm-none-eabi/lib/thumb/v7-m/libc_nano.a(lib_a-errno.o)
                0x0000000008003e58                __errno
 .text.log      0x0000000008003e64       0xfc /opt/gcc-arm-none-eabi-7-2018-q2-update/bin/../lib/gcc/arm-none-eabi/7.3.1/../../../../arm-none-eabi/lib/thumb/v7-m/libm.a(lib_a-w_log.o)
                0x0000000008003e64                log
 .text.__ieee754_log
                0x0000000008003f60      0x394 /opt/gcc-arm-none-eabi-7-2018-q2-update/bin/../lib/gcc/arm-none-eabi/7.3.1/../../../../arm-none-eabi/lib/thumb/v7-m/libm.a(lib_a-e_log.o)
                0x0000000008003f60                __ieee754_log
 .text.matherr  0x00000000080042f4        0x4 /opt/gcc-arm-none-eabi-7-2018-q2-update/bin/../lib/gcc/arm-none-eabi/7.3.1/../../../../arm-none-eabi/lib/thumb/v7-m/libm.a(lib_a-s_matherr.o)
                0x00000000080042f4                matherr
 .text.nan      0x00000000080042f8        0xc /opt/gcc-arm-none-eabi-7-2018-q2-update/bin/../lib/gcc/arm-none-eabi/7.3.1/../../../../arm-none-eabi/lib/thumb/v7-m/libm.a(lib_a-s_nan.o)
                0x00000000080042f8                nan
 *(.rodata)
 *(.rodata*)
 .rodata.str1.4
                0x0000000008004304        0xa /tmp/ccizSerl.o
 .rodata._svfprintf_r.str1.1
                0x000000000800430e       0x11 /opt/gcc-arm-none-eabi-7-2018-q2-update/bin/../lib/gcc/arm-none-eabi/7.3.1/../../../../arm-none-eabi/lib/thumb/v7-m/libg_nano.a(lib_a-nano-svfprintf.o)
 .rodata._printf_i.str1.1
                0x000000000800431f       0x22 /opt/gcc-arm-none-eabi-7-2018-q2-update/bin/../lib/gcc/arm-none-eabi/7.3.1/../../../../arm-none-eabi/lib/thumb/v7-m/libg_nano.a(lib_a-nano-vfprintf_i.o)
 *fill*         0x0000000008004341        0x3 
 .rodata.__sf_fake_stderr
                0x0000000008004344       0x20 /opt/gcc-arm-none-eabi-7-2018-q2-update/bin/../lib/gcc/arm-none-eabi/7.3.1/../../../../arm-none-eabi/lib/thumb/v7-m/libc_nano.a(lib_a-findfp.o)
                0x0000000008004344                __sf_fake_stderr
 .rodata.__sf_fake_stdin
                0x0000000008004364       0x20 /opt/gcc-arm-none-eabi-7-2018-q2-update/bin/../lib/gcc/arm-none-eabi/7.3.1/../../../../arm-none-eabi/lib/thumb/v7-m/libc_nano.a(lib_a-findfp.o)
                0x0000000008004364                __sf_fake_stdin
 .rodata.__sf_fake_stdout
                0x0000000008004384       0x20 /opt/gcc-arm-none-eabi-7-2018-q2-update/bin/../lib/gcc/arm-none-eabi/7.3.1/../../../../arm-none-eabi/lib/thumb/v7-m/libc_nano.a(lib_a-findfp.o)
                0x0000000008004384                __sf_fake_stdout
 .rodata.log.str1.4
                0x00000000080043a4        0x8 /opt/gcc-arm-none-eabi-7-2018-q2-update/bin/../lib/gcc/arm-none-eabi/7.3.1/../../../../arm-none-eabi/lib/thumb/v7-m/libm.a(lib_a-w_log.o)
                                          0x5 (size before relaxing)
 *(.glue_7)
 .glue_7        0x00000000080043ac        0x0 linker stubs
 *(.glue_7t)
 .glue_7t       0x00000000080043ac        0x0 linker stubs
 *(.init)
 .init          0x00000000080043ac        0x4 /opt/gcc-arm-none-eabi-7-2018-q2-update/bin/../lib/gcc/arm-none-eabi/7.3.1/thumb/v7-m/crti.o
                0x00000000080043ac                _init
 .init          0x00000000080043b0        0x8 /opt/gcc-arm-none-eabi-7-2018-q2-update/bin/../lib/gcc/arm-none-eabi/7.3.1/thumb/v7-m/crtn.o
 *(.fini)
 .fini          0x00000000080043b8        0x4 /opt/gcc-arm-none-eabi-7-2018-q2-update/bin/../lib/gcc/arm-none-eabi/7.3.1/thumb/v7-m/crti.o
                0x00000000080043b8                _fini
 .fini          0x00000000080043bc        0x8 /opt/gcc-arm-none-eabi-7-2018-q2-update/bin/../lib/gcc/arm-none-eabi/7.3.1/thumb/v7-m/crtn.o
                0x00000000080043c4                . = ALIGN (0x4)
                0x00000000080043c4                _etext = .

.vfp11_veneer   0x00000000080043c4        0x0
 .vfp11_veneer  0x00000000080043c4        0x0 linker stubs

.v4_bx          0x00000000080043c4        0x0
 .v4_bx         0x00000000080043c4        0x0 linker stubs

.iplt           0x00000000080043c4        0x0
 .iplt          0x00000000080043c4        0x0 /opt/gcc-arm-none-eabi-7-2018-q2-update/bin/../lib/gcc/arm-none-eabi/7.3.1/thumb/v7-m/crtbegin.o

.rel.dyn        0x00000000080043c4        0x0
 .rel.iplt      0x00000000080043c4        0x0 /opt/gcc-arm-none-eabi-7-2018-q2-update/bin/../lib/gcc/arm-none-eabi/7.3.1/thumb/v7-m/crtbegin.o

.ARM.extab
 *(.ARM.extab* .gnu.linkonce.armextab.*)

.ARM            0x00000000080043c4        0x0
                0x00000000080043c4                __exidx_start = .
 *(.ARM.exidx*)
                0x00000000080043c4                __exidx_end = .

.ARM.attributes
                0x00000000080043c4       0x29
 *(.ARM.attributes)
 .ARM.attributes
                0x00000000080043c4       0x1d /opt/gcc-arm-none-eabi-7-2018-q2-update/bin/../lib/gcc/arm-none-eabi/7.3.1/thumb/v7-m/crti.o
 .ARM.attributes
                0x00000000080043e1       0x2d /opt/gcc-arm-none-eabi-7-2018-q2-update/bin/../lib/gcc/arm-none-eabi/7.3.1/thumb/v7-m/crtbegin.o
 .ARM.attributes
                0x000000000800440e       0x2d /opt/gcc-arm-none-eabi-7-2018-q2-update/bin/../lib/gcc/arm-none-eabi/7.3.1/../../../../arm-none-eabi/lib/thumb/v7-m/libc_nano.a(lib_a-impure.o)
 .ARM.attributes
                0x000000000800443b       0x2d /opt/gcc-arm-none-eabi-7-2018-q2-update/bin/../lib/gcc/arm-none-eabi/7.3.1/../../../../arm-none-eabi/lib/thumb/v7-m/libc_nano.a(lib_a-init.o)
 .ARM.attributes
                0x0000000008004468       0x33 /tmp/ccizSerl.o
 .ARM.attributes
                0x000000000800449b       0x33 /tmp/ccbAmSE0.o
 .ARM.attributes
                0x00000000080044ce       0x33 /tmp/ccY31WAG.o
 .ARM.attributes
                0x0000000008004501       0x33 /tmp/cc1b4wtP.o
 .ARM.attributes
                0x0000000008004534       0x33 /tmp/ccdu1v5C.o
 .ARM.attributes
                0x0000000008004567       0x33 /tmp/ccjKtyY3.o
 .ARM.attributes
                0x000000000800459a       0x33 /tmp/ccXzXZer.o
 .ARM.attributes
                0x00000000080045cd       0x33 /tmp/ccpuNd4j.o
 .ARM.attributes
                0x0000000008004600       0x33 /tmp/cceTkFC6.o
 .ARM.attributes
                0x0000000008004633       0x33 /tmp/cceGqPB0.o
 .ARM.attributes
                0x0000000008004666       0x33 /tmp/ccC7vxXU.o
 .ARM.attributes
                0x0000000008004699       0x33 /tmp/ccj3AJHP.o
 .ARM.attributes
                0x00000000080046cc       0x33 /tmp/ccxEMuUK.o
 .ARM.attributes
                0x00000000080046ff       0x33 /tmp/cck6bcmG.o
 .ARM.attributes
                0x0000000008004732       0x21 /tmp/ccPZ85PB.o
 .ARM.attributes
                0x0000000008004753       0x1d /opt/gcc-arm-none-eabi-7-2018-q2-update/bin/../lib/gcc/arm-none-eabi/7.3.1/thumb/v7-m/libgcc.a(_arm_addsubdf3.o)
 .ARM.attributes
                0x0000000008004770       0x1d /opt/gcc-arm-none-eabi-7-2018-q2-update/bin/../lib/gcc/arm-none-eabi/7.3.1/thumb/v7-m/libgcc.a(_arm_muldivdf3.o)
 .ARM.attributes
                0x000000000800478d       0x1d /opt/gcc-arm-none-eabi-7-2018-q2-update/bin/../lib/gcc/arm-none-eabi/7.3.1/thumb/v7-m/libgcc.a(_arm_cmpdf2.o)
 .ARM.attributes
                0x00000000080047aa       0x1d /opt/gcc-arm-none-eabi-7-2018-q2-update/bin/../lib/gcc/arm-none-eabi/7.3.1/thumb/v7-m/libgcc.a(_arm_fixdfsi.o)
 .ARM.attributes
                0x00000000080047c7       0x1d /opt/gcc-arm-none-eabi-7-2018-q2-update/bin/../lib/gcc/arm-none-eabi/7.3.1/thumb/v7-m/libgcc.a(_arm_fixunsdfsi.o)
 .ARM.attributes
                0x00000000080047e4       0x2d /opt/gcc-arm-none-eabi-7-2018-q2-update/bin/../lib/gcc/arm-none-eabi/7.3.1/../../../../arm-none-eabi/lib/thumb/v7-m/libg_nano.a(lib_a-sprintf.o)
 .ARM.attributes
                0x0000000008004811       0x2d /opt/gcc-arm-none-eabi-7-2018-q2-update/bin/../lib/gcc/arm-none-eabi/7.3.1/../../../../arm-none-eabi/lib/thumb/v7-m/libg_nano.a(lib_a-nano-svfprintf.o)
 .ARM.attributes
                0x000000000800483e       0x2d /opt/gcc-arm-none-eabi-7-2018-q2-update/bin/../lib/gcc/arm-none-eabi/7.3.1/../../../../arm-none-eabi/lib/thumb/v7-m/libg_nano.a(lib_a-nano-vfprintf_i.o)
 .ARM.attributes
                0x000000000800486b       0x2d /opt/gcc-arm-none-eabi-7-2018-q2-update/bin/../lib/gcc/arm-none-eabi/7.3.1/../../../../arm-none-eabi/lib/thumb/v7-m/libg_nano.a(lib_a-memchr-stub.o)
 .ARM.attributes
                0x0000000008004898       0x2d /opt/gcc-arm-none-eabi-7-2018-q2-update/bin/../lib/gcc/arm-none-eabi/7.3.1/../../../../arm-none-eabi/lib/thumb/v7-m/libg_nano.a(lib_a-memcpy-stub.o)
 .ARM.attributes
                0x00000000080048c5       0x2d /opt/gcc-arm-none-eabi-7-2018-q2-update/bin/../lib/gcc/arm-none-eabi/7.3.1/../../../../arm-none-eabi/lib/thumb/v7-m/libg_nano.a(lib_a-memmove.o)
 .ARM.attributes
                0x00000000080048f2       0x2d /opt/gcc-arm-none-eabi-7-2018-q2-update/bin/../lib/gcc/arm-none-eabi/7.3.1/../../../../arm-none-eabi/lib/thumb/v7-m/libg_nano.a(lib_a-nano-freer.o)
 .ARM.attributes
                0x000000000800491f       0x2d /opt/gcc-arm-none-eabi-7-2018-q2-update/bin/../lib/gcc/arm-none-eabi/7.3.1/../../../../arm-none-eabi/lib/thumb/v7-m/libg_nano.a(lib_a-nano-mallocr.o)
 .ARM.attributes
                0x000000000800494c       0x2d /opt/gcc-arm-none-eabi-7-2018-q2-update/bin/../lib/gcc/arm-none-eabi/7.3.1/../../../../arm-none-eabi/lib/thumb/v7-m/libg_nano.a(lib_a-nano-reallocr.o)
 .ARM.attributes
                0x0000000008004979       0x2d /opt/gcc-arm-none-eabi-7-2018-q2-update/bin/../lib/gcc/arm-none-eabi/7.3.1/../../../../arm-none-eabi/lib/thumb/v7-m/libg_nano.a(lib_a-sbrkr.o)
 .ARM.attributes
                0x00000000080049a6       0x2d /opt/gcc-arm-none-eabi-7-2018-q2-update/bin/../lib/gcc/arm-none-eabi/7.3.1/../../../../arm-none-eabi/lib/thumb/v7-m/libg_nano.a(lib_a-mlock.o)
 .ARM.attributes
                0x00000000080049d3       0x2d /opt/gcc-arm-none-eabi-7-2018-q2-update/bin/../lib/gcc/arm-none-eabi/7.3.1/../../../../arm-none-eabi/lib/thumb/v7-m/libg_nano.a(lib_a-nano-msizer.o)
 .ARM.attributes
                0x0000000008004a00       0x2d /opt/gcc-arm-none-eabi-7-2018-q2-update/bin/../lib/gcc/arm-none-eabi/7.3.1/../../../../arm-none-eabi/lib/thumb/v7-m/libg_nano.a(lib_a-reent.o)
 .ARM.attributes
                0x0000000008004a2d       0x2d /opt/gcc-arm-none-eabi-7-2018-q2-update/bin/../lib/gcc/arm-none-eabi/7.3.1/../../../../arm-none-eabi/lib/thumb/v7-m/libc_nano.a(lib_a-errno.o)
 .ARM.attributes
                0x0000000008004a5a       0x2d /opt/gcc-arm-none-eabi-7-2018-q2-update/bin/../lib/gcc/arm-none-eabi/7.3.1/../../../../arm-none-eabi/lib/thumb/v7-m/libc_nano.a(lib_a-findfp.o)
 .ARM.attributes
                0x0000000008004a87       0x1d /opt/gcc-arm-none-eabi-7-2018-q2-update/bin/../lib/gcc/arm-none-eabi/7.3.1/thumb/v7-m/crtn.o
 .ARM.attributes
                0x0000000008004aa4       0x2d /opt/gcc-arm-none-eabi-7-2018-q2-update/bin/../lib/gcc/arm-none-eabi/7.3.1/../../../../arm-none-eabi/lib/thumb/v7-m/libm.a(lib_a-w_log.o)
 .ARM.attributes
                0x0000000008004ad1       0x2d /opt/gcc-arm-none-eabi-7-2018-q2-update/bin/../lib/gcc/arm-none-eabi/7.3.1/../../../../arm-none-eabi/lib/thumb/v7-m/libm.a(lib_a-e_log.o)
 .ARM.attributes
                0x0000000008004afe       0x2d /opt/gcc-arm-none-eabi-7-2018-q2-update/bin/../lib/gcc/arm-none-eabi/7.3.1/../../../../arm-none-eabi/lib/thumb/v7-m/libm.a(lib_a-s_lib_ver.o)
 .ARM.attributes
                0x0000000008004b2b       0x2d /opt/gcc-arm-none-eabi-7-2018-q2-update/bin/../lib/gcc/arm-none-eabi/7.3.1/../../../../arm-none-eabi/lib/thumb/v7-m/libm.a(lib_a-s_matherr.o)
 .ARM.attributes
                0x0000000008004b58       0x2d /opt/gcc-arm-none-eabi-7-2018-q2-update/bin/../lib/gcc/arm-none-eabi/7.3.1/../../../../arm-none-eabi/lib/thumb/v7-m/libm.a(lib_a-s_nan.o)
 .ARM.attributes
                0x0000000008004b85       0x1d /opt/gcc-arm-none-eabi-7-2018-q2-update/bin/../lib/gcc/arm-none-eabi/7.3.1/thumb/v7-m/libgcc.a(_arm_unorddf2.o)

.preinit_array  0x00000000080043c4        0x0
                0x00000000080043c4                PROVIDE (__preinit_array_start = .)
 *(.preinit_array*)
                0x00000000080043c4                PROVIDE (__preinit_array_end = .)

.init_array     0x00000000080043c4        0x4
                0x00000000080043c4                PROVIDE (__init_array_start = .)
 *(SORT_BY_NAME(.init_array.*))
 *(.init_array*)
 .init_array    0x00000000080043c4        0x4 /opt/gcc-arm-none-eabi-7-2018-q2-update/bin/../lib/gcc/arm-none-eabi/7.3.1/thumb/v7-m/crtbegin.o
                0x00000000080043c8                PROVIDE (__init_array_end = .)

.fini_array     0x00000000080043c8        0x4
                [!provide]                        PROVIDE (__fini_array_start = .)
 *(.fini_array*)
 .fini_array    0x00000000080043c8        0x4 /opt/gcc-arm-none-eabi-7-2018-q2-update/bin/../lib/gcc/arm-none-eabi/7.3.1/thumb/v7-m/crtbegin.o
 *(SORT_BY_NAME(.fini_array.*))
                [!provide]                        PROVIDE (__fini_array_end = .)
                0x00000000080043cc                _sidata = .

.data           0x0000000020000000       0x98 load address 0x00000000080043cc
                0x0000000020000000                . = ALIGN (0x4)
                0x0000000020000000                _sdata = .
 *(.data)
 .data          0x0000000020000000       0x14 /tmp/ccbAmSE0.o
                0x0000000020000000                AHBPrescTable
                0x0000000020000010                SystemCoreClock
 .data          0x0000000020000014       0x14 /tmp/ccjKtyY3.o
 .data          0x0000000020000028        0x5 /tmp/ccxEMuUK.o
                0x0000000020000028                deneme
                0x000000002000002c                timeoutCnt
 *(.data*)
 *fill*         0x000000002000002d        0x3 
 .data._impure_ptr
                0x0000000020000030        0x4 /opt/gcc-arm-none-eabi-7-2018-q2-update/bin/../lib/gcc/arm-none-eabi/7.3.1/../../../../arm-none-eabi/lib/thumb/v7-m/libc_nano.a(lib_a-impure.o)
                0x0000000020000030                _impure_ptr
 .data.impure_data
                0x0000000020000034       0x60 /opt/gcc-arm-none-eabi-7-2018-q2-update/bin/../lib/gcc/arm-none-eabi/7.3.1/../../../../arm-none-eabi/lib/thumb/v7-m/libc_nano.a(lib_a-impure.o)
 .data.__fdlib_version
                0x0000000020000094        0x1 /opt/gcc-arm-none-eabi-7-2018-q2-update/bin/../lib/gcc/arm-none-eabi/7.3.1/../../../../arm-none-eabi/lib/thumb/v7-m/libm.a(lib_a-s_lib_ver.o)
                0x0000000020000094                __fdlib_version
                0x0000000020000098                . = ALIGN (0x4)
 *fill*         0x0000000020000095        0x3 
                0x0000000020000098                _edata = .

.igot.plt       0x0000000020000098        0x0 load address 0x0000000008004464
 .igot.plt      0x0000000020000098        0x0 /opt/gcc-arm-none-eabi-7-2018-q2-update/bin/../lib/gcc/arm-none-eabi/7.3.1/thumb/v7-m/crtbegin.o
                0x0000000020000098                . = ALIGN (0x4)

.bss            0x0000000020000098       0xd0 load address 0x0000000008004468
                0x0000000020000098                _sbss = .
                0x0000000020000098                __bss_start__ = _sbss
 *(.bss)
 .bss           0x0000000020000098       0x1c /opt/gcc-arm-none-eabi-7-2018-q2-update/bin/../lib/gcc/arm-none-eabi/7.3.1/thumb/v7-m/crtbegin.o
 .bss           0x00000000200000b4        0x1 /tmp/cceGqPB0.o
                0x00000000200000b4                portlcd
 .bss           0x00000000200000b5        0x1 /tmp/ccxEMuUK.o
                0x00000000200000b5                newMessageFlag
 *fill*         0x00000000200000b6        0x2 
 .bss           0x00000000200000b8        0x4 /tmp/cck6bcmG.o
 *(.bss*)
 .bss.__malloc_free_list
                0x00000000200000bc        0x4 /opt/gcc-arm-none-eabi-7-2018-q2-update/bin/../lib/gcc/arm-none-eabi/7.3.1/../../../../arm-none-eabi/lib/thumb/v7-m/libg_nano.a(lib_a-nano-mallocr.o)
                0x00000000200000bc                __malloc_free_list
 .bss.__malloc_sbrk_start
                0x00000000200000c0        0x4 /opt/gcc-arm-none-eabi-7-2018-q2-update/bin/../lib/gcc/arm-none-eabi/7.3.1/../../../../arm-none-eabi/lib/thumb/v7-m/libg_nano.a(lib_a-nano-mallocr.o)
                0x00000000200000c0                __malloc_sbrk_start
 *(COMMON)
 *fill*         0x00000000200000c4        0x4 
 COMMON         0x00000000200000c8       0x34 /tmp/ccizSerl.o
                0x00000000200000c8                TIM_Pulse
                0x00000000200000cc                buffer2
                0x00000000200000e0                rem
                0x00000000200000e8                buffer
 COMMON         0x00000000200000fc       0x65 /tmp/ccxEMuUK.o
                0x00000000200000fc                packetbuffer
                0x0000000020000160                packetbufferIndex
 *fill*         0x0000000020000161        0x3 
 COMMON         0x0000000020000164        0x4 /opt/gcc-arm-none-eabi-7-2018-q2-update/bin/../lib/gcc/arm-none-eabi/7.3.1/../../../../arm-none-eabi/lib/thumb/v7-m/libg_nano.a(lib_a-reent.o)
                0x0000000020000164                errno
                0x0000000020000168                . = ALIGN (0x4)
                0x0000000020000168                _ebss = .
                0x0000000020000168                __bss_end__ = _ebss
                0x0000000020000168                PROVIDE (end = _ebss)
                0x0000000020000168                PROVIDE (_end = _ebss)

._user_heap_stack
                0x0000000020000168      0x100 load address 0x0000000008004538
                0x0000000020000168                . = ALIGN (0x4)
                0x0000000020000168                . = (. + _Min_Heap_Size)
                0x0000000020000268                . = (. + _Min_Stack_Size)
 *fill*         0x0000000020000168      0x100 
                0x0000000020000268                . = ALIGN (0x4)

.memory_b1_text
 *(.mb1text)
 *(.mb1text*)
 *(.mb1rodata)
 *(.mb1rodata*)

/DISCARD/
 libc.a(*)
 libm.a(*)
 libgcc.a(*)
OUTPUT(heat.elf elf32-littlearm)

.debug_frame    0x0000000000000000     0x1e1c
 .debug_frame   0x0000000000000000       0x2c /opt/gcc-arm-none-eabi-7-2018-q2-update/bin/../lib/gcc/arm-none-eabi/7.3.1/../../../../arm-none-eabi/lib/thumb/v7-m/libc_nano.a(lib_a-init.o)
 .debug_frame   0x000000000000002c       0xac /tmp/ccizSerl.o
 .debug_frame   0x00000000000000d8       0x48 /tmp/ccbAmSE0.o
 .debug_frame   0x0000000000000120      0x2c0 /tmp/ccY31WAG.o
 .debug_frame   0x00000000000003e0      0x1b0 /tmp/cc1b4wtP.o
 .debug_frame   0x0000000000000590      0x26c /tmp/ccdu1v5C.o
 .debug_frame   0x00000000000007fc      0x224 /tmp/ccjKtyY3.o
 .debug_frame   0x0000000000000a20      0x76c /tmp/ccXzXZer.o
 .debug_frame   0x000000000000118c      0x258 /tmp/ccpuNd4j.o
 .debug_frame   0x00000000000013e4       0x7c /tmp/cceTkFC6.o
 .debug_frame   0x0000000000001460      0x120 /tmp/cceGqPB0.o
 .debug_frame   0x0000000000001580       0x6c /tmp/ccC7vxXU.o
 .debug_frame   0x00000000000015ec       0x74 /tmp/ccj3AJHP.o
 .debug_frame   0x0000000000001660       0xbc /tmp/ccxEMuUK.o
 .debug_frame   0x000000000000171c       0x70 /tmp/cck6bcmG.o
 .debug_frame   0x000000000000178c       0xac /opt/gcc-arm-none-eabi-7-2018-q2-update/bin/../lib/gcc/arm-none-eabi/7.3.1/thumb/v7-m/libgcc.a(_arm_addsubdf3.o)
 .debug_frame   0x0000000000001838       0x50 /opt/gcc-arm-none-eabi-7-2018-q2-update/bin/../lib/gcc/arm-none-eabi/7.3.1/thumb/v7-m/libgcc.a(_arm_muldivdf3.o)
 .debug_frame   0x0000000000001888       0xc4 /opt/gcc-arm-none-eabi-7-2018-q2-update/bin/../lib/gcc/arm-none-eabi/7.3.1/thumb/v7-m/libgcc.a(_arm_cmpdf2.o)
 .debug_frame   0x000000000000194c       0x24 /opt/gcc-arm-none-eabi-7-2018-q2-update/bin/../lib/gcc/arm-none-eabi/7.3.1/thumb/v7-m/libgcc.a(_arm_fixdfsi.o)
 .debug_frame   0x0000000000001970       0x24 /opt/gcc-arm-none-eabi-7-2018-q2-update/bin/../lib/gcc/arm-none-eabi/7.3.1/thumb/v7-m/libgcc.a(_arm_fixunsdfsi.o)
 .debug_frame   0x0000000000001994       0x6c /opt/gcc-arm-none-eabi-7-2018-q2-update/bin/../lib/gcc/arm-none-eabi/7.3.1/../../../../arm-none-eabi/lib/thumb/v7-m/libg_nano.a(lib_a-sprintf.o)
 .debug_frame   0x0000000000001a00       0x90 /opt/gcc-arm-none-eabi-7-2018-q2-update/bin/../lib/gcc/arm-none-eabi/7.3.1/../../../../arm-none-eabi/lib/thumb/v7-m/libg_nano.a(lib_a-nano-svfprintf.o)
 .debug_frame   0x0000000000001a90       0x60 /opt/gcc-arm-none-eabi-7-2018-q2-update/bin/../lib/gcc/arm-none-eabi/7.3.1/../../../../arm-none-eabi/lib/thumb/v7-m/libg_nano.a(lib_a-nano-vfprintf_i.o)
 .debug_frame   0x0000000000001af0       0x28 /opt/gcc-arm-none-eabi-7-2018-q2-update/bin/../lib/gcc/arm-none-eabi/7.3.1/../../../../arm-none-eabi/lib/thumb/v7-m/libg_nano.a(lib_a-memchr-stub.o)
 .debug_frame   0x0000000000001b18       0x28 /opt/gcc-arm-none-eabi-7-2018-q2-update/bin/../lib/gcc/arm-none-eabi/7.3.1/../../../../arm-none-eabi/lib/thumb/v7-m/libg_nano.a(lib_a-memcpy-stub.o)
 .debug_frame   0x0000000000001b40       0x28 /opt/gcc-arm-none-eabi-7-2018-q2-update/bin/../lib/gcc/arm-none-eabi/7.3.1/../../../../arm-none-eabi/lib/thumb/v7-m/libg_nano.a(lib_a-memmove.o)
 .debug_frame   0x0000000000001b68       0x38 /opt/gcc-arm-none-eabi-7-2018-q2-update/bin/../lib/gcc/arm-none-eabi/7.3.1/../../../../arm-none-eabi/lib/thumb/v7-m/libg_nano.a(lib_a-nano-freer.o)
 .debug_frame   0x0000000000001ba0       0x2c /opt/gcc-arm-none-eabi-7-2018-q2-update/bin/../lib/gcc/arm-none-eabi/7.3.1/../../../../arm-none-eabi/lib/thumb/v7-m/libg_nano.a(lib_a-nano-mallocr.o)
 .debug_frame   0x0000000000001bcc       0x3c /opt/gcc-arm-none-eabi-7-2018-q2-update/bin/../lib/gcc/arm-none-eabi/7.3.1/../../../../arm-none-eabi/lib/thumb/v7-m/libg_nano.a(lib_a-nano-reallocr.o)
 .debug_frame   0x0000000000001c08       0x2c /opt/gcc-arm-none-eabi-7-2018-q2-update/bin/../lib/gcc/arm-none-eabi/7.3.1/../../../../arm-none-eabi/lib/thumb/v7-m/libg_nano.a(lib_a-sbrkr.o)
 .debug_frame   0x0000000000001c34       0x30 /opt/gcc-arm-none-eabi-7-2018-q2-update/bin/../lib/gcc/arm-none-eabi/7.3.1/../../../../arm-none-eabi/lib/thumb/v7-m/libg_nano.a(lib_a-mlock.o)
 .debug_frame   0x0000000000001c64       0x20 /opt/gcc-arm-none-eabi-7-2018-q2-update/bin/../lib/gcc/arm-none-eabi/7.3.1/../../../../arm-none-eabi/lib/thumb/v7-m/libg_nano.a(lib_a-nano-msizer.o)
 .debug_frame   0x0000000000001c84       0x5c /opt/gcc-arm-none-eabi-7-2018-q2-update/bin/../lib/gcc/arm-none-eabi/7.3.1/../../../../arm-none-eabi/lib/thumb/v7-m/libg_nano.a(lib_a-reent.o)
 .debug_frame   0x0000000000001ce0       0x20 /opt/gcc-arm-none-eabi-7-2018-q2-update/bin/../lib/gcc/arm-none-eabi/7.3.1/../../../../arm-none-eabi/lib/thumb/v7-m/libc_nano.a(lib_a-errno.o)
 .debug_frame   0x0000000000001d00      0x11c /opt/gcc-arm-none-eabi-7-2018-q2-update/bin/../lib/gcc/arm-none-eabi/7.3.1/../../../../arm-none-eabi/lib/thumb/v7-m/libc_nano.a(lib_a-findfp.o)

.debug_info     0x0000000000000000     0xc183
 .debug_info    0x0000000000000000     0x1a28 /tmp/ccizSerl.o
 .debug_info    0x0000000000001a28      0x470 /tmp/ccbAmSE0.o
 .debug_info    0x0000000000001e98      0xc1d /tmp/ccY31WAG.o
 .debug_info    0x0000000000002ab5      0x881 /tmp/cc1b4wtP.o
 .debug_info    0x0000000000003336      0xb76 /tmp/ccdu1v5C.o
 .debug_info    0x0000000000003eac      0x92a /tmp/ccjKtyY3.o
 .debug_info    0x00000000000047d6     0x239e /tmp/ccXzXZer.o
 .debug_info    0x0000000000006b74      0xb1a /tmp/ccpuNd4j.o
 .debug_info    0x000000000000768e      0x4e7 /tmp/cceTkFC6.o
 .debug_info    0x0000000000007b75     0x1255 /tmp/cceGqPB0.o
 .debug_info    0x0000000000008dca      0x9fe /tmp/ccC7vxXU.o
 .debug_info    0x00000000000097c8      0xd3c /tmp/ccj3AJHP.o
 .debug_info    0x000000000000a504     0x1061 /tmp/ccxEMuUK.o
 .debug_info    0x000000000000b565      0xbfc /tmp/cck6bcmG.o
 .debug_info    0x000000000000c161       0x22 /tmp/ccPZ85PB.o

.debug_abbrev   0x0000000000000000     0x209d
 .debug_abbrev  0x0000000000000000      0x37b /tmp/ccizSerl.o
 .debug_abbrev  0x000000000000037b      0x1b9 /tmp/ccbAmSE0.o
 .debug_abbrev  0x0000000000000534      0x1fb /tmp/ccY31WAG.o
 .debug_abbrev  0x000000000000072f      0x217 /tmp/cc1b4wtP.o
 .debug_abbrev  0x0000000000000946      0x266 /tmp/ccdu1v5C.o
 .debug_abbrev  0x0000000000000bac      0x281 /tmp/ccjKtyY3.o
 .debug_abbrev  0x0000000000000e2d      0x2d2 /tmp/ccXzXZer.o
 .debug_abbrev  0x00000000000010ff      0x1f9 /tmp/ccpuNd4j.o
 .debug_abbrev  0x00000000000012f8      0x192 /tmp/cceTkFC6.o
 .debug_abbrev  0x000000000000148a      0x2c6 /tmp/cceGqPB0.o
 .debug_abbrev  0x0000000000001750      0x1dc /tmp/ccC7vxXU.o
 .debug_abbrev  0x000000000000192c      0x265 /tmp/ccj3AJHP.o
 .debug_abbrev  0x0000000000001b91      0x2bb /tmp/ccxEMuUK.o
 .debug_abbrev  0x0000000000001e4c      0x23f /tmp/cck6bcmG.o
 .debug_abbrev  0x000000000000208b       0x12 /tmp/ccPZ85PB.o

.debug_loc      0x0000000000000000     0x4a14
 .debug_loc     0x0000000000000000      0x19b /tmp/ccizSerl.o
 .debug_loc     0x000000000000019b       0xbc /tmp/ccbAmSE0.o
 .debug_loc     0x0000000000000257      0x9a6 /tmp/ccY31WAG.o
 .debug_loc     0x0000000000000bfd      0x5dc /tmp/cc1b4wtP.o
 .debug_loc     0x00000000000011d9      0x631 /tmp/ccdu1v5C.o
 .debug_loc     0x000000000000180a      0x6c6 /tmp/ccjKtyY3.o
 .debug_loc     0x0000000000001ed0     0x1c4f /tmp/ccXzXZer.o
 .debug_loc     0x0000000000003b1f      0x800 /tmp/ccpuNd4j.o
 .debug_loc     0x000000000000431f      0x16b /tmp/cceTkFC6.o
 .debug_loc     0x000000000000448a      0x314 /tmp/cceGqPB0.o
 .debug_loc     0x000000000000479e       0x58 /tmp/ccC7vxXU.o
 .debug_loc     0x00000000000047f6      0x13a /tmp/ccj3AJHP.o
 .debug_loc     0x0000000000004930       0x49 /tmp/ccxEMuUK.o
 .debug_loc     0x0000000000004979       0x9b /tmp/cck6bcmG.o

.debug_aranges  0x0000000000000000      0x1f0
 .debug_aranges
                0x0000000000000000       0x28 /tmp/ccizSerl.o
 .debug_aranges
                0x0000000000000028       0x20 /tmp/ccbAmSE0.o
 .debug_aranges
                0x0000000000000048       0x20 /tmp/ccY31WAG.o
 .debug_aranges
                0x0000000000000068       0x20 /tmp/cc1b4wtP.o
 .debug_aranges
                0x0000000000000088       0x20 /tmp/ccdu1v5C.o
 .debug_aranges
                0x00000000000000a8       0x20 /tmp/ccjKtyY3.o
 .debug_aranges
                0x00000000000000c8       0x20 /tmp/ccXzXZer.o
 .debug_aranges
                0x00000000000000e8       0x20 /tmp/ccpuNd4j.o
 .debug_aranges
                0x0000000000000108       0x20 /tmp/cceTkFC6.o
 .debug_aranges
                0x0000000000000128       0x20 /tmp/cceGqPB0.o
 .debug_aranges
                0x0000000000000148       0x20 /tmp/ccC7vxXU.o
 .debug_aranges
                0x0000000000000168       0x20 /tmp/ccj3AJHP.o
 .debug_aranges
                0x0000000000000188       0x20 /tmp/ccxEMuUK.o
 .debug_aranges
                0x00000000000001a8       0x20 /tmp/cck6bcmG.o
 .debug_aranges
                0x00000000000001c8       0x28 /tmp/ccPZ85PB.o

.debug_ranges   0x0000000000000000      0x180
 .debug_ranges  0x0000000000000000       0x18 /tmp/ccizSerl.o
 .debug_ranges  0x0000000000000018       0x28 /tmp/ccbAmSE0.o
 .debug_ranges  0x0000000000000040       0x20 /tmp/ccjKtyY3.o
 .debug_ranges  0x0000000000000060       0xd0 /tmp/ccXzXZer.o
 .debug_ranges  0x0000000000000130       0x30 /tmp/ccxEMuUK.o
 .debug_ranges  0x0000000000000160       0x20 /tmp/ccPZ85PB.o

.debug_line     0x0000000000000000     0x345b
 .debug_line    0x0000000000000000      0x499 /tmp/ccizSerl.o
 .debug_line    0x0000000000000499      0x21c /tmp/ccbAmSE0.o
 .debug_line    0x00000000000006b5      0x427 /tmp/ccY31WAG.o
 .debug_line    0x0000000000000adc      0x385 /tmp/cc1b4wtP.o
 .debug_line    0x0000000000000e61      0x3f9 /tmp/ccdu1v5C.o
 .debug_line    0x000000000000125a      0x3ce /tmp/ccjKtyY3.o
 .debug_line    0x0000000000001628      0x941 /tmp/ccXzXZer.o
 .debug_line    0x0000000000001f69      0x3f6 /tmp/ccpuNd4j.o
 .debug_line    0x000000000000235f      0x275 /tmp/cceTkFC6.o
 .debug_line    0x00000000000025d4      0x352 /tmp/cceGqPB0.o
 .debug_line    0x0000000000002926      0x287 /tmp/ccC7vxXU.o
 .debug_line    0x0000000000002bad      0x2dc /tmp/ccj3AJHP.o
 .debug_line    0x0000000000002e89      0x32f /tmp/ccxEMuUK.o
 .debug_line    0x00000000000031b8      0x1cf /tmp/cck6bcmG.o
 .debug_line    0x0000000000003387       0xd4 /tmp/ccPZ85PB.o

.debug_str      0x0000000000000000     0x31eb
 .debug_str     0x0000000000000000     0x1063 /tmp/ccizSerl.o
                                       0x1124 (size before relaxing)
 .debug_str     0x0000000000001063      0x13b /tmp/ccbAmSE0.o
                                        0x339 (size before relaxing)
 .debug_str     0x000000000000119e      0x430 /tmp/ccY31WAG.o
                                        0x775 (size before relaxing)
 .debug_str     0x00000000000015ce      0x25c /tmp/cc1b4wtP.o
                                        0x593 (size before relaxing)
 .debug_str     0x000000000000182a      0x471 /tmp/ccdu1v5C.o
                                        0x6f2 (size before relaxing)
 .debug_str     0x0000000000001c9b      0x303 /tmp/ccjKtyY3.o
                                        0x67d (size before relaxing)
 .debug_str     0x0000000000001f9e      0x96e /tmp/ccXzXZer.o
                                        0xe6e (size before relaxing)
 .debug_str     0x000000000000290c      0x42c /tmp/ccpuNd4j.o
                                        0x733 (size before relaxing)
 .debug_str     0x0000000000002d38      0x15f /tmp/cceTkFC6.o
                                        0x41b (size before relaxing)
 .debug_str     0x0000000000002e97       0x88 /tmp/cceGqPB0.o
                                        0x960 (size before relaxing)
 .debug_str     0x0000000000002f1f       0x20 /tmp/ccC7vxXU.o
                                        0x661 (size before relaxing)
 .debug_str     0x0000000000002f3f       0x3c /tmp/ccj3AJHP.o
                                        0x810 (size before relaxing)
 .debug_str     0x0000000000002f7b       0x96 /tmp/ccxEMuUK.o
                                        0xcaa (size before relaxing)
 .debug_str     0x0000000000003011      0x154 /tmp/cck6bcmG.o
                                        0x735 (size before relaxing)
 .debug_str     0x0000000000003165       0x86 /tmp/ccPZ85PB.o
                                         0xb6 (size before relaxing)

.comment        0x0000000000000000       0x7f
 .comment       0x0000000000000000       0x7f /tmp/ccizSerl.o
                                         0x80 (size before relaxing)
 .comment       0x000000000000007f       0x80 /tmp/ccbAmSE0.o
 .comment       0x000000000000007f       0x80 /tmp/ccY31WAG.o
 .comment       0x000000000000007f       0x80 /tmp/cc1b4wtP.o
 .comment       0x000000000000007f       0x80 /tmp/ccdu1v5C.o
 .comment       0x000000000000007f       0x80 /tmp/ccjKtyY3.o
 .comment       0x000000000000007f       0x80 /tmp/ccXzXZer.o
 .comment       0x000000000000007f       0x80 /tmp/ccpuNd4j.o
 .comment       0x000000000000007f       0x80 /tmp/cceTkFC6.o
 .comment       0x000000000000007f       0x80 /tmp/cceGqPB0.o
 .comment       0x000000000000007f       0x80 /tmp/ccC7vxXU.o
 .comment       0x000000000000007f       0x80 /tmp/ccj3AJHP.o
 .comment       0x000000000000007f       0x80 /tmp/ccxEMuUK.o
 .comment       0x000000000000007f       0x80 /tmp/cck6bcmG.o
