Archive member included to satisfy reference by file (symbol)

/opt/gcc-arm-none-eabi-7-2018-q2-update/bin/../lib/gcc/arm-none-eabi/7.3.1/../../../../arm-none-eabi/lib/thumb/v7-m/libc_nano.a(lib_a-exit.o)
                              /opt/gcc-arm-none-eabi-7-2018-q2-update/bin/../lib/gcc/arm-none-eabi/7.3.1/../../../../arm-none-eabi/lib/thumb/v7-m/rdimon-crt0.o (exit)
/opt/gcc-arm-none-eabi-7-2018-q2-update/bin/../lib/gcc/arm-none-eabi/7.3.1/../../../../arm-none-eabi/lib/thumb/v7-m/libc_nano.a(lib_a-impure.o)
                              /opt/gcc-arm-none-eabi-7-2018-q2-update/bin/../lib/gcc/arm-none-eabi/7.3.1/../../../../arm-none-eabi/lib/thumb/v7-m/libc_nano.a(lib_a-exit.o) (_global_impure_ptr)
/opt/gcc-arm-none-eabi-7-2018-q2-update/bin/../lib/gcc/arm-none-eabi/7.3.1/../../../../arm-none-eabi/lib/thumb/v7-m/libc_nano.a(lib_a-init.o)
                              /opt/gcc-arm-none-eabi-7-2018-q2-update/bin/../lib/gcc/arm-none-eabi/7.3.1/../../../../arm-none-eabi/lib/thumb/v7-m/rdimon-crt0.o (__libc_init_array)
/opt/gcc-arm-none-eabi-7-2018-q2-update/bin/../lib/gcc/arm-none-eabi/7.3.1/../../../../arm-none-eabi/lib/thumb/v7-m/libc_nano.a(lib_a-memset.o)
                              /opt/gcc-arm-none-eabi-7-2018-q2-update/bin/../lib/gcc/arm-none-eabi/7.3.1/../../../../arm-none-eabi/lib/thumb/v7-m/rdimon-crt0.o (memset)
/opt/gcc-arm-none-eabi-7-2018-q2-update/bin/../lib/gcc/arm-none-eabi/7.3.1/thumb/v7-m/libgcc.a(_arm_addsubdf3.o)
                              /tmp/ccz4FnJn.o (__aeabi_dsub)
/opt/gcc-arm-none-eabi-7-2018-q2-update/bin/../lib/gcc/arm-none-eabi/7.3.1/thumb/v7-m/libgcc.a(_arm_muldivdf3.o)
                              /tmp/ccz4FnJn.o (__aeabi_dmul)
/opt/gcc-arm-none-eabi-7-2018-q2-update/bin/../lib/gcc/arm-none-eabi/7.3.1/thumb/v7-m/libgcc.a(_arm_cmpdf2.o)
                              /tmp/ccz4FnJn.o (__aeabi_dcmplt)
/opt/gcc-arm-none-eabi-7-2018-q2-update/bin/../lib/gcc/arm-none-eabi/7.3.1/thumb/v7-m/libgcc.a(_arm_fixdfsi.o)
                              /tmp/ccz4FnJn.o (__aeabi_d2iz)
/opt/gcc-arm-none-eabi-7-2018-q2-update/bin/../lib/gcc/arm-none-eabi/7.3.1/thumb/v7-m/libgcc.a(_arm_fixunsdfsi.o)
                              /tmp/ccz4FnJn.o (__aeabi_d2uiz)
/opt/gcc-arm-none-eabi-7-2018-q2-update/bin/../lib/gcc/arm-none-eabi/7.3.1/../../../../arm-none-eabi/lib/thumb/v7-m/libg_nano.a(lib_a-sprintf.o)
                              /tmp/ccz4FnJn.o (sprintf)
/opt/gcc-arm-none-eabi-7-2018-q2-update/bin/../lib/gcc/arm-none-eabi/7.3.1/../../../../arm-none-eabi/lib/thumb/v7-m/libg_nano.a(lib_a-nano-svfprintf.o)
                              /opt/gcc-arm-none-eabi-7-2018-q2-update/bin/../lib/gcc/arm-none-eabi/7.3.1/../../../../arm-none-eabi/lib/thumb/v7-m/libg_nano.a(lib_a-sprintf.o) (_svfprintf_r)
/opt/gcc-arm-none-eabi-7-2018-q2-update/bin/../lib/gcc/arm-none-eabi/7.3.1/../../../../arm-none-eabi/lib/thumb/v7-m/libg_nano.a(lib_a-nano-vfprintf_i.o)
                              /opt/gcc-arm-none-eabi-7-2018-q2-update/bin/../lib/gcc/arm-none-eabi/7.3.1/../../../../arm-none-eabi/lib/thumb/v7-m/libg_nano.a(lib_a-nano-svfprintf.o) (_printf_i)
/opt/gcc-arm-none-eabi-7-2018-q2-update/bin/../lib/gcc/arm-none-eabi/7.3.1/../../../../arm-none-eabi/lib/thumb/v7-m/libg_nano.a(lib_a-memchr-stub.o)
                              /opt/gcc-arm-none-eabi-7-2018-q2-update/bin/../lib/gcc/arm-none-eabi/7.3.1/../../../../arm-none-eabi/lib/thumb/v7-m/libg_nano.a(lib_a-nano-svfprintf.o) (memchr)
/opt/gcc-arm-none-eabi-7-2018-q2-update/bin/../lib/gcc/arm-none-eabi/7.3.1/../../../../arm-none-eabi/lib/thumb/v7-m/libg_nano.a(lib_a-memcpy-stub.o)
                              /opt/gcc-arm-none-eabi-7-2018-q2-update/bin/../lib/gcc/arm-none-eabi/7.3.1/../../../../arm-none-eabi/lib/thumb/v7-m/libg_nano.a(lib_a-nano-svfprintf.o) (memcpy)
/opt/gcc-arm-none-eabi-7-2018-q2-update/bin/../lib/gcc/arm-none-eabi/7.3.1/../../../../arm-none-eabi/lib/thumb/v7-m/libg_nano.a(lib_a-memmove.o)
                              /opt/gcc-arm-none-eabi-7-2018-q2-update/bin/../lib/gcc/arm-none-eabi/7.3.1/../../../../arm-none-eabi/lib/thumb/v7-m/libg_nano.a(lib_a-nano-svfprintf.o) (memmove)
/opt/gcc-arm-none-eabi-7-2018-q2-update/bin/../lib/gcc/arm-none-eabi/7.3.1/../../../../arm-none-eabi/lib/thumb/v7-m/libg_nano.a(lib_a-nano-freer.o)
                              /opt/gcc-arm-none-eabi-7-2018-q2-update/bin/../lib/gcc/arm-none-eabi/7.3.1/../../../../arm-none-eabi/lib/thumb/v7-m/libg_nano.a(lib_a-nano-svfprintf.o) (_free_r)
/opt/gcc-arm-none-eabi-7-2018-q2-update/bin/../lib/gcc/arm-none-eabi/7.3.1/../../../../arm-none-eabi/lib/thumb/v7-m/libg_nano.a(lib_a-nano-mallocr.o)
                              /opt/gcc-arm-none-eabi-7-2018-q2-update/bin/../lib/gcc/arm-none-eabi/7.3.1/../../../../arm-none-eabi/lib/thumb/v7-m/libg_nano.a(lib_a-nano-svfprintf.o) (_malloc_r)
/opt/gcc-arm-none-eabi-7-2018-q2-update/bin/../lib/gcc/arm-none-eabi/7.3.1/../../../../arm-none-eabi/lib/thumb/v7-m/libg_nano.a(lib_a-nano-reallocr.o)
[...]
Memory Configuration

Name             Origin             Length             Attributes
FLASH            0x0000000008000000 0x0000000000020000 xr
RAM              0x0000000020000000 0x0000000000005000 xrw
MEMORY_B1        0x0000000060000000 0x0000000000000000 xr
*default*        0x0000000000000000 0xffffffffffffffff

Linker script and memory map

LOAD /opt/gcc-arm-none-eabi-7-2018-q2-update/bin/../lib/gcc/arm-none-eabi/7.3.1/thumb/v7-m/crti.o
LOAD /opt/gcc-arm-none-eabi-7-2018-q2-update/bin/../lib/gcc/arm-none-eabi/7.3.1/thumb/v7-m/crtbegin.o
LOAD /opt/gcc-arm-none-eabi-7-2018-q2-update/bin/../lib/gcc/arm-none-eabi/7.3.1/../../../../arm-none-eabi/lib/thumb/v7-m/rdimon-crt0.o
LOAD /opt/gcc-arm-none-eabi-7-2018-q2-update/bin/../lib/gcc/arm-none-eabi/7.3.1/thumb/v7-m/libgcc.a
LOAD /opt/gcc-arm-none-eabi-7-2018-q2-update/bin/../lib/gcc/arm-none-eabi/7.3.1/../../../../arm-none-eabi/lib/thumb/v7-m/libc_nano.a
LOAD /opt/gcc-arm-none-eabi-7-2018-q2-update/bin/../lib/gcc/arm-none-eabi/7.3.1/../../../../arm-none-eabi/lib/thumb/v7-m/libm.a
LOAD /tmp/ccz4FnJn.o
LOAD /tmp/cctqnFjf.o
LOAD /tmp/ccDBqbH7.o
LOAD /tmp/cchwEFq0.o
LOAD /tmp/ccWXonrU.o
LOAD /tmp/ccd9Ch2O.o
LOAD /tmp/ccd62S3J.o
LOAD /tmp/ccTNfDJF.o
LOAD /tmp/cc79M0NB.o
LOAD /tmp/ccMyJEsy.o
LOAD /tmp/ccxGWMrv.o
LOAD /tmp/ccwjD7ct.o
LOAD /tmp/ccjS1cHr.o
LOAD /tmp/ccpNYNJq.o
LOAD /tmp/ccRYhXtq.o
LOAD /tmp/cc1sXzuq.o
LOAD /tmp/cckaeyNq.o
LOAD /tmp/ccHH5vHr.o
LOAD /tmp/ccjCh5Ys.o
LOAD /tmp/ccU39tKu.o
LOAD /tmp/cc3sza7w.o
LOAD /tmp/ccHxMJeB.o
LOAD /tmp/ccqPgQ6F.o
LOAD /tmp/ccOeD9gL.o
LOAD /tmp/ccURR3IQ.o
LOAD /tmp/ccjnD3IW.o
LOAD /tmp/cc2BGZ42.o
LOAD /tmp/ccrDuFO9.o
LOAD /tmp/ccfzer0g.o
LOAD /tmp/cct0DLqo.o
LOAD /tmp/ccZgihTv.o
START GROUP
LOAD /opt/gcc-arm-none-eabi-7-2018-q2-update/bin/../lib/gcc/arm-none-eabi/7.3.1/thumb/v7-m/libgcc.a
LOAD /opt/gcc-arm-none-eabi-7-2018-q2-update/bin/../lib/gcc/arm-none-eabi/7.3.1/../../../../arm-none-eabi/lib/thumb/v7-m/libg_nano.a
LOAD /opt/gcc-arm-none-eabi-7-2018-q2-update/bin/../lib/gcc/arm-none-eabi/7.3.1/../../../../arm-none-eabi/lib/thumb/v7-m/libc_nano.a
END GROUP
START GROUP
LOAD /opt/gcc-arm-none-eabi-7-2018-q2-update/bin/../lib/gcc/arm-none-eabi/7.3.1/thumb/v7-m/libgcc.a
LOAD /opt/gcc-arm-none-eabi-7-2018-q2-update/bin/../lib/gcc/arm-none-eabi/7.3.1/../../../../arm-none-eabi/lib/thumb/v7-m/libc_nano.a
LOAD /opt/gcc-arm-none-eabi-7-2018-q2-update/bin/../lib/gcc/arm-none-eabi/7.3.1/../../../../arm-none-eabi/lib/thumb/v7-m/librdimon_nano.a
END GROUP
START GROUP
LOAD /opt/gcc-arm-none-eabi-7-2018-q2-update/bin/../lib/gcc/arm-none-eabi/7.3.1/thumb/v7-m/libgcc.a
LOAD /opt/gcc-arm-none-eabi-7-2018-q2-update/bin/../lib/gcc/arm-none-eabi/7.3.1/../../../../arm-none-eabi/lib/thumb/v7-m/libc_nano.a
LOAD /opt/gcc-arm-none-eabi-7-2018-q2-update/bin/../lib/gcc/arm-none-eabi/7.3.1/../../../../arm-none-eabi/lib/thumb/v7-m/librdimon_nano.a
END GROUP
LOAD /opt/gcc-arm-none-eabi-7-2018-q2-update/bin/../lib/gcc/arm-none-eabi/7.3.1/thumb/v7-m/crtend.o
LOAD /opt/gcc-arm-none-eabi-7-2018-q2-update/bin/../lib/gcc/arm-none-eabi/7.3.1/thumb/v7-m/crtn.o
                0x0000000020005000                _estack = 0x20005000
                0x0000000000000000                _Min_Heap_Size = 0x0
                0x0000000000000100                _Min_Stack_Size = 0x100

.isr_vector     0x0000000008000000      0x10c
                0x0000000008000000                . = ALIGN (0x4)
 *(.isr_vector)
 .isr_vector    0x0000000008000000      0x10c /tmp/ccZgihTv.o
                0x0000000008000000                g_pfnVectors
                0x000000000800010c                . = ALIGN (0x4)

.eh_frame       0x000000000800010c        0x0
 .eh_frame      0x000000000800010c        0x0 /opt/gcc-arm-none-eabi-7-2018-q2-update/bin/../lib/gcc/arm-none-eabi/7.3.1/thumb/v7-m/crtbegin.o

.text           0x0000000008000110     0x429c
                0x0000000008000110                . = ALIGN (0x4)
 *(.text)
 .text          0x0000000008000110       0x40 /opt/gcc-arm-none-eabi-7-2018-q2-update/bin/../lib/gcc/arm-none-eabi/7.3.1/thumb/v7-m/crtbegin.o
 .text          0x0000000008000150      0x294 /tmp/ccz4FnJn.o
                0x0000000008000150                adc_init
                0x00000000080001dc                tim_init
                0x0000000008000234                getTemp
                0x0000000008000338                TIM4_IRQHandler
 .text          0x00000000080003e4      0x15c /tmp/cctqnFjf.o
                0x00000000080003e4                SystemInit
                0x00000000080004e8                SystemCoreClockUpdate
 .text          0x0000000008000540      0x398 /tmp/ccDBqbH7.o
                0x0000000008000540                ADC_DeInit
                0x00000000080005ac                ADC_Init
                0x00000000080005f4                ADC_StructInit
                0x0000000008000608                ADC_Cmd
                0x000000000800061c                ADC_DMACmd
                0x0000000008000630                ADC_ITConfig
                0x0000000008000644                ADC_ResetCalibration
                0x0000000008000650                ADC_GetResetCalibrationStatus
                0x0000000008000658                ADC_StartCalibration
                0x0000000008000664                ADC_GetCalibrationStatus
                0x000000000800066c                ADC_SoftwareStartConvCmd
                0x0000000008000680                ADC_GetSoftwareStartConvStatus
                0x0000000008000688                ADC_DiscModeChannelCountConfig
                0x0000000008000698                ADC_DiscModeCmd
                0x00000000080006ac                ADC_RegularChannelConfig
                0x000000000800073c                ADC_ExternalTrigConvCmd
                0x0000000008000750                ADC_GetConversionValue
                0x0000000008000758                ADC_GetDualModeConversionValue
                0x0000000008000764                ADC_AutoInjectedConvCmd
                0x0000000008000778                ADC_InjectedDiscModeCmd
                0x000000000800078c                ADC_ExternalTrigInjectedConvConfig
                0x0000000008000798                ADC_ExternalTrigInjectedConvCmd
                0x00000000080007ac                ADC_SoftwareStartInjectedConvCmd
                0x00000000080007c0                ADC_GetSoftwareStartInjectedConvCmdStatus
                0x00000000080007c8                ADC_InjectedChannelConfig
                0x0000000008000820                ADC_InjectedSequencerLengthConfig
                0x0000000008000830                ADC_SetInjectedOffset
                0x0000000008000848                ADC_GetInjectedConversionValue
                0x0000000008000864                ADC_AnalogWatchdogCmd
                0x0000000008000874                ADC_AnalogWatchdogThresholdsConfig
                0x000000000800087c                ADC_AnalogWatchdogSingleChannelConfig
                0x0000000008000888                ADC_TempSensorVrefintCmd
                0x00000000080008a4                ADC_GetFlagStatus
                0x00000000080008b0                ADC_ClearFlag
                0x00000000080008b8                ADC_GetITStatus
                0x00000000080008d0                ADC_ClearITPendingBit
 .text          0x00000000080008d8      0x2e0 /tmp/ccpNYNJq.o
                0x00000000080008d8                GPIO_DeInit
                0x00000000080009b4                GPIO_AFIODeInit
                0x00000000080009cc                GPIO_Init
                0x0000000008000a88                GPIO_StructInit
                0x0000000008000a98                GPIO_ReadInputDataBit
                0x0000000008000aa4                GPIO_ReadInputData
                0x0000000008000aac                GPIO_ReadOutputDataBit
                0x0000000008000ab8                GPIO_ReadOutputData
                0x0000000008000ac0                GPIO_SetBits
                0x0000000008000ac4                GPIO_ResetBits
                0x0000000008000ac8                GPIO_WriteBit
                0x0000000008000ad4                GPIO_Write
                0x0000000008000ad8                GPIO_PinLockConfig
                0x0000000008000ae8                GPIO_EventOutputConfig
                0x0000000008000b04                GPIO_EventOutputCmd
                0x0000000008000b10                GPIO_PinRemapConfig
                0x0000000008000b7c                GPIO_EXTILineConfig
                0x0000000008000bac                GPIO_ETH_MediaInterfaceConfig
 .text          0x0000000008000bb8      0x3a4 /tmp/ccRYhXtq.o
                0x0000000008000bb8                I2C_DeInit
                0x0000000008000bf4                I2C_Init
                0x0000000008000cc4                I2C_StructInit
                0x0000000008000ce4                I2C_Cmd
                0x0000000008000cfc                I2C_DMACmd
                0x0000000008000d14                I2C_DMALastTransferCmd
                0x0000000008000d2c                I2C_GenerateSTART
                0x0000000008000d44                I2C_GenerateSTOP
                0x0000000008000d5c                I2C_AcknowledgeConfig
                0x0000000008000d74                I2C_OwnAddress2Config
                0x0000000008000d88                I2C_DualAddressCmd
                0x0000000008000da0                I2C_GeneralCallCmd
                0x0000000008000db8                I2C_ITConfig
                0x0000000008000dcc                I2C_SendData
                0x0000000008000dd0                I2C_ReceiveData
                0x0000000008000dd8                I2C_Send7bitAddress
                0x0000000008000df0                I2C_ReadRegister
                0x0000000008000e08                I2C_SoftwareResetCmd
                0x0000000008000e1c                I2C_NACKPositionConfig
                0x0000000008000e34                I2C_SMBusAlertConfig
                0x0000000008000e4c                I2C_TransmitPEC
                0x0000000008000e64                I2C_PECPositionConfig
                0x0000000008000e68                I2C_CalculatePEC
                0x0000000008000e80                I2C_GetPEC
                0x0000000008000e88                I2C_ARPCmd
                0x0000000008000ea0                I2C_StretchClockCmd
                0x0000000008000eb8                I2C_FastModeDutyCycleConfig
                0x0000000008000ed0                I2C_CheckEvent
                0x0000000008000ee8                I2C_GetLastEvent
                0x0000000008000ef8                I2C_GetFlagStatus
                0x0000000008000f30                I2C_ClearFlag
                0x0000000008000f38                I2C_GetITStatus
                0x0000000008000f54                I2C_ClearITPendingBit
 .text          0x0000000008000f5c      0x354 /tmp/ccHH5vHr.o
                0x0000000008000f5c                RCC_DeInit
                0x0000000008000f9c                RCC_HSEConfig
                0x0000000008000fd4                RCC_WaitForHSEStartUp
                0x0000000008001004                RCC_AdjustHSICalibrationValue
                0x0000000008001018                RCC_HSICmd
                0x0000000008001024                RCC_PLLConfig
                0x0000000008001038                RCC_PLLCmd
                0x0000000008001044                RCC_SYSCLKConfig
                0x0000000008001058                RCC_GetSYSCLKSource
                0x0000000008001068                RCC_HCLKConfig
                0x000000000800107c                RCC_PCLK1Config
                0x0000000008001090                RCC_PCLK2Config
                0x00000000080010a4                RCC_ITConfig
                0x00000000080010bc                RCC_USBCLKConfig
                0x00000000080010c8                RCC_ADCCLKConfig
                0x00000000080010dc                RCC_LSEConfig
                0x00000000080010fc                RCC_LSICmd
                0x0000000008001108                RCC_RTCCLKConfig
                0x0000000008001118                RCC_RTCCLKCmd
                0x0000000008001124                RCC_GetClocksFreq
                0x00000000080011b0                RCC_AHBPeriphClockCmd
                0x00000000080011c8                RCC_APB2PeriphClockCmd
                0x00000000080011e0                RCC_APB1PeriphClockCmd
                0x00000000080011f8                RCC_APB2PeriphResetCmd
                0x0000000008001210                RCC_APB1PeriphResetCmd
                0x0000000008001228                RCC_BackupResetCmd
                0x0000000008001234                RCC_ClockSecuritySystemCmd
                0x0000000008001240                RCC_MCOConfig
                0x000000000800124c                RCC_GetFlagStatus
                0x0000000008001280                RCC_ClearFlag
                0x0000000008001290                RCC_GetITStatus
                0x00000000080012a4                RCC_ClearITPendingBit
 .text          0x00000000080012b0      0xdb0 /tmp/ccHxMJeB.o
                0x00000000080013a8                TIM_DeInit
                0x00000000080015d8                TIM_TimeBaseInit
                0x0000000008001684                TIM_OC1Init
                0x000000000800170c                TIM_OC2Init
                0x0000000008001790                TIM_OC3Init
                0x0000000008001814                TIM_OC4Init
                0x0000000008001880                TIM_ICInit
                0x00000000080019e8                TIM_PWMIConfig
                0x0000000008001a84                TIM_BDTRConfig
                0x0000000008001aa8                TIM_TimeBaseStructInit
                0x0000000008001abc                TIM_OCStructInit
                0x0000000008001ad0                TIM_ICStructInit
                0x0000000008001ae0                TIM_BDTRStructInit
                0x0000000008001af4                TIM_Cmd
                0x0000000008001b0c                TIM_CtrlPWMOutputs
                0x0000000008001b28                TIM_ITConfig
                0x0000000008001b3c                TIM_GenerateEvent
                0x0000000008001b40                TIM_DMAConfig
                0x0000000008001b48                TIM_DMACmd
                0x0000000008001b4c                TIM_InternalClockConfig
                0x0000000008001b5c                TIM_ITRxExternalClockConfig
                0x0000000008001b74                TIM_TIxExternalClockConfig
                0x0000000008001ba8                TIM_ETRClockMode1Config
                0x0000000008001bd0                TIM_ETRClockMode2Config
                0x0000000008001bf0                TIM_ETRConfig
                0x0000000008001c08                TIM_PrescalerConfig
                0x0000000008001c10                TIM_CounterModeConfig
                0x0000000008001c20                TIM_SelectInputTrigger
                0x0000000008001c30                TIM_EncoderInterfaceConfig
                0x0000000008001c6c                TIM_ForcedOC1Config
                0x0000000008001c7c                TIM_ForcedOC2Config
                0x0000000008001c90                TIM_ForcedOC3Config
                0x0000000008001ca0                TIM_ForcedOC4Config
                0x0000000008001cb4                TIM_ARRPreloadConfig
                0x0000000008001ccc                TIM_SelectCOM
                0x0000000008001ce4                TIM_SelectCCDMA
                0x0000000008001cfc                TIM_CCPreloadControl
                0x0000000008001d14                TIM_OC1PreloadConfig
                0x0000000008001d24                TIM_OC2PreloadConfig
                0x0000000008001d38                TIM_OC3PreloadConfig
                0x0000000008001d48                TIM_OC4PreloadConfig
                0x0000000008001d5c                TIM_OC1FastConfig
                0x0000000008001d6c                TIM_OC2FastConfig
                0x0000000008001d80                TIM_OC3FastConfig
                0x0000000008001d90                TIM_OC4FastConfig
                0x0000000008001da4                TIM_ClearOC1Ref
                0x0000000008001db4                TIM_ClearOC2Ref
                0x0000000008001dc4                TIM_ClearOC3Ref
                0x0000000008001dd4                TIM_ClearOC4Ref
                0x0000000008001de4                TIM_OC1PolarityConfig
                0x0000000008001df4                TIM_OC1NPolarityConfig
                0x0000000008001e04                TIM_OC2PolarityConfig
                0x0000000008001e18                TIM_OC2NPolarityConfig
                0x0000000008001e2c                TIM_OC3PolarityConfig
                0x0000000008001e40                TIM_OC3NPolarityConfig
                0x0000000008001e54                TIM_OC4PolarityConfig
                0x0000000008001e68                TIM_CCxCmd
                0x0000000008001e88                TIM_CCxNCmd
                0x0000000008001ea8                TIM_SelectOCxM
                0x0000000008001ef0                TIM_UpdateDisableConfig
                0x0000000008001f08                TIM_UpdateRequestConfig
                0x0000000008001f20                TIM_SelectHallSensor
                0x0000000008001f38                TIM_SelectOnePulseMode
                0x0000000008001f4c                TIM_SelectOutputTrigger
                0x0000000008001f60                TIM_SelectSlaveMode
                0x0000000008001f74                TIM_SelectMasterSlaveMode
                0x0000000008001f88                TIM_SetCounter
                0x0000000008001f8c                TIM_SetAutoreload
                0x0000000008001f90                TIM_SetCompare1
                0x0000000008001f94                TIM_SetCompare2
                0x0000000008001f98                TIM_SetCompare3
                0x0000000008001f9c                TIM_SetCompare4
                0x0000000008001fa4                TIM_SetIC1Prescaler
                0x0000000008001fb8                TIM_SetIC2Prescaler
                0x0000000008001fd0                TIM_SetIC3Prescaler
                0x0000000008001fe4                TIM_SetIC4Prescaler
                0x0000000008001ffc                TIM_SetClockDivision
                0x0000000008002010                TIM_GetCapture1
                0x0000000008002014                TIM_GetCapture2
                0x0000000008002018                TIM_GetCapture3
                0x000000000800201c                TIM_GetCapture4
                0x0000000008002024                TIM_GetCounter
                0x0000000008002028                TIM_GetPrescaler
                0x000000000800202c                TIM_GetFlagStatus
                0x0000000008002038                TIM_ClearFlag
                0x0000000008002040                TIM_GetITStatus
                0x0000000008002058                TIM_ClearITPendingBit
 .text          0x0000000008002060      0x3b8 /tmp/ccqPgQ6F.o
                0x0000000008002060                USART_DeInit
                0x0000000008002110                USART_Init
                0x00000000080021c4                USART_StructInit
                0x00000000080021d8                USART_ClockInit
                0x00000000080021f8                USART_ClockStructInit
                0x0000000008002204                USART_Cmd
                0x000000000800221c                USART_ITConfig
                0x0000000008002254                USART_DMACmd
                0x0000000008002268                USART_SetAddress
                0x000000000800227c                USART_WakeUpConfig
                0x0000000008002290                USART_ReceiverWakeUpCmd
                0x00000000080022a8                USART_LINBreakDetectLengthConfig
                0x00000000080022bc                USART_LINCmd
                0x00000000080022d4                USART_SendData
                0x00000000080022dc                USART_ReceiveData
                0x00000000080022e4                USART_SendBreak
                0x00000000080022f0                USART_SetGuardTime
                0x0000000008002300                USART_SetPrescaler
                0x0000000008002310                USART_SmartCardCmd
                0x0000000008002328                USART_SmartCardNACKCmd
                0x0000000008002340                USART_HalfDuplexCmd
                0x0000000008002358                USART_OverSampling8Cmd
                0x000000000800236c                USART_OneBitMethodCmd
                0x0000000008002384                USART_IrDAConfig
                0x0000000008002398                USART_IrDACmd
                0x00000000080023b0                USART_GetFlagStatus
                0x00000000080023bc                USART_ClearFlag
                0x00000000080023c4                USART_GetITStatus
                0x0000000008002408                USART_ClearITPendingBit
 .text          0x0000000008002418       0xb0 /tmp/ccURR3IQ.o
                0x0000000008002418                NVIC_PriorityGroupConfig
                0x000000000800242c                NVIC_Init
                0x0000000008002484                NVIC_SetVectorTable
                0x0000000008002498                NVIC_SystemLPConfig
                0x00000000080024b0                SysTick_CLKSourceConfig
 .text          0x00000000080024c8      0x2a8 /tmp/ccjnD3IW.o
                0x00000000080024c8                I2C1_init
                0x0000000008002548                I2C_SendByteByADDR
                0x00000000080025bc                sendhalfbyte
                0x0000000008002604                sendbyte
                0x0000000008002640                sendcharlcd
                0x0000000008002648                setpos
                0x000000000800268c                lcd_init
                0x0000000008002718                clearlcd
                0x0000000008002730                str_lcd
                0x0000000008002748                createChar
 .text          0x0000000008002770       0x80 /tmp/cc2BGZ42.o
                0x0000000008002770                _delay_ms
                0x00000000080027a4                _delay_us
                0x00000000080027d8                get_cpuFreq
 .text          0x00000000080027f0       0xbc /tmp/ccrDuFO9.o
                0x00000000080027f0                put32b
                0x0000000008002858                make32b
                0x0000000008002874                buzzerInit
 .text          0x00000000080028ac      0x1ac /tmp/ccfzer0g.o
                0x00000000080028cc                USART_init
                0x000000000800296c                USART1_IRQHandler
                0x00000000080029f8                packetHandler
                0x0000000008002a08                processPacket
                0x0000000008002a30                USART_SendString
 .text          0x0000000008002a58       0x3c /tmp/cct0DLqo.o
                0x0000000008002a58                _sbrk
                0x0000000008002a74                link
                0x0000000008002a7c                _fstat
                0x0000000008002a88                _read
                0x0000000008002a8c                _write
                0x0000000008002a90                abort
 .text          0x0000000008002a94      0x378 /opt/gcc-arm-none-eabi-7-2018-q2-update/bin/../lib/gcc/arm-none-eabi/7.3.1/thumb/v7-m/libgcc.a(_arm_addsubdf3.o)
                0x0000000008002a94                __aeabi_drsub
                0x0000000008002a9c                __aeabi_dsub
                0x0000000008002a9c                __subdf3
                0x0000000008002aa0                __adddf3
                0x0000000008002aa0                __aeabi_dadd
                0x0000000008002d18                __aeabi_ui2d
                0x0000000008002d18                __floatunsidf
                0x0000000008002d38                __floatsidf
                0x0000000008002d38                __aeabi_i2d
                0x0000000008002d5c                __extendsfdf2
                0x0000000008002d5c                __aeabi_f2d
                0x0000000008002da0                __aeabi_ul2d
                0x0000000008002da0                __floatundidf
                0x0000000008002db0                __floatdidf
                0x0000000008002db0                __aeabi_l2d
 .text          0x0000000008002e0c      0x424 /opt/gcc-arm-none-eabi-7-2018-q2-update/bin/../lib/gcc/arm-none-eabi/7.3.1/thumb/v7-m/libgcc.a(_arm_muldivdf3.o)
                0x0000000008002e0c                __aeabi_dmul
                0x0000000008002e0c                __muldf3
                0x0000000008003060                __aeabi_ddiv
                0x0000000008003060                __divdf3
 .text          0x0000000008003230      0x110 /opt/gcc-arm-none-eabi-7-2018-q2-update/bin/../lib/gcc/arm-none-eabi/7.3.1/thumb/v7-m/libgcc.a(_arm_cmpdf2.o)
                0x0000000008003230                __gtdf2
                0x0000000008003230                __gedf2
                0x0000000008003238                __ltdf2
                0x0000000008003238                __ledf2
                0x0000000008003240                __cmpdf2
                0x0000000008003240                __eqdf2
                0x0000000008003240                __nedf2
                0x00000000080032bc                __aeabi_cdrcmple
                0x00000000080032cc                __aeabi_cdcmple
                0x00000000080032cc                __aeabi_cdcmpeq
                0x00000000080032dc                __aeabi_dcmpeq
                0x00000000080032f0                __aeabi_dcmplt
                0x0000000008003304                __aeabi_dcmple
                0x0000000008003318                __aeabi_dcmpge
                0x000000000800332c                __aeabi_dcmpgt
 .text          0x0000000008003340       0x50 /opt/gcc-arm-none-eabi-7-2018-q2-update/bin/../lib/gcc/arm-none-eabi/7.3.1/thumb/v7-m/libgcc.a(_arm_fixdfsi.o)
                0x0000000008003340                __fixdfsi
                0x0000000008003340                __aeabi_d2iz
 .text          0x0000000008003390       0x40 /opt/gcc-arm-none-eabi-7-2018-q2-update/bin/../lib/gcc/arm-none-eabi/7.3.1/thumb/v7-m/libgcc.a(_arm_fixunsdfsi.o)
                0x0000000008003390                __fixunsdfsi
                0x0000000008003390                __aeabi_d2uiz
 .text          0x00000000080033d0       0x2c /opt/gcc-arm-none-eabi-7-2018-q2-update/bin/../lib/gcc/arm-none-eabi/7.3.1/thumb/v7-m/libgcc.a(_arm_unorddf2.o)
                0x00000000080033d0                __aeabi_dcmpun
                0x00000000080033d0                __unorddf2
 *(.text*)
 .text.__libc_init_array
                0x00000000080033fc       0x48 /opt/gcc-arm-none-eabi-7-2018-q2-update/bin/../lib/gcc/arm-none-eabi/7.3.1/../../../../arm-none-eabi/lib/thumb/v7-m/libc_nano.a(lib_a-init.o)
                0x00000000080033fc                __libc_init_array
 *fill*         0x0000000008003444        0x4 
 .text.startup  0x0000000008003448      0x188 /tmp/ccz4FnJn.o
                0x0000000008003448                main
 .text.Reset_Handler
                0x00000000080035d0       0x48 /tmp/ccZgihTv.o
                0x00000000080035d0                Reset_Handler
 .text.Default_Handler
                0x0000000008003618        0x2 /tmp/ccZgihTv.o
                0x0000000008003618                EXTI2_IRQHandler
                0x0000000008003618                DebugMon_Handler
                0x0000000008003618                TIM1_CC_IRQHandler
                0x0000000008003618                HardFault_Handler
                0x0000000008003618                SysTick_Handler
                0x0000000008003618                PVD_IRQHandler
                0x0000000008003618                PendSV_Handler
                0x0000000008003618                NMI_Handler
                0x0000000008003618                EXTI3_IRQHandler
                0x0000000008003618                EXTI0_IRQHandler
                0x0000000008003618                I2C2_EV_IRQHandler
                0x0000000008003618                UsageFault_Handler
                0x0000000008003618                ADC1_2_IRQHandler
                0x0000000008003618                SPI1_IRQHandler
                0x0000000008003618                TAMPER_IRQHandler
                0x0000000008003618                DMA1_Channel4_IRQHandler
                0x0000000008003618                USART3_IRQHandler
                0x0000000008003618                RTC_IRQHandler
                0x0000000008003618                DMA1_Channel7_IRQHandler
                0x0000000008003618                CAN1_RX1_IRQHandler
                0x0000000008003618                I2C1_EV_IRQHandler
                0x0000000008003618                DMA1_Channel6_IRQHandler
                0x0000000008003618                TIM3_IRQHandler
                0x0000000008003618                RCC_IRQHandler
                0x0000000008003618                TIM1_TRG_COM_IRQHandler
                0x0000000008003618                DMA1_Channel1_IRQHandler
                0x0000000008003618                Default_Handler
                0x0000000008003618                EXTI15_10_IRQHandler
                0x0000000008003618                EXTI9_5_IRQHandler
                0x0000000008003618                SPI2_IRQHandler
                0x0000000008003618                MemManage_Handler
                0x0000000008003618                SVC_Handler
                0x0000000008003618                DMA1_Channel5_IRQHandler
                0x0000000008003618                EXTI4_IRQHandler
                0x0000000008003618                USB_LP_CAN1_RX0_IRQHandler
                0x0000000008003618                USB_HP_CAN1_TX_IRQHandler
                0x0000000008003618                DMA1_Channel3_IRQHandler
                0x0000000008003618                TIM1_UP_IRQHandler
                0x0000000008003618                WWDG_IRQHandler
                0x0000000008003618                TIM2_IRQHandler
                0x0000000008003618                TIM1_BRK_IRQHandler
                0x0000000008003618                EXTI1_IRQHandler
                0x0000000008003618                RTCAlarm_IRQHandler
                0x0000000008003618                USART2_IRQHandler
                0x0000000008003618                I2C2_ER_IRQHandler
                0x0000000008003618                DMA1_Channel2_IRQHandler
                0x0000000008003618                CAN1_SCE_IRQHandler
                0x0000000008003618                FLASH_IRQHandler
                0x0000000008003618                BusFault_Handler
                0x0000000008003618                I2C1_ER_IRQHandler
                0x0000000008003618                USBWakeUp_IRQHandler
 *fill*         0x000000000800361a        0x2 
 .text.sprintf  0x000000000800361c       0x40 /opt/gcc-arm-none-eabi-7-2018-q2-update/bin/../lib/gcc/arm-none-eabi/7.3.1/../../../../arm-none-eabi/lib/thumb/v7-m/libg_nano.a(lib_a-sprintf.o)
                0x000000000800361c                sprintf
                0x000000000800361c                siprintf
 .text.__ssputs_r
                0x000000000800365c       0xb4 /opt/gcc-arm-none-eabi-7-2018-q2-update/bin/../lib/gcc/arm-none-eabi/7.3.1/../../../../arm-none-eabi/lib/thumb/v7-m/libg_nano.a(lib_a-nano-svfprintf.o)
                0x000000000800365c                __ssputs_r
 .text._svfprintf_r
                0x0000000008003710      0x1f0 /opt/gcc-arm-none-eabi-7-2018-q2-update/bin/../lib/gcc/arm-none-eabi/7.3.1/../../../../arm-none-eabi/lib/thumb/v7-m/libg_nano.a(lib_a-nano-svfprintf.o)
                0x0000000008003710                _svfprintf_r
                0x0000000008003710                _svfiprintf_r
 .text._printf_common
                0x0000000008003900       0xec /opt/gcc-arm-none-eabi-7-2018-q2-update/bin/../lib/gcc/arm-none-eabi/7.3.1/../../../../arm-none-eabi/lib/thumb/v7-m/libg_nano.a(lib_a-nano-vfprintf_i.o)
                0x0000000008003900                _printf_common
 .text._printf_i
                0x00000000080039ec      0x224 /opt/gcc-arm-none-eabi-7-2018-q2-update/bin/../lib/gcc/arm-none-eabi/7.3.1/../../../../arm-none-eabi/lib/thumb/v7-m/libg_nano.a(lib_a-nano-vfprintf_i.o)
                0x00000000080039ec                _printf_i
 .text.memchr   0x0000000008003c10       0x1c /opt/gcc-arm-none-eabi-7-2018-q2-update/bin/../lib/gcc/arm-none-eabi/7.3.1/../../../../arm-none-eabi/lib/thumb/v7-m/libg_nano.a(lib_a-memchr-stub.o)
                0x0000000008003c10                memchr
 .text.memcpy   0x0000000008003c2c       0x16 /opt/gcc-arm-none-eabi-7-2018-q2-update/bin/../lib/gcc/arm-none-eabi/7.3.1/../../../../arm-none-eabi/lib/thumb/v7-m/libg_nano.a(lib_a-memcpy-stub.o)
                0x0000000008003c2c                memcpy
 .text.memmove  0x0000000008003c42       0x32 /opt/gcc-arm-none-eabi-7-2018-q2-update/bin/../lib/gcc/arm-none-eabi/7.3.1/../../../../arm-none-eabi/lib/thumb/v7-m/libg_nano.a(lib_a-memmove.o)
                0x0000000008003c42                memmove
 .text._free_r  0x0000000008003c74       0x98 /opt/gcc-arm-none-eabi-7-2018-q2-update/bin/../lib/gcc/arm-none-eabi/7.3.1/../../../../arm-none-eabi/lib/thumb/v7-m/libg_nano.a(lib_a-nano-freer.o)
                0x0000000008003c74                _free_r
 .text._malloc_r
                0x0000000008003d0c       0xb4 /opt/gcc-arm-none-eabi-7-2018-q2-update/bin/../lib/gcc/arm-none-eabi/7.3.1/../../../../arm-none-eabi/lib/thumb/v7-m/libg_nano.a(lib_a-nano-mallocr.o)
                0x0000000008003d0c                _malloc_r
 .text._realloc_r
                0x0000000008003dc0       0x4c /opt/gcc-arm-none-eabi-7-2018-q2-update/bin/../lib/gcc/arm-none-eabi/7.3.1/../../../../arm-none-eabi/lib/thumb/v7-m/libg_nano.a(lib_a-nano-reallocr.o)
                0x0000000008003dc0                _realloc_r
 .text._sbrk_r  0x0000000008003e0c       0x20 /opt/gcc-arm-none-eabi-7-2018-q2-update/bin/../lib/gcc/arm-none-eabi/7.3.1/../../../../arm-none-eabi/lib/thumb/v7-m/libg_nano.a(lib_a-sbrkr.o)
                0x0000000008003e0c                _sbrk_r
 .text.__malloc_lock
                0x0000000008003e2c        0x2 /opt/gcc-arm-none-eabi-7-2018-q2-update/bin/../lib/gcc/arm-none-eabi/7.3.1/../../../../arm-none-eabi/lib/thumb/v7-m/libg_nano.a(lib_a-mlock.o)
                0x0000000008003e2c                __malloc_lock
 .text.__malloc_unlock
                0x0000000008003e2e        0x2 /opt/gcc-arm-none-eabi-7-2018-q2-update/bin/../lib/gcc/arm-none-eabi/7.3.1/../../../../arm-none-eabi/lib/thumb/v7-m/libg_nano.a(lib_a-mlock.o)
                0x0000000008003e2e                __malloc_unlock
 .text._malloc_usable_size_r
                0x0000000008003e30       0x10 /opt/gcc-arm-none-eabi-7-2018-q2-update/bin/../lib/gcc/arm-none-eabi/7.3.1/../../../../arm-none-eabi/lib/thumb/v7-m/libg_nano.a(lib_a-nano-msizer.o)
                0x0000000008003e30                _malloc_usable_size_r
 .text.__errno  0x0000000008003e40        0xc /opt/gcc-arm-none-eabi-7-2018-q2-update/bin/../lib/gcc/arm-none-eabi/7.3.1/../../../../arm-none-eabi/lib/thumb/v7-m/libc_nano.a(lib_a-errno.o)
                0x0000000008003e40                __errno
 .text.log      0x0000000008003e4c       0xfc /opt/gcc-arm-none-eabi-7-2018-q2-update/bin/../lib/gcc/arm-none-eabi/7.3.1/../../../../arm-none-eabi/lib/thumb/v7-m/libm.a(lib_a-w_log.o)
                0x0000000008003e4c                log
 .text.__ieee754_log
                0x0000000008003f48      0x394 /opt/gcc-arm-none-eabi-7-2018-q2-update/bin/../lib/gcc/arm-none-eabi/7.3.1/../../../../arm-none-eabi/lib/thumb/v7-m/libm.a(lib_a-e_log.o)
                0x0000000008003f48                __ieee754_log
 .text.matherr  0x00000000080042dc        0x4 /opt/gcc-arm-none-eabi-7-2018-q2-update/bin/../lib/gcc/arm-none-eabi/7.3.1/../../../../arm-none-eabi/lib/thumb/v7-m/libm.a(lib_a-s_matherr.o)
                0x00000000080042dc                matherr
 .text.nan      0x00000000080042e0        0xc /opt/gcc-arm-none-eabi-7-2018-q2-update/bin/../lib/gcc/arm-none-eabi/7.3.1/../../../../arm-none-eabi/lib/thumb/v7-m/libm.a(lib_a-s_nan.o)
                0x00000000080042e0                nan
 *(.rodata)
 *(.rodata*)
 .rodata.str1.4
                0x00000000080042ec        0xa /tmp/ccz4FnJn.o
 .rodata._svfprintf_r.str1.1
                0x00000000080042f6       0x11 /opt/gcc-arm-none-eabi-7-2018-q2-update/bin/../lib/gcc/arm-none-eabi/7.3.1/../../../../arm-none-eabi/lib/thumb/v7-m/libg_nano.a(lib_a-nano-svfprintf.o)
 .rodata._printf_i.str1.1
                0x0000000008004307       0x22 /opt/gcc-arm-none-eabi-7-2018-q2-update/bin/../lib/gcc/arm-none-eabi/7.3.1/../../../../arm-none-eabi/lib/thumb/v7-m/libg_nano.a(lib_a-nano-vfprintf_i.o)
 *fill*         0x0000000008004329        0x3 
 .rodata.__sf_fake_stderr
                0x000000000800432c       0x20 /opt/gcc-arm-none-eabi-7-2018-q2-update/bin/../lib/gcc/arm-none-eabi/7.3.1/../../../../arm-none-eabi/lib/thumb/v7-m/libc_nano.a(lib_a-findfp.o)
                0x000000000800432c                __sf_fake_stderr
 .rodata.__sf_fake_stdin
                0x000000000800434c       0x20 /opt/gcc-arm-none-eabi-7-2018-q2-update/bin/../lib/gcc/arm-none-eabi/7.3.1/../../../../arm-none-eabi/lib/thumb/v7-m/libc_nano.a(lib_a-findfp.o)
                0x000000000800434c                __sf_fake_stdin
 .rodata.__sf_fake_stdout
                0x000000000800436c       0x20 /opt/gcc-arm-none-eabi-7-2018-q2-update/bin/../lib/gcc/arm-none-eabi/7.3.1/../../../../arm-none-eabi/lib/thumb/v7-m/libc_nano.a(lib_a-findfp.o)
                0x000000000800436c                __sf_fake_stdout
 .rodata.log.str1.4
                0x000000000800438c        0x8 /opt/gcc-arm-none-eabi-7-2018-q2-update/bin/../lib/gcc/arm-none-eabi/7.3.1/../../../../arm-none-eabi/lib/thumb/v7-m/libm.a(lib_a-w_log.o)
                                          0x5 (size before relaxing)
 *(.glue_7)
 .glue_7        0x0000000008004394        0x0 linker stubs
 *(.glue_7t)
 .glue_7t       0x0000000008004394        0x0 linker stubs
 *(.init)
 .init          0x0000000008004394        0x4 /opt/gcc-arm-none-eabi-7-2018-q2-update/bin/../lib/gcc/arm-none-eabi/7.3.1/thumb/v7-m/crti.o
                0x0000000008004394                _init
 .init          0x0000000008004398        0x8 /opt/gcc-arm-none-eabi-7-2018-q2-update/bin/../lib/gcc/arm-none-eabi/7.3.1/thumb/v7-m/crtn.o
 *(.fini)
 .fini          0x00000000080043a0        0x4 /opt/gcc-arm-none-eabi-7-2018-q2-update/bin/../lib/gcc/arm-none-eabi/7.3.1/thumb/v7-m/crti.o
                0x00000000080043a0                _fini
 .fini          0x00000000080043a4        0x8 /opt/gcc-arm-none-eabi-7-2018-q2-update/bin/../lib/gcc/arm-none-eabi/7.3.1/thumb/v7-m/crtn.o
                0x00000000080043ac                . = ALIGN (0x4)
                0x00000000080043ac                _etext = .

.vfp11_veneer   0x00000000080043ac        0x0
 .vfp11_veneer  0x00000000080043ac        0x0 linker stubs

.v4_bx          0x00000000080043ac        0x0
 .v4_bx         0x00000000080043ac        0x0 linker stubs

.iplt           0x00000000080043ac        0x0
 .iplt          0x00000000080043ac        0x0 /opt/gcc-arm-none-eabi-7-2018-q2-update/bin/../lib/gcc/arm-none-eabi/7.3.1/thumb/v7-m/crtbegin.o

.rel.dyn        0x00000000080043ac        0x0
 .rel.iplt      0x00000000080043ac        0x0 /opt/gcc-arm-none-eabi-7-2018-q2-update/bin/../lib/gcc/arm-none-eabi/7.3.1/thumb/v7-m/crtbegin.o

.ARM.extab
 *(.ARM.extab* .gnu.linkonce.armextab.*)

.ARM            0x00000000080043ac        0x0
                0x00000000080043ac                __exidx_start = .
 *(.ARM.exidx*)
                0x00000000080043ac                __exidx_end = .

.ARM.attributes
                0x00000000080043ac       0x29
 *(.ARM.attributes)
 .ARM.attributes
                0x00000000080043ac       0x1d /opt/gcc-arm-none-eabi-7-2018-q2-update/bin/../lib/gcc/arm-none-eabi/7.3.1/thumb/v7-m/crti.o
 .ARM.attributes
                0x00000000080043c9       0x2d /opt/gcc-arm-none-eabi-7-2018-q2-update/bin/../lib/gcc/arm-none-eabi/7.3.1/thumb/v7-m/crtbegin.o
 .ARM.attributes
                0x00000000080043f6       0x2d /opt/gcc-arm-none-eabi-7-2018-q2-update/bin/../lib/gcc/arm-none-eabi/7.3.1/../../../../arm-none-eabi/lib/thumb/v7-m/libc_nano.a(lib_a-impure.o)
 .ARM.attributes
                0x0000000008004423       0x2d /opt/gcc-arm-none-eabi-7-2018-q2-update/bin/../lib/gcc/arm-none-eabi/7.3.1/../../../../arm-none-eabi/lib/thumb/v7-m/libc_nano.a(lib_a-init.o)
 .ARM.attributes
                0x0000000008004450       0x33 /tmp/ccz4FnJn.o
 .ARM.attributes
                0x0000000008004483       0x33 /tmp/cctqnFjf.o
 .ARM.attributes
                0x00000000080044b6       0x33 /tmp/ccDBqbH7.o
 .ARM.attributes
                0x00000000080044e9       0x33 /tmp/ccpNYNJq.o
 .ARM.attributes
                0x000000000800451c       0x33 /tmp/ccRYhXtq.o
 .ARM.attributes
                0x000000000800454f       0x33 /tmp/ccHH5vHr.o
 .ARM.attributes
                0x0000000008004582       0x33 /tmp/ccHxMJeB.o
 .ARM.attributes
                0x00000000080045b5       0x33 /tmp/ccqPgQ6F.o
 .ARM.attributes
                0x00000000080045e8       0x33 /tmp/ccURR3IQ.o
 .ARM.attributes
                0x000000000800461b       0x33 /tmp/ccjnD3IW.o
 .ARM.attributes
                0x000000000800464e       0x33 /tmp/cc2BGZ42.o
 .ARM.attributes
                0x0000000008004681       0x33 /tmp/ccrDuFO9.o
 .ARM.attributes
                0x00000000080046b4       0x33 /tmp/ccfzer0g.o
 .ARM.attributes
                0x00000000080046e7       0x33 /tmp/cct0DLqo.o
 .ARM.attributes
                0x000000000800471a       0x21 /tmp/ccZgihTv.o
 .ARM.attributes
                0x000000000800473b       0x1d /opt/gcc-arm-none-eabi-7-2018-q2-update/bin/../lib/gcc/arm-none-eabi/7.3.1/thumb/v7-m/libgcc.a(_arm_addsubdf3.o)
 .ARM.attributes
                0x0000000008004758       0x1d /opt/gcc-arm-none-eabi-7-2018-q2-update/bin/../lib/gcc/arm-none-eabi/7.3.1/thumb/v7-m/libgcc.a(_arm_muldivdf3.o)
 .ARM.attributes
                0x0000000008004775       0x1d /opt/gcc-arm-none-eabi-7-2018-q2-update/bin/../lib/gcc/arm-none-eabi/7.3.1/thumb/v7-m/libgcc.a(_arm_cmpdf2.o)
 .ARM.attributes
                0x0000000008004792       0x1d /opt/gcc-arm-none-eabi-7-2018-q2-update/bin/../lib/gcc/arm-none-eabi/7.3.1/thumb/v7-m/libgcc.a(_arm_fixdfsi.o)
 .ARM.attributes
                0x00000000080047af       0x1d /opt/gcc-arm-none-eabi-7-2018-q2-update/bin/../lib/gcc/arm-none-eabi/7.3.1/thumb/v7-m/libgcc.a(_arm_fixunsdfsi.o)
 .ARM.attributes
                0x00000000080047cc       0x2d /opt/gcc-arm-none-eabi-7-2018-q2-update/bin/../lib/gcc/arm-none-eabi/7.3.1/../../../../arm-none-eabi/lib/thumb/v7-m/libg_nano.a(lib_a-sprintf.o)
 .ARM.attributes
                0x00000000080047f9       0x2d /opt/gcc-arm-none-eabi-7-2018-q2-update/bin/../lib/gcc/arm-none-eabi/7.3.1/../../../../arm-none-eabi/lib/thumb/v7-m/libg_nano.a(lib_a-nano-svfprintf.o)
 .ARM.attributes
                0x0000000008004826       0x2d /opt/gcc-arm-none-eabi-7-2018-q2-update/bin/../lib/gcc/arm-none-eabi/7.3.1/../../../../arm-none-eabi/lib/thumb/v7-m/libg_nano.a(lib_a-nano-vfprintf_i.o)
 .ARM.attributes
                0x0000000008004853       0x2d /opt/gcc-arm-none-eabi-7-2018-q2-update/bin/../lib/gcc/arm-none-eabi/7.3.1/../../../../arm-none-eabi/lib/thumb/v7-m/libg_nano.a(lib_a-memchr-stub.o)
 .ARM.attributes
                0x0000000008004880       0x2d /opt/gcc-arm-none-eabi-7-2018-q2-update/bin/../lib/gcc/arm-none-eabi/7.3.1/../../../../arm-none-eabi/lib/thumb/v7-m/libg_nano.a(lib_a-memcpy-stub.o)
 .ARM.attributes
                0x00000000080048ad       0x2d /opt/gcc-arm-none-eabi-7-2018-q2-update/bin/../lib/gcc/arm-none-eabi/7.3.1/../../../../arm-none-eabi/lib/thumb/v7-m/libg_nano.a(lib_a-memmove.o)
 .ARM.attributes
                0x00000000080048da       0x2d /opt/gcc-arm-none-eabi-7-2018-q2-update/bin/../lib/gcc/arm-none-eabi/7.3.1/../../../../arm-none-eabi/lib/thumb/v7-m/libg_nano.a(lib_a-nano-freer.o)
 .ARM.attributes
                0x0000000008004907       0x2d /opt/gcc-arm-none-eabi-7-2018-q2-update/bin/../lib/gcc/arm-none-eabi/7.3.1/../../../../arm-none-eabi/lib/thumb/v7-m/libg_nano.a(lib_a-nano-mallocr.o)
 .ARM.attributes
                0x0000000008004934       0x2d /opt/gcc-arm-none-eabi-7-2018-q2-update/bin/../lib/gcc/arm-none-eabi/7.3.1/../../../../arm-none-eabi/lib/thumb/v7-m/libg_nano.a(lib_a-nano-reallocr.o)
 .ARM.attributes
                0x0000000008004961       0x2d /opt/gcc-arm-none-eabi-7-2018-q2-update/bin/../lib/gcc/arm-none-eabi/7.3.1/../../../../arm-none-eabi/lib/thumb/v7-m/libg_nano.a(lib_a-sbrkr.o)
 .ARM.attributes
                0x000000000800498e       0x2d /opt/gcc-arm-none-eabi-7-2018-q2-update/bin/../lib/gcc/arm-none-eabi/7.3.1/../../../../arm-none-eabi/lib/thumb/v7-m/libg_nano.a(lib_a-mlock.o)
 .ARM.attributes
                0x00000000080049bb       0x2d /opt/gcc-arm-none-eabi-7-2018-q2-update/bin/../lib/gcc/arm-none-eabi/7.3.1/../../../../arm-none-eabi/lib/thumb/v7-m/libg_nano.a(lib_a-nano-msizer.o)
 .ARM.attributes
                0x00000000080049e8       0x2d /opt/gcc-arm-none-eabi-7-2018-q2-update/bin/../lib/gcc/arm-none-eabi/7.3.1/../../../../arm-none-eabi/lib/thumb/v7-m/libg_nano.a(lib_a-reent.o)
 .ARM.attributes
                0x0000000008004a15       0x2d /opt/gcc-arm-none-eabi-7-2018-q2-update/bin/../lib/gcc/arm-none-eabi/7.3.1/../../../../arm-none-eabi/lib/thumb/v7-m/libc_nano.a(lib_a-errno.o)
 .ARM.attributes
                0x0000000008004a42       0x2d /opt/gcc-arm-none-eabi-7-2018-q2-update/bin/../lib/gcc/arm-none-eabi/7.3.1/../../../../arm-none-eabi/lib/thumb/v7-m/libc_nano.a(lib_a-findfp.o)
 .ARM.attributes
                0x0000000008004a6f       0x1d /opt/gcc-arm-none-eabi-7-2018-q2-update/bin/../lib/gcc/arm-none-eabi/7.3.1/thumb/v7-m/crtn.o
 .ARM.attributes
                0x0000000008004a8c       0x2d /opt/gcc-arm-none-eabi-7-2018-q2-update/bin/../lib/gcc/arm-none-eabi/7.3.1/../../../../arm-none-eabi/lib/thumb/v7-m/libm.a(lib_a-w_log.o)
 .ARM.attributes
                0x0000000008004ab9       0x2d /opt/gcc-arm-none-eabi-7-2018-q2-update/bin/../lib/gcc/arm-none-eabi/7.3.1/../../../../arm-none-eabi/lib/thumb/v7-m/libm.a(lib_a-e_log.o)
 .ARM.attributes
                0x0000000008004ae6       0x2d /opt/gcc-arm-none-eabi-7-2018-q2-update/bin/../lib/gcc/arm-none-eabi/7.3.1/../../../../arm-none-eabi/lib/thumb/v7-m/libm.a(lib_a-s_lib_ver.o)
 .ARM.attributes
                0x0000000008004b13       0x2d /opt/gcc-arm-none-eabi-7-2018-q2-update/bin/../lib/gcc/arm-none-eabi/7.3.1/../../../../arm-none-eabi/lib/thumb/v7-m/libm.a(lib_a-s_matherr.o)
 .ARM.attributes
                0x0000000008004b40       0x2d /opt/gcc-arm-none-eabi-7-2018-q2-update/bin/../lib/gcc/arm-none-eabi/7.3.1/../../../../arm-none-eabi/lib/thumb/v7-m/libm.a(lib_a-s_nan.o)
 .ARM.attributes
                0x0000000008004b6d       0x1d /opt/gcc-arm-none-eabi-7-2018-q2-update/bin/../lib/gcc/arm-none-eabi/7.3.1/thumb/v7-m/libgcc.a(_arm_unorddf2.o)

.preinit_array  0x00000000080043ac        0x0
                0x00000000080043ac                PROVIDE (__preinit_array_start = .)
 *(.preinit_array*)
                0x00000000080043ac                PROVIDE (__preinit_array_end = .)

.init_array     0x00000000080043ac        0x4
                0x00000000080043ac                PROVIDE (__init_array_start = .)
 *(SORT_BY_NAME(.init_array.*))
 *(.init_array*)
 .init_array    0x00000000080043ac        0x4 /opt/gcc-arm-none-eabi-7-2018-q2-update/bin/../lib/gcc/arm-none-eabi/7.3.1/thumb/v7-m/crtbegin.o
                0x00000000080043b0                PROVIDE (__init_array_end = .)

.fini_array     0x00000000080043b0        0x4
                [!provide]                        PROVIDE (__fini_array_start = .)
 *(.fini_array*)
 .fini_array    0x00000000080043b0        0x4 /opt/gcc-arm-none-eabi-7-2018-q2-update/bin/../lib/gcc/arm-none-eabi/7.3.1/thumb/v7-m/crtbegin.o
 *(SORT_BY_NAME(.fini_array.*))
                [!provide]                        PROVIDE (__fini_array_end = .)
                0x00000000080043b4                _sidata = .

.data           0x0000000020000000       0x98 load address 0x00000000080043b4
                0x0000000020000000                . = ALIGN (0x4)
                0x0000000020000000                _sdata = .
 *(.data)
 .data          0x0000000020000000       0x14 /tmp/cctqnFjf.o
                0x0000000020000000                AHBPrescTable
                0x0000000020000010                SystemCoreClock
 .data          0x0000000020000014       0x14 /tmp/ccHH5vHr.o
 .data          0x0000000020000028        0x5 /tmp/ccfzer0g.o
                0x0000000020000028                deneme
                0x000000002000002c                timeoutCnt
 *(.data*)
 *fill*         0x000000002000002d        0x3 
 .data._impure_ptr
                0x0000000020000030        0x4 /opt/gcc-arm-none-eabi-7-2018-q2-update/bin/../lib/gcc/arm-none-eabi/7.3.1/../../../../arm-none-eabi/lib/thumb/v7-m/libc_nano.a(lib_a-impure.o)
                0x0000000020000030                _impure_ptr
 .data.impure_data
                0x0000000020000034       0x60 /opt/gcc-arm-none-eabi-7-2018-q2-update/bin/../lib/gcc/arm-none-eabi/7.3.1/../../../../arm-none-eabi/lib/thumb/v7-m/libc_nano.a(lib_a-impure.o)
 .data.__fdlib_version
                0x0000000020000094        0x1 /opt/gcc-arm-none-eabi-7-2018-q2-update/bin/../lib/gcc/arm-none-eabi/7.3.1/../../../../arm-none-eabi/lib/thumb/v7-m/libm.a(lib_a-s_lib_ver.o)
                0x0000000020000094                __fdlib_version
                0x0000000020000098                . = ALIGN (0x4)
 *fill*         0x0000000020000095        0x3 
                0x0000000020000098                _edata = .

.igot.plt       0x0000000020000098        0x0 load address 0x000000000800444c
 .igot.plt      0x0000000020000098        0x0 /opt/gcc-arm-none-eabi-7-2018-q2-update/bin/../lib/gcc/arm-none-eabi/7.3.1/thumb/v7-m/crtbegin.o
                0x0000000020000098                . = ALIGN (0x4)

.bss            0x0000000020000098       0xd0 load address 0x0000000008004450
                0x0000000020000098                _sbss = .
                0x0000000020000098                __bss_start__ = _sbss
 *(.bss)
 .bss           0x0000000020000098       0x1c /opt/gcc-arm-none-eabi-7-2018-q2-update/bin/../lib/gcc/arm-none-eabi/7.3.1/thumb/v7-m/crtbegin.o
 .bss           0x00000000200000b4        0x1 /tmp/ccjnD3IW.o
                0x00000000200000b4                portlcd
 .bss           0x00000000200000b5        0x1 /tmp/ccfzer0g.o
                0x00000000200000b5                newMessageFlag
 *fill*         0x00000000200000b6        0x2 
 .bss           0x00000000200000b8        0x4 /tmp/cct0DLqo.o
 *(.bss*)
 .bss.__malloc_free_list
                0x00000000200000bc        0x4 /opt/gcc-arm-none-eabi-7-2018-q2-update/bin/../lib/gcc/arm-none-eabi/7.3.1/../../../../arm-none-eabi/lib/thumb/v7-m/libg_nano.a(lib_a-nano-mallocr.o)
                0x00000000200000bc                __malloc_free_list
 .bss.__malloc_sbrk_start
                0x00000000200000c0        0x4 /opt/gcc-arm-none-eabi-7-2018-q2-update/bin/../lib/gcc/arm-none-eabi/7.3.1/../../../../arm-none-eabi/lib/thumb/v7-m/libg_nano.a(lib_a-nano-mallocr.o)
                0x00000000200000c0                __malloc_sbrk_start
 *(COMMON)
 *fill*         0x00000000200000c4        0x4 
 COMMON         0x00000000200000c8       0x34 /tmp/ccz4FnJn.o
                0x00000000200000c8                TIM_Pulse
                0x00000000200000cc                buffer2
                0x00000000200000e0                rem
                0x00000000200000e8                buffer
 COMMON         0x00000000200000fc       0x65 /tmp/ccfzer0g.o
                0x00000000200000fc                packetbuffer
                0x0000000020000160                packetbufferIndex
 *fill*         0x0000000020000161        0x3 
 COMMON         0x0000000020000164        0x4 /opt/gcc-arm-none-eabi-7-2018-q2-update/bin/../lib/gcc/arm-none-eabi/7.3.1/../../../../arm-none-eabi/lib/thumb/v7-m/libg_nano.a(lib_a-reent.o)
                0x0000000020000164                errno
                0x0000000020000168                . = ALIGN (0x4)
                0x0000000020000168                _ebss = .
                0x0000000020000168                __bss_end__ = _ebss
                0x0000000020000168                PROVIDE (end = _ebss)
                0x0000000020000168                PROVIDE (_end = _ebss)

._user_heap_stack
                0x0000000020000168      0x100 load address 0x0000000008004520
                0x0000000020000168                . = ALIGN (0x4)
                0x0000000020000168                . = (. + _Min_Heap_Size)
                0x0000000020000268                . = (. + _Min_Stack_Size)
 *fill*         0x0000000020000168      0x100 
                0x0000000020000268                . = ALIGN (0x4)

.memory_b1_text
 *(.mb1text)
 *(.mb1text*)
 *(.mb1rodata)
 *(.mb1rodata*)

/DISCARD/
 libc.a(*)
 libm.a(*)
 libgcc.a(*)
OUTPUT(heat.elf elf32-littlearm)

.debug_frame    0x0000000000000000     0x1e1c
 .debug_frame   0x0000000000000000       0x2c /opt/gcc-arm-none-eabi-7-2018-q2-update/bin/../lib/gcc/arm-none-eabi/7.3.1/../../../../arm-none-eabi/lib/thumb/v7-m/libc_nano.a(lib_a-init.o)
 .debug_frame   0x000000000000002c       0xac /tmp/ccz4FnJn.o
 .debug_frame   0x00000000000000d8       0x48 /tmp/cctqnFjf.o
 .debug_frame   0x0000000000000120      0x2c0 /tmp/ccDBqbH7.o
 .debug_frame   0x00000000000003e0      0x1b0 /tmp/ccpNYNJq.o
 .debug_frame   0x0000000000000590      0x26c /tmp/ccRYhXtq.o
 .debug_frame   0x00000000000007fc      0x224 /tmp/ccHH5vHr.o
 .debug_frame   0x0000000000000a20      0x76c /tmp/ccHxMJeB.o
 .debug_frame   0x000000000000118c      0x258 /tmp/ccqPgQ6F.o
 .debug_frame   0x00000000000013e4       0x7c /tmp/ccURR3IQ.o
 .debug_frame   0x0000000000001460      0x120 /tmp/ccjnD3IW.o
 .debug_frame   0x0000000000001580       0x6c /tmp/cc2BGZ42.o
 .debug_frame   0x00000000000015ec       0x74 /tmp/ccrDuFO9.o
 .debug_frame   0x0000000000001660       0xbc /tmp/ccfzer0g.o
 .debug_frame   0x000000000000171c       0x70 /tmp/cct0DLqo.o
 .debug_frame   0x000000000000178c       0xac /opt/gcc-arm-none-eabi-7-2018-q2-update/bin/../lib/gcc/arm-none-eabi/7.3.1/thumb/v7-m/libgcc.a(_arm_addsubdf3.o)
 .debug_frame   0x0000000000001838       0x50 /opt/gcc-arm-none-eabi-7-2018-q2-update/bin/../lib/gcc/arm-none-eabi/7.3.1/thumb/v7-m/libgcc.a(_arm_muldivdf3.o)
 .debug_frame   0x0000000000001888       0xc4 /opt/gcc-arm-none-eabi-7-2018-q2-update/bin/../lib/gcc/arm-none-eabi/7.3.1/thumb/v7-m/libgcc.a(_arm_cmpdf2.o)
 .debug_frame   0x000000000000194c       0x24 /opt/gcc-arm-none-eabi-7-2018-q2-update/bin/../lib/gcc/arm-none-eabi/7.3.1/thumb/v7-m/libgcc.a(_arm_fixdfsi.o)
 .debug_frame   0x0000000000001970       0x24 /opt/gcc-arm-none-eabi-7-2018-q2-update/bin/../lib/gcc/arm-none-eabi/7.3.1/thumb/v7-m/libgcc.a(_arm_fixunsdfsi.o)
 .debug_frame   0x0000000000001994       0x6c /opt/gcc-arm-none-eabi-7-2018-q2-update/bin/../lib/gcc/arm-none-eabi/7.3.1/../../../../arm-none-eabi/lib/thumb/v7-m/libg_nano.a(lib_a-sprintf.o)
 .debug_frame   0x0000000000001a00       0x90 /opt/gcc-arm-none-eabi-7-2018-q2-update/bin/../lib/gcc/arm-none-eabi/7.3.1/../../../../arm-none-eabi/lib/thumb/v7-m/libg_nano.a(lib_a-nano-svfprintf.o)
 .debug_frame   0x0000000000001a90       0x60 /opt/gcc-arm-none-eabi-7-2018-q2-update/bin/../lib/gcc/arm-none-eabi/7.3.1/../../../../arm-none-eabi/lib/thumb/v7-m/libg_nano.a(lib_a-nano-vfprintf_i.o)
 .debug_frame   0x0000000000001af0       0x28 /opt/gcc-arm-none-eabi-7-2018-q2-update/bin/../lib/gcc/arm-none-eabi/7.3.1/../../../../arm-none-eabi/lib/thumb/v7-m/libg_nano.a(lib_a-memchr-stub.o)
 .debug_frame   0x0000000000001b18       0x28 /opt/gcc-arm-none-eabi-7-2018-q2-update/bin/../lib/gcc/arm-none-eabi/7.3.1/../../../../arm-none-eabi/lib/thumb/v7-m/libg_nano.a(lib_a-memcpy-stub.o)
 .debug_frame   0x0000000000001b40       0x28 /opt/gcc-arm-none-eabi-7-2018-q2-update/bin/../lib/gcc/arm-none-eabi/7.3.1/../../../../arm-none-eabi/lib/thumb/v7-m/libg_nano.a(lib_a-memmove.o)
 .debug_frame   0x0000000000001b68       0x38 /opt/gcc-arm-none-eabi-7-2018-q2-update/bin/../lib/gcc/arm-none-eabi/7.3.1/../../../../arm-none-eabi/lib/thumb/v7-m/libg_nano.a(lib_a-nano-freer.o)
 .debug_frame   0x0000000000001ba0       0x2c /opt/gcc-arm-none-eabi-7-2018-q2-update/bin/../lib/gcc/arm-none-eabi/7.3.1/../../../../arm-none-eabi/lib/thumb/v7-m/libg_nano.a(lib_a-nano-mallocr.o)
 .debug_frame   0x0000000000001bcc       0x3c /opt/gcc-arm-none-eabi-7-2018-q2-update/bin/../lib/gcc/arm-none-eabi/7.3.1/../../../../arm-none-eabi/lib/thumb/v7-m/libg_nano.a(lib_a-nano-reallocr.o)
 .debug_frame   0x0000000000001c08       0x2c /opt/gcc-arm-none-eabi-7-2018-q2-update/bin/../lib/gcc/arm-none-eabi/7.3.1/../../../../arm-none-eabi/lib/thumb/v7-m/libg_nano.a(lib_a-sbrkr.o)
 .debug_frame   0x0000000000001c34       0x30 /opt/gcc-arm-none-eabi-7-2018-q2-update/bin/../lib/gcc/arm-none-eabi/7.3.1/../../../../arm-none-eabi/lib/thumb/v7-m/libg_nano.a(lib_a-mlock.o)
 .debug_frame   0x0000000000001c64       0x20 /opt/gcc-arm-none-eabi-7-2018-q2-update/bin/../lib/gcc/arm-none-eabi/7.3.1/../../../../arm-none-eabi/lib/thumb/v7-m/libg_nano.a(lib_a-nano-msizer.o)
 .debug_frame   0x0000000000001c84       0x5c /opt/gcc-arm-none-eabi-7-2018-q2-update/bin/../lib/gcc/arm-none-eabi/7.3.1/../../../../arm-none-eabi/lib/thumb/v7-m/libg_nano.a(lib_a-reent.o)
 .debug_frame   0x0000000000001ce0       0x20 /opt/gcc-arm-none-eabi-7-2018-q2-update/bin/../lib/gcc/arm-none-eabi/7.3.1/../../../../arm-none-eabi/lib/thumb/v7-m/libc_nano.a(lib_a-errno.o)
 .debug_frame   0x0000000000001d00      0x11c /opt/gcc-arm-none-eabi-7-2018-q2-update/bin/../lib/gcc/arm-none-eabi/7.3.1/../../../../arm-none-eabi/lib/thumb/v7-m/libc_nano.a(lib_a-findfp.o)

.debug_info     0x0000000000000000     0xc170
 .debug_info    0x0000000000000000     0x1a15 /tmp/ccz4FnJn.o
 .debug_info    0x0000000000001a15      0x470 /tmp/cctqnFjf.o
 .debug_info    0x0000000000001e85      0xc1d /tmp/ccDBqbH7.o
 .debug_info    0x0000000000002aa2      0x881 /tmp/ccpNYNJq.o
 .debug_info    0x0000000000003323      0xb76 /tmp/ccRYhXtq.o
 .debug_info    0x0000000000003e99      0x92a /tmp/ccHH5vHr.o
 .debug_info    0x00000000000047c3     0x239e /tmp/ccHxMJeB.o
 .debug_info    0x0000000000006b61      0xb1a /tmp/ccqPgQ6F.o
 .debug_info    0x000000000000767b      0x4e7 /tmp/ccURR3IQ.o
 .debug_info    0x0000000000007b62     0x1255 /tmp/ccjnD3IW.o
 .debug_info    0x0000000000008db7      0x9fe /tmp/cc2BGZ42.o
 .debug_info    0x00000000000097b5      0xd3c /tmp/ccrDuFO9.o
 .debug_info    0x000000000000a4f1     0x1061 /tmp/ccfzer0g.o
 .debug_info    0x000000000000b552      0xbfc /tmp/cct0DLqo.o
 .debug_info    0x000000000000c14e       0x22 /tmp/ccZgihTv.o

.debug_abbrev   0x0000000000000000     0x209d
 .debug_abbrev  0x0000000000000000      0x37b /tmp/ccz4FnJn.o
 .debug_abbrev  0x000000000000037b      0x1b9 /tmp/cctqnFjf.o
 .debug_abbrev  0x0000000000000534      0x1fb /tmp/ccDBqbH7.o
 .debug_abbrev  0x000000000000072f      0x217 /tmp/ccpNYNJq.o
 .debug_abbrev  0x0000000000000946      0x266 /tmp/ccRYhXtq.o
 .debug_abbrev  0x0000000000000bac      0x281 /tmp/ccHH5vHr.o
 .debug_abbrev  0x0000000000000e2d      0x2d2 /tmp/ccHxMJeB.o
 .debug_abbrev  0x00000000000010ff      0x1f9 /tmp/ccqPgQ6F.o
 .debug_abbrev  0x00000000000012f8      0x192 /tmp/ccURR3IQ.o
 .debug_abbrev  0x000000000000148a      0x2c6 /tmp/ccjnD3IW.o
 .debug_abbrev  0x0000000000001750      0x1dc /tmp/cc2BGZ42.o
 .debug_abbrev  0x000000000000192c      0x265 /tmp/ccrDuFO9.o
 .debug_abbrev  0x0000000000001b91      0x2bb /tmp/ccfzer0g.o
 .debug_abbrev  0x0000000000001e4c      0x23f /tmp/cct0DLqo.o
 .debug_abbrev  0x000000000000208b       0x12 /tmp/ccZgihTv.o

.debug_loc      0x0000000000000000     0x495a
 .debug_loc     0x0000000000000000       0xe1 /tmp/ccz4FnJn.o
 .debug_loc     0x00000000000000e1       0xbc /tmp/cctqnFjf.o
 .debug_loc     0x000000000000019d      0x9a6 /tmp/ccDBqbH7.o
 .debug_loc     0x0000000000000b43      0x5dc /tmp/ccpNYNJq.o
 .debug_loc     0x000000000000111f      0x631 /tmp/ccRYhXtq.o
 .debug_loc     0x0000000000001750      0x6c6 /tmp/ccHH5vHr.o
 .debug_loc     0x0000000000001e16     0x1c4f /tmp/ccHxMJeB.o
 .debug_loc     0x0000000000003a65      0x800 /tmp/ccqPgQ6F.o
 .debug_loc     0x0000000000004265      0x16b /tmp/ccURR3IQ.o
 .debug_loc     0x00000000000043d0      0x314 /tmp/ccjnD3IW.o
 .debug_loc     0x00000000000046e4       0x58 /tmp/cc2BGZ42.o
 .debug_loc     0x000000000000473c      0x13a /tmp/ccrDuFO9.o
 .debug_loc     0x0000000000004876       0x49 /tmp/ccfzer0g.o
 .debug_loc     0x00000000000048bf       0x9b /tmp/cct0DLqo.o

.debug_aranges  0x0000000000000000      0x1f0
 .debug_aranges
                0x0000000000000000       0x28 /tmp/ccz4FnJn.o
 .debug_aranges
                0x0000000000000028       0x20 /tmp/cctqnFjf.o
 .debug_aranges
                0x0000000000000048       0x20 /tmp/ccDBqbH7.o
 .debug_aranges
                0x0000000000000068       0x20 /tmp/ccpNYNJq.o
 .debug_aranges
                0x0000000000000088       0x20 /tmp/ccRYhXtq.o
 .debug_aranges
                0x00000000000000a8       0x20 /tmp/ccHH5vHr.o
 .debug_aranges
                0x00000000000000c8       0x20 /tmp/ccHxMJeB.o
 .debug_aranges
                0x00000000000000e8       0x20 /tmp/ccqPgQ6F.o
 .debug_aranges
                0x0000000000000108       0x20 /tmp/ccURR3IQ.o
 .debug_aranges
                0x0000000000000128       0x20 /tmp/ccjnD3IW.o
 .debug_aranges
                0x0000000000000148       0x20 /tmp/cc2BGZ42.o
 .debug_aranges
                0x0000000000000168       0x20 /tmp/ccrDuFO9.o
 .debug_aranges
                0x0000000000000188       0x20 /tmp/ccfzer0g.o
 .debug_aranges
                0x00000000000001a8       0x20 /tmp/cct0DLqo.o
 .debug_aranges
                0x00000000000001c8       0x28 /tmp/ccZgihTv.o

.debug_ranges   0x0000000000000000      0x180
 .debug_ranges  0x0000000000000000       0x18 /tmp/ccz4FnJn.o
 .debug_ranges  0x0000000000000018       0x28 /tmp/cctqnFjf.o
 .debug_ranges  0x0000000000000040       0x20 /tmp/ccHH5vHr.o
 .debug_ranges  0x0000000000000060       0xd0 /tmp/ccHxMJeB.o
 .debug_ranges  0x0000000000000130       0x30 /tmp/ccfzer0g.o
 .debug_ranges  0x0000000000000160       0x20 /tmp/ccZgihTv.o

.debug_line     0x0000000000000000     0x344f
 .debug_line    0x0000000000000000      0x48d /tmp/ccz4FnJn.o
 .debug_line    0x000000000000048d      0x21c /tmp/cctqnFjf.o
 .debug_line    0x00000000000006a9      0x427 /tmp/ccDBqbH7.o
 .debug_line    0x0000000000000ad0      0x385 /tmp/ccpNYNJq.o
 .debug_line    0x0000000000000e55      0x3f9 /tmp/ccRYhXtq.o
 .debug_line    0x000000000000124e      0x3ce /tmp/ccHH5vHr.o
 .debug_line    0x000000000000161c      0x941 /tmp/ccHxMJeB.o
 .debug_line    0x0000000000001f5d      0x3f6 /tmp/ccqPgQ6F.o
 .debug_line    0x0000000000002353      0x275 /tmp/ccURR3IQ.o
 .debug_line    0x00000000000025c8      0x352 /tmp/ccjnD3IW.o
 .debug_line    0x000000000000291a      0x287 /tmp/cc2BGZ42.o
 .debug_line    0x0000000000002ba1      0x2dc /tmp/ccrDuFO9.o
 .debug_line    0x0000000000002e7d      0x32f /tmp/ccfzer0g.o
 .debug_line    0x00000000000031ac      0x1cf /tmp/cct0DLqo.o
 .debug_line    0x000000000000337b       0xd4 /tmp/ccZgihTv.o

.debug_str      0x0000000000000000     0x31e5
 .debug_str     0x0000000000000000     0x105d /tmp/ccz4FnJn.o
                                       0x111e (size before relaxing)
 .debug_str     0x000000000000105d      0x13b /tmp/cctqnFjf.o
                                        0x339 (size before relaxing)
 .debug_str     0x0000000000001198      0x430 /tmp/ccDBqbH7.o
                                        0x775 (size before relaxing)
 .debug_str     0x00000000000015c8      0x25c /tmp/ccpNYNJq.o
                                        0x593 (size before relaxing)
 .debug_str     0x0000000000001824      0x471 /tmp/ccRYhXtq.o
                                        0x6f2 (size before relaxing)
 .debug_str     0x0000000000001c95      0x303 /tmp/ccHH5vHr.o
                                        0x67d (size before relaxing)
 .debug_str     0x0000000000001f98      0x96e /tmp/ccHxMJeB.o
                                        0xe6e (size before relaxing)
 .debug_str     0x0000000000002906      0x42c /tmp/ccqPgQ6F.o
                                        0x733 (size before relaxing)
 .debug_str     0x0000000000002d32      0x15f /tmp/ccURR3IQ.o
                                        0x41b (size before relaxing)
 .debug_str     0x0000000000002e91       0x88 /tmp/ccjnD3IW.o
                                        0x960 (size before relaxing)
 .debug_str     0x0000000000002f19       0x20 /tmp/cc2BGZ42.o
                                        0x661 (size before relaxing)
 .debug_str     0x0000000000002f39       0x3c /tmp/ccrDuFO9.o
                                        0x810 (size before relaxing)
 .debug_str     0x0000000000002f75       0x96 /tmp/ccfzer0g.o
                                        0xcaa (size before relaxing)
 .debug_str     0x000000000000300b      0x154 /tmp/cct0DLqo.o
                                        0x735 (size before relaxing)
 .debug_str     0x000000000000315f       0x86 /tmp/ccZgihTv.o
                                         0xb6 (size before relaxing)

.comment        0x0000000000000000       0x7f
 .comment       0x0000000000000000       0x7f /tmp/ccz4FnJn.o
                                         0x80 (size before relaxing)
 .comment       0x000000000000007f       0x80 /tmp/cctqnFjf.o
 .comment       0x000000000000007f       0x80 /tmp/ccDBqbH7.o
 .comment       0x000000000000007f       0x80 /tmp/ccpNYNJq.o
 .comment       0x000000000000007f       0x80 /tmp/ccRYhXtq.o
 .comment       0x000000000000007f       0x80 /tmp/ccHH5vHr.o
 .comment       0x000000000000007f       0x80 /tmp/ccHxMJeB.o
 .comment       0x000000000000007f       0x80 /tmp/ccqPgQ6F.o
 .comment       0x000000000000007f       0x80 /tmp/ccURR3IQ.o
 .comment       0x000000000000007f       0x80 /tmp/ccjnD3IW.o
 .comment       0x000000000000007f       0x80 /tmp/cc2BGZ42.o
 .comment       0x000000000000007f       0x80 /tmp/ccrDuFO9.o
 .comment       0x000000000000007f       0x80 /tmp/ccfzer0g.o
 .comment       0x000000000000007f       0x80 /tmp/cct0DLqo.o
