Archive member included to satisfy reference by file (symbol)

/opt/gcc-arm-none-eabi-7-2018-q2-update/bin/../lib/gcc/arm-none-eabi/7.3.1/../../../../arm-none-eabi/lib/thumb/v7-m/libc_nano.a(lib_a-exit.o)
                              /opt/gcc-arm-none-eabi-7-2018-q2-update/bin/../lib/gcc/arm-none-eabi/7.3.1/../../../../arm-none-eabi/lib/thumb/v7-m/rdimon-crt0.o (exit)
/opt/gcc-arm-none-eabi-7-2018-q2-update/bin/../lib/gcc/arm-none-eabi/7.3.1/../../../../arm-none-eabi/lib/thumb/v7-m/libc_nano.a(lib_a-impure.o)
                              /opt/gcc-arm-none-eabi-7-2018-q2-update/bin/../lib/gcc/arm-none-eabi/7.3.1/../../../../arm-none-eabi/lib/thumb/v7-m/libc_nano.a(lib_a-exit.o) (_global_impure_ptr)
/opt/gcc-arm-none-eabi-7-2018-q2-update/bin/../lib/gcc/arm-none-eabi/7.3.1/../../../../arm-none-eabi/lib/thumb/v7-m/libc_nano.a(lib_a-init.o)
                              /opt/gcc-arm-none-eabi-7-2018-q2-update/bin/../lib/gcc/arm-none-eabi/7.3.1/../../../../arm-none-eabi/lib/thumb/v7-m/rdimon-crt0.o (__libc_init_array)
/opt/gcc-arm-none-eabi-7-2018-q2-update/bin/../lib/gcc/arm-none-eabi/7.3.1/../../../../arm-none-eabi/lib/thumb/v7-m/libc_nano.a(lib_a-memset.o)
                              /opt/gcc-arm-none-eabi-7-2018-q2-update/bin/../lib/gcc/arm-none-eabi/7.3.1/../../../../arm-none-eabi/lib/thumb/v7-m/rdimon-crt0.o (memset)
/opt/gcc-arm-none-eabi-7-2018-q2-update/bin/../lib/gcc/arm-none-eabi/7.3.1/thumb/v7-m/libgcc.a(_arm_addsubdf3.o)
                              /tmp/ccVF3Geu.o (__aeabi_dsub)
/opt/gcc-arm-none-eabi-7-2018-q2-update/bin/../lib/gcc/arm-none-eabi/7.3.1/thumb/v7-m/libgcc.a(_arm_muldivdf3.o)
                              /tmp/ccVF3Geu.o (__aeabi_dmul)
/opt/gcc-arm-none-eabi-7-2018-q2-update/bin/../lib/gcc/arm-none-eabi/7.3.1/thumb/v7-m/libgcc.a(_arm_cmpdf2.o)
                              /tmp/ccVF3Geu.o (__aeabi_dcmplt)
/opt/gcc-arm-none-eabi-7-2018-q2-update/bin/../lib/gcc/arm-none-eabi/7.3.1/thumb/v7-m/libgcc.a(_arm_fixdfsi.o)
                              /tmp/ccVF3Geu.o (__aeabi_d2iz)
/opt/gcc-arm-none-eabi-7-2018-q2-update/bin/../lib/gcc/arm-none-eabi/7.3.1/thumb/v7-m/libgcc.a(_arm_fixunsdfsi.o)
                              /tmp/ccVF3Geu.o (__aeabi_d2uiz)
/opt/gcc-arm-none-eabi-7-2018-q2-update/bin/../lib/gcc/arm-none-eabi/7.3.1/../../../../arm-none-eabi/lib/thumb/v7-m/libg_nano.a(lib_a-sprintf.o)
                              /tmp/ccVF3Geu.o (sprintf)
/opt/gcc-arm-none-eabi-7-2018-q2-update/bin/../lib/gcc/arm-none-eabi/7.3.1/../../../../arm-none-eabi/lib/thumb/v7-m/libg_nano.a(lib_a-nano-svfprintf.o)
                              /opt/gcc-arm-none-eabi-7-2018-q2-update/bin/../lib/gcc/arm-none-eabi/7.3.1/../../../../arm-none-eabi/lib/thumb/v7-m/libg_nano.a(lib_a-sprintf.o) (_svfprintf_r)
/opt/gcc-arm-none-eabi-7-2018-q2-update/bin/../lib/gcc/arm-none-eabi/7.3.1/../../../../arm-none-eabi/lib/thumb/v7-m/libg_nano.a(lib_a-nano-vfprintf_i.o)
                              /opt/gcc-arm-none-eabi-7-2018-q2-update/bin/../lib/gcc/arm-none-eabi/7.3.1/../../../../arm-none-eabi/lib/thumb/v7-m/libg_nano.a(lib_a-nano-svfprintf.o) (_printf_i)
/opt/gcc-arm-none-eabi-7-2018-q2-update/bin/../lib/gcc/arm-none-eabi/7.3.1/../../../../arm-none-eabi/lib/thumb/v7-m/libg_nano.a(lib_a-memchr-stub.o)
                              /opt/gcc-arm-none-eabi-7-2018-q2-update/bin/../lib/gcc/arm-none-eabi/7.3.1/../../../../arm-none-eabi/lib/thumb/v7-m/libg_nano.a(lib_a-nano-svfprintf.o) (memchr)
/opt/gcc-arm-none-eabi-7-2018-q2-update/bin/../lib/gcc/arm-none-eabi/7.3.1/../../../../arm-none-eabi/lib/thumb/v7-m/libg_nano.a(lib_a-memcpy-stub.o)
                              /opt/gcc-arm-none-eabi-7-2018-q2-update/bin/../lib/gcc/arm-none-eabi/7.3.1/../../../../arm-none-eabi/lib/thumb/v7-m/libg_nano.a(lib_a-nano-svfprintf.o) (memcpy)
/opt/gcc-arm-none-eabi-7-2018-q2-update/bin/../lib/gcc/arm-none-eabi/7.3.1/../../../../arm-none-eabi/lib/thumb/v7-m/libg_nano.a(lib_a-memmove.o)
                              /opt/gcc-arm-none-eabi-7-2018-q2-update/bin/../lib/gcc/arm-none-eabi/7.3.1/../../../../arm-none-eabi/lib/thumb/v7-m/libg_nano.a(lib_a-nano-svfprintf.o) (memmove)
/opt/gcc-arm-none-eabi-7-2018-q2-update/bin/../lib/gcc/arm-none-eabi/7.3.1/../../../../arm-none-eabi/lib/thumb/v7-m/libg_nano.a(lib_a-nano-freer.o)
                              /opt/gcc-arm-none-eabi-7-2018-q2-update/bin/../lib/gcc/arm-none-eabi/7.3.1/../../../../arm-none-eabi/lib/thumb/v7-m/libg_nano.a(lib_a-nano-svfprintf.o) (_free_r)
/opt/gcc-arm-none-eabi-7-2018-q2-update/bin/../lib/gcc/arm-none-eabi/7.3.1/../../../../arm-none-eabi/lib/thumb/v7-m/libg_nano.a(lib_a-nano-mallocr.o)
                              /opt/gcc-arm-none-eabi-7-2018-q2-update/bin/../lib/gcc/arm-none-eabi/7.3.1/../../../../arm-none-eabi/lib/thumb/v7-m/libg_nano.a(lib_a-nano-svfprintf.o) (_malloc_r)
/opt/gcc-arm-none-eabi-7-2018-q2-update/bin/../lib/gcc/arm-none-eabi/7.3.1/../../../../arm-none-eabi/lib/thumb/v7-m/libg_nano.a(lib_a-nano-reallocr.o)
[...]
Memory Configuration

Name             Origin             Length             Attributes
FLASH            0x0000000008000000 0x0000000000020000 xr
RAM              0x0000000020000000 0x0000000000005000 xrw
MEMORY_B1        0x0000000060000000 0x0000000000000000 xr
*default*        0x0000000000000000 0xffffffffffffffff

Linker script and memory map

LOAD /opt/gcc-arm-none-eabi-7-2018-q2-update/bin/../lib/gcc/arm-none-eabi/7.3.1/thumb/v7-m/crti.o
LOAD /opt/gcc-arm-none-eabi-7-2018-q2-update/bin/../lib/gcc/arm-none-eabi/7.3.1/thumb/v7-m/crtbegin.o
LOAD /opt/gcc-arm-none-eabi-7-2018-q2-update/bin/../lib/gcc/arm-none-eabi/7.3.1/../../../../arm-none-eabi/lib/thumb/v7-m/rdimon-crt0.o
LOAD /opt/gcc-arm-none-eabi-7-2018-q2-update/bin/../lib/gcc/arm-none-eabi/7.3.1/thumb/v7-m/libgcc.a
LOAD /opt/gcc-arm-none-eabi-7-2018-q2-update/bin/../lib/gcc/arm-none-eabi/7.3.1/../../../../arm-none-eabi/lib/thumb/v7-m/libc_nano.a
LOAD /opt/gcc-arm-none-eabi-7-2018-q2-update/bin/../lib/gcc/arm-none-eabi/7.3.1/../../../../arm-none-eabi/lib/thumb/v7-m/libm.a
LOAD /tmp/ccVF3Geu.o
LOAD /tmp/cc8wwI6Y.o
LOAD /tmp/ccXTfeTu.o
LOAD /tmp/cc5zhbb1.o
LOAD /tmp/ccBR3Odz.o
LOAD /tmp/ccu31KS7.o
LOAD /tmp/ccWBzC8G.o
LOAD /tmp/ccAwgukh.o
LOAD /tmp/ccqwUQ7R.o
LOAD /tmp/ccpTQpTt.o
LOAD /tmp/cc1B1Ul6.o
LOAD /tmp/ccYKDZmK.o
LOAD /tmp/cct1Tpyp.o
LOAD /tmp/ccKwYkx5.o
LOAD /tmp/cc7qCjrM.o
LOAD /tmp/cca8ORRt.o
LOAD /tmp/ccpITgZb.o
LOAD /tmp/ccgrHxcV.o
LOAD /tmp/ccO7ArVE.o
LOAD /tmp/ccQFK6jp.o
LOAD /tmp/ccSwIIxa.o
LOAD /tmp/ccAZngGY.o
LOAD /tmp/ccQunjWN.o
LOAD /tmp/ccNppNED.o
LOAD /tmp/cc4EcrXt.o
LOAD /tmp/cc73EPql.o
LOAD /tmp/ccy2SZFd.o
LOAD /tmp/cck8Z0O6.o
LOAD /tmp/ccPUXID0.o
LOAD /tmp/cckQS3UU.o
LOAD /tmp/ccMJKVeP.o
START GROUP
LOAD /opt/gcc-arm-none-eabi-7-2018-q2-update/bin/../lib/gcc/arm-none-eabi/7.3.1/thumb/v7-m/libgcc.a
LOAD /opt/gcc-arm-none-eabi-7-2018-q2-update/bin/../lib/gcc/arm-none-eabi/7.3.1/../../../../arm-none-eabi/lib/thumb/v7-m/libg_nano.a
LOAD /opt/gcc-arm-none-eabi-7-2018-q2-update/bin/../lib/gcc/arm-none-eabi/7.3.1/../../../../arm-none-eabi/lib/thumb/v7-m/libc_nano.a
END GROUP
START GROUP
LOAD /opt/gcc-arm-none-eabi-7-2018-q2-update/bin/../lib/gcc/arm-none-eabi/7.3.1/thumb/v7-m/libgcc.a
LOAD /opt/gcc-arm-none-eabi-7-2018-q2-update/bin/../lib/gcc/arm-none-eabi/7.3.1/../../../../arm-none-eabi/lib/thumb/v7-m/libc_nano.a
LOAD /opt/gcc-arm-none-eabi-7-2018-q2-update/bin/../lib/gcc/arm-none-eabi/7.3.1/../../../../arm-none-eabi/lib/thumb/v7-m/librdimon_nano.a
END GROUP
START GROUP
LOAD /opt/gcc-arm-none-eabi-7-2018-q2-update/bin/../lib/gcc/arm-none-eabi/7.3.1/thumb/v7-m/libgcc.a
LOAD /opt/gcc-arm-none-eabi-7-2018-q2-update/bin/../lib/gcc/arm-none-eabi/7.3.1/../../../../arm-none-eabi/lib/thumb/v7-m/libc_nano.a
LOAD /opt/gcc-arm-none-eabi-7-2018-q2-update/bin/../lib/gcc/arm-none-eabi/7.3.1/../../../../arm-none-eabi/lib/thumb/v7-m/librdimon_nano.a
END GROUP
LOAD /opt/gcc-arm-none-eabi-7-2018-q2-update/bin/../lib/gcc/arm-none-eabi/7.3.1/thumb/v7-m/crtend.o
LOAD /opt/gcc-arm-none-eabi-7-2018-q2-update/bin/../lib/gcc/arm-none-eabi/7.3.1/thumb/v7-m/crtn.o
                0x0000000020005000                _estack = 0x20005000
                0x0000000000000000                _Min_Heap_Size = 0x0
                0x0000000000000100                _Min_Stack_Size = 0x100

.isr_vector     0x0000000008000000      0x10c
                0x0000000008000000                . = ALIGN (0x4)
 *(.isr_vector)
 .isr_vector    0x0000000008000000      0x10c /tmp/ccMJKVeP.o
                0x0000000008000000                g_pfnVectors
                0x000000000800010c                . = ALIGN (0x4)

.eh_frame       0x000000000800010c        0x0
 .eh_frame      0x000000000800010c        0x0 /opt/gcc-arm-none-eabi-7-2018-q2-update/bin/../lib/gcc/arm-none-eabi/7.3.1/thumb/v7-m/crtbegin.o

.text           0x0000000008000110     0x43ec
                0x0000000008000110                . = ALIGN (0x4)
 *(.text)
 .text          0x0000000008000110       0x40 /opt/gcc-arm-none-eabi-7-2018-q2-update/bin/../lib/gcc/arm-none-eabi/7.3.1/thumb/v7-m/crtbegin.o
 .text          0x0000000008000150      0x398 /tmp/ccVF3Geu.o
                0x0000000008000150                adc_init
                0x00000000080001d8                tim_init
                0x0000000008000230                getTemp
                0x0000000008000368                TIM4_IRQHandler
 .text          0x00000000080004e8      0x15c /tmp/cc8wwI6Y.o
                0x00000000080004e8                SystemInit
                0x00000000080005ec                SystemCoreClockUpdate
 .text          0x0000000008000644      0x398 /tmp/ccXTfeTu.o
                0x0000000008000644                ADC_DeInit
                0x00000000080006b0                ADC_Init
                0x00000000080006f8                ADC_StructInit
                0x000000000800070c                ADC_Cmd
                0x0000000008000720                ADC_DMACmd
                0x0000000008000734                ADC_ITConfig
                0x0000000008000748                ADC_ResetCalibration
                0x0000000008000754                ADC_GetResetCalibrationStatus
                0x000000000800075c                ADC_StartCalibration
                0x0000000008000768                ADC_GetCalibrationStatus
                0x0000000008000770                ADC_SoftwareStartConvCmd
                0x0000000008000784                ADC_GetSoftwareStartConvStatus
                0x000000000800078c                ADC_DiscModeChannelCountConfig
                0x000000000800079c                ADC_DiscModeCmd
                0x00000000080007b0                ADC_RegularChannelConfig
                0x0000000008000840                ADC_ExternalTrigConvCmd
                0x0000000008000854                ADC_GetConversionValue
                0x000000000800085c                ADC_GetDualModeConversionValue
                0x0000000008000868                ADC_AutoInjectedConvCmd
                0x000000000800087c                ADC_InjectedDiscModeCmd
                0x0000000008000890                ADC_ExternalTrigInjectedConvConfig
                0x000000000800089c                ADC_ExternalTrigInjectedConvCmd
                0x00000000080008b0                ADC_SoftwareStartInjectedConvCmd
                0x00000000080008c4                ADC_GetSoftwareStartInjectedConvCmdStatus
                0x00000000080008cc                ADC_InjectedChannelConfig
                0x0000000008000924                ADC_InjectedSequencerLengthConfig
                0x0000000008000934                ADC_SetInjectedOffset
                0x000000000800094c                ADC_GetInjectedConversionValue
                0x0000000008000968                ADC_AnalogWatchdogCmd
                0x0000000008000978                ADC_AnalogWatchdogThresholdsConfig
                0x0000000008000980                ADC_AnalogWatchdogSingleChannelConfig
                0x000000000800098c                ADC_TempSensorVrefintCmd
                0x00000000080009a8                ADC_GetFlagStatus
                0x00000000080009b4                ADC_ClearFlag
                0x00000000080009bc                ADC_GetITStatus
                0x00000000080009d4                ADC_ClearITPendingBit
 .text          0x00000000080009dc      0x2e0 /tmp/ccKwYkx5.o
                0x00000000080009dc                GPIO_DeInit
                0x0000000008000ab8                GPIO_AFIODeInit
                0x0000000008000ad0                GPIO_Init
                0x0000000008000b8c                GPIO_StructInit
                0x0000000008000b9c                GPIO_ReadInputDataBit
                0x0000000008000ba8                GPIO_ReadInputData
                0x0000000008000bb0                GPIO_ReadOutputDataBit
                0x0000000008000bbc                GPIO_ReadOutputData
                0x0000000008000bc4                GPIO_SetBits
                0x0000000008000bc8                GPIO_ResetBits
                0x0000000008000bcc                GPIO_WriteBit
                0x0000000008000bd8                GPIO_Write
                0x0000000008000bdc                GPIO_PinLockConfig
                0x0000000008000bec                GPIO_EventOutputConfig
                0x0000000008000c08                GPIO_EventOutputCmd
                0x0000000008000c14                GPIO_PinRemapConfig
                0x0000000008000c80                GPIO_EXTILineConfig
                0x0000000008000cb0                GPIO_ETH_MediaInterfaceConfig
 .text          0x0000000008000cbc      0x3a4 /tmp/cc7qCjrM.o
                0x0000000008000cbc                I2C_DeInit
                0x0000000008000cf8                I2C_Init
                0x0000000008000dc8                I2C_StructInit
                0x0000000008000de8                I2C_Cmd
                0x0000000008000e00                I2C_DMACmd
                0x0000000008000e18                I2C_DMALastTransferCmd
                0x0000000008000e30                I2C_GenerateSTART
                0x0000000008000e48                I2C_GenerateSTOP
                0x0000000008000e60                I2C_AcknowledgeConfig
                0x0000000008000e78                I2C_OwnAddress2Config
                0x0000000008000e8c                I2C_DualAddressCmd
                0x0000000008000ea4                I2C_GeneralCallCmd
                0x0000000008000ebc                I2C_ITConfig
                0x0000000008000ed0                I2C_SendData
                0x0000000008000ed4                I2C_ReceiveData
                0x0000000008000edc                I2C_Send7bitAddress
                0x0000000008000ef4                I2C_ReadRegister
                0x0000000008000f0c                I2C_SoftwareResetCmd
                0x0000000008000f20                I2C_NACKPositionConfig
                0x0000000008000f38                I2C_SMBusAlertConfig
                0x0000000008000f50                I2C_TransmitPEC
                0x0000000008000f68                I2C_PECPositionConfig
                0x0000000008000f6c                I2C_CalculatePEC
                0x0000000008000f84                I2C_GetPEC
                0x0000000008000f8c                I2C_ARPCmd
                0x0000000008000fa4                I2C_StretchClockCmd
                0x0000000008000fbc                I2C_FastModeDutyCycleConfig
                0x0000000008000fd4                I2C_CheckEvent
                0x0000000008000fec                I2C_GetLastEvent
                0x0000000008000ffc                I2C_GetFlagStatus
                0x0000000008001034                I2C_ClearFlag
                0x000000000800103c                I2C_GetITStatus
                0x0000000008001058                I2C_ClearITPendingBit
 .text          0x0000000008001060      0x354 /tmp/ccgrHxcV.o
                0x0000000008001060                RCC_DeInit
                0x00000000080010a0                RCC_HSEConfig
                0x00000000080010d8                RCC_WaitForHSEStartUp
                0x0000000008001108                RCC_AdjustHSICalibrationValue
                0x000000000800111c                RCC_HSICmd
                0x0000000008001128                RCC_PLLConfig
                0x000000000800113c                RCC_PLLCmd
                0x0000000008001148                RCC_SYSCLKConfig
                0x000000000800115c                RCC_GetSYSCLKSource
                0x000000000800116c                RCC_HCLKConfig
                0x0000000008001180                RCC_PCLK1Config
                0x0000000008001194                RCC_PCLK2Config
                0x00000000080011a8                RCC_ITConfig
                0x00000000080011c0                RCC_USBCLKConfig
                0x00000000080011cc                RCC_ADCCLKConfig
                0x00000000080011e0                RCC_LSEConfig
                0x0000000008001200                RCC_LSICmd
                0x000000000800120c                RCC_RTCCLKConfig
                0x000000000800121c                RCC_RTCCLKCmd
                0x0000000008001228                RCC_GetClocksFreq
                0x00000000080012b4                RCC_AHBPeriphClockCmd
                0x00000000080012cc                RCC_APB2PeriphClockCmd
                0x00000000080012e4                RCC_APB1PeriphClockCmd
                0x00000000080012fc                RCC_APB2PeriphResetCmd
                0x0000000008001314                RCC_APB1PeriphResetCmd
                0x000000000800132c                RCC_BackupResetCmd
                0x0000000008001338                RCC_ClockSecuritySystemCmd
                0x0000000008001344                RCC_MCOConfig
                0x0000000008001350                RCC_GetFlagStatus
                0x0000000008001384                RCC_ClearFlag
                0x0000000008001394                RCC_GetITStatus
                0x00000000080013a8                RCC_ClearITPendingBit
 .text          0x00000000080013b4      0xdb0 /tmp/ccAZngGY.o
                0x00000000080014ac                TIM_DeInit
                0x00000000080016dc                TIM_TimeBaseInit
                0x0000000008001788                TIM_OC1Init
                0x0000000008001810                TIM_OC2Init
                0x0000000008001894                TIM_OC3Init
                0x0000000008001918                TIM_OC4Init
                0x0000000008001984                TIM_ICInit
                0x0000000008001aec                TIM_PWMIConfig
                0x0000000008001b88                TIM_BDTRConfig
                0x0000000008001bac                TIM_TimeBaseStructInit
                0x0000000008001bc0                TIM_OCStructInit
                0x0000000008001bd4                TIM_ICStructInit
                0x0000000008001be4                TIM_BDTRStructInit
                0x0000000008001bf8                TIM_Cmd
                0x0000000008001c10                TIM_CtrlPWMOutputs
                0x0000000008001c2c                TIM_ITConfig
                0x0000000008001c40                TIM_GenerateEvent
                0x0000000008001c44                TIM_DMAConfig
                0x0000000008001c4c                TIM_DMACmd
                0x0000000008001c50                TIM_InternalClockConfig
                0x0000000008001c60                TIM_ITRxExternalClockConfig
                0x0000000008001c78                TIM_TIxExternalClockConfig
                0x0000000008001cac                TIM_ETRClockMode1Config
                0x0000000008001cd4                TIM_ETRClockMode2Config
                0x0000000008001cf4                TIM_ETRConfig
                0x0000000008001d0c                TIM_PrescalerConfig
                0x0000000008001d14                TIM_CounterModeConfig
                0x0000000008001d24                TIM_SelectInputTrigger
                0x0000000008001d34                TIM_EncoderInterfaceConfig
                0x0000000008001d70                TIM_ForcedOC1Config
                0x0000000008001d80                TIM_ForcedOC2Config
                0x0000000008001d94                TIM_ForcedOC3Config
                0x0000000008001da4                TIM_ForcedOC4Config
                0x0000000008001db8                TIM_ARRPreloadConfig
                0x0000000008001dd0                TIM_SelectCOM
                0x0000000008001de8                TIM_SelectCCDMA
                0x0000000008001e00                TIM_CCPreloadControl
                0x0000000008001e18                TIM_OC1PreloadConfig
                0x0000000008001e28                TIM_OC2PreloadConfig
                0x0000000008001e3c                TIM_OC3PreloadConfig
                0x0000000008001e4c                TIM_OC4PreloadConfig
                0x0000000008001e60                TIM_OC1FastConfig
                0x0000000008001e70                TIM_OC2FastConfig
                0x0000000008001e84                TIM_OC3FastConfig
                0x0000000008001e94                TIM_OC4FastConfig
                0x0000000008001ea8                TIM_ClearOC1Ref
                0x0000000008001eb8                TIM_ClearOC2Ref
                0x0000000008001ec8                TIM_ClearOC3Ref
                0x0000000008001ed8                TIM_ClearOC4Ref
                0x0000000008001ee8                TIM_OC1PolarityConfig
                0x0000000008001ef8                TIM_OC1NPolarityConfig
                0x0000000008001f08                TIM_OC2PolarityConfig
                0x0000000008001f1c                TIM_OC2NPolarityConfig
                0x0000000008001f30                TIM_OC3PolarityConfig
                0x0000000008001f44                TIM_OC3NPolarityConfig
                0x0000000008001f58                TIM_OC4PolarityConfig
                0x0000000008001f6c                TIM_CCxCmd
                0x0000000008001f8c                TIM_CCxNCmd
                0x0000000008001fac                TIM_SelectOCxM
                0x0000000008001ff4                TIM_UpdateDisableConfig
                0x000000000800200c                TIM_UpdateRequestConfig
                0x0000000008002024                TIM_SelectHallSensor
                0x000000000800203c                TIM_SelectOnePulseMode
                0x0000000008002050                TIM_SelectOutputTrigger
                0x0000000008002064                TIM_SelectSlaveMode
                0x0000000008002078                TIM_SelectMasterSlaveMode
                0x000000000800208c                TIM_SetCounter
                0x0000000008002090                TIM_SetAutoreload
                0x0000000008002094                TIM_SetCompare1
                0x0000000008002098                TIM_SetCompare2
                0x000000000800209c                TIM_SetCompare3
                0x00000000080020a0                TIM_SetCompare4
                0x00000000080020a8                TIM_SetIC1Prescaler
                0x00000000080020bc                TIM_SetIC2Prescaler
                0x00000000080020d4                TIM_SetIC3Prescaler
                0x00000000080020e8                TIM_SetIC4Prescaler
                0x0000000008002100                TIM_SetClockDivision
                0x0000000008002114                TIM_GetCapture1
                0x0000000008002118                TIM_GetCapture2
                0x000000000800211c                TIM_GetCapture3
                0x0000000008002120                TIM_GetCapture4
                0x0000000008002128                TIM_GetCounter
                0x000000000800212c                TIM_GetPrescaler
                0x0000000008002130                TIM_GetFlagStatus
                0x000000000800213c                TIM_ClearFlag
                0x0000000008002144                TIM_GetITStatus
                0x000000000800215c                TIM_ClearITPendingBit
 .text          0x0000000008002164      0x3b8 /tmp/ccQunjWN.o
                0x0000000008002164                USART_DeInit
                0x0000000008002214                USART_Init
                0x00000000080022c8                USART_StructInit
                0x00000000080022dc                USART_ClockInit
                0x00000000080022fc                USART_ClockStructInit
                0x0000000008002308                USART_Cmd
                0x0000000008002320                USART_ITConfig
                0x0000000008002358                USART_DMACmd
                0x000000000800236c                USART_SetAddress
                0x0000000008002380                USART_WakeUpConfig
                0x0000000008002394                USART_ReceiverWakeUpCmd
                0x00000000080023ac                USART_LINBreakDetectLengthConfig
                0x00000000080023c0                USART_LINCmd
                0x00000000080023d8                USART_SendData
                0x00000000080023e0                USART_ReceiveData
                0x00000000080023e8                USART_SendBreak
                0x00000000080023f4                USART_SetGuardTime
                0x0000000008002404                USART_SetPrescaler
                0x0000000008002414                USART_SmartCardCmd
                0x000000000800242c                USART_SmartCardNACKCmd
                0x0000000008002444                USART_HalfDuplexCmd
                0x000000000800245c                USART_OverSampling8Cmd
                0x0000000008002470                USART_OneBitMethodCmd
                0x0000000008002488                USART_IrDAConfig
                0x000000000800249c                USART_IrDACmd
                0x00000000080024b4                USART_GetFlagStatus
                0x00000000080024c0                USART_ClearFlag
                0x00000000080024c8                USART_GetITStatus
                0x000000000800250c                USART_ClearITPendingBit
 .text          0x000000000800251c       0xb0 /tmp/cc4EcrXt.o
                0x000000000800251c                NVIC_PriorityGroupConfig
                0x0000000008002530                NVIC_Init
                0x0000000008002588                NVIC_SetVectorTable
                0x000000000800259c                NVIC_SystemLPConfig
                0x00000000080025b4                SysTick_CLKSourceConfig
 .text          0x00000000080025cc      0x2a8 /tmp/cc73EPql.o
                0x00000000080025cc                I2C1_init
                0x000000000800264c                I2C_SendByteByADDR
                0x00000000080026c0                sendhalfbyte
                0x0000000008002708                sendbyte
                0x0000000008002744                sendcharlcd
                0x000000000800274c                setpos
                0x0000000008002790                lcd_init
                0x000000000800281c                clearlcd
                0x0000000008002834                str_lcd
                0x000000000800284c                createChar
 .text          0x0000000008002874       0x80 /tmp/ccy2SZFd.o
                0x0000000008002874                _delay_ms
                0x00000000080028a8                _delay_us
                0x00000000080028dc                get_cpuFreq
 .text          0x00000000080028f4       0xbc /tmp/cck8Z0O6.o
                0x00000000080028f4                put32b
                0x000000000800295c                make32b
                0x0000000008002978                buzzerInit
 .text          0x00000000080029b0      0x1ac /tmp/ccPUXID0.o
                0x00000000080029d0                USART_init
                0x0000000008002a70                USART1_IRQHandler
                0x0000000008002afc                packetHandler
                0x0000000008002b0c                processPacket
                0x0000000008002b34                USART_SendString
 .text          0x0000000008002b5c       0x3c /tmp/cckQS3UU.o
                0x0000000008002b5c                _sbrk
                0x0000000008002b78                link
                0x0000000008002b80                _fstat
                0x0000000008002b8c                _read
                0x0000000008002b90                _write
                0x0000000008002b94                abort
 .text          0x0000000008002b98      0x378 /opt/gcc-arm-none-eabi-7-2018-q2-update/bin/../lib/gcc/arm-none-eabi/7.3.1/thumb/v7-m/libgcc.a(_arm_addsubdf3.o)
                0x0000000008002b98                __aeabi_drsub
                0x0000000008002ba0                __aeabi_dsub
                0x0000000008002ba0                __subdf3
                0x0000000008002ba4                __adddf3
                0x0000000008002ba4                __aeabi_dadd
                0x0000000008002e1c                __aeabi_ui2d
                0x0000000008002e1c                __floatunsidf
                0x0000000008002e3c                __floatsidf
                0x0000000008002e3c                __aeabi_i2d
                0x0000000008002e60                __extendsfdf2
                0x0000000008002e60                __aeabi_f2d
                0x0000000008002ea4                __aeabi_ul2d
                0x0000000008002ea4                __floatundidf
                0x0000000008002eb4                __floatdidf
                0x0000000008002eb4                __aeabi_l2d
 .text          0x0000000008002f10      0x424 /opt/gcc-arm-none-eabi-7-2018-q2-update/bin/../lib/gcc/arm-none-eabi/7.3.1/thumb/v7-m/libgcc.a(_arm_muldivdf3.o)
                0x0000000008002f10                __aeabi_dmul
                0x0000000008002f10                __muldf3
                0x0000000008003164                __aeabi_ddiv
                0x0000000008003164                __divdf3
 .text          0x0000000008003334      0x110 /opt/gcc-arm-none-eabi-7-2018-q2-update/bin/../lib/gcc/arm-none-eabi/7.3.1/thumb/v7-m/libgcc.a(_arm_cmpdf2.o)
                0x0000000008003334                __gtdf2
                0x0000000008003334                __gedf2
                0x000000000800333c                __ltdf2
                0x000000000800333c                __ledf2
                0x0000000008003344                __cmpdf2
                0x0000000008003344                __eqdf2
                0x0000000008003344                __nedf2
                0x00000000080033c0                __aeabi_cdrcmple
                0x00000000080033d0                __aeabi_cdcmple
                0x00000000080033d0                __aeabi_cdcmpeq
                0x00000000080033e0                __aeabi_dcmpeq
                0x00000000080033f4                __aeabi_dcmplt
                0x0000000008003408                __aeabi_dcmple
                0x000000000800341c                __aeabi_dcmpge
                0x0000000008003430                __aeabi_dcmpgt
 .text          0x0000000008003444       0x50 /opt/gcc-arm-none-eabi-7-2018-q2-update/bin/../lib/gcc/arm-none-eabi/7.3.1/thumb/v7-m/libgcc.a(_arm_fixdfsi.o)
                0x0000000008003444                __fixdfsi
                0x0000000008003444                __aeabi_d2iz
 .text          0x0000000008003494       0x40 /opt/gcc-arm-none-eabi-7-2018-q2-update/bin/../lib/gcc/arm-none-eabi/7.3.1/thumb/v7-m/libgcc.a(_arm_fixunsdfsi.o)
                0x0000000008003494                __fixunsdfsi
                0x0000000008003494                __aeabi_d2uiz
 .text          0x00000000080034d4       0x2c /opt/gcc-arm-none-eabi-7-2018-q2-update/bin/../lib/gcc/arm-none-eabi/7.3.1/thumb/v7-m/libgcc.a(_arm_unorddf2.o)
                0x00000000080034d4                __aeabi_dcmpun
                0x00000000080034d4                __unorddf2
 *(.text*)
 .text.__libc_init_array
                0x0000000008003500       0x48 /opt/gcc-arm-none-eabi-7-2018-q2-update/bin/../lib/gcc/arm-none-eabi/7.3.1/../../../../arm-none-eabi/lib/thumb/v7-m/libc_nano.a(lib_a-init.o)
                0x0000000008003500                __libc_init_array
 .text.startup  0x0000000008003548      0x1d4 /tmp/ccVF3Geu.o
                0x0000000008003548                main
 .text.Reset_Handler
                0x000000000800371c       0x48 /tmp/ccMJKVeP.o
                0x000000000800371c                Reset_Handler
 .text.Default_Handler
                0x0000000008003764        0x2 /tmp/ccMJKVeP.o
                0x0000000008003764                EXTI2_IRQHandler
                0x0000000008003764                DebugMon_Handler
                0x0000000008003764                TIM1_CC_IRQHandler
                0x0000000008003764                HardFault_Handler
                0x0000000008003764                SysTick_Handler
                0x0000000008003764                PVD_IRQHandler
                0x0000000008003764                PendSV_Handler
                0x0000000008003764                NMI_Handler
                0x0000000008003764                EXTI3_IRQHandler
                0x0000000008003764                EXTI0_IRQHandler
                0x0000000008003764                I2C2_EV_IRQHandler
                0x0000000008003764                UsageFault_Handler
                0x0000000008003764                ADC1_2_IRQHandler
                0x0000000008003764                SPI1_IRQHandler
                0x0000000008003764                TAMPER_IRQHandler
                0x0000000008003764                DMA1_Channel4_IRQHandler
                0x0000000008003764                USART3_IRQHandler
                0x0000000008003764                RTC_IRQHandler
                0x0000000008003764                DMA1_Channel7_IRQHandler
                0x0000000008003764                CAN1_RX1_IRQHandler
                0x0000000008003764                I2C1_EV_IRQHandler
                0x0000000008003764                DMA1_Channel6_IRQHandler
                0x0000000008003764                TIM3_IRQHandler
                0x0000000008003764                RCC_IRQHandler
                0x0000000008003764                TIM1_TRG_COM_IRQHandler
                0x0000000008003764                DMA1_Channel1_IRQHandler
                0x0000000008003764                Default_Handler
                0x0000000008003764                EXTI15_10_IRQHandler
                0x0000000008003764                EXTI9_5_IRQHandler
                0x0000000008003764                SPI2_IRQHandler
                0x0000000008003764                MemManage_Handler
                0x0000000008003764                SVC_Handler
                0x0000000008003764                DMA1_Channel5_IRQHandler
                0x0000000008003764                EXTI4_IRQHandler
                0x0000000008003764                USB_LP_CAN1_RX0_IRQHandler
                0x0000000008003764                USB_HP_CAN1_TX_IRQHandler
                0x0000000008003764                DMA1_Channel3_IRQHandler
                0x0000000008003764                TIM1_UP_IRQHandler
                0x0000000008003764                WWDG_IRQHandler
                0x0000000008003764                TIM2_IRQHandler
                0x0000000008003764                TIM1_BRK_IRQHandler
                0x0000000008003764                EXTI1_IRQHandler
                0x0000000008003764                RTCAlarm_IRQHandler
                0x0000000008003764                USART2_IRQHandler
                0x0000000008003764                I2C2_ER_IRQHandler
                0x0000000008003764                DMA1_Channel2_IRQHandler
                0x0000000008003764                CAN1_SCE_IRQHandler
                0x0000000008003764                FLASH_IRQHandler
                0x0000000008003764                BusFault_Handler
                0x0000000008003764                I2C1_ER_IRQHandler
                0x0000000008003764                USBWakeUp_IRQHandler
 *fill*         0x0000000008003766        0x2 
 .text.sprintf  0x0000000008003768       0x40 /opt/gcc-arm-none-eabi-7-2018-q2-update/bin/../lib/gcc/arm-none-eabi/7.3.1/../../../../arm-none-eabi/lib/thumb/v7-m/libg_nano.a(lib_a-sprintf.o)
                0x0000000008003768                sprintf
                0x0000000008003768                siprintf
 .text.__ssputs_r
                0x00000000080037a8       0xb4 /opt/gcc-arm-none-eabi-7-2018-q2-update/bin/../lib/gcc/arm-none-eabi/7.3.1/../../../../arm-none-eabi/lib/thumb/v7-m/libg_nano.a(lib_a-nano-svfprintf.o)
                0x00000000080037a8                __ssputs_r
 .text._svfprintf_r
                0x000000000800385c      0x1f0 /opt/gcc-arm-none-eabi-7-2018-q2-update/bin/../lib/gcc/arm-none-eabi/7.3.1/../../../../arm-none-eabi/lib/thumb/v7-m/libg_nano.a(lib_a-nano-svfprintf.o)
                0x000000000800385c                _svfprintf_r
                0x000000000800385c                _svfiprintf_r
 .text._printf_common
                0x0000000008003a4c       0xec /opt/gcc-arm-none-eabi-7-2018-q2-update/bin/../lib/gcc/arm-none-eabi/7.3.1/../../../../arm-none-eabi/lib/thumb/v7-m/libg_nano.a(lib_a-nano-vfprintf_i.o)
                0x0000000008003a4c                _printf_common
 .text._printf_i
                0x0000000008003b38      0x224 /opt/gcc-arm-none-eabi-7-2018-q2-update/bin/../lib/gcc/arm-none-eabi/7.3.1/../../../../arm-none-eabi/lib/thumb/v7-m/libg_nano.a(lib_a-nano-vfprintf_i.o)
                0x0000000008003b38                _printf_i
 .text.memchr   0x0000000008003d5c       0x1c /opt/gcc-arm-none-eabi-7-2018-q2-update/bin/../lib/gcc/arm-none-eabi/7.3.1/../../../../arm-none-eabi/lib/thumb/v7-m/libg_nano.a(lib_a-memchr-stub.o)
                0x0000000008003d5c                memchr
 .text.memcpy   0x0000000008003d78       0x16 /opt/gcc-arm-none-eabi-7-2018-q2-update/bin/../lib/gcc/arm-none-eabi/7.3.1/../../../../arm-none-eabi/lib/thumb/v7-m/libg_nano.a(lib_a-memcpy-stub.o)
                0x0000000008003d78                memcpy
 .text.memmove  0x0000000008003d8e       0x32 /opt/gcc-arm-none-eabi-7-2018-q2-update/bin/../lib/gcc/arm-none-eabi/7.3.1/../../../../arm-none-eabi/lib/thumb/v7-m/libg_nano.a(lib_a-memmove.o)
                0x0000000008003d8e                memmove
 .text._free_r  0x0000000008003dc0       0x98 /opt/gcc-arm-none-eabi-7-2018-q2-update/bin/../lib/gcc/arm-none-eabi/7.3.1/../../../../arm-none-eabi/lib/thumb/v7-m/libg_nano.a(lib_a-nano-freer.o)
                0x0000000008003dc0                _free_r
 .text._malloc_r
                0x0000000008003e58       0xb4 /opt/gcc-arm-none-eabi-7-2018-q2-update/bin/../lib/gcc/arm-none-eabi/7.3.1/../../../../arm-none-eabi/lib/thumb/v7-m/libg_nano.a(lib_a-nano-mallocr.o)
                0x0000000008003e58                _malloc_r
 .text._realloc_r
                0x0000000008003f0c       0x4c /opt/gcc-arm-none-eabi-7-2018-q2-update/bin/../lib/gcc/arm-none-eabi/7.3.1/../../../../arm-none-eabi/lib/thumb/v7-m/libg_nano.a(lib_a-nano-reallocr.o)
                0x0000000008003f0c                _realloc_r
 .text._sbrk_r  0x0000000008003f58       0x20 /opt/gcc-arm-none-eabi-7-2018-q2-update/bin/../lib/gcc/arm-none-eabi/7.3.1/../../../../arm-none-eabi/lib/thumb/v7-m/libg_nano.a(lib_a-sbrkr.o)
                0x0000000008003f58                _sbrk_r
 .text.__malloc_lock
                0x0000000008003f78        0x2 /opt/gcc-arm-none-eabi-7-2018-q2-update/bin/../lib/gcc/arm-none-eabi/7.3.1/../../../../arm-none-eabi/lib/thumb/v7-m/libg_nano.a(lib_a-mlock.o)
                0x0000000008003f78                __malloc_lock
 .text.__malloc_unlock
                0x0000000008003f7a        0x2 /opt/gcc-arm-none-eabi-7-2018-q2-update/bin/../lib/gcc/arm-none-eabi/7.3.1/../../../../arm-none-eabi/lib/thumb/v7-m/libg_nano.a(lib_a-mlock.o)
                0x0000000008003f7a                __malloc_unlock
 .text._malloc_usable_size_r
                0x0000000008003f7c       0x10 /opt/gcc-arm-none-eabi-7-2018-q2-update/bin/../lib/gcc/arm-none-eabi/7.3.1/../../../../arm-none-eabi/lib/thumb/v7-m/libg_nano.a(lib_a-nano-msizer.o)
                0x0000000008003f7c                _malloc_usable_size_r
 .text.__errno  0x0000000008003f8c        0xc /opt/gcc-arm-none-eabi-7-2018-q2-update/bin/../lib/gcc/arm-none-eabi/7.3.1/../../../../arm-none-eabi/lib/thumb/v7-m/libc_nano.a(lib_a-errno.o)
                0x0000000008003f8c                __errno
 .text.log      0x0000000008003f98       0xfc /opt/gcc-arm-none-eabi-7-2018-q2-update/bin/../lib/gcc/arm-none-eabi/7.3.1/../../../../arm-none-eabi/lib/thumb/v7-m/libm.a(lib_a-w_log.o)
                0x0000000008003f98                log
 *fill*         0x0000000008004094        0x4 
 .text.__ieee754_log
                0x0000000008004098      0x394 /opt/gcc-arm-none-eabi-7-2018-q2-update/bin/../lib/gcc/arm-none-eabi/7.3.1/../../../../arm-none-eabi/lib/thumb/v7-m/libm.a(lib_a-e_log.o)
                0x0000000008004098                __ieee754_log
 .text.matherr  0x000000000800442c        0x4 /opt/gcc-arm-none-eabi-7-2018-q2-update/bin/../lib/gcc/arm-none-eabi/7.3.1/../../../../arm-none-eabi/lib/thumb/v7-m/libm.a(lib_a-s_matherr.o)
                0x000000000800442c                matherr
 .text.nan      0x0000000008004430        0xc /opt/gcc-arm-none-eabi-7-2018-q2-update/bin/../lib/gcc/arm-none-eabi/7.3.1/../../../../arm-none-eabi/lib/thumb/v7-m/libm.a(lib_a-s_nan.o)
                0x0000000008004430                nan
 *(.rodata)
 *(.rodata*)
 .rodata.str1.4
                0x000000000800443c        0xa /tmp/ccVF3Geu.o
 .rodata._svfprintf_r.str1.1
                0x0000000008004446       0x11 /opt/gcc-arm-none-eabi-7-2018-q2-update/bin/../lib/gcc/arm-none-eabi/7.3.1/../../../../arm-none-eabi/lib/thumb/v7-m/libg_nano.a(lib_a-nano-svfprintf.o)
 .rodata._printf_i.str1.1
                0x0000000008004457       0x22 /opt/gcc-arm-none-eabi-7-2018-q2-update/bin/../lib/gcc/arm-none-eabi/7.3.1/../../../../arm-none-eabi/lib/thumb/v7-m/libg_nano.a(lib_a-nano-vfprintf_i.o)
 *fill*         0x0000000008004479        0x3 
 .rodata.__sf_fake_stderr
                0x000000000800447c       0x20 /opt/gcc-arm-none-eabi-7-2018-q2-update/bin/../lib/gcc/arm-none-eabi/7.3.1/../../../../arm-none-eabi/lib/thumb/v7-m/libc_nano.a(lib_a-findfp.o)
                0x000000000800447c                __sf_fake_stderr
 .rodata.__sf_fake_stdin
                0x000000000800449c       0x20 /opt/gcc-arm-none-eabi-7-2018-q2-update/bin/../lib/gcc/arm-none-eabi/7.3.1/../../../../arm-none-eabi/lib/thumb/v7-m/libc_nano.a(lib_a-findfp.o)
                0x000000000800449c                __sf_fake_stdin
 .rodata.__sf_fake_stdout
                0x00000000080044bc       0x20 /opt/gcc-arm-none-eabi-7-2018-q2-update/bin/../lib/gcc/arm-none-eabi/7.3.1/../../../../arm-none-eabi/lib/thumb/v7-m/libc_nano.a(lib_a-findfp.o)
                0x00000000080044bc                __sf_fake_stdout
 .rodata.log.str1.4
                0x00000000080044dc        0x8 /opt/gcc-arm-none-eabi-7-2018-q2-update/bin/../lib/gcc/arm-none-eabi/7.3.1/../../../../arm-none-eabi/lib/thumb/v7-m/libm.a(lib_a-w_log.o)
                                          0x5 (size before relaxing)
 *(.glue_7)
 .glue_7        0x00000000080044e4        0x0 linker stubs
 *(.glue_7t)
 .glue_7t       0x00000000080044e4        0x0 linker stubs
 *(.init)
 .init          0x00000000080044e4        0x4 /opt/gcc-arm-none-eabi-7-2018-q2-update/bin/../lib/gcc/arm-none-eabi/7.3.1/thumb/v7-m/crti.o
                0x00000000080044e4                _init
 .init          0x00000000080044e8        0x8 /opt/gcc-arm-none-eabi-7-2018-q2-update/bin/../lib/gcc/arm-none-eabi/7.3.1/thumb/v7-m/crtn.o
 *(.fini)
 .fini          0x00000000080044f0        0x4 /opt/gcc-arm-none-eabi-7-2018-q2-update/bin/../lib/gcc/arm-none-eabi/7.3.1/thumb/v7-m/crti.o
                0x00000000080044f0                _fini
 .fini          0x00000000080044f4        0x8 /opt/gcc-arm-none-eabi-7-2018-q2-update/bin/../lib/gcc/arm-none-eabi/7.3.1/thumb/v7-m/crtn.o
                0x00000000080044fc                . = ALIGN (0x4)
                0x00000000080044fc                _etext = .

.vfp11_veneer   0x00000000080044fc        0x0
 .vfp11_veneer  0x00000000080044fc        0x0 linker stubs

.v4_bx          0x00000000080044fc        0x0
 .v4_bx         0x00000000080044fc        0x0 linker stubs

.iplt           0x00000000080044fc        0x0
 .iplt          0x00000000080044fc        0x0 /opt/gcc-arm-none-eabi-7-2018-q2-update/bin/../lib/gcc/arm-none-eabi/7.3.1/thumb/v7-m/crtbegin.o

.rel.dyn        0x00000000080044fc        0x0
 .rel.iplt      0x00000000080044fc        0x0 /opt/gcc-arm-none-eabi-7-2018-q2-update/bin/../lib/gcc/arm-none-eabi/7.3.1/thumb/v7-m/crtbegin.o

.ARM.extab
 *(.ARM.extab* .gnu.linkonce.armextab.*)

.ARM            0x00000000080044fc        0x0
                0x00000000080044fc                __exidx_start = .
 *(.ARM.exidx*)
                0x00000000080044fc                __exidx_end = .

.ARM.attributes
                0x00000000080044fc       0x29
 *(.ARM.attributes)
 .ARM.attributes
                0x00000000080044fc       0x1d /opt/gcc-arm-none-eabi-7-2018-q2-update/bin/../lib/gcc/arm-none-eabi/7.3.1/thumb/v7-m/crti.o
 .ARM.attributes
                0x0000000008004519       0x2d /opt/gcc-arm-none-eabi-7-2018-q2-update/bin/../lib/gcc/arm-none-eabi/7.3.1/thumb/v7-m/crtbegin.o
 .ARM.attributes
                0x0000000008004546       0x2d /opt/gcc-arm-none-eabi-7-2018-q2-update/bin/../lib/gcc/arm-none-eabi/7.3.1/../../../../arm-none-eabi/lib/thumb/v7-m/libc_nano.a(lib_a-impure.o)
 .ARM.attributes
                0x0000000008004573       0x2d /opt/gcc-arm-none-eabi-7-2018-q2-update/bin/../lib/gcc/arm-none-eabi/7.3.1/../../../../arm-none-eabi/lib/thumb/v7-m/libc_nano.a(lib_a-init.o)
 .ARM.attributes
                0x00000000080045a0       0x33 /tmp/ccVF3Geu.o
 .ARM.attributes
                0x00000000080045d3       0x33 /tmp/cc8wwI6Y.o
 .ARM.attributes
                0x0000000008004606       0x33 /tmp/ccXTfeTu.o
 .ARM.attributes
                0x0000000008004639       0x33 /tmp/ccKwYkx5.o
 .ARM.attributes
                0x000000000800466c       0x33 /tmp/cc7qCjrM.o
 .ARM.attributes
                0x000000000800469f       0x33 /tmp/ccgrHxcV.o
 .ARM.attributes
                0x00000000080046d2       0x33 /tmp/ccAZngGY.o
 .ARM.attributes
                0x0000000008004705       0x33 /tmp/ccQunjWN.o
 .ARM.attributes
                0x0000000008004738       0x33 /tmp/cc4EcrXt.o
 .ARM.attributes
                0x000000000800476b       0x33 /tmp/cc73EPql.o
 .ARM.attributes
                0x000000000800479e       0x33 /tmp/ccy2SZFd.o
 .ARM.attributes
                0x00000000080047d1       0x33 /tmp/cck8Z0O6.o
 .ARM.attributes
                0x0000000008004804       0x33 /tmp/ccPUXID0.o
 .ARM.attributes
                0x0000000008004837       0x33 /tmp/cckQS3UU.o
 .ARM.attributes
                0x000000000800486a       0x21 /tmp/ccMJKVeP.o
 .ARM.attributes
                0x000000000800488b       0x1d /opt/gcc-arm-none-eabi-7-2018-q2-update/bin/../lib/gcc/arm-none-eabi/7.3.1/thumb/v7-m/libgcc.a(_arm_addsubdf3.o)
 .ARM.attributes
                0x00000000080048a8       0x1d /opt/gcc-arm-none-eabi-7-2018-q2-update/bin/../lib/gcc/arm-none-eabi/7.3.1/thumb/v7-m/libgcc.a(_arm_muldivdf3.o)
 .ARM.attributes
                0x00000000080048c5       0x1d /opt/gcc-arm-none-eabi-7-2018-q2-update/bin/../lib/gcc/arm-none-eabi/7.3.1/thumb/v7-m/libgcc.a(_arm_cmpdf2.o)
 .ARM.attributes
                0x00000000080048e2       0x1d /opt/gcc-arm-none-eabi-7-2018-q2-update/bin/../lib/gcc/arm-none-eabi/7.3.1/thumb/v7-m/libgcc.a(_arm_fixdfsi.o)
 .ARM.attributes
                0x00000000080048ff       0x1d /opt/gcc-arm-none-eabi-7-2018-q2-update/bin/../lib/gcc/arm-none-eabi/7.3.1/thumb/v7-m/libgcc.a(_arm_fixunsdfsi.o)
 .ARM.attributes
                0x000000000800491c       0x2d /opt/gcc-arm-none-eabi-7-2018-q2-update/bin/../lib/gcc/arm-none-eabi/7.3.1/../../../../arm-none-eabi/lib/thumb/v7-m/libg_nano.a(lib_a-sprintf.o)
 .ARM.attributes
                0x0000000008004949       0x2d /opt/gcc-arm-none-eabi-7-2018-q2-update/bin/../lib/gcc/arm-none-eabi/7.3.1/../../../../arm-none-eabi/lib/thumb/v7-m/libg_nano.a(lib_a-nano-svfprintf.o)
 .ARM.attributes
                0x0000000008004976       0x2d /opt/gcc-arm-none-eabi-7-2018-q2-update/bin/../lib/gcc/arm-none-eabi/7.3.1/../../../../arm-none-eabi/lib/thumb/v7-m/libg_nano.a(lib_a-nano-vfprintf_i.o)
 .ARM.attributes
                0x00000000080049a3       0x2d /opt/gcc-arm-none-eabi-7-2018-q2-update/bin/../lib/gcc/arm-none-eabi/7.3.1/../../../../arm-none-eabi/lib/thumb/v7-m/libg_nano.a(lib_a-memchr-stub.o)
 .ARM.attributes
                0x00000000080049d0       0x2d /opt/gcc-arm-none-eabi-7-2018-q2-update/bin/../lib/gcc/arm-none-eabi/7.3.1/../../../../arm-none-eabi/lib/thumb/v7-m/libg_nano.a(lib_a-memcpy-stub.o)
 .ARM.attributes
                0x00000000080049fd       0x2d /opt/gcc-arm-none-eabi-7-2018-q2-update/bin/../lib/gcc/arm-none-eabi/7.3.1/../../../../arm-none-eabi/lib/thumb/v7-m/libg_nano.a(lib_a-memmove.o)
 .ARM.attributes
                0x0000000008004a2a       0x2d /opt/gcc-arm-none-eabi-7-2018-q2-update/bin/../lib/gcc/arm-none-eabi/7.3.1/../../../../arm-none-eabi/lib/thumb/v7-m/libg_nano.a(lib_a-nano-freer.o)
 .ARM.attributes
                0x0000000008004a57       0x2d /opt/gcc-arm-none-eabi-7-2018-q2-update/bin/../lib/gcc/arm-none-eabi/7.3.1/../../../../arm-none-eabi/lib/thumb/v7-m/libg_nano.a(lib_a-nano-mallocr.o)
 .ARM.attributes
                0x0000000008004a84       0x2d /opt/gcc-arm-none-eabi-7-2018-q2-update/bin/../lib/gcc/arm-none-eabi/7.3.1/../../../../arm-none-eabi/lib/thumb/v7-m/libg_nano.a(lib_a-nano-reallocr.o)
 .ARM.attributes
                0x0000000008004ab1       0x2d /opt/gcc-arm-none-eabi-7-2018-q2-update/bin/../lib/gcc/arm-none-eabi/7.3.1/../../../../arm-none-eabi/lib/thumb/v7-m/libg_nano.a(lib_a-sbrkr.o)
 .ARM.attributes
                0x0000000008004ade       0x2d /opt/gcc-arm-none-eabi-7-2018-q2-update/bin/../lib/gcc/arm-none-eabi/7.3.1/../../../../arm-none-eabi/lib/thumb/v7-m/libg_nano.a(lib_a-mlock.o)
 .ARM.attributes
                0x0000000008004b0b       0x2d /opt/gcc-arm-none-eabi-7-2018-q2-update/bin/../lib/gcc/arm-none-eabi/7.3.1/../../../../arm-none-eabi/lib/thumb/v7-m/libg_nano.a(lib_a-nano-msizer.o)
 .ARM.attributes
                0x0000000008004b38       0x2d /opt/gcc-arm-none-eabi-7-2018-q2-update/bin/../lib/gcc/arm-none-eabi/7.3.1/../../../../arm-none-eabi/lib/thumb/v7-m/libg_nano.a(lib_a-reent.o)
 .ARM.attributes
                0x0000000008004b65       0x2d /opt/gcc-arm-none-eabi-7-2018-q2-update/bin/../lib/gcc/arm-none-eabi/7.3.1/../../../../arm-none-eabi/lib/thumb/v7-m/libc_nano.a(lib_a-errno.o)
 .ARM.attributes
                0x0000000008004b92       0x2d /opt/gcc-arm-none-eabi-7-2018-q2-update/bin/../lib/gcc/arm-none-eabi/7.3.1/../../../../arm-none-eabi/lib/thumb/v7-m/libc_nano.a(lib_a-findfp.o)
 .ARM.attributes
                0x0000000008004bbf       0x1d /opt/gcc-arm-none-eabi-7-2018-q2-update/bin/../lib/gcc/arm-none-eabi/7.3.1/thumb/v7-m/crtn.o
 .ARM.attributes
                0x0000000008004bdc       0x2d /opt/gcc-arm-none-eabi-7-2018-q2-update/bin/../lib/gcc/arm-none-eabi/7.3.1/../../../../arm-none-eabi/lib/thumb/v7-m/libm.a(lib_a-w_log.o)
 .ARM.attributes
                0x0000000008004c09       0x2d /opt/gcc-arm-none-eabi-7-2018-q2-update/bin/../lib/gcc/arm-none-eabi/7.3.1/../../../../arm-none-eabi/lib/thumb/v7-m/libm.a(lib_a-e_log.o)
 .ARM.attributes
                0x0000000008004c36       0x2d /opt/gcc-arm-none-eabi-7-2018-q2-update/bin/../lib/gcc/arm-none-eabi/7.3.1/../../../../arm-none-eabi/lib/thumb/v7-m/libm.a(lib_a-s_lib_ver.o)
 .ARM.attributes
                0x0000000008004c63       0x2d /opt/gcc-arm-none-eabi-7-2018-q2-update/bin/../lib/gcc/arm-none-eabi/7.3.1/../../../../arm-none-eabi/lib/thumb/v7-m/libm.a(lib_a-s_matherr.o)
 .ARM.attributes
                0x0000000008004c90       0x2d /opt/gcc-arm-none-eabi-7-2018-q2-update/bin/../lib/gcc/arm-none-eabi/7.3.1/../../../../arm-none-eabi/lib/thumb/v7-m/libm.a(lib_a-s_nan.o)
 .ARM.attributes
                0x0000000008004cbd       0x1d /opt/gcc-arm-none-eabi-7-2018-q2-update/bin/../lib/gcc/arm-none-eabi/7.3.1/thumb/v7-m/libgcc.a(_arm_unorddf2.o)

.preinit_array  0x00000000080044fc        0x0
                0x00000000080044fc                PROVIDE (__preinit_array_start = .)
 *(.preinit_array*)
                0x00000000080044fc                PROVIDE (__preinit_array_end = .)

.init_array     0x00000000080044fc        0x4
                0x00000000080044fc                PROVIDE (__init_array_start = .)
 *(SORT_BY_NAME(.init_array.*))
 *(.init_array*)
 .init_array    0x00000000080044fc        0x4 /opt/gcc-arm-none-eabi-7-2018-q2-update/bin/../lib/gcc/arm-none-eabi/7.3.1/thumb/v7-m/crtbegin.o
                0x0000000008004500                PROVIDE (__init_array_end = .)

.fini_array     0x0000000008004500        0x4
                [!provide]                        PROVIDE (__fini_array_start = .)
 *(.fini_array*)
 .fini_array    0x0000000008004500        0x4 /opt/gcc-arm-none-eabi-7-2018-q2-update/bin/../lib/gcc/arm-none-eabi/7.3.1/thumb/v7-m/crtbegin.o
 *(SORT_BY_NAME(.fini_array.*))
                [!provide]                        PROVIDE (__fini_array_end = .)
                0x0000000008004504                _sidata = .

.data           0x0000000020000000       0xc0 load address 0x0000000008004504
                0x0000000020000000                . = ALIGN (0x4)
                0x0000000020000000                _sdata = .
 *(.data)
 .data          0x0000000020000000       0x28 /tmp/ccVF3Geu.o
                0x0000000020000000                Setpoint
                0x0000000020000008                ki
                0x0000000020000010                kd
                0x0000000020000018                outMax
                0x0000000020000020                kp
 .data          0x0000000020000028       0x14 /tmp/cc8wwI6Y.o
                0x0000000020000028                AHBPrescTable
                0x0000000020000038                SystemCoreClock
 .data          0x000000002000003c       0x14 /tmp/ccgrHxcV.o
 .data          0x0000000020000050        0x5 /tmp/ccPUXID0.o
                0x0000000020000050                deneme
                0x0000000020000054                timeoutCnt
 *(.data*)
 *fill*         0x0000000020000055        0x3 
 .data._impure_ptr
                0x0000000020000058        0x4 /opt/gcc-arm-none-eabi-7-2018-q2-update/bin/../lib/gcc/arm-none-eabi/7.3.1/../../../../arm-none-eabi/lib/thumb/v7-m/libc_nano.a(lib_a-impure.o)
                0x0000000020000058                _impure_ptr
 .data.impure_data
                0x000000002000005c       0x60 /opt/gcc-arm-none-eabi-7-2018-q2-update/bin/../lib/gcc/arm-none-eabi/7.3.1/../../../../arm-none-eabi/lib/thumb/v7-m/libc_nano.a(lib_a-impure.o)
 .data.__fdlib_version
                0x00000000200000bc        0x1 /opt/gcc-arm-none-eabi-7-2018-q2-update/bin/../lib/gcc/arm-none-eabi/7.3.1/../../../../arm-none-eabi/lib/thumb/v7-m/libm.a(lib_a-s_lib_ver.o)
                0x00000000200000bc                __fdlib_version
                0x00000000200000c0                . = ALIGN (0x4)
 *fill*         0x00000000200000bd        0x3 
                0x00000000200000c0                _edata = .

.igot.plt       0x00000000200000c0        0x0 load address 0x00000000080045c4
 .igot.plt      0x00000000200000c0        0x0 /opt/gcc-arm-none-eabi-7-2018-q2-update/bin/../lib/gcc/arm-none-eabi/7.3.1/thumb/v7-m/crtbegin.o
                0x00000000200000c0                . = ALIGN (0x4)

.bss            0x00000000200000c0      0x10c load address 0x00000000080045c8
                0x00000000200000c0                _sbss = .
                0x00000000200000c0                __bss_start__ = _sbss
 *(.bss)
 .bss           0x00000000200000c0       0x1c /opt/gcc-arm-none-eabi-7-2018-q2-update/bin/../lib/gcc/arm-none-eabi/7.3.1/thumb/v7-m/crtbegin.o
 *fill*         0x00000000200000dc        0x4 
 .bss           0x00000000200000e0       0x20 /tmp/ccVF3Geu.o
                0x00000000200000e0                ITerm
                0x00000000200000e8                lastErr
                0x00000000200000f0                DTerm
                0x00000000200000f8                outMin
 .bss           0x0000000020000100        0x1 /tmp/cc73EPql.o
                0x0000000020000100                portlcd
 .bss           0x0000000020000101        0x1 /tmp/ccPUXID0.o
                0x0000000020000101                newMessageFlag
 *fill*         0x0000000020000102        0x2 
 .bss           0x0000000020000104        0x4 /tmp/cckQS3UU.o
 *(.bss*)
 .bss.__malloc_free_list
                0x0000000020000108        0x4 /opt/gcc-arm-none-eabi-7-2018-q2-update/bin/../lib/gcc/arm-none-eabi/7.3.1/../../../../arm-none-eabi/lib/thumb/v7-m/libg_nano.a(lib_a-nano-mallocr.o)
                0x0000000020000108                __malloc_free_list
 .bss.__malloc_sbrk_start
                0x000000002000010c        0x4 /opt/gcc-arm-none-eabi-7-2018-q2-update/bin/../lib/gcc/arm-none-eabi/7.3.1/../../../../arm-none-eabi/lib/thumb/v7-m/libg_nano.a(lib_a-nano-mallocr.o)
                0x000000002000010c                __malloc_sbrk_start
 *(COMMON)
 COMMON         0x0000000020000110       0x50 /tmp/ccVF3Geu.o
                0x0000000020000110                TIM_Pulse
                0x0000000020000114                buffer2
                0x0000000020000128                Output
                0x0000000020000130                rem
                0x0000000020000138                buffer
                0x0000000020000150                errorSum
                0x0000000020000158                Input
 COMMON         0x0000000020000160       0x65 /tmp/ccPUXID0.o
                0x0000000020000160                packetbuffer
                0x00000000200001c4                packetbufferIndex
 *fill*         0x00000000200001c5        0x3 
 COMMON         0x00000000200001c8        0x4 /opt/gcc-arm-none-eabi-7-2018-q2-update/bin/../lib/gcc/arm-none-eabi/7.3.1/../../../../arm-none-eabi/lib/thumb/v7-m/libg_nano.a(lib_a-reent.o)
                0x00000000200001c8                errno
                0x00000000200001cc                . = ALIGN (0x4)
                0x00000000200001cc                _ebss = .
                0x00000000200001cc                __bss_end__ = _ebss
                0x00000000200001cc                PROVIDE (end = _ebss)
                0x00000000200001cc                PROVIDE (_end = _ebss)

._user_heap_stack
                0x00000000200001cc      0x100 load address 0x00000000080046d4
                0x00000000200001cc                . = ALIGN (0x4)
                0x00000000200001cc                . = (. + _Min_Heap_Size)
                0x00000000200002cc                . = (. + _Min_Stack_Size)
 *fill*         0x00000000200001cc      0x100 
                0x00000000200002cc                . = ALIGN (0x4)

.memory_b1_text
 *(.mb1text)
 *(.mb1text*)
 *(.mb1rodata)
 *(.mb1rodata*)

/DISCARD/
 libc.a(*)
 libm.a(*)
 libgcc.a(*)
OUTPUT(heat.elf elf32-littlearm)

.debug_frame    0x0000000000000000     0x1e38
 .debug_frame   0x0000000000000000       0x2c /opt/gcc-arm-none-eabi-7-2018-q2-update/bin/../lib/gcc/arm-none-eabi/7.3.1/../../../../arm-none-eabi/lib/thumb/v7-m/libc_nano.a(lib_a-init.o)
 .debug_frame   0x000000000000002c       0xc8 /tmp/ccVF3Geu.o
 .debug_frame   0x00000000000000f4       0x48 /tmp/cc8wwI6Y.o
 .debug_frame   0x000000000000013c      0x2c0 /tmp/ccXTfeTu.o
 .debug_frame   0x00000000000003fc      0x1b0 /tmp/ccKwYkx5.o
 .debug_frame   0x00000000000005ac      0x26c /tmp/cc7qCjrM.o
 .debug_frame   0x0000000000000818      0x224 /tmp/ccgrHxcV.o
 .debug_frame   0x0000000000000a3c      0x76c /tmp/ccAZngGY.o
 .debug_frame   0x00000000000011a8      0x258 /tmp/ccQunjWN.o
 .debug_frame   0x0000000000001400       0x7c /tmp/cc4EcrXt.o
 .debug_frame   0x000000000000147c      0x120 /tmp/cc73EPql.o
 .debug_frame   0x000000000000159c       0x6c /tmp/ccy2SZFd.o
 .debug_frame   0x0000000000001608       0x74 /tmp/cck8Z0O6.o
 .debug_frame   0x000000000000167c       0xbc /tmp/ccPUXID0.o
 .debug_frame   0x0000000000001738       0x70 /tmp/cckQS3UU.o
 .debug_frame   0x00000000000017a8       0xac /opt/gcc-arm-none-eabi-7-2018-q2-update/bin/../lib/gcc/arm-none-eabi/7.3.1/thumb/v7-m/libgcc.a(_arm_addsubdf3.o)
 .debug_frame   0x0000000000001854       0x50 /opt/gcc-arm-none-eabi-7-2018-q2-update/bin/../lib/gcc/arm-none-eabi/7.3.1/thumb/v7-m/libgcc.a(_arm_muldivdf3.o)
 .debug_frame   0x00000000000018a4       0xc4 /opt/gcc-arm-none-eabi-7-2018-q2-update/bin/../lib/gcc/arm-none-eabi/7.3.1/thumb/v7-m/libgcc.a(_arm_cmpdf2.o)
 .debug_frame   0x0000000000001968       0x24 /opt/gcc-arm-none-eabi-7-2018-q2-update/bin/../lib/gcc/arm-none-eabi/7.3.1/thumb/v7-m/libgcc.a(_arm_fixdfsi.o)
 .debug_frame   0x000000000000198c       0x24 /opt/gcc-arm-none-eabi-7-2018-q2-update/bin/../lib/gcc/arm-none-eabi/7.3.1/thumb/v7-m/libgcc.a(_arm_fixunsdfsi.o)
 .debug_frame   0x00000000000019b0       0x6c /opt/gcc-arm-none-eabi-7-2018-q2-update/bin/../lib/gcc/arm-none-eabi/7.3.1/../../../../arm-none-eabi/lib/thumb/v7-m/libg_nano.a(lib_a-sprintf.o)
 .debug_frame   0x0000000000001a1c       0x90 /opt/gcc-arm-none-eabi-7-2018-q2-update/bin/../lib/gcc/arm-none-eabi/7.3.1/../../../../arm-none-eabi/lib/thumb/v7-m/libg_nano.a(lib_a-nano-svfprintf.o)
 .debug_frame   0x0000000000001aac       0x60 /opt/gcc-arm-none-eabi-7-2018-q2-update/bin/../lib/gcc/arm-none-eabi/7.3.1/../../../../arm-none-eabi/lib/thumb/v7-m/libg_nano.a(lib_a-nano-vfprintf_i.o)
 .debug_frame   0x0000000000001b0c       0x28 /opt/gcc-arm-none-eabi-7-2018-q2-update/bin/../lib/gcc/arm-none-eabi/7.3.1/../../../../arm-none-eabi/lib/thumb/v7-m/libg_nano.a(lib_a-memchr-stub.o)
 .debug_frame   0x0000000000001b34       0x28 /opt/gcc-arm-none-eabi-7-2018-q2-update/bin/../lib/gcc/arm-none-eabi/7.3.1/../../../../arm-none-eabi/lib/thumb/v7-m/libg_nano.a(lib_a-memcpy-stub.o)
 .debug_frame   0x0000000000001b5c       0x28 /opt/gcc-arm-none-eabi-7-2018-q2-update/bin/../lib/gcc/arm-none-eabi/7.3.1/../../../../arm-none-eabi/lib/thumb/v7-m/libg_nano.a(lib_a-memmove.o)
 .debug_frame   0x0000000000001b84       0x38 /opt/gcc-arm-none-eabi-7-2018-q2-update/bin/../lib/gcc/arm-none-eabi/7.3.1/../../../../arm-none-eabi/lib/thumb/v7-m/libg_nano.a(lib_a-nano-freer.o)
 .debug_frame   0x0000000000001bbc       0x2c /opt/gcc-arm-none-eabi-7-2018-q2-update/bin/../lib/gcc/arm-none-eabi/7.3.1/../../../../arm-none-eabi/lib/thumb/v7-m/libg_nano.a(lib_a-nano-mallocr.o)
 .debug_frame   0x0000000000001be8       0x3c /opt/gcc-arm-none-eabi-7-2018-q2-update/bin/../lib/gcc/arm-none-eabi/7.3.1/../../../../arm-none-eabi/lib/thumb/v7-m/libg_nano.a(lib_a-nano-reallocr.o)
 .debug_frame   0x0000000000001c24       0x2c /opt/gcc-arm-none-eabi-7-2018-q2-update/bin/../lib/gcc/arm-none-eabi/7.3.1/../../../../arm-none-eabi/lib/thumb/v7-m/libg_nano.a(lib_a-sbrkr.o)
 .debug_frame   0x0000000000001c50       0x30 /opt/gcc-arm-none-eabi-7-2018-q2-update/bin/../lib/gcc/arm-none-eabi/7.3.1/../../../../arm-none-eabi/lib/thumb/v7-m/libg_nano.a(lib_a-mlock.o)
 .debug_frame   0x0000000000001c80       0x20 /opt/gcc-arm-none-eabi-7-2018-q2-update/bin/../lib/gcc/arm-none-eabi/7.3.1/../../../../arm-none-eabi/lib/thumb/v7-m/libg_nano.a(lib_a-nano-msizer.o)
 .debug_frame   0x0000000000001ca0       0x5c /opt/gcc-arm-none-eabi-7-2018-q2-update/bin/../lib/gcc/arm-none-eabi/7.3.1/../../../../arm-none-eabi/lib/thumb/v7-m/libg_nano.a(lib_a-reent.o)
 .debug_frame   0x0000000000001cfc       0x20 /opt/gcc-arm-none-eabi-7-2018-q2-update/bin/../lib/gcc/arm-none-eabi/7.3.1/../../../../arm-none-eabi/lib/thumb/v7-m/libc_nano.a(lib_a-errno.o)
 .debug_frame   0x0000000000001d1c      0x11c /opt/gcc-arm-none-eabi-7-2018-q2-update/bin/../lib/gcc/arm-none-eabi/7.3.1/../../../../arm-none-eabi/lib/thumb/v7-m/libc_nano.a(lib_a-findfp.o)

.debug_info     0x0000000000000000     0xc195
 .debug_info    0x0000000000000000     0x1a3a /tmp/ccVF3Geu.o
 .debug_info    0x0000000000001a3a      0x470 /tmp/cc8wwI6Y.o
 .debug_info    0x0000000000001eaa      0xc1d /tmp/ccXTfeTu.o
 .debug_info    0x0000000000002ac7      0x881 /tmp/ccKwYkx5.o
 .debug_info    0x0000000000003348      0xb76 /tmp/cc7qCjrM.o
 .debug_info    0x0000000000003ebe      0x92a /tmp/ccgrHxcV.o
 .debug_info    0x00000000000047e8     0x239e /tmp/ccAZngGY.o
 .debug_info    0x0000000000006b86      0xb1a /tmp/ccQunjWN.o
 .debug_info    0x00000000000076a0      0x4e7 /tmp/cc4EcrXt.o
 .debug_info    0x0000000000007b87     0x1255 /tmp/cc73EPql.o
 .debug_info    0x0000000000008ddc      0x9fe /tmp/ccy2SZFd.o
 .debug_info    0x00000000000097da      0xd3c /tmp/cck8Z0O6.o
 .debug_info    0x000000000000a516     0x1061 /tmp/ccPUXID0.o
 .debug_info    0x000000000000b577      0xbfc /tmp/cckQS3UU.o
 .debug_info    0x000000000000c173       0x22 /tmp/ccMJKVeP.o

.debug_abbrev   0x0000000000000000     0x207b
 .debug_abbrev  0x0000000000000000      0x359 /tmp/ccVF3Geu.o
 .debug_abbrev  0x0000000000000359      0x1b9 /tmp/cc8wwI6Y.o
 .debug_abbrev  0x0000000000000512      0x1fb /tmp/ccXTfeTu.o
 .debug_abbrev  0x000000000000070d      0x217 /tmp/ccKwYkx5.o
 .debug_abbrev  0x0000000000000924      0x266 /tmp/cc7qCjrM.o
 .debug_abbrev  0x0000000000000b8a      0x281 /tmp/ccgrHxcV.o
 .debug_abbrev  0x0000000000000e0b      0x2d2 /tmp/ccAZngGY.o
 .debug_abbrev  0x00000000000010dd      0x1f9 /tmp/ccQunjWN.o
 .debug_abbrev  0x00000000000012d6      0x192 /tmp/cc4EcrXt.o
 .debug_abbrev  0x0000000000001468      0x2c6 /tmp/cc73EPql.o
 .debug_abbrev  0x000000000000172e      0x1dc /tmp/ccy2SZFd.o
 .debug_abbrev  0x000000000000190a      0x265 /tmp/cck8Z0O6.o
 .debug_abbrev  0x0000000000001b6f      0x2bb /tmp/ccPUXID0.o
 .debug_abbrev  0x0000000000001e2a      0x23f /tmp/cckQS3UU.o
 .debug_abbrev  0x0000000000002069       0x12 /tmp/ccMJKVeP.o

.debug_loc      0x0000000000000000     0x4960
 .debug_loc     0x0000000000000000       0xe7 /tmp/ccVF3Geu.o
 .debug_loc     0x00000000000000e7       0xbc /tmp/cc8wwI6Y.o
 .debug_loc     0x00000000000001a3      0x9a6 /tmp/ccXTfeTu.o
 .debug_loc     0x0000000000000b49      0x5dc /tmp/ccKwYkx5.o
 .debug_loc     0x0000000000001125      0x631 /tmp/cc7qCjrM.o
 .debug_loc     0x0000000000001756      0x6c6 /tmp/ccgrHxcV.o
 .debug_loc     0x0000000000001e1c     0x1c4f /tmp/ccAZngGY.o
 .debug_loc     0x0000000000003a6b      0x800 /tmp/ccQunjWN.o
 .debug_loc     0x000000000000426b      0x16b /tmp/cc4EcrXt.o
 .debug_loc     0x00000000000043d6      0x314 /tmp/cc73EPql.o
 .debug_loc     0x00000000000046ea       0x58 /tmp/ccy2SZFd.o
 .debug_loc     0x0000000000004742      0x13a /tmp/cck8Z0O6.o
 .debug_loc     0x000000000000487c       0x49 /tmp/ccPUXID0.o
 .debug_loc     0x00000000000048c5       0x9b /tmp/cckQS3UU.o

.debug_aranges  0x0000000000000000      0x1f0
 .debug_aranges
                0x0000000000000000       0x28 /tmp/ccVF3Geu.o
 .debug_aranges
                0x0000000000000028       0x20 /tmp/cc8wwI6Y.o
 .debug_aranges
                0x0000000000000048       0x20 /tmp/ccXTfeTu.o
 .debug_aranges
                0x0000000000000068       0x20 /tmp/ccKwYkx5.o
 .debug_aranges
                0x0000000000000088       0x20 /tmp/cc7qCjrM.o
 .debug_aranges
                0x00000000000000a8       0x20 /tmp/ccgrHxcV.o
 .debug_aranges
                0x00000000000000c8       0x20 /tmp/ccAZngGY.o
 .debug_aranges
                0x00000000000000e8       0x20 /tmp/ccQunjWN.o
 .debug_aranges
                0x0000000000000108       0x20 /tmp/cc4EcrXt.o
 .debug_aranges
                0x0000000000000128       0x20 /tmp/cc73EPql.o
 .debug_aranges
                0x0000000000000148       0x20 /tmp/ccy2SZFd.o
 .debug_aranges
                0x0000000000000168       0x20 /tmp/cck8Z0O6.o
 .debug_aranges
                0x0000000000000188       0x20 /tmp/ccPUXID0.o
 .debug_aranges
                0x00000000000001a8       0x20 /tmp/cckQS3UU.o
 .debug_aranges
                0x00000000000001c8       0x28 /tmp/ccMJKVeP.o

.debug_ranges   0x0000000000000000      0x198
 .debug_ranges  0x0000000000000000       0x30 /tmp/ccVF3Geu.o
 .debug_ranges  0x0000000000000030       0x28 /tmp/cc8wwI6Y.o
 .debug_ranges  0x0000000000000058       0x20 /tmp/ccgrHxcV.o
 .debug_ranges  0x0000000000000078       0xd0 /tmp/ccAZngGY.o
 .debug_ranges  0x0000000000000148       0x30 /tmp/ccPUXID0.o
 .debug_ranges  0x0000000000000178       0x20 /tmp/ccMJKVeP.o

.debug_line     0x0000000000000000     0x3463
 .debug_line    0x0000000000000000      0x4a1 /tmp/ccVF3Geu.o
 .debug_line    0x00000000000004a1      0x21c /tmp/cc8wwI6Y.o
 .debug_line    0x00000000000006bd      0x427 /tmp/ccXTfeTu.o
 .debug_line    0x0000000000000ae4      0x385 /tmp/ccKwYkx5.o
 .debug_line    0x0000000000000e69      0x3f9 /tmp/cc7qCjrM.o
 .debug_line    0x0000000000001262      0x3ce /tmp/ccgrHxcV.o
 .debug_line    0x0000000000001630      0x941 /tmp/ccAZngGY.o
 .debug_line    0x0000000000001f71      0x3f6 /tmp/ccQunjWN.o
 .debug_line    0x0000000000002367      0x275 /tmp/cc4EcrXt.o
 .debug_line    0x00000000000025dc      0x352 /tmp/cc73EPql.o
 .debug_line    0x000000000000292e      0x287 /tmp/ccy2SZFd.o
 .debug_line    0x0000000000002bb5      0x2dc /tmp/cck8Z0O6.o
 .debug_line    0x0000000000002e91      0x32f /tmp/ccPUXID0.o
 .debug_line    0x00000000000031c0      0x1cf /tmp/cckQS3UU.o
 .debug_line    0x000000000000338f       0xd4 /tmp/ccMJKVeP.o

.debug_str      0x0000000000000000     0x3211
 .debug_str     0x0000000000000000     0x107a /tmp/ccVF3Geu.o
                                       0x113b (size before relaxing)
 .debug_str     0x000000000000107a      0x13b /tmp/cc8wwI6Y.o
                                        0x339 (size before relaxing)
 .debug_str     0x00000000000011b5      0x430 /tmp/ccXTfeTu.o
                                        0x775 (size before relaxing)
 .debug_str     0x00000000000015e5      0x25c /tmp/ccKwYkx5.o
                                        0x593 (size before relaxing)
 .debug_str     0x0000000000001841      0x471 /tmp/cc7qCjrM.o
                                        0x6f2 (size before relaxing)
 .debug_str     0x0000000000001cb2      0x303 /tmp/ccgrHxcV.o
                                        0x67d (size before relaxing)
 .debug_str     0x0000000000001fb5      0x96e /tmp/ccAZngGY.o
                                        0xe6e (size before relaxing)
 .debug_str     0x0000000000002923      0x42c /tmp/ccQunjWN.o
                                        0x733 (size before relaxing)
 .debug_str     0x0000000000002d4f      0x15f /tmp/cc4EcrXt.o
                                        0x41b (size before relaxing)
 .debug_str     0x0000000000002eae       0x97 /tmp/cc73EPql.o
                                        0x960 (size before relaxing)
 .debug_str     0x0000000000002f45       0x20 /tmp/ccy2SZFd.o
                                        0x661 (size before relaxing)
 .debug_str     0x0000000000002f65       0x3c /tmp/cck8Z0O6.o
                                        0x810 (size before relaxing)
 .debug_str     0x0000000000002fa1       0x96 /tmp/ccPUXID0.o
                                        0xcaa (size before relaxing)
 .debug_str     0x0000000000003037      0x154 /tmp/cckQS3UU.o
                                        0x735 (size before relaxing)
 .debug_str     0x000000000000318b       0x86 /tmp/ccMJKVeP.o
                                         0xb6 (size before relaxing)

.comment        0x0000000000000000       0x7f
 .comment       0x0000000000000000       0x7f /tmp/ccVF3Geu.o
                                         0x80 (size before relaxing)
 .comment       0x000000000000007f       0x80 /tmp/cc8wwI6Y.o
 .comment       0x000000000000007f       0x80 /tmp/ccXTfeTu.o
 .comment       0x000000000000007f       0x80 /tmp/ccKwYkx5.o
 .comment       0x000000000000007f       0x80 /tmp/cc7qCjrM.o
 .comment       0x000000000000007f       0x80 /tmp/ccgrHxcV.o
 .comment       0x000000000000007f       0x80 /tmp/ccAZngGY.o
 .comment       0x000000000000007f       0x80 /tmp/ccQunjWN.o
 .comment       0x000000000000007f       0x80 /tmp/cc4EcrXt.o
 .comment       0x000000000000007f       0x80 /tmp/cc73EPql.o
 .comment       0x000000000000007f       0x80 /tmp/ccy2SZFd.o
 .comment       0x000000000000007f       0x80 /tmp/cck8Z0O6.o
 .comment       0x000000000000007f       0x80 /tmp/ccPUXID0.o
 .comment       0x000000000000007f       0x80 /tmp/cckQS3UU.o
