Archive member included to satisfy reference by file (symbol)

/opt/gcc-arm-none-eabi-7-2018-q2-update/bin/../lib/gcc/arm-none-eabi/7.3.1/../../../../arm-none-eabi/lib/thumb/v7-m/libc_nano.a(lib_a-exit.o)
                              /opt/gcc-arm-none-eabi-7-2018-q2-update/bin/../lib/gcc/arm-none-eabi/7.3.1/../../../../arm-none-eabi/lib/thumb/v7-m/rdimon-crt0.o (exit)
/opt/gcc-arm-none-eabi-7-2018-q2-update/bin/../lib/gcc/arm-none-eabi/7.3.1/../../../../arm-none-eabi/lib/thumb/v7-m/libc_nano.a(lib_a-impure.o)
                              /opt/gcc-arm-none-eabi-7-2018-q2-update/bin/../lib/gcc/arm-none-eabi/7.3.1/../../../../arm-none-eabi/lib/thumb/v7-m/libc_nano.a(lib_a-exit.o) (_global_impure_ptr)
/opt/gcc-arm-none-eabi-7-2018-q2-update/bin/../lib/gcc/arm-none-eabi/7.3.1/../../../../arm-none-eabi/lib/thumb/v7-m/libc_nano.a(lib_a-init.o)
                              /opt/gcc-arm-none-eabi-7-2018-q2-update/bin/../lib/gcc/arm-none-eabi/7.3.1/../../../../arm-none-eabi/lib/thumb/v7-m/rdimon-crt0.o (__libc_init_array)
/opt/gcc-arm-none-eabi-7-2018-q2-update/bin/../lib/gcc/arm-none-eabi/7.3.1/../../../../arm-none-eabi/lib/thumb/v7-m/libc_nano.a(lib_a-memset.o)
                              /opt/gcc-arm-none-eabi-7-2018-q2-update/bin/../lib/gcc/arm-none-eabi/7.3.1/../../../../arm-none-eabi/lib/thumb/v7-m/rdimon-crt0.o (memset)
/opt/gcc-arm-none-eabi-7-2018-q2-update/bin/../lib/gcc/arm-none-eabi/7.3.1/thumb/v7-m/libgcc.a(_arm_addsubdf3.o)
                              /tmp/ccJvbUZT.o (__aeabi_dsub)
/opt/gcc-arm-none-eabi-7-2018-q2-update/bin/../lib/gcc/arm-none-eabi/7.3.1/thumb/v7-m/libgcc.a(_arm_muldivdf3.o)
                              /tmp/ccJvbUZT.o (__aeabi_dmul)
/opt/gcc-arm-none-eabi-7-2018-q2-update/bin/../lib/gcc/arm-none-eabi/7.3.1/thumb/v7-m/libgcc.a(_arm_cmpdf2.o)
                              /tmp/ccJvbUZT.o (__aeabi_dcmplt)
/opt/gcc-arm-none-eabi-7-2018-q2-update/bin/../lib/gcc/arm-none-eabi/7.3.1/thumb/v7-m/libgcc.a(_arm_fixdfsi.o)
                              /tmp/ccJvbUZT.o (__aeabi_d2iz)
/opt/gcc-arm-none-eabi-7-2018-q2-update/bin/../lib/gcc/arm-none-eabi/7.3.1/thumb/v7-m/libgcc.a(_arm_fixunsdfsi.o)
                              /tmp/ccJvbUZT.o (__aeabi_d2uiz)
/opt/gcc-arm-none-eabi-7-2018-q2-update/bin/../lib/gcc/arm-none-eabi/7.3.1/../../../../arm-none-eabi/lib/thumb/v7-m/libg_nano.a(lib_a-sprintf.o)
                              /tmp/ccJvbUZT.o (sprintf)
/opt/gcc-arm-none-eabi-7-2018-q2-update/bin/../lib/gcc/arm-none-eabi/7.3.1/../../../../arm-none-eabi/lib/thumb/v7-m/libg_nano.a(lib_a-nano-svfprintf.o)
                              /opt/gcc-arm-none-eabi-7-2018-q2-update/bin/../lib/gcc/arm-none-eabi/7.3.1/../../../../arm-none-eabi/lib/thumb/v7-m/libg_nano.a(lib_a-sprintf.o) (_svfprintf_r)
/opt/gcc-arm-none-eabi-7-2018-q2-update/bin/../lib/gcc/arm-none-eabi/7.3.1/../../../../arm-none-eabi/lib/thumb/v7-m/libg_nano.a(lib_a-nano-vfprintf_i.o)
                              /opt/gcc-arm-none-eabi-7-2018-q2-update/bin/../lib/gcc/arm-none-eabi/7.3.1/../../../../arm-none-eabi/lib/thumb/v7-m/libg_nano.a(lib_a-nano-svfprintf.o) (_printf_i)
/opt/gcc-arm-none-eabi-7-2018-q2-update/bin/../lib/gcc/arm-none-eabi/7.3.1/../../../../arm-none-eabi/lib/thumb/v7-m/libg_nano.a(lib_a-memchr-stub.o)
                              /opt/gcc-arm-none-eabi-7-2018-q2-update/bin/../lib/gcc/arm-none-eabi/7.3.1/../../../../arm-none-eabi/lib/thumb/v7-m/libg_nano.a(lib_a-nano-svfprintf.o) (memchr)
/opt/gcc-arm-none-eabi-7-2018-q2-update/bin/../lib/gcc/arm-none-eabi/7.3.1/../../../../arm-none-eabi/lib/thumb/v7-m/libg_nano.a(lib_a-memcpy-stub.o)
                              /opt/gcc-arm-none-eabi-7-2018-q2-update/bin/../lib/gcc/arm-none-eabi/7.3.1/../../../../arm-none-eabi/lib/thumb/v7-m/libg_nano.a(lib_a-nano-svfprintf.o) (memcpy)
/opt/gcc-arm-none-eabi-7-2018-q2-update/bin/../lib/gcc/arm-none-eabi/7.3.1/../../../../arm-none-eabi/lib/thumb/v7-m/libg_nano.a(lib_a-memmove.o)
                              /opt/gcc-arm-none-eabi-7-2018-q2-update/bin/../lib/gcc/arm-none-eabi/7.3.1/../../../../arm-none-eabi/lib/thumb/v7-m/libg_nano.a(lib_a-nano-svfprintf.o) (memmove)
/opt/gcc-arm-none-eabi-7-2018-q2-update/bin/../lib/gcc/arm-none-eabi/7.3.1/../../../../arm-none-eabi/lib/thumb/v7-m/libg_nano.a(lib_a-nano-freer.o)
                              /opt/gcc-arm-none-eabi-7-2018-q2-update/bin/../lib/gcc/arm-none-eabi/7.3.1/../../../../arm-none-eabi/lib/thumb/v7-m/libg_nano.a(lib_a-nano-svfprintf.o) (_free_r)
/opt/gcc-arm-none-eabi-7-2018-q2-update/bin/../lib/gcc/arm-none-eabi/7.3.1/../../../../arm-none-eabi/lib/thumb/v7-m/libg_nano.a(lib_a-nano-mallocr.o)
                              /opt/gcc-arm-none-eabi-7-2018-q2-update/bin/../lib/gcc/arm-none-eabi/7.3.1/../../../../arm-none-eabi/lib/thumb/v7-m/libg_nano.a(lib_a-nano-svfprintf.o) (_malloc_r)
/opt/gcc-arm-none-eabi-7-2018-q2-update/bin/../lib/gcc/arm-none-eabi/7.3.1/../../../../arm-none-eabi/lib/thumb/v7-m/libg_nano.a(lib_a-nano-reallocr.o)
[...]
Memory Configuration

Name             Origin             Length             Attributes
FLASH            0x0000000008000000 0x0000000000020000 xr
RAM              0x0000000020000000 0x0000000000005000 xrw
MEMORY_B1        0x0000000060000000 0x0000000000000000 xr
*default*        0x0000000000000000 0xffffffffffffffff

Linker script and memory map

LOAD /opt/gcc-arm-none-eabi-7-2018-q2-update/bin/../lib/gcc/arm-none-eabi/7.3.1/thumb/v7-m/crti.o
LOAD /opt/gcc-arm-none-eabi-7-2018-q2-update/bin/../lib/gcc/arm-none-eabi/7.3.1/thumb/v7-m/crtbegin.o
LOAD /opt/gcc-arm-none-eabi-7-2018-q2-update/bin/../lib/gcc/arm-none-eabi/7.3.1/../../../../arm-none-eabi/lib/thumb/v7-m/rdimon-crt0.o
LOAD /opt/gcc-arm-none-eabi-7-2018-q2-update/bin/../lib/gcc/arm-none-eabi/7.3.1/thumb/v7-m/libgcc.a
LOAD /opt/gcc-arm-none-eabi-7-2018-q2-update/bin/../lib/gcc/arm-none-eabi/7.3.1/../../../../arm-none-eabi/lib/thumb/v7-m/libc_nano.a
LOAD /opt/gcc-arm-none-eabi-7-2018-q2-update/bin/../lib/gcc/arm-none-eabi/7.3.1/../../../../arm-none-eabi/lib/thumb/v7-m/libm.a
LOAD /tmp/ccJvbUZT.o
LOAD /tmp/ccDs2hFh.o
LOAD /tmp/ccdoc0CG.o
LOAD /tmp/cc6xcki6.o
LOAD /tmp/cc5vJpfy.o
LOAD /tmp/ccz2M770.o
LOAD /tmp/ccCe74zu.o
LOAD /tmp/ccLscsQY.o
LOAD /tmp/cccQd8qt.o
LOAD /tmp/cc6gkfEY.o
LOAD /tmp/ccMFldiu.o
LOAD /tmp/ccHx2AU0.o
LOAD /tmp/ccMADJry.o
LOAD /tmp/ccv88MG6.o
LOAD /tmp/ccLGvXQF.o
LOAD /tmp/cckEiBmf.o
LOAD /tmp/cc4PcbgP.o
LOAD /tmp/ccgYlzVp.o
LOAD /tmp/ccSJzj60.o
LOAD /tmp/ccKA1BTC.o
LOAD /tmp/cc7yNbrf.o
LOAD /tmp/ccuAdYnU.o
LOAD /tmp/ccp4q6HA.o
LOAD /tmp/ccM3BXEh.o
LOAD /tmp/ccXOChcZ.o
LOAD /tmp/cccnibPH.o
LOAD /tmp/ccKODD7q.o
LOAD /tmp/cc9MRb9a.o
LOAD /tmp/ccrPu34V.o
LOAD /tmp/ccqthTuH.o
LOAD /tmp/cclsrPYs.o
START GROUP
LOAD /opt/gcc-arm-none-eabi-7-2018-q2-update/bin/../lib/gcc/arm-none-eabi/7.3.1/thumb/v7-m/libgcc.a
LOAD /opt/gcc-arm-none-eabi-7-2018-q2-update/bin/../lib/gcc/arm-none-eabi/7.3.1/../../../../arm-none-eabi/lib/thumb/v7-m/libg_nano.a
LOAD /opt/gcc-arm-none-eabi-7-2018-q2-update/bin/../lib/gcc/arm-none-eabi/7.3.1/../../../../arm-none-eabi/lib/thumb/v7-m/libc_nano.a
END GROUP
START GROUP
LOAD /opt/gcc-arm-none-eabi-7-2018-q2-update/bin/../lib/gcc/arm-none-eabi/7.3.1/thumb/v7-m/libgcc.a
LOAD /opt/gcc-arm-none-eabi-7-2018-q2-update/bin/../lib/gcc/arm-none-eabi/7.3.1/../../../../arm-none-eabi/lib/thumb/v7-m/libc_nano.a
LOAD /opt/gcc-arm-none-eabi-7-2018-q2-update/bin/../lib/gcc/arm-none-eabi/7.3.1/../../../../arm-none-eabi/lib/thumb/v7-m/librdimon_nano.a
END GROUP
START GROUP
LOAD /opt/gcc-arm-none-eabi-7-2018-q2-update/bin/../lib/gcc/arm-none-eabi/7.3.1/thumb/v7-m/libgcc.a
LOAD /opt/gcc-arm-none-eabi-7-2018-q2-update/bin/../lib/gcc/arm-none-eabi/7.3.1/../../../../arm-none-eabi/lib/thumb/v7-m/libc_nano.a
LOAD /opt/gcc-arm-none-eabi-7-2018-q2-update/bin/../lib/gcc/arm-none-eabi/7.3.1/../../../../arm-none-eabi/lib/thumb/v7-m/librdimon_nano.a
END GROUP
LOAD /opt/gcc-arm-none-eabi-7-2018-q2-update/bin/../lib/gcc/arm-none-eabi/7.3.1/thumb/v7-m/crtend.o
LOAD /opt/gcc-arm-none-eabi-7-2018-q2-update/bin/../lib/gcc/arm-none-eabi/7.3.1/thumb/v7-m/crtn.o
                0x0000000020005000                _estack = 0x20005000
                0x0000000000000000                _Min_Heap_Size = 0x0
                0x0000000000000100                _Min_Stack_Size = 0x100

.isr_vector     0x0000000008000000      0x10c
                0x0000000008000000                . = ALIGN (0x4)
 *(.isr_vector)
 .isr_vector    0x0000000008000000      0x10c /tmp/cclsrPYs.o
                0x0000000008000000                g_pfnVectors
                0x000000000800010c                . = ALIGN (0x4)

.eh_frame       0x000000000800010c        0x0
 .eh_frame      0x000000000800010c        0x0 /opt/gcc-arm-none-eabi-7-2018-q2-update/bin/../lib/gcc/arm-none-eabi/7.3.1/thumb/v7-m/crtbegin.o

.text           0x0000000008000110     0x43f4
                0x0000000008000110                . = ALIGN (0x4)
 *(.text)
 .text          0x0000000008000110       0x40 /opt/gcc-arm-none-eabi-7-2018-q2-update/bin/../lib/gcc/arm-none-eabi/7.3.1/thumb/v7-m/crtbegin.o
 .text          0x0000000008000150      0x3b8 /tmp/ccJvbUZT.o
                0x0000000008000150                adc_init
                0x00000000080001d8                tim_init
                0x0000000008000230                getTemp
                0x0000000008000368                TIM4_IRQHandler
 .text          0x0000000008000508      0x15c /tmp/ccDs2hFh.o
                0x0000000008000508                SystemInit
                0x000000000800060c                SystemCoreClockUpdate
 .text          0x0000000008000664      0x398 /tmp/ccdoc0CG.o
                0x0000000008000664                ADC_DeInit
                0x00000000080006d0                ADC_Init
                0x0000000008000718                ADC_StructInit
                0x000000000800072c                ADC_Cmd
                0x0000000008000740                ADC_DMACmd
                0x0000000008000754                ADC_ITConfig
                0x0000000008000768                ADC_ResetCalibration
                0x0000000008000774                ADC_GetResetCalibrationStatus
                0x000000000800077c                ADC_StartCalibration
                0x0000000008000788                ADC_GetCalibrationStatus
                0x0000000008000790                ADC_SoftwareStartConvCmd
                0x00000000080007a4                ADC_GetSoftwareStartConvStatus
                0x00000000080007ac                ADC_DiscModeChannelCountConfig
                0x00000000080007bc                ADC_DiscModeCmd
                0x00000000080007d0                ADC_RegularChannelConfig
                0x0000000008000860                ADC_ExternalTrigConvCmd
                0x0000000008000874                ADC_GetConversionValue
                0x000000000800087c                ADC_GetDualModeConversionValue
                0x0000000008000888                ADC_AutoInjectedConvCmd
                0x000000000800089c                ADC_InjectedDiscModeCmd
                0x00000000080008b0                ADC_ExternalTrigInjectedConvConfig
                0x00000000080008bc                ADC_ExternalTrigInjectedConvCmd
                0x00000000080008d0                ADC_SoftwareStartInjectedConvCmd
                0x00000000080008e4                ADC_GetSoftwareStartInjectedConvCmdStatus
                0x00000000080008ec                ADC_InjectedChannelConfig
                0x0000000008000944                ADC_InjectedSequencerLengthConfig
                0x0000000008000954                ADC_SetInjectedOffset
                0x000000000800096c                ADC_GetInjectedConversionValue
                0x0000000008000988                ADC_AnalogWatchdogCmd
                0x0000000008000998                ADC_AnalogWatchdogThresholdsConfig
                0x00000000080009a0                ADC_AnalogWatchdogSingleChannelConfig
                0x00000000080009ac                ADC_TempSensorVrefintCmd
                0x00000000080009c8                ADC_GetFlagStatus
                0x00000000080009d4                ADC_ClearFlag
                0x00000000080009dc                ADC_GetITStatus
                0x00000000080009f4                ADC_ClearITPendingBit
 .text          0x00000000080009fc      0x2e0 /tmp/ccv88MG6.o
                0x00000000080009fc                GPIO_DeInit
                0x0000000008000ad8                GPIO_AFIODeInit
                0x0000000008000af0                GPIO_Init
                0x0000000008000bac                GPIO_StructInit
                0x0000000008000bbc                GPIO_ReadInputDataBit
                0x0000000008000bc8                GPIO_ReadInputData
                0x0000000008000bd0                GPIO_ReadOutputDataBit
                0x0000000008000bdc                GPIO_ReadOutputData
                0x0000000008000be4                GPIO_SetBits
                0x0000000008000be8                GPIO_ResetBits
                0x0000000008000bec                GPIO_WriteBit
                0x0000000008000bf8                GPIO_Write
                0x0000000008000bfc                GPIO_PinLockConfig
                0x0000000008000c0c                GPIO_EventOutputConfig
                0x0000000008000c28                GPIO_EventOutputCmd
                0x0000000008000c34                GPIO_PinRemapConfig
                0x0000000008000ca0                GPIO_EXTILineConfig
                0x0000000008000cd0                GPIO_ETH_MediaInterfaceConfig
 .text          0x0000000008000cdc      0x3a4 /tmp/ccLGvXQF.o
                0x0000000008000cdc                I2C_DeInit
                0x0000000008000d18                I2C_Init
                0x0000000008000de8                I2C_StructInit
                0x0000000008000e08                I2C_Cmd
                0x0000000008000e20                I2C_DMACmd
                0x0000000008000e38                I2C_DMALastTransferCmd
                0x0000000008000e50                I2C_GenerateSTART
                0x0000000008000e68                I2C_GenerateSTOP
                0x0000000008000e80                I2C_AcknowledgeConfig
                0x0000000008000e98                I2C_OwnAddress2Config
                0x0000000008000eac                I2C_DualAddressCmd
                0x0000000008000ec4                I2C_GeneralCallCmd
                0x0000000008000edc                I2C_ITConfig
                0x0000000008000ef0                I2C_SendData
                0x0000000008000ef4                I2C_ReceiveData
                0x0000000008000efc                I2C_Send7bitAddress
                0x0000000008000f14                I2C_ReadRegister
                0x0000000008000f2c                I2C_SoftwareResetCmd
                0x0000000008000f40                I2C_NACKPositionConfig
                0x0000000008000f58                I2C_SMBusAlertConfig
                0x0000000008000f70                I2C_TransmitPEC
                0x0000000008000f88                I2C_PECPositionConfig
                0x0000000008000f8c                I2C_CalculatePEC
                0x0000000008000fa4                I2C_GetPEC
                0x0000000008000fac                I2C_ARPCmd
                0x0000000008000fc4                I2C_StretchClockCmd
                0x0000000008000fdc                I2C_FastModeDutyCycleConfig
                0x0000000008000ff4                I2C_CheckEvent
                0x000000000800100c                I2C_GetLastEvent
                0x000000000800101c                I2C_GetFlagStatus
                0x0000000008001054                I2C_ClearFlag
                0x000000000800105c                I2C_GetITStatus
                0x0000000008001078                I2C_ClearITPendingBit
 .text          0x0000000008001080      0x354 /tmp/ccgYlzVp.o
                0x0000000008001080                RCC_DeInit
                0x00000000080010c0                RCC_HSEConfig
                0x00000000080010f8                RCC_WaitForHSEStartUp
                0x0000000008001128                RCC_AdjustHSICalibrationValue
                0x000000000800113c                RCC_HSICmd
                0x0000000008001148                RCC_PLLConfig
                0x000000000800115c                RCC_PLLCmd
                0x0000000008001168                RCC_SYSCLKConfig
                0x000000000800117c                RCC_GetSYSCLKSource
                0x000000000800118c                RCC_HCLKConfig
                0x00000000080011a0                RCC_PCLK1Config
                0x00000000080011b4                RCC_PCLK2Config
                0x00000000080011c8                RCC_ITConfig
                0x00000000080011e0                RCC_USBCLKConfig
                0x00000000080011ec                RCC_ADCCLKConfig
                0x0000000008001200                RCC_LSEConfig
                0x0000000008001220                RCC_LSICmd
                0x000000000800122c                RCC_RTCCLKConfig
                0x000000000800123c                RCC_RTCCLKCmd
                0x0000000008001248                RCC_GetClocksFreq
                0x00000000080012d4                RCC_AHBPeriphClockCmd
                0x00000000080012ec                RCC_APB2PeriphClockCmd
                0x0000000008001304                RCC_APB1PeriphClockCmd
                0x000000000800131c                RCC_APB2PeriphResetCmd
                0x0000000008001334                RCC_APB1PeriphResetCmd
                0x000000000800134c                RCC_BackupResetCmd
                0x0000000008001358                RCC_ClockSecuritySystemCmd
                0x0000000008001364                RCC_MCOConfig
                0x0000000008001370                RCC_GetFlagStatus
                0x00000000080013a4                RCC_ClearFlag
                0x00000000080013b4                RCC_GetITStatus
                0x00000000080013c8                RCC_ClearITPendingBit
 .text          0x00000000080013d4      0xdb0 /tmp/ccuAdYnU.o
                0x00000000080014cc                TIM_DeInit
                0x00000000080016fc                TIM_TimeBaseInit
                0x00000000080017a8                TIM_OC1Init
                0x0000000008001830                TIM_OC2Init
                0x00000000080018b4                TIM_OC3Init
                0x0000000008001938                TIM_OC4Init
                0x00000000080019a4                TIM_ICInit
                0x0000000008001b0c                TIM_PWMIConfig
                0x0000000008001ba8                TIM_BDTRConfig
                0x0000000008001bcc                TIM_TimeBaseStructInit
                0x0000000008001be0                TIM_OCStructInit
                0x0000000008001bf4                TIM_ICStructInit
                0x0000000008001c04                TIM_BDTRStructInit
                0x0000000008001c18                TIM_Cmd
                0x0000000008001c30                TIM_CtrlPWMOutputs
                0x0000000008001c4c                TIM_ITConfig
                0x0000000008001c60                TIM_GenerateEvent
                0x0000000008001c64                TIM_DMAConfig
                0x0000000008001c6c                TIM_DMACmd
                0x0000000008001c70                TIM_InternalClockConfig
                0x0000000008001c80                TIM_ITRxExternalClockConfig
                0x0000000008001c98                TIM_TIxExternalClockConfig
                0x0000000008001ccc                TIM_ETRClockMode1Config
                0x0000000008001cf4                TIM_ETRClockMode2Config
                0x0000000008001d14                TIM_ETRConfig
                0x0000000008001d2c                TIM_PrescalerConfig
                0x0000000008001d34                TIM_CounterModeConfig
                0x0000000008001d44                TIM_SelectInputTrigger
                0x0000000008001d54                TIM_EncoderInterfaceConfig
                0x0000000008001d90                TIM_ForcedOC1Config
                0x0000000008001da0                TIM_ForcedOC2Config
                0x0000000008001db4                TIM_ForcedOC3Config
                0x0000000008001dc4                TIM_ForcedOC4Config
                0x0000000008001dd8                TIM_ARRPreloadConfig
                0x0000000008001df0                TIM_SelectCOM
                0x0000000008001e08                TIM_SelectCCDMA
                0x0000000008001e20                TIM_CCPreloadControl
                0x0000000008001e38                TIM_OC1PreloadConfig
                0x0000000008001e48                TIM_OC2PreloadConfig
                0x0000000008001e5c                TIM_OC3PreloadConfig
                0x0000000008001e6c                TIM_OC4PreloadConfig
                0x0000000008001e80                TIM_OC1FastConfig
                0x0000000008001e90                TIM_OC2FastConfig
                0x0000000008001ea4                TIM_OC3FastConfig
                0x0000000008001eb4                TIM_OC4FastConfig
                0x0000000008001ec8                TIM_ClearOC1Ref
                0x0000000008001ed8                TIM_ClearOC2Ref
                0x0000000008001ee8                TIM_ClearOC3Ref
                0x0000000008001ef8                TIM_ClearOC4Ref
                0x0000000008001f08                TIM_OC1PolarityConfig
                0x0000000008001f18                TIM_OC1NPolarityConfig
                0x0000000008001f28                TIM_OC2PolarityConfig
                0x0000000008001f3c                TIM_OC2NPolarityConfig
                0x0000000008001f50                TIM_OC3PolarityConfig
                0x0000000008001f64                TIM_OC3NPolarityConfig
                0x0000000008001f78                TIM_OC4PolarityConfig
                0x0000000008001f8c                TIM_CCxCmd
                0x0000000008001fac                TIM_CCxNCmd
                0x0000000008001fcc                TIM_SelectOCxM
                0x0000000008002014                TIM_UpdateDisableConfig
                0x000000000800202c                TIM_UpdateRequestConfig
                0x0000000008002044                TIM_SelectHallSensor
                0x000000000800205c                TIM_SelectOnePulseMode
                0x0000000008002070                TIM_SelectOutputTrigger
                0x0000000008002084                TIM_SelectSlaveMode
                0x0000000008002098                TIM_SelectMasterSlaveMode
                0x00000000080020ac                TIM_SetCounter
                0x00000000080020b0                TIM_SetAutoreload
                0x00000000080020b4                TIM_SetCompare1
                0x00000000080020b8                TIM_SetCompare2
                0x00000000080020bc                TIM_SetCompare3
                0x00000000080020c0                TIM_SetCompare4
                0x00000000080020c8                TIM_SetIC1Prescaler
                0x00000000080020dc                TIM_SetIC2Prescaler
                0x00000000080020f4                TIM_SetIC3Prescaler
                0x0000000008002108                TIM_SetIC4Prescaler
                0x0000000008002120                TIM_SetClockDivision
                0x0000000008002134                TIM_GetCapture1
                0x0000000008002138                TIM_GetCapture2
                0x000000000800213c                TIM_GetCapture3
                0x0000000008002140                TIM_GetCapture4
                0x0000000008002148                TIM_GetCounter
                0x000000000800214c                TIM_GetPrescaler
                0x0000000008002150                TIM_GetFlagStatus
                0x000000000800215c                TIM_ClearFlag
                0x0000000008002164                TIM_GetITStatus
                0x000000000800217c                TIM_ClearITPendingBit
 .text          0x0000000008002184      0x3b8 /tmp/ccp4q6HA.o
                0x0000000008002184                USART_DeInit
                0x0000000008002234                USART_Init
                0x00000000080022e8                USART_StructInit
                0x00000000080022fc                USART_ClockInit
                0x000000000800231c                USART_ClockStructInit
                0x0000000008002328                USART_Cmd
                0x0000000008002340                USART_ITConfig
                0x0000000008002378                USART_DMACmd
                0x000000000800238c                USART_SetAddress
                0x00000000080023a0                USART_WakeUpConfig
                0x00000000080023b4                USART_ReceiverWakeUpCmd
                0x00000000080023cc                USART_LINBreakDetectLengthConfig
                0x00000000080023e0                USART_LINCmd
                0x00000000080023f8                USART_SendData
                0x0000000008002400                USART_ReceiveData
                0x0000000008002408                USART_SendBreak
                0x0000000008002414                USART_SetGuardTime
                0x0000000008002424                USART_SetPrescaler
                0x0000000008002434                USART_SmartCardCmd
                0x000000000800244c                USART_SmartCardNACKCmd
                0x0000000008002464                USART_HalfDuplexCmd
                0x000000000800247c                USART_OverSampling8Cmd
                0x0000000008002490                USART_OneBitMethodCmd
                0x00000000080024a8                USART_IrDAConfig
                0x00000000080024bc                USART_IrDACmd
                0x00000000080024d4                USART_GetFlagStatus
                0x00000000080024e0                USART_ClearFlag
                0x00000000080024e8                USART_GetITStatus
                0x000000000800252c                USART_ClearITPendingBit
 .text          0x000000000800253c       0xb0 /tmp/ccXOChcZ.o
                0x000000000800253c                NVIC_PriorityGroupConfig
                0x0000000008002550                NVIC_Init
                0x00000000080025a8                NVIC_SetVectorTable
                0x00000000080025bc                NVIC_SystemLPConfig
                0x00000000080025d4                SysTick_CLKSourceConfig
 .text          0x00000000080025ec      0x2a8 /tmp/cccnibPH.o
                0x00000000080025ec                I2C1_init
                0x000000000800266c                I2C_SendByteByADDR
                0x00000000080026e0                sendhalfbyte
                0x0000000008002728                sendbyte
                0x0000000008002764                sendcharlcd
                0x000000000800276c                setpos
                0x00000000080027b0                lcd_init
                0x000000000800283c                clearlcd
                0x0000000008002854                str_lcd
                0x000000000800286c                createChar
 .text          0x0000000008002894       0x80 /tmp/ccKODD7q.o
                0x0000000008002894                _delay_ms
                0x00000000080028c8                _delay_us
                0x00000000080028fc                get_cpuFreq
 .text          0x0000000008002914       0xbc /tmp/cc9MRb9a.o
                0x0000000008002914                put32b
                0x000000000800297c                make32b
                0x0000000008002998                buzzerInit
 .text          0x00000000080029d0      0x1ac /tmp/ccrPu34V.o
                0x00000000080029f0                USART_init
                0x0000000008002a90                USART1_IRQHandler
                0x0000000008002b1c                packetHandler
                0x0000000008002b2c                processPacket
                0x0000000008002b54                USART_SendString
 .text          0x0000000008002b7c       0x3c /tmp/ccqthTuH.o
                0x0000000008002b7c                _sbrk
                0x0000000008002b98                link
                0x0000000008002ba0                _fstat
                0x0000000008002bac                _read
                0x0000000008002bb0                _write
                0x0000000008002bb4                abort
 .text          0x0000000008002bb8      0x378 /opt/gcc-arm-none-eabi-7-2018-q2-update/bin/../lib/gcc/arm-none-eabi/7.3.1/thumb/v7-m/libgcc.a(_arm_addsubdf3.o)
                0x0000000008002bb8                __aeabi_drsub
                0x0000000008002bc0                __aeabi_dsub
                0x0000000008002bc0                __subdf3
                0x0000000008002bc4                __adddf3
                0x0000000008002bc4                __aeabi_dadd
                0x0000000008002e3c                __aeabi_ui2d
                0x0000000008002e3c                __floatunsidf
                0x0000000008002e5c                __floatsidf
                0x0000000008002e5c                __aeabi_i2d
                0x0000000008002e80                __extendsfdf2
                0x0000000008002e80                __aeabi_f2d
                0x0000000008002ec4                __aeabi_ul2d
                0x0000000008002ec4                __floatundidf
                0x0000000008002ed4                __floatdidf
                0x0000000008002ed4                __aeabi_l2d
 .text          0x0000000008002f30      0x424 /opt/gcc-arm-none-eabi-7-2018-q2-update/bin/../lib/gcc/arm-none-eabi/7.3.1/thumb/v7-m/libgcc.a(_arm_muldivdf3.o)
                0x0000000008002f30                __aeabi_dmul
                0x0000000008002f30                __muldf3
                0x0000000008003184                __aeabi_ddiv
                0x0000000008003184                __divdf3
 .text          0x0000000008003354      0x110 /opt/gcc-arm-none-eabi-7-2018-q2-update/bin/../lib/gcc/arm-none-eabi/7.3.1/thumb/v7-m/libgcc.a(_arm_cmpdf2.o)
                0x0000000008003354                __gtdf2
                0x0000000008003354                __gedf2
                0x000000000800335c                __ltdf2
                0x000000000800335c                __ledf2
                0x0000000008003364                __cmpdf2
                0x0000000008003364                __eqdf2
                0x0000000008003364                __nedf2
                0x00000000080033e0                __aeabi_cdrcmple
                0x00000000080033f0                __aeabi_cdcmple
                0x00000000080033f0                __aeabi_cdcmpeq
                0x0000000008003400                __aeabi_dcmpeq
                0x0000000008003414                __aeabi_dcmplt
                0x0000000008003428                __aeabi_dcmple
                0x000000000800343c                __aeabi_dcmpge
                0x0000000008003450                __aeabi_dcmpgt
 .text          0x0000000008003464       0x50 /opt/gcc-arm-none-eabi-7-2018-q2-update/bin/../lib/gcc/arm-none-eabi/7.3.1/thumb/v7-m/libgcc.a(_arm_fixdfsi.o)
                0x0000000008003464                __fixdfsi
                0x0000000008003464                __aeabi_d2iz
 .text          0x00000000080034b4       0x40 /opt/gcc-arm-none-eabi-7-2018-q2-update/bin/../lib/gcc/arm-none-eabi/7.3.1/thumb/v7-m/libgcc.a(_arm_fixunsdfsi.o)
                0x00000000080034b4                __fixunsdfsi
                0x00000000080034b4                __aeabi_d2uiz
 .text          0x00000000080034f4       0x2c /opt/gcc-arm-none-eabi-7-2018-q2-update/bin/../lib/gcc/arm-none-eabi/7.3.1/thumb/v7-m/libgcc.a(_arm_unorddf2.o)
                0x00000000080034f4                __aeabi_dcmpun
                0x00000000080034f4                __unorddf2
 *(.text*)
 .text.__libc_init_array
                0x0000000008003520       0x48 /opt/gcc-arm-none-eabi-7-2018-q2-update/bin/../lib/gcc/arm-none-eabi/7.3.1/../../../../arm-none-eabi/lib/thumb/v7-m/libc_nano.a(lib_a-init.o)
                0x0000000008003520                __libc_init_array
 .text.startup  0x0000000008003568      0x1bc /tmp/ccJvbUZT.o
                0x0000000008003568                main
 .text.Reset_Handler
                0x0000000008003724       0x48 /tmp/cclsrPYs.o
                0x0000000008003724                Reset_Handler
 .text.Default_Handler
                0x000000000800376c        0x2 /tmp/cclsrPYs.o
                0x000000000800376c                EXTI2_IRQHandler
                0x000000000800376c                DebugMon_Handler
                0x000000000800376c                TIM1_CC_IRQHandler
                0x000000000800376c                HardFault_Handler
                0x000000000800376c                SysTick_Handler
                0x000000000800376c                PVD_IRQHandler
                0x000000000800376c                PendSV_Handler
                0x000000000800376c                NMI_Handler
                0x000000000800376c                EXTI3_IRQHandler
                0x000000000800376c                EXTI0_IRQHandler
                0x000000000800376c                I2C2_EV_IRQHandler
                0x000000000800376c                UsageFault_Handler
                0x000000000800376c                ADC1_2_IRQHandler
                0x000000000800376c                SPI1_IRQHandler
                0x000000000800376c                TAMPER_IRQHandler
                0x000000000800376c                DMA1_Channel4_IRQHandler
                0x000000000800376c                USART3_IRQHandler
                0x000000000800376c                RTC_IRQHandler
                0x000000000800376c                DMA1_Channel7_IRQHandler
                0x000000000800376c                CAN1_RX1_IRQHandler
                0x000000000800376c                I2C1_EV_IRQHandler
                0x000000000800376c                DMA1_Channel6_IRQHandler
                0x000000000800376c                TIM3_IRQHandler
                0x000000000800376c                RCC_IRQHandler
                0x000000000800376c                TIM1_TRG_COM_IRQHandler
                0x000000000800376c                DMA1_Channel1_IRQHandler
                0x000000000800376c                Default_Handler
                0x000000000800376c                EXTI15_10_IRQHandler
                0x000000000800376c                EXTI9_5_IRQHandler
                0x000000000800376c                SPI2_IRQHandler
                0x000000000800376c                MemManage_Handler
                0x000000000800376c                SVC_Handler
                0x000000000800376c                DMA1_Channel5_IRQHandler
                0x000000000800376c                EXTI4_IRQHandler
                0x000000000800376c                USB_LP_CAN1_RX0_IRQHandler
                0x000000000800376c                USB_HP_CAN1_TX_IRQHandler
                0x000000000800376c                DMA1_Channel3_IRQHandler
                0x000000000800376c                TIM1_UP_IRQHandler
                0x000000000800376c                WWDG_IRQHandler
                0x000000000800376c                TIM2_IRQHandler
                0x000000000800376c                TIM1_BRK_IRQHandler
                0x000000000800376c                EXTI1_IRQHandler
                0x000000000800376c                RTCAlarm_IRQHandler
                0x000000000800376c                USART2_IRQHandler
                0x000000000800376c                I2C2_ER_IRQHandler
                0x000000000800376c                DMA1_Channel2_IRQHandler
                0x000000000800376c                CAN1_SCE_IRQHandler
                0x000000000800376c                FLASH_IRQHandler
                0x000000000800376c                BusFault_Handler
                0x000000000800376c                I2C1_ER_IRQHandler
                0x000000000800376c                USBWakeUp_IRQHandler
 *fill*         0x000000000800376e        0x2 
 .text.sprintf  0x0000000008003770       0x40 /opt/gcc-arm-none-eabi-7-2018-q2-update/bin/../lib/gcc/arm-none-eabi/7.3.1/../../../../arm-none-eabi/lib/thumb/v7-m/libg_nano.a(lib_a-sprintf.o)
                0x0000000008003770                sprintf
                0x0000000008003770                siprintf
 .text.__ssputs_r
                0x00000000080037b0       0xb4 /opt/gcc-arm-none-eabi-7-2018-q2-update/bin/../lib/gcc/arm-none-eabi/7.3.1/../../../../arm-none-eabi/lib/thumb/v7-m/libg_nano.a(lib_a-nano-svfprintf.o)
                0x00000000080037b0                __ssputs_r
 .text._svfprintf_r
                0x0000000008003864      0x1f0 /opt/gcc-arm-none-eabi-7-2018-q2-update/bin/../lib/gcc/arm-none-eabi/7.3.1/../../../../arm-none-eabi/lib/thumb/v7-m/libg_nano.a(lib_a-nano-svfprintf.o)
                0x0000000008003864                _svfprintf_r
                0x0000000008003864                _svfiprintf_r
 .text._printf_common
                0x0000000008003a54       0xec /opt/gcc-arm-none-eabi-7-2018-q2-update/bin/../lib/gcc/arm-none-eabi/7.3.1/../../../../arm-none-eabi/lib/thumb/v7-m/libg_nano.a(lib_a-nano-vfprintf_i.o)
                0x0000000008003a54                _printf_common
 .text._printf_i
                0x0000000008003b40      0x224 /opt/gcc-arm-none-eabi-7-2018-q2-update/bin/../lib/gcc/arm-none-eabi/7.3.1/../../../../arm-none-eabi/lib/thumb/v7-m/libg_nano.a(lib_a-nano-vfprintf_i.o)
                0x0000000008003b40                _printf_i
 .text.memchr   0x0000000008003d64       0x1c /opt/gcc-arm-none-eabi-7-2018-q2-update/bin/../lib/gcc/arm-none-eabi/7.3.1/../../../../arm-none-eabi/lib/thumb/v7-m/libg_nano.a(lib_a-memchr-stub.o)
                0x0000000008003d64                memchr
 .text.memcpy   0x0000000008003d80       0x16 /opt/gcc-arm-none-eabi-7-2018-q2-update/bin/../lib/gcc/arm-none-eabi/7.3.1/../../../../arm-none-eabi/lib/thumb/v7-m/libg_nano.a(lib_a-memcpy-stub.o)
                0x0000000008003d80                memcpy
 .text.memmove  0x0000000008003d96       0x32 /opt/gcc-arm-none-eabi-7-2018-q2-update/bin/../lib/gcc/arm-none-eabi/7.3.1/../../../../arm-none-eabi/lib/thumb/v7-m/libg_nano.a(lib_a-memmove.o)
                0x0000000008003d96                memmove
 .text._free_r  0x0000000008003dc8       0x98 /opt/gcc-arm-none-eabi-7-2018-q2-update/bin/../lib/gcc/arm-none-eabi/7.3.1/../../../../arm-none-eabi/lib/thumb/v7-m/libg_nano.a(lib_a-nano-freer.o)
                0x0000000008003dc8                _free_r
 .text._malloc_r
                0x0000000008003e60       0xb4 /opt/gcc-arm-none-eabi-7-2018-q2-update/bin/../lib/gcc/arm-none-eabi/7.3.1/../../../../arm-none-eabi/lib/thumb/v7-m/libg_nano.a(lib_a-nano-mallocr.o)
                0x0000000008003e60                _malloc_r
 .text._realloc_r
                0x0000000008003f14       0x4c /opt/gcc-arm-none-eabi-7-2018-q2-update/bin/../lib/gcc/arm-none-eabi/7.3.1/../../../../arm-none-eabi/lib/thumb/v7-m/libg_nano.a(lib_a-nano-reallocr.o)
                0x0000000008003f14                _realloc_r
 .text._sbrk_r  0x0000000008003f60       0x20 /opt/gcc-arm-none-eabi-7-2018-q2-update/bin/../lib/gcc/arm-none-eabi/7.3.1/../../../../arm-none-eabi/lib/thumb/v7-m/libg_nano.a(lib_a-sbrkr.o)
                0x0000000008003f60                _sbrk_r
 .text.__malloc_lock
                0x0000000008003f80        0x2 /opt/gcc-arm-none-eabi-7-2018-q2-update/bin/../lib/gcc/arm-none-eabi/7.3.1/../../../../arm-none-eabi/lib/thumb/v7-m/libg_nano.a(lib_a-mlock.o)
                0x0000000008003f80                __malloc_lock
 .text.__malloc_unlock
                0x0000000008003f82        0x2 /opt/gcc-arm-none-eabi-7-2018-q2-update/bin/../lib/gcc/arm-none-eabi/7.3.1/../../../../arm-none-eabi/lib/thumb/v7-m/libg_nano.a(lib_a-mlock.o)
                0x0000000008003f82                __malloc_unlock
 .text._malloc_usable_size_r
                0x0000000008003f84       0x10 /opt/gcc-arm-none-eabi-7-2018-q2-update/bin/../lib/gcc/arm-none-eabi/7.3.1/../../../../arm-none-eabi/lib/thumb/v7-m/libg_nano.a(lib_a-nano-msizer.o)
                0x0000000008003f84                _malloc_usable_size_r
 .text.__errno  0x0000000008003f94        0xc /opt/gcc-arm-none-eabi-7-2018-q2-update/bin/../lib/gcc/arm-none-eabi/7.3.1/../../../../arm-none-eabi/lib/thumb/v7-m/libc_nano.a(lib_a-errno.o)
                0x0000000008003f94                __errno
 .text.log      0x0000000008003fa0       0xfc /opt/gcc-arm-none-eabi-7-2018-q2-update/bin/../lib/gcc/arm-none-eabi/7.3.1/../../../../arm-none-eabi/lib/thumb/v7-m/libm.a(lib_a-w_log.o)
                0x0000000008003fa0                log
 *fill*         0x000000000800409c        0x4 
 .text.__ieee754_log
                0x00000000080040a0      0x394 /opt/gcc-arm-none-eabi-7-2018-q2-update/bin/../lib/gcc/arm-none-eabi/7.3.1/../../../../arm-none-eabi/lib/thumb/v7-m/libm.a(lib_a-e_log.o)
                0x00000000080040a0                __ieee754_log
 .text.matherr  0x0000000008004434        0x4 /opt/gcc-arm-none-eabi-7-2018-q2-update/bin/../lib/gcc/arm-none-eabi/7.3.1/../../../../arm-none-eabi/lib/thumb/v7-m/libm.a(lib_a-s_matherr.o)
                0x0000000008004434                matherr
 .text.nan      0x0000000008004438        0xc /opt/gcc-arm-none-eabi-7-2018-q2-update/bin/../lib/gcc/arm-none-eabi/7.3.1/../../../../arm-none-eabi/lib/thumb/v7-m/libm.a(lib_a-s_nan.o)
                0x0000000008004438                nan
 *(.rodata)
 *(.rodata*)
 .rodata.str1.4
                0x0000000008004444        0xa /tmp/ccJvbUZT.o
 .rodata._svfprintf_r.str1.1
                0x000000000800444e       0x11 /opt/gcc-arm-none-eabi-7-2018-q2-update/bin/../lib/gcc/arm-none-eabi/7.3.1/../../../../arm-none-eabi/lib/thumb/v7-m/libg_nano.a(lib_a-nano-svfprintf.o)
 .rodata._printf_i.str1.1
                0x000000000800445f       0x22 /opt/gcc-arm-none-eabi-7-2018-q2-update/bin/../lib/gcc/arm-none-eabi/7.3.1/../../../../arm-none-eabi/lib/thumb/v7-m/libg_nano.a(lib_a-nano-vfprintf_i.o)
 *fill*         0x0000000008004481        0x3 
 .rodata.__sf_fake_stderr
                0x0000000008004484       0x20 /opt/gcc-arm-none-eabi-7-2018-q2-update/bin/../lib/gcc/arm-none-eabi/7.3.1/../../../../arm-none-eabi/lib/thumb/v7-m/libc_nano.a(lib_a-findfp.o)
                0x0000000008004484                __sf_fake_stderr
 .rodata.__sf_fake_stdin
                0x00000000080044a4       0x20 /opt/gcc-arm-none-eabi-7-2018-q2-update/bin/../lib/gcc/arm-none-eabi/7.3.1/../../../../arm-none-eabi/lib/thumb/v7-m/libc_nano.a(lib_a-findfp.o)
                0x00000000080044a4                __sf_fake_stdin
 .rodata.__sf_fake_stdout
                0x00000000080044c4       0x20 /opt/gcc-arm-none-eabi-7-2018-q2-update/bin/../lib/gcc/arm-none-eabi/7.3.1/../../../../arm-none-eabi/lib/thumb/v7-m/libc_nano.a(lib_a-findfp.o)
                0x00000000080044c4                __sf_fake_stdout
 .rodata.log.str1.4
                0x00000000080044e4        0x8 /opt/gcc-arm-none-eabi-7-2018-q2-update/bin/../lib/gcc/arm-none-eabi/7.3.1/../../../../arm-none-eabi/lib/thumb/v7-m/libm.a(lib_a-w_log.o)
                                          0x5 (size before relaxing)
 *(.glue_7)
 .glue_7        0x00000000080044ec        0x0 linker stubs
 *(.glue_7t)
 .glue_7t       0x00000000080044ec        0x0 linker stubs
 *(.init)
 .init          0x00000000080044ec        0x4 /opt/gcc-arm-none-eabi-7-2018-q2-update/bin/../lib/gcc/arm-none-eabi/7.3.1/thumb/v7-m/crti.o
                0x00000000080044ec                _init
 .init          0x00000000080044f0        0x8 /opt/gcc-arm-none-eabi-7-2018-q2-update/bin/../lib/gcc/arm-none-eabi/7.3.1/thumb/v7-m/crtn.o
 *(.fini)
 .fini          0x00000000080044f8        0x4 /opt/gcc-arm-none-eabi-7-2018-q2-update/bin/../lib/gcc/arm-none-eabi/7.3.1/thumb/v7-m/crti.o
                0x00000000080044f8                _fini
 .fini          0x00000000080044fc        0x8 /opt/gcc-arm-none-eabi-7-2018-q2-update/bin/../lib/gcc/arm-none-eabi/7.3.1/thumb/v7-m/crtn.o
                0x0000000008004504                . = ALIGN (0x4)
                0x0000000008004504                _etext = .

.vfp11_veneer   0x0000000008004504        0x0
 .vfp11_veneer  0x0000000008004504        0x0 linker stubs

.v4_bx          0x0000000008004504        0x0
 .v4_bx         0x0000000008004504        0x0 linker stubs

.iplt           0x0000000008004504        0x0
 .iplt          0x0000000008004504        0x0 /opt/gcc-arm-none-eabi-7-2018-q2-update/bin/../lib/gcc/arm-none-eabi/7.3.1/thumb/v7-m/crtbegin.o

.rel.dyn        0x0000000008004504        0x0
 .rel.iplt      0x0000000008004504        0x0 /opt/gcc-arm-none-eabi-7-2018-q2-update/bin/../lib/gcc/arm-none-eabi/7.3.1/thumb/v7-m/crtbegin.o

.ARM.extab
 *(.ARM.extab* .gnu.linkonce.armextab.*)

.ARM            0x0000000008004504        0x0
                0x0000000008004504                __exidx_start = .
 *(.ARM.exidx*)
                0x0000000008004504                __exidx_end = .

.ARM.attributes
                0x0000000008004504       0x29
 *(.ARM.attributes)
 .ARM.attributes
                0x0000000008004504       0x1d /opt/gcc-arm-none-eabi-7-2018-q2-update/bin/../lib/gcc/arm-none-eabi/7.3.1/thumb/v7-m/crti.o
 .ARM.attributes
                0x0000000008004521       0x2d /opt/gcc-arm-none-eabi-7-2018-q2-update/bin/../lib/gcc/arm-none-eabi/7.3.1/thumb/v7-m/crtbegin.o
 .ARM.attributes
                0x000000000800454e       0x2d /opt/gcc-arm-none-eabi-7-2018-q2-update/bin/../lib/gcc/arm-none-eabi/7.3.1/../../../../arm-none-eabi/lib/thumb/v7-m/libc_nano.a(lib_a-impure.o)
 .ARM.attributes
                0x000000000800457b       0x2d /opt/gcc-arm-none-eabi-7-2018-q2-update/bin/../lib/gcc/arm-none-eabi/7.3.1/../../../../arm-none-eabi/lib/thumb/v7-m/libc_nano.a(lib_a-init.o)
 .ARM.attributes
                0x00000000080045a8       0x33 /tmp/ccJvbUZT.o
 .ARM.attributes
                0x00000000080045db       0x33 /tmp/ccDs2hFh.o
 .ARM.attributes
                0x000000000800460e       0x33 /tmp/ccdoc0CG.o
 .ARM.attributes
                0x0000000008004641       0x33 /tmp/ccv88MG6.o
 .ARM.attributes
                0x0000000008004674       0x33 /tmp/ccLGvXQF.o
 .ARM.attributes
                0x00000000080046a7       0x33 /tmp/ccgYlzVp.o
 .ARM.attributes
                0x00000000080046da       0x33 /tmp/ccuAdYnU.o
 .ARM.attributes
                0x000000000800470d       0x33 /tmp/ccp4q6HA.o
 .ARM.attributes
                0x0000000008004740       0x33 /tmp/ccXOChcZ.o
 .ARM.attributes
                0x0000000008004773       0x33 /tmp/cccnibPH.o
 .ARM.attributes
                0x00000000080047a6       0x33 /tmp/ccKODD7q.o
 .ARM.attributes
                0x00000000080047d9       0x33 /tmp/cc9MRb9a.o
 .ARM.attributes
                0x000000000800480c       0x33 /tmp/ccrPu34V.o
 .ARM.attributes
                0x000000000800483f       0x33 /tmp/ccqthTuH.o
 .ARM.attributes
                0x0000000008004872       0x21 /tmp/cclsrPYs.o
 .ARM.attributes
                0x0000000008004893       0x1d /opt/gcc-arm-none-eabi-7-2018-q2-update/bin/../lib/gcc/arm-none-eabi/7.3.1/thumb/v7-m/libgcc.a(_arm_addsubdf3.o)
 .ARM.attributes
                0x00000000080048b0       0x1d /opt/gcc-arm-none-eabi-7-2018-q2-update/bin/../lib/gcc/arm-none-eabi/7.3.1/thumb/v7-m/libgcc.a(_arm_muldivdf3.o)
 .ARM.attributes
                0x00000000080048cd       0x1d /opt/gcc-arm-none-eabi-7-2018-q2-update/bin/../lib/gcc/arm-none-eabi/7.3.1/thumb/v7-m/libgcc.a(_arm_cmpdf2.o)
 .ARM.attributes
                0x00000000080048ea       0x1d /opt/gcc-arm-none-eabi-7-2018-q2-update/bin/../lib/gcc/arm-none-eabi/7.3.1/thumb/v7-m/libgcc.a(_arm_fixdfsi.o)
 .ARM.attributes
                0x0000000008004907       0x1d /opt/gcc-arm-none-eabi-7-2018-q2-update/bin/../lib/gcc/arm-none-eabi/7.3.1/thumb/v7-m/libgcc.a(_arm_fixunsdfsi.o)
 .ARM.attributes
                0x0000000008004924       0x2d /opt/gcc-arm-none-eabi-7-2018-q2-update/bin/../lib/gcc/arm-none-eabi/7.3.1/../../../../arm-none-eabi/lib/thumb/v7-m/libg_nano.a(lib_a-sprintf.o)
 .ARM.attributes
                0x0000000008004951       0x2d /opt/gcc-arm-none-eabi-7-2018-q2-update/bin/../lib/gcc/arm-none-eabi/7.3.1/../../../../arm-none-eabi/lib/thumb/v7-m/libg_nano.a(lib_a-nano-svfprintf.o)
 .ARM.attributes
                0x000000000800497e       0x2d /opt/gcc-arm-none-eabi-7-2018-q2-update/bin/../lib/gcc/arm-none-eabi/7.3.1/../../../../arm-none-eabi/lib/thumb/v7-m/libg_nano.a(lib_a-nano-vfprintf_i.o)
 .ARM.attributes
                0x00000000080049ab       0x2d /opt/gcc-arm-none-eabi-7-2018-q2-update/bin/../lib/gcc/arm-none-eabi/7.3.1/../../../../arm-none-eabi/lib/thumb/v7-m/libg_nano.a(lib_a-memchr-stub.o)
 .ARM.attributes
                0x00000000080049d8       0x2d /opt/gcc-arm-none-eabi-7-2018-q2-update/bin/../lib/gcc/arm-none-eabi/7.3.1/../../../../arm-none-eabi/lib/thumb/v7-m/libg_nano.a(lib_a-memcpy-stub.o)
 .ARM.attributes
                0x0000000008004a05       0x2d /opt/gcc-arm-none-eabi-7-2018-q2-update/bin/../lib/gcc/arm-none-eabi/7.3.1/../../../../arm-none-eabi/lib/thumb/v7-m/libg_nano.a(lib_a-memmove.o)
 .ARM.attributes
                0x0000000008004a32       0x2d /opt/gcc-arm-none-eabi-7-2018-q2-update/bin/../lib/gcc/arm-none-eabi/7.3.1/../../../../arm-none-eabi/lib/thumb/v7-m/libg_nano.a(lib_a-nano-freer.o)
 .ARM.attributes
                0x0000000008004a5f       0x2d /opt/gcc-arm-none-eabi-7-2018-q2-update/bin/../lib/gcc/arm-none-eabi/7.3.1/../../../../arm-none-eabi/lib/thumb/v7-m/libg_nano.a(lib_a-nano-mallocr.o)
 .ARM.attributes
                0x0000000008004a8c       0x2d /opt/gcc-arm-none-eabi-7-2018-q2-update/bin/../lib/gcc/arm-none-eabi/7.3.1/../../../../arm-none-eabi/lib/thumb/v7-m/libg_nano.a(lib_a-nano-reallocr.o)
 .ARM.attributes
                0x0000000008004ab9       0x2d /opt/gcc-arm-none-eabi-7-2018-q2-update/bin/../lib/gcc/arm-none-eabi/7.3.1/../../../../arm-none-eabi/lib/thumb/v7-m/libg_nano.a(lib_a-sbrkr.o)
 .ARM.attributes
                0x0000000008004ae6       0x2d /opt/gcc-arm-none-eabi-7-2018-q2-update/bin/../lib/gcc/arm-none-eabi/7.3.1/../../../../arm-none-eabi/lib/thumb/v7-m/libg_nano.a(lib_a-mlock.o)
 .ARM.attributes
                0x0000000008004b13       0x2d /opt/gcc-arm-none-eabi-7-2018-q2-update/bin/../lib/gcc/arm-none-eabi/7.3.1/../../../../arm-none-eabi/lib/thumb/v7-m/libg_nano.a(lib_a-nano-msizer.o)
 .ARM.attributes
                0x0000000008004b40       0x2d /opt/gcc-arm-none-eabi-7-2018-q2-update/bin/../lib/gcc/arm-none-eabi/7.3.1/../../../../arm-none-eabi/lib/thumb/v7-m/libg_nano.a(lib_a-reent.o)
 .ARM.attributes
                0x0000000008004b6d       0x2d /opt/gcc-arm-none-eabi-7-2018-q2-update/bin/../lib/gcc/arm-none-eabi/7.3.1/../../../../arm-none-eabi/lib/thumb/v7-m/libc_nano.a(lib_a-errno.o)
 .ARM.attributes
                0x0000000008004b9a       0x2d /opt/gcc-arm-none-eabi-7-2018-q2-update/bin/../lib/gcc/arm-none-eabi/7.3.1/../../../../arm-none-eabi/lib/thumb/v7-m/libc_nano.a(lib_a-findfp.o)
 .ARM.attributes
                0x0000000008004bc7       0x1d /opt/gcc-arm-none-eabi-7-2018-q2-update/bin/../lib/gcc/arm-none-eabi/7.3.1/thumb/v7-m/crtn.o
 .ARM.attributes
                0x0000000008004be4       0x2d /opt/gcc-arm-none-eabi-7-2018-q2-update/bin/../lib/gcc/arm-none-eabi/7.3.1/../../../../arm-none-eabi/lib/thumb/v7-m/libm.a(lib_a-w_log.o)
 .ARM.attributes
                0x0000000008004c11       0x2d /opt/gcc-arm-none-eabi-7-2018-q2-update/bin/../lib/gcc/arm-none-eabi/7.3.1/../../../../arm-none-eabi/lib/thumb/v7-m/libm.a(lib_a-e_log.o)
 .ARM.attributes
                0x0000000008004c3e       0x2d /opt/gcc-arm-none-eabi-7-2018-q2-update/bin/../lib/gcc/arm-none-eabi/7.3.1/../../../../arm-none-eabi/lib/thumb/v7-m/libm.a(lib_a-s_lib_ver.o)
 .ARM.attributes
                0x0000000008004c6b       0x2d /opt/gcc-arm-none-eabi-7-2018-q2-update/bin/../lib/gcc/arm-none-eabi/7.3.1/../../../../arm-none-eabi/lib/thumb/v7-m/libm.a(lib_a-s_matherr.o)
 .ARM.attributes
                0x0000000008004c98       0x2d /opt/gcc-arm-none-eabi-7-2018-q2-update/bin/../lib/gcc/arm-none-eabi/7.3.1/../../../../arm-none-eabi/lib/thumb/v7-m/libm.a(lib_a-s_nan.o)
 .ARM.attributes
                0x0000000008004cc5       0x1d /opt/gcc-arm-none-eabi-7-2018-q2-update/bin/../lib/gcc/arm-none-eabi/7.3.1/thumb/v7-m/libgcc.a(_arm_unorddf2.o)

.preinit_array  0x0000000008004504        0x0
                0x0000000008004504                PROVIDE (__preinit_array_start = .)
 *(.preinit_array*)
                0x0000000008004504                PROVIDE (__preinit_array_end = .)

.init_array     0x0000000008004504        0x4
                0x0000000008004504                PROVIDE (__init_array_start = .)
 *(SORT_BY_NAME(.init_array.*))
 *(.init_array*)
 .init_array    0x0000000008004504        0x4 /opt/gcc-arm-none-eabi-7-2018-q2-update/bin/../lib/gcc/arm-none-eabi/7.3.1/thumb/v7-m/crtbegin.o
                0x0000000008004508                PROVIDE (__init_array_end = .)

.fini_array     0x0000000008004508        0x4
                [!provide]                        PROVIDE (__fini_array_start = .)
 *(.fini_array*)
 .fini_array    0x0000000008004508        0x4 /opt/gcc-arm-none-eabi-7-2018-q2-update/bin/../lib/gcc/arm-none-eabi/7.3.1/thumb/v7-m/crtbegin.o
 *(SORT_BY_NAME(.fini_array.*))
                [!provide]                        PROVIDE (__fini_array_end = .)
                0x000000000800450c                _sidata = .

.data           0x0000000020000000       0xc0 load address 0x000000000800450c
                0x0000000020000000                . = ALIGN (0x4)
                0x0000000020000000                _sdata = .
 *(.data)
 .data          0x0000000020000000       0x28 /tmp/ccJvbUZT.o
                0x0000000020000000                Setpoint
                0x0000000020000008                ki
                0x0000000020000010                kd
                0x0000000020000018                outMax
                0x0000000020000020                kp
 .data          0x0000000020000028       0x14 /tmp/ccDs2hFh.o
                0x0000000020000028                AHBPrescTable
                0x0000000020000038                SystemCoreClock
 .data          0x000000002000003c       0x14 /tmp/ccgYlzVp.o
 .data          0x0000000020000050        0x5 /tmp/ccrPu34V.o
                0x0000000020000050                deneme
                0x0000000020000054                timeoutCnt
 *(.data*)
 *fill*         0x0000000020000055        0x3 
 .data._impure_ptr
                0x0000000020000058        0x4 /opt/gcc-arm-none-eabi-7-2018-q2-update/bin/../lib/gcc/arm-none-eabi/7.3.1/../../../../arm-none-eabi/lib/thumb/v7-m/libc_nano.a(lib_a-impure.o)
                0x0000000020000058                _impure_ptr
 .data.impure_data
                0x000000002000005c       0x60 /opt/gcc-arm-none-eabi-7-2018-q2-update/bin/../lib/gcc/arm-none-eabi/7.3.1/../../../../arm-none-eabi/lib/thumb/v7-m/libc_nano.a(lib_a-impure.o)
 .data.__fdlib_version
                0x00000000200000bc        0x1 /opt/gcc-arm-none-eabi-7-2018-q2-update/bin/../lib/gcc/arm-none-eabi/7.3.1/../../../../arm-none-eabi/lib/thumb/v7-m/libm.a(lib_a-s_lib_ver.o)
                0x00000000200000bc                __fdlib_version
                0x00000000200000c0                . = ALIGN (0x4)
 *fill*         0x00000000200000bd        0x3 
                0x00000000200000c0                _edata = .

.igot.plt       0x00000000200000c0        0x0 load address 0x00000000080045cc
 .igot.plt      0x00000000200000c0        0x0 /opt/gcc-arm-none-eabi-7-2018-q2-update/bin/../lib/gcc/arm-none-eabi/7.3.1/thumb/v7-m/crtbegin.o
                0x00000000200000c0                . = ALIGN (0x4)

.bss            0x00000000200000c0      0x10c load address 0x00000000080045d0
                0x00000000200000c0                _sbss = .
                0x00000000200000c0                __bss_start__ = _sbss
 *(.bss)
 .bss           0x00000000200000c0       0x1c /opt/gcc-arm-none-eabi-7-2018-q2-update/bin/../lib/gcc/arm-none-eabi/7.3.1/thumb/v7-m/crtbegin.o
 *fill*         0x00000000200000dc        0x4 
 .bss           0x00000000200000e0       0x20 /tmp/ccJvbUZT.o
                0x00000000200000e0                ITerm
                0x00000000200000e8                lastErr
                0x00000000200000f0                DTerm
                0x00000000200000f8                outMin
 .bss           0x0000000020000100        0x1 /tmp/cccnibPH.o
                0x0000000020000100                portlcd
 .bss           0x0000000020000101        0x1 /tmp/ccrPu34V.o
                0x0000000020000101                newMessageFlag
 *fill*         0x0000000020000102        0x2 
 .bss           0x0000000020000104        0x4 /tmp/ccqthTuH.o
 *(.bss*)
 .bss.__malloc_free_list
                0x0000000020000108        0x4 /opt/gcc-arm-none-eabi-7-2018-q2-update/bin/../lib/gcc/arm-none-eabi/7.3.1/../../../../arm-none-eabi/lib/thumb/v7-m/libg_nano.a(lib_a-nano-mallocr.o)
                0x0000000020000108                __malloc_free_list
 .bss.__malloc_sbrk_start
                0x000000002000010c        0x4 /opt/gcc-arm-none-eabi-7-2018-q2-update/bin/../lib/gcc/arm-none-eabi/7.3.1/../../../../arm-none-eabi/lib/thumb/v7-m/libg_nano.a(lib_a-nano-mallocr.o)
                0x000000002000010c                __malloc_sbrk_start
 *(COMMON)
 COMMON         0x0000000020000110       0x50 /tmp/ccJvbUZT.o
                0x0000000020000110                TIM_Pulse
                0x0000000020000114                buffer2
                0x0000000020000128                Output
                0x0000000020000130                rem
                0x0000000020000138                buffer
                0x0000000020000150                errorSum
                0x0000000020000158                Input
 COMMON         0x0000000020000160       0x65 /tmp/ccrPu34V.o
                0x0000000020000160                packetbuffer
                0x00000000200001c4                packetbufferIndex
 *fill*         0x00000000200001c5        0x3 
 COMMON         0x00000000200001c8        0x4 /opt/gcc-arm-none-eabi-7-2018-q2-update/bin/../lib/gcc/arm-none-eabi/7.3.1/../../../../arm-none-eabi/lib/thumb/v7-m/libg_nano.a(lib_a-reent.o)
                0x00000000200001c8                errno
                0x00000000200001cc                . = ALIGN (0x4)
                0x00000000200001cc                _ebss = .
                0x00000000200001cc                __bss_end__ = _ebss
                0x00000000200001cc                PROVIDE (end = _ebss)
                0x00000000200001cc                PROVIDE (_end = _ebss)

._user_heap_stack
                0x00000000200001cc      0x100 load address 0x00000000080046dc
                0x00000000200001cc                . = ALIGN (0x4)
                0x00000000200001cc                . = (. + _Min_Heap_Size)
                0x00000000200002cc                . = (. + _Min_Stack_Size)
 *fill*         0x00000000200001cc      0x100 
                0x00000000200002cc                . = ALIGN (0x4)

.memory_b1_text
 *(.mb1text)
 *(.mb1text*)
 *(.mb1rodata)
 *(.mb1rodata*)

/DISCARD/
 libc.a(*)
 libm.a(*)
 libgcc.a(*)
OUTPUT(heat.elf elf32-littlearm)

.debug_frame    0x0000000000000000     0x1e38
 .debug_frame   0x0000000000000000       0x2c /opt/gcc-arm-none-eabi-7-2018-q2-update/bin/../lib/gcc/arm-none-eabi/7.3.1/../../../../arm-none-eabi/lib/thumb/v7-m/libc_nano.a(lib_a-init.o)
 .debug_frame   0x000000000000002c       0xc8 /tmp/ccJvbUZT.o
 .debug_frame   0x00000000000000f4       0x48 /tmp/ccDs2hFh.o
 .debug_frame   0x000000000000013c      0x2c0 /tmp/ccdoc0CG.o
 .debug_frame   0x00000000000003fc      0x1b0 /tmp/ccv88MG6.o
 .debug_frame   0x00000000000005ac      0x26c /tmp/ccLGvXQF.o
 .debug_frame   0x0000000000000818      0x224 /tmp/ccgYlzVp.o
 .debug_frame   0x0000000000000a3c      0x76c /tmp/ccuAdYnU.o
 .debug_frame   0x00000000000011a8      0x258 /tmp/ccp4q6HA.o
 .debug_frame   0x0000000000001400       0x7c /tmp/ccXOChcZ.o
 .debug_frame   0x000000000000147c      0x120 /tmp/cccnibPH.o
 .debug_frame   0x000000000000159c       0x6c /tmp/ccKODD7q.o
 .debug_frame   0x0000000000001608       0x74 /tmp/cc9MRb9a.o
 .debug_frame   0x000000000000167c       0xbc /tmp/ccrPu34V.o
 .debug_frame   0x0000000000001738       0x70 /tmp/ccqthTuH.o
 .debug_frame   0x00000000000017a8       0xac /opt/gcc-arm-none-eabi-7-2018-q2-update/bin/../lib/gcc/arm-none-eabi/7.3.1/thumb/v7-m/libgcc.a(_arm_addsubdf3.o)
 .debug_frame   0x0000000000001854       0x50 /opt/gcc-arm-none-eabi-7-2018-q2-update/bin/../lib/gcc/arm-none-eabi/7.3.1/thumb/v7-m/libgcc.a(_arm_muldivdf3.o)
 .debug_frame   0x00000000000018a4       0xc4 /opt/gcc-arm-none-eabi-7-2018-q2-update/bin/../lib/gcc/arm-none-eabi/7.3.1/thumb/v7-m/libgcc.a(_arm_cmpdf2.o)
 .debug_frame   0x0000000000001968       0x24 /opt/gcc-arm-none-eabi-7-2018-q2-update/bin/../lib/gcc/arm-none-eabi/7.3.1/thumb/v7-m/libgcc.a(_arm_fixdfsi.o)
 .debug_frame   0x000000000000198c       0x24 /opt/gcc-arm-none-eabi-7-2018-q2-update/bin/../lib/gcc/arm-none-eabi/7.3.1/thumb/v7-m/libgcc.a(_arm_fixunsdfsi.o)
 .debug_frame   0x00000000000019b0       0x6c /opt/gcc-arm-none-eabi-7-2018-q2-update/bin/../lib/gcc/arm-none-eabi/7.3.1/../../../../arm-none-eabi/lib/thumb/v7-m/libg_nano.a(lib_a-sprintf.o)
 .debug_frame   0x0000000000001a1c       0x90 /opt/gcc-arm-none-eabi-7-2018-q2-update/bin/../lib/gcc/arm-none-eabi/7.3.1/../../../../arm-none-eabi/lib/thumb/v7-m/libg_nano.a(lib_a-nano-svfprintf.o)
 .debug_frame   0x0000000000001aac       0x60 /opt/gcc-arm-none-eabi-7-2018-q2-update/bin/../lib/gcc/arm-none-eabi/7.3.1/../../../../arm-none-eabi/lib/thumb/v7-m/libg_nano.a(lib_a-nano-vfprintf_i.o)
 .debug_frame   0x0000000000001b0c       0x28 /opt/gcc-arm-none-eabi-7-2018-q2-update/bin/../lib/gcc/arm-none-eabi/7.3.1/../../../../arm-none-eabi/lib/thumb/v7-m/libg_nano.a(lib_a-memchr-stub.o)
 .debug_frame   0x0000000000001b34       0x28 /opt/gcc-arm-none-eabi-7-2018-q2-update/bin/../lib/gcc/arm-none-eabi/7.3.1/../../../../arm-none-eabi/lib/thumb/v7-m/libg_nano.a(lib_a-memcpy-stub.o)
 .debug_frame   0x0000000000001b5c       0x28 /opt/gcc-arm-none-eabi-7-2018-q2-update/bin/../lib/gcc/arm-none-eabi/7.3.1/../../../../arm-none-eabi/lib/thumb/v7-m/libg_nano.a(lib_a-memmove.o)
 .debug_frame   0x0000000000001b84       0x38 /opt/gcc-arm-none-eabi-7-2018-q2-update/bin/../lib/gcc/arm-none-eabi/7.3.1/../../../../arm-none-eabi/lib/thumb/v7-m/libg_nano.a(lib_a-nano-freer.o)
 .debug_frame   0x0000000000001bbc       0x2c /opt/gcc-arm-none-eabi-7-2018-q2-update/bin/../lib/gcc/arm-none-eabi/7.3.1/../../../../arm-none-eabi/lib/thumb/v7-m/libg_nano.a(lib_a-nano-mallocr.o)
 .debug_frame   0x0000000000001be8       0x3c /opt/gcc-arm-none-eabi-7-2018-q2-update/bin/../lib/gcc/arm-none-eabi/7.3.1/../../../../arm-none-eabi/lib/thumb/v7-m/libg_nano.a(lib_a-nano-reallocr.o)
 .debug_frame   0x0000000000001c24       0x2c /opt/gcc-arm-none-eabi-7-2018-q2-update/bin/../lib/gcc/arm-none-eabi/7.3.1/../../../../arm-none-eabi/lib/thumb/v7-m/libg_nano.a(lib_a-sbrkr.o)
 .debug_frame   0x0000000000001c50       0x30 /opt/gcc-arm-none-eabi-7-2018-q2-update/bin/../lib/gcc/arm-none-eabi/7.3.1/../../../../arm-none-eabi/lib/thumb/v7-m/libg_nano.a(lib_a-mlock.o)
 .debug_frame   0x0000000000001c80       0x20 /opt/gcc-arm-none-eabi-7-2018-q2-update/bin/../lib/gcc/arm-none-eabi/7.3.1/../../../../arm-none-eabi/lib/thumb/v7-m/libg_nano.a(lib_a-nano-msizer.o)
 .debug_frame   0x0000000000001ca0       0x5c /opt/gcc-arm-none-eabi-7-2018-q2-update/bin/../lib/gcc/arm-none-eabi/7.3.1/../../../../arm-none-eabi/lib/thumb/v7-m/libg_nano.a(lib_a-reent.o)
 .debug_frame   0x0000000000001cfc       0x20 /opt/gcc-arm-none-eabi-7-2018-q2-update/bin/../lib/gcc/arm-none-eabi/7.3.1/../../../../arm-none-eabi/lib/thumb/v7-m/libc_nano.a(lib_a-errno.o)
 .debug_frame   0x0000000000001d1c      0x11c /opt/gcc-arm-none-eabi-7-2018-q2-update/bin/../lib/gcc/arm-none-eabi/7.3.1/../../../../arm-none-eabi/lib/thumb/v7-m/libc_nano.a(lib_a-findfp.o)

.debug_info     0x0000000000000000     0xc161
 .debug_info    0x0000000000000000     0x1a06 /tmp/ccJvbUZT.o
 .debug_info    0x0000000000001a06      0x470 /tmp/ccDs2hFh.o
 .debug_info    0x0000000000001e76      0xc1d /tmp/ccdoc0CG.o
 .debug_info    0x0000000000002a93      0x881 /tmp/ccv88MG6.o
 .debug_info    0x0000000000003314      0xb76 /tmp/ccLGvXQF.o
 .debug_info    0x0000000000003e8a      0x92a /tmp/ccgYlzVp.o
 .debug_info    0x00000000000047b4     0x239e /tmp/ccuAdYnU.o
 .debug_info    0x0000000000006b52      0xb1a /tmp/ccp4q6HA.o
 .debug_info    0x000000000000766c      0x4e7 /tmp/ccXOChcZ.o
 .debug_info    0x0000000000007b53     0x1255 /tmp/cccnibPH.o
 .debug_info    0x0000000000008da8      0x9fe /tmp/ccKODD7q.o
 .debug_info    0x00000000000097a6      0xd3c /tmp/cc9MRb9a.o
 .debug_info    0x000000000000a4e2     0x1061 /tmp/ccrPu34V.o
 .debug_info    0x000000000000b543      0xbfc /tmp/ccqthTuH.o
 .debug_info    0x000000000000c13f       0x22 /tmp/cclsrPYs.o

.debug_abbrev   0x0000000000000000     0x207b
 .debug_abbrev  0x0000000000000000      0x359 /tmp/ccJvbUZT.o
 .debug_abbrev  0x0000000000000359      0x1b9 /tmp/ccDs2hFh.o
 .debug_abbrev  0x0000000000000512      0x1fb /tmp/ccdoc0CG.o
 .debug_abbrev  0x000000000000070d      0x217 /tmp/ccv88MG6.o
 .debug_abbrev  0x0000000000000924      0x266 /tmp/ccLGvXQF.o
 .debug_abbrev  0x0000000000000b8a      0x281 /tmp/ccgYlzVp.o
 .debug_abbrev  0x0000000000000e0b      0x2d2 /tmp/ccuAdYnU.o
 .debug_abbrev  0x00000000000010dd      0x1f9 /tmp/ccp4q6HA.o
 .debug_abbrev  0x00000000000012d6      0x192 /tmp/ccXOChcZ.o
 .debug_abbrev  0x0000000000001468      0x2c6 /tmp/cccnibPH.o
 .debug_abbrev  0x000000000000172e      0x1dc /tmp/ccKODD7q.o
 .debug_abbrev  0x000000000000190a      0x265 /tmp/cc9MRb9a.o
 .debug_abbrev  0x0000000000001b6f      0x2bb /tmp/ccrPu34V.o
 .debug_abbrev  0x0000000000001e2a      0x23f /tmp/ccqthTuH.o
 .debug_abbrev  0x0000000000002069       0x12 /tmp/cclsrPYs.o

.debug_loc      0x0000000000000000     0x4960
 .debug_loc     0x0000000000000000       0xe7 /tmp/ccJvbUZT.o
 .debug_loc     0x00000000000000e7       0xbc /tmp/ccDs2hFh.o
 .debug_loc     0x00000000000001a3      0x9a6 /tmp/ccdoc0CG.o
 .debug_loc     0x0000000000000b49      0x5dc /tmp/ccv88MG6.o
 .debug_loc     0x0000000000001125      0x631 /tmp/ccLGvXQF.o
 .debug_loc     0x0000000000001756      0x6c6 /tmp/ccgYlzVp.o
 .debug_loc     0x0000000000001e1c     0x1c4f /tmp/ccuAdYnU.o
 .debug_loc     0x0000000000003a6b      0x800 /tmp/ccp4q6HA.o
 .debug_loc     0x000000000000426b      0x16b /tmp/ccXOChcZ.o
 .debug_loc     0x00000000000043d6      0x314 /tmp/cccnibPH.o
 .debug_loc     0x00000000000046ea       0x58 /tmp/ccKODD7q.o
 .debug_loc     0x0000000000004742      0x13a /tmp/cc9MRb9a.o
 .debug_loc     0x000000000000487c       0x49 /tmp/ccrPu34V.o
 .debug_loc     0x00000000000048c5       0x9b /tmp/ccqthTuH.o

.debug_aranges  0x0000000000000000      0x1f0
 .debug_aranges
                0x0000000000000000       0x28 /tmp/ccJvbUZT.o
 .debug_aranges
                0x0000000000000028       0x20 /tmp/ccDs2hFh.o
 .debug_aranges
                0x0000000000000048       0x20 /tmp/ccdoc0CG.o
 .debug_aranges
                0x0000000000000068       0x20 /tmp/ccv88MG6.o
 .debug_aranges
                0x0000000000000088       0x20 /tmp/ccLGvXQF.o
 .debug_aranges
                0x00000000000000a8       0x20 /tmp/ccgYlzVp.o
 .debug_aranges
                0x00000000000000c8       0x20 /tmp/ccuAdYnU.o
 .debug_aranges
                0x00000000000000e8       0x20 /tmp/ccp4q6HA.o
 .debug_aranges
                0x0000000000000108       0x20 /tmp/ccXOChcZ.o
 .debug_aranges
                0x0000000000000128       0x20 /tmp/cccnibPH.o
 .debug_aranges
                0x0000000000000148       0x20 /tmp/ccKODD7q.o
 .debug_aranges
                0x0000000000000168       0x20 /tmp/cc9MRb9a.o
 .debug_aranges
                0x0000000000000188       0x20 /tmp/ccrPu34V.o
 .debug_aranges
                0x00000000000001a8       0x20 /tmp/ccqthTuH.o
 .debug_aranges
                0x00000000000001c8       0x28 /tmp/cclsrPYs.o

.debug_ranges   0x0000000000000000      0x198
 .debug_ranges  0x0000000000000000       0x30 /tmp/ccJvbUZT.o
 .debug_ranges  0x0000000000000030       0x28 /tmp/ccDs2hFh.o
 .debug_ranges  0x0000000000000058       0x20 /tmp/ccgYlzVp.o
 .debug_ranges  0x0000000000000078       0xd0 /tmp/ccuAdYnU.o
 .debug_ranges  0x0000000000000148       0x30 /tmp/ccrPu34V.o
 .debug_ranges  0x0000000000000178       0x20 /tmp/cclsrPYs.o

.debug_line     0x0000000000000000     0x343c
 .debug_line    0x0000000000000000      0x47a /tmp/ccJvbUZT.o
 .debug_line    0x000000000000047a      0x21c /tmp/ccDs2hFh.o
 .debug_line    0x0000000000000696      0x427 /tmp/ccdoc0CG.o
 .debug_line    0x0000000000000abd      0x385 /tmp/ccv88MG6.o
 .debug_line    0x0000000000000e42      0x3f9 /tmp/ccLGvXQF.o
 .debug_line    0x000000000000123b      0x3ce /tmp/ccgYlzVp.o
 .debug_line    0x0000000000001609      0x941 /tmp/ccuAdYnU.o
 .debug_line    0x0000000000001f4a      0x3f6 /tmp/ccp4q6HA.o
 .debug_line    0x0000000000002340      0x275 /tmp/ccXOChcZ.o
 .debug_line    0x00000000000025b5      0x352 /tmp/cccnibPH.o
 .debug_line    0x0000000000002907      0x287 /tmp/ccKODD7q.o
 .debug_line    0x0000000000002b8e      0x2dc /tmp/cc9MRb9a.o
 .debug_line    0x0000000000002e6a      0x32f /tmp/ccrPu34V.o
 .debug_line    0x0000000000003199      0x1cf /tmp/ccqthTuH.o
 .debug_line    0x0000000000003368       0xd4 /tmp/cclsrPYs.o

.debug_str      0x0000000000000000     0x3211
 .debug_str     0x0000000000000000     0x1070 /tmp/ccJvbUZT.o
                                       0x1131 (size before relaxing)
 .debug_str     0x0000000000001070      0x13b /tmp/ccDs2hFh.o
                                        0x339 (size before relaxing)
 .debug_str     0x00000000000011ab      0x430 /tmp/ccdoc0CG.o
                                        0x775 (size before relaxing)
 .debug_str     0x00000000000015db      0x25c /tmp/ccv88MG6.o
                                        0x593 (size before relaxing)
 .debug_str     0x0000000000001837      0x471 /tmp/ccLGvXQF.o
                                        0x6f2 (size before relaxing)
 .debug_str     0x0000000000001ca8      0x303 /tmp/ccgYlzVp.o
                                        0x67d (size before relaxing)
 .debug_str     0x0000000000001fab      0x96e /tmp/ccuAdYnU.o
                                        0xe6e (size before relaxing)
 .debug_str     0x0000000000002919      0x42c /tmp/ccp4q6HA.o
                                        0x733 (size before relaxing)
 .debug_str     0x0000000000002d45      0x15f /tmp/ccXOChcZ.o
                                        0x41b (size before relaxing)
 .debug_str     0x0000000000002ea4       0xa1 /tmp/cccnibPH.o
                                        0x960 (size before relaxing)
 .debug_str     0x0000000000002f45       0x20 /tmp/ccKODD7q.o
                                        0x661 (size before relaxing)
 .debug_str     0x0000000000002f65       0x3c /tmp/cc9MRb9a.o
                                        0x810 (size before relaxing)
 .debug_str     0x0000000000002fa1       0x96 /tmp/ccrPu34V.o
                                        0xcaa (size before relaxing)
 .debug_str     0x0000000000003037      0x154 /tmp/ccqthTuH.o
                                        0x735 (size before relaxing)
 .debug_str     0x000000000000318b       0x86 /tmp/cclsrPYs.o
                                         0xb6 (size before relaxing)

.comment        0x0000000000000000       0x7f
 .comment       0x0000000000000000       0x7f /tmp/ccJvbUZT.o
                                         0x80 (size before relaxing)
 .comment       0x000000000000007f       0x80 /tmp/ccDs2hFh.o
 .comment       0x000000000000007f       0x80 /tmp/ccdoc0CG.o
 .comment       0x000000000000007f       0x80 /tmp/ccv88MG6.o
 .comment       0x000000000000007f       0x80 /tmp/ccLGvXQF.o
 .comment       0x000000000000007f       0x80 /tmp/ccgYlzVp.o
 .comment       0x000000000000007f       0x80 /tmp/ccuAdYnU.o
 .comment       0x000000000000007f       0x80 /tmp/ccp4q6HA.o
 .comment       0x000000000000007f       0x80 /tmp/ccXOChcZ.o
 .comment       0x000000000000007f       0x80 /tmp/cccnibPH.o
 .comment       0x000000000000007f       0x80 /tmp/ccKODD7q.o
 .comment       0x000000000000007f       0x80 /tmp/cc9MRb9a.o
 .comment       0x000000000000007f       0x80 /tmp/ccrPu34V.o
 .comment       0x000000000000007f       0x80 /tmp/ccqthTuH.o
