Archive member included to satisfy reference by file (symbol)

/opt/gcc-arm-none-eabi-7-2018-q2-update/bin/../lib/gcc/arm-none-eabi/7.3.1/../../../../arm-none-eabi/lib/thumb/v7-m/libc_nano.a(lib_a-exit.o)
                              /opt/gcc-arm-none-eabi-7-2018-q2-update/bin/../lib/gcc/arm-none-eabi/7.3.1/../../../../arm-none-eabi/lib/thumb/v7-m/rdimon-crt0.o (exit)
/opt/gcc-arm-none-eabi-7-2018-q2-update/bin/../lib/gcc/arm-none-eabi/7.3.1/../../../../arm-none-eabi/lib/thumb/v7-m/libc_nano.a(lib_a-impure.o)
                              /opt/gcc-arm-none-eabi-7-2018-q2-update/bin/../lib/gcc/arm-none-eabi/7.3.1/../../../../arm-none-eabi/lib/thumb/v7-m/libc_nano.a(lib_a-exit.o) (_global_impure_ptr)
/opt/gcc-arm-none-eabi-7-2018-q2-update/bin/../lib/gcc/arm-none-eabi/7.3.1/../../../../arm-none-eabi/lib/thumb/v7-m/libc_nano.a(lib_a-init.o)
                              /opt/gcc-arm-none-eabi-7-2018-q2-update/bin/../lib/gcc/arm-none-eabi/7.3.1/../../../../arm-none-eabi/lib/thumb/v7-m/rdimon-crt0.o (__libc_init_array)
/opt/gcc-arm-none-eabi-7-2018-q2-update/bin/../lib/gcc/arm-none-eabi/7.3.1/../../../../arm-none-eabi/lib/thumb/v7-m/libc_nano.a(lib_a-memset.o)
                              /opt/gcc-arm-none-eabi-7-2018-q2-update/bin/../lib/gcc/arm-none-eabi/7.3.1/../../../../arm-none-eabi/lib/thumb/v7-m/rdimon-crt0.o (memset)
/opt/gcc-arm-none-eabi-7-2018-q2-update/bin/../lib/gcc/arm-none-eabi/7.3.1/thumb/v7-m/libgcc.a(_arm_addsubdf3.o)
                              /tmp/ccy8N34B.o (__aeabi_dsub)
/opt/gcc-arm-none-eabi-7-2018-q2-update/bin/../lib/gcc/arm-none-eabi/7.3.1/thumb/v7-m/libgcc.a(_arm_muldivdf3.o)
                              /tmp/ccy8N34B.o (__aeabi_dmul)
/opt/gcc-arm-none-eabi-7-2018-q2-update/bin/../lib/gcc/arm-none-eabi/7.3.1/thumb/v7-m/libgcc.a(_arm_fixdfsi.o)
                              /tmp/ccy8N34B.o (__aeabi_d2iz)
/opt/gcc-arm-none-eabi-7-2018-q2-update/bin/../lib/gcc/arm-none-eabi/7.3.1/thumb/v7-m/libgcc.a(_arm_fixunsdfsi.o)
                              /tmp/ccy8N34B.o (__aeabi_d2uiz)
/opt/gcc-arm-none-eabi-7-2018-q2-update/bin/../lib/gcc/arm-none-eabi/7.3.1/../../../../arm-none-eabi/lib/thumb/v7-m/libg_nano.a(lib_a-sprintf.o)
                              /tmp/ccy8N34B.o (sprintf)
/opt/gcc-arm-none-eabi-7-2018-q2-update/bin/../lib/gcc/arm-none-eabi/7.3.1/../../../../arm-none-eabi/lib/thumb/v7-m/libg_nano.a(lib_a-nano-svfprintf.o)
                              /opt/gcc-arm-none-eabi-7-2018-q2-update/bin/../lib/gcc/arm-none-eabi/7.3.1/../../../../arm-none-eabi/lib/thumb/v7-m/libg_nano.a(lib_a-sprintf.o) (_svfprintf_r)
/opt/gcc-arm-none-eabi-7-2018-q2-update/bin/../lib/gcc/arm-none-eabi/7.3.1/../../../../arm-none-eabi/lib/thumb/v7-m/libg_nano.a(lib_a-nano-vfprintf_i.o)
                              /opt/gcc-arm-none-eabi-7-2018-q2-update/bin/../lib/gcc/arm-none-eabi/7.3.1/../../../../arm-none-eabi/lib/thumb/v7-m/libg_nano.a(lib_a-nano-svfprintf.o) (_printf_i)
/opt/gcc-arm-none-eabi-7-2018-q2-update/bin/../lib/gcc/arm-none-eabi/7.3.1/../../../../arm-none-eabi/lib/thumb/v7-m/libg_nano.a(lib_a-memchr-stub.o)
                              /opt/gcc-arm-none-eabi-7-2018-q2-update/bin/../lib/gcc/arm-none-eabi/7.3.1/../../../../arm-none-eabi/lib/thumb/v7-m/libg_nano.a(lib_a-nano-svfprintf.o) (memchr)
/opt/gcc-arm-none-eabi-7-2018-q2-update/bin/../lib/gcc/arm-none-eabi/7.3.1/../../../../arm-none-eabi/lib/thumb/v7-m/libg_nano.a(lib_a-memcpy-stub.o)
                              /opt/gcc-arm-none-eabi-7-2018-q2-update/bin/../lib/gcc/arm-none-eabi/7.3.1/../../../../arm-none-eabi/lib/thumb/v7-m/libg_nano.a(lib_a-nano-svfprintf.o) (memcpy)
/opt/gcc-arm-none-eabi-7-2018-q2-update/bin/../lib/gcc/arm-none-eabi/7.3.1/../../../../arm-none-eabi/lib/thumb/v7-m/libg_nano.a(lib_a-memmove.o)
                              /opt/gcc-arm-none-eabi-7-2018-q2-update/bin/../lib/gcc/arm-none-eabi/7.3.1/../../../../arm-none-eabi/lib/thumb/v7-m/libg_nano.a(lib_a-nano-svfprintf.o) (memmove)
/opt/gcc-arm-none-eabi-7-2018-q2-update/bin/../lib/gcc/arm-none-eabi/7.3.1/../../../../arm-none-eabi/lib/thumb/v7-m/libg_nano.a(lib_a-nano-freer.o)
                              /opt/gcc-arm-none-eabi-7-2018-q2-update/bin/../lib/gcc/arm-none-eabi/7.3.1/../../../../arm-none-eabi/lib/thumb/v7-m/libg_nano.a(lib_a-nano-svfprintf.o) (_free_r)
/opt/gcc-arm-none-eabi-7-2018-q2-update/bin/../lib/gcc/arm-none-eabi/7.3.1/../../../../arm-none-eabi/lib/thumb/v7-m/libg_nano.a(lib_a-nano-mallocr.o)
                              /opt/gcc-arm-none-eabi-7-2018-q2-update/bin/../lib/gcc/arm-none-eabi/7.3.1/../../../../arm-none-eabi/lib/thumb/v7-m/libg_nano.a(lib_a-nano-svfprintf.o) (_malloc_r)
/opt/gcc-arm-none-eabi-7-2018-q2-update/bin/../lib/gcc/arm-none-eabi/7.3.1/../../../../arm-none-eabi/lib/thumb/v7-m/libg_nano.a(lib_a-nano-reallocr.o)
                              /opt/gcc-arm-none-eabi-7-2018-q2-update/bin/../lib/gcc/arm-none-eabi/7.3.1/../../../../arm-none-eabi/lib/thumb/v7-m/libg_nano.a(lib_a-nano-svfprintf.o) (_realloc_r)
[...]
Memory Configuration

Name             Origin             Length             Attributes
FLASH            0x0000000008000000 0x0000000000020000 xr
RAM              0x0000000020000000 0x0000000000005000 xrw
MEMORY_B1        0x0000000060000000 0x0000000000000000 xr
*default*        0x0000000000000000 0xffffffffffffffff

Linker script and memory map

LOAD /opt/gcc-arm-none-eabi-7-2018-q2-update/bin/../lib/gcc/arm-none-eabi/7.3.1/thumb/v7-m/crti.o
LOAD /opt/gcc-arm-none-eabi-7-2018-q2-update/bin/../lib/gcc/arm-none-eabi/7.3.1/thumb/v7-m/crtbegin.o
LOAD /opt/gcc-arm-none-eabi-7-2018-q2-update/bin/../lib/gcc/arm-none-eabi/7.3.1/../../../../arm-none-eabi/lib/thumb/v7-m/rdimon-crt0.o
LOAD /opt/gcc-arm-none-eabi-7-2018-q2-update/bin/../lib/gcc/arm-none-eabi/7.3.1/thumb/v7-m/libgcc.a
LOAD /opt/gcc-arm-none-eabi-7-2018-q2-update/bin/../lib/gcc/arm-none-eabi/7.3.1/../../../../arm-none-eabi/lib/thumb/v7-m/libc_nano.a
LOAD /opt/gcc-arm-none-eabi-7-2018-q2-update/bin/../lib/gcc/arm-none-eabi/7.3.1/../../../../arm-none-eabi/lib/thumb/v7-m/libm.a
LOAD /tmp/ccy8N34B.o
LOAD /tmp/ccHYCStA.o
LOAD /tmp/ccqZxPOz.o
LOAD /tmp/ccqqGuJz.o
LOAD /tmp/cciFSkQA.o
LOAD /tmp/ccqbdkHC.o
LOAD /tmp/cc0lWe7E.o
LOAD /tmp/ccOr4eqI.o
LOAD /tmp/ccKibKYL.o
LOAD /tmp/cctez51P.o
LOAD /tmp/ccWWP9tU.o
LOAD /tmp/cctvnqIZ.o
LOAD /tmp/cchKMiH5.o
LOAD /tmp/ccKmYngc.o
LOAD /tmp/ccpX8Izj.o
LOAD /tmp/cclB5Uar.o
LOAD /tmp/ccYhpi5y.o
LOAD /tmp/ccCbT9DH.o
LOAD /tmp/ccv5y3BQ.o
LOAD /tmp/cc6c9r5Z.o
LOAD /tmp/ccc2Lnca.o
LOAD /tmp/ccNGym8l.o
LOAD /tmp/ccEarxRy.o
LOAD /tmp/cc3O0wWL.o
LOAD /tmp/ccyqK2jZ.o
LOAD /tmp/ccesSbid.o
LOAD /tmp/ccpRC8Er.o
LOAD /tmp/ccVo2btG.o
LOAD /tmp/cc5xjWKV.o
LOAD /tmp/ccMWhNib.o
LOAD /tmp/ccVPYWSq.o
START GROUP
LOAD /opt/gcc-arm-none-eabi-7-2018-q2-update/bin/../lib/gcc/arm-none-eabi/7.3.1/thumb/v7-m/libgcc.a
LOAD /opt/gcc-arm-none-eabi-7-2018-q2-update/bin/../lib/gcc/arm-none-eabi/7.3.1/../../../../arm-none-eabi/lib/thumb/v7-m/libg_nano.a
LOAD /opt/gcc-arm-none-eabi-7-2018-q2-update/bin/../lib/gcc/arm-none-eabi/7.3.1/../../../../arm-none-eabi/lib/thumb/v7-m/libc_nano.a
END GROUP
START GROUP
LOAD /opt/gcc-arm-none-eabi-7-2018-q2-update/bin/../lib/gcc/arm-none-eabi/7.3.1/thumb/v7-m/libgcc.a
LOAD /opt/gcc-arm-none-eabi-7-2018-q2-update/bin/../lib/gcc/arm-none-eabi/7.3.1/../../../../arm-none-eabi/lib/thumb/v7-m/libc_nano.a
LOAD /opt/gcc-arm-none-eabi-7-2018-q2-update/bin/../lib/gcc/arm-none-eabi/7.3.1/../../../../arm-none-eabi/lib/thumb/v7-m/librdimon_nano.a
END GROUP
START GROUP
LOAD /opt/gcc-arm-none-eabi-7-2018-q2-update/bin/../lib/gcc/arm-none-eabi/7.3.1/thumb/v7-m/libgcc.a
LOAD /opt/gcc-arm-none-eabi-7-2018-q2-update/bin/../lib/gcc/arm-none-eabi/7.3.1/../../../../arm-none-eabi/lib/thumb/v7-m/libc_nano.a
LOAD /opt/gcc-arm-none-eabi-7-2018-q2-update/bin/../lib/gcc/arm-none-eabi/7.3.1/../../../../arm-none-eabi/lib/thumb/v7-m/librdimon_nano.a
END GROUP
LOAD /opt/gcc-arm-none-eabi-7-2018-q2-update/bin/../lib/gcc/arm-none-eabi/7.3.1/thumb/v7-m/crtend.o
LOAD /opt/gcc-arm-none-eabi-7-2018-q2-update/bin/../lib/gcc/arm-none-eabi/7.3.1/thumb/v7-m/crtn.o
                0x0000000020005000                _estack = 0x20005000
                0x0000000000000000                _Min_Heap_Size = 0x0
                0x0000000000000100                _Min_Stack_Size = 0x100

.isr_vector     0x0000000008000000      0x10c
                0x0000000008000000                . = ALIGN (0x4)
 *(.isr_vector)
 .isr_vector    0x0000000008000000      0x10c /tmp/ccVPYWSq.o
                0x0000000008000000                g_pfnVectors
                0x000000000800010c                . = ALIGN (0x4)

.eh_frame       0x000000000800010c        0x0
 .eh_frame      0x000000000800010c        0x0 /opt/gcc-arm-none-eabi-7-2018-q2-update/bin/../lib/gcc/arm-none-eabi/7.3.1/thumb/v7-m/crtbegin.o

.text           0x0000000008000110     0x425c
                0x0000000008000110                . = ALIGN (0x4)
 *(.text)
 .text          0x0000000008000110       0x40 /opt/gcc-arm-none-eabi-7-2018-q2-update/bin/../lib/gcc/arm-none-eabi/7.3.1/thumb/v7-m/crtbegin.o
 .text          0x0000000008000150      0x114 /tmp/ccy8N34B.o
                0x0000000008000150                adc_init
                0x00000000080001dc                tim_init
                0x0000000008000238                TIM4_IRQHandler
 .text          0x0000000008000264      0x15c /tmp/ccHYCStA.o
                0x0000000008000264                SystemInit
                0x0000000008000368                SystemCoreClockUpdate
 .text          0x00000000080003c0      0x398 /tmp/ccqZxPOz.o
                0x00000000080003c0                ADC_DeInit
                0x000000000800042c                ADC_Init
                0x0000000008000474                ADC_StructInit
                0x0000000008000488                ADC_Cmd
                0x000000000800049c                ADC_DMACmd
                0x00000000080004b0                ADC_ITConfig
                0x00000000080004c4                ADC_ResetCalibration
                0x00000000080004d0                ADC_GetResetCalibrationStatus
                0x00000000080004d8                ADC_StartCalibration
                0x00000000080004e4                ADC_GetCalibrationStatus
                0x00000000080004ec                ADC_SoftwareStartConvCmd
                0x0000000008000500                ADC_GetSoftwareStartConvStatus
                0x0000000008000508                ADC_DiscModeChannelCountConfig
                0x0000000008000518                ADC_DiscModeCmd
                0x000000000800052c                ADC_RegularChannelConfig
                0x00000000080005bc                ADC_ExternalTrigConvCmd
                0x00000000080005d0                ADC_GetConversionValue
                0x00000000080005d8                ADC_GetDualModeConversionValue
                0x00000000080005e4                ADC_AutoInjectedConvCmd
                0x00000000080005f8                ADC_InjectedDiscModeCmd
                0x000000000800060c                ADC_ExternalTrigInjectedConvConfig
                0x0000000008000618                ADC_ExternalTrigInjectedConvCmd
                0x000000000800062c                ADC_SoftwareStartInjectedConvCmd
                0x0000000008000640                ADC_GetSoftwareStartInjectedConvCmdStatus
                0x0000000008000648                ADC_InjectedChannelConfig
                0x00000000080006a0                ADC_InjectedSequencerLengthConfig
                0x00000000080006b0                ADC_SetInjectedOffset
                0x00000000080006c8                ADC_GetInjectedConversionValue
                0x00000000080006e4                ADC_AnalogWatchdogCmd
                0x00000000080006f4                ADC_AnalogWatchdogThresholdsConfig
                0x00000000080006fc                ADC_AnalogWatchdogSingleChannelConfig
                0x0000000008000708                ADC_TempSensorVrefintCmd
                0x0000000008000724                ADC_GetFlagStatus
                0x0000000008000730                ADC_ClearFlag
                0x0000000008000738                ADC_GetITStatus
                0x0000000008000750                ADC_ClearITPendingBit
 .text          0x0000000008000758      0x2e0 /tmp/ccKmYngc.o
                0x0000000008000758                GPIO_DeInit
                0x0000000008000834                GPIO_AFIODeInit
                0x000000000800084c                GPIO_Init
                0x0000000008000908                GPIO_StructInit
                0x0000000008000918                GPIO_ReadInputDataBit
                0x0000000008000924                GPIO_ReadInputData
                0x000000000800092c                GPIO_ReadOutputDataBit
                0x0000000008000938                GPIO_ReadOutputData
                0x0000000008000940                GPIO_SetBits
                0x0000000008000944                GPIO_ResetBits
                0x0000000008000948                GPIO_WriteBit
                0x0000000008000954                GPIO_Write
                0x0000000008000958                GPIO_PinLockConfig
                0x0000000008000968                GPIO_EventOutputConfig
                0x0000000008000984                GPIO_EventOutputCmd
                0x0000000008000990                GPIO_PinRemapConfig
                0x00000000080009fc                GPIO_EXTILineConfig
                0x0000000008000a2c                GPIO_ETH_MediaInterfaceConfig
 .text          0x0000000008000a38      0x3a4 /tmp/ccpX8Izj.o
                0x0000000008000a38                I2C_DeInit
                0x0000000008000a74                I2C_Init
                0x0000000008000b44                I2C_StructInit
                0x0000000008000b64                I2C_Cmd
                0x0000000008000b7c                I2C_DMACmd
                0x0000000008000b94                I2C_DMALastTransferCmd
                0x0000000008000bac                I2C_GenerateSTART
                0x0000000008000bc4                I2C_GenerateSTOP
                0x0000000008000bdc                I2C_AcknowledgeConfig
                0x0000000008000bf4                I2C_OwnAddress2Config
                0x0000000008000c08                I2C_DualAddressCmd
                0x0000000008000c20                I2C_GeneralCallCmd
                0x0000000008000c38                I2C_ITConfig
                0x0000000008000c4c                I2C_SendData
                0x0000000008000c50                I2C_ReceiveData
                0x0000000008000c58                I2C_Send7bitAddress
                0x0000000008000c70                I2C_ReadRegister
                0x0000000008000c88                I2C_SoftwareResetCmd
                0x0000000008000c9c                I2C_NACKPositionConfig
                0x0000000008000cb4                I2C_SMBusAlertConfig
                0x0000000008000ccc                I2C_TransmitPEC
                0x0000000008000ce4                I2C_PECPositionConfig
                0x0000000008000ce8                I2C_CalculatePEC
                0x0000000008000d00                I2C_GetPEC
                0x0000000008000d08                I2C_ARPCmd
                0x0000000008000d20                I2C_StretchClockCmd
                0x0000000008000d38                I2C_FastModeDutyCycleConfig
                0x0000000008000d50                I2C_CheckEvent
                0x0000000008000d68                I2C_GetLastEvent
                0x0000000008000d78                I2C_GetFlagStatus
                0x0000000008000db0                I2C_ClearFlag
                0x0000000008000db8                I2C_GetITStatus
                0x0000000008000dd4                I2C_ClearITPendingBit
 .text          0x0000000008000ddc      0x354 /tmp/ccCbT9DH.o
                0x0000000008000ddc                RCC_DeInit
                0x0000000008000e1c                RCC_HSEConfig
                0x0000000008000e54                RCC_WaitForHSEStartUp
                0x0000000008000e84                RCC_AdjustHSICalibrationValue
                0x0000000008000e98                RCC_HSICmd
                0x0000000008000ea4                RCC_PLLConfig
                0x0000000008000eb8                RCC_PLLCmd
                0x0000000008000ec4                RCC_SYSCLKConfig
                0x0000000008000ed8                RCC_GetSYSCLKSource
                0x0000000008000ee8                RCC_HCLKConfig
                0x0000000008000efc                RCC_PCLK1Config
                0x0000000008000f10                RCC_PCLK2Config
                0x0000000008000f24                RCC_ITConfig
                0x0000000008000f3c                RCC_USBCLKConfig
                0x0000000008000f48                RCC_ADCCLKConfig
                0x0000000008000f5c                RCC_LSEConfig
                0x0000000008000f7c                RCC_LSICmd
                0x0000000008000f88                RCC_RTCCLKConfig
                0x0000000008000f98                RCC_RTCCLKCmd
                0x0000000008000fa4                RCC_GetClocksFreq
                0x0000000008001030                RCC_AHBPeriphClockCmd
                0x0000000008001048                RCC_APB2PeriphClockCmd
                0x0000000008001060                RCC_APB1PeriphClockCmd
                0x0000000008001078                RCC_APB2PeriphResetCmd
                0x0000000008001090                RCC_APB1PeriphResetCmd
                0x00000000080010a8                RCC_BackupResetCmd
                0x00000000080010b4                RCC_ClockSecuritySystemCmd
                0x00000000080010c0                RCC_MCOConfig
                0x00000000080010cc                RCC_GetFlagStatus
                0x0000000008001100                RCC_ClearFlag
                0x0000000008001110                RCC_GetITStatus
                0x0000000008001124                RCC_ClearITPendingBit
 .text          0x0000000008001130      0xdb0 /tmp/ccNGym8l.o
                0x0000000008001228                TIM_DeInit
                0x0000000008001458                TIM_TimeBaseInit
                0x0000000008001504                TIM_OC1Init
                0x000000000800158c                TIM_OC2Init
                0x0000000008001610                TIM_OC3Init
                0x0000000008001694                TIM_OC4Init
                0x0000000008001700                TIM_ICInit
                0x0000000008001868                TIM_PWMIConfig
                0x0000000008001904                TIM_BDTRConfig
                0x0000000008001928                TIM_TimeBaseStructInit
                0x000000000800193c                TIM_OCStructInit
                0x0000000008001950                TIM_ICStructInit
                0x0000000008001960                TIM_BDTRStructInit
                0x0000000008001974                TIM_Cmd
                0x000000000800198c                TIM_CtrlPWMOutputs
                0x00000000080019a8                TIM_ITConfig
                0x00000000080019bc                TIM_GenerateEvent
                0x00000000080019c0                TIM_DMAConfig
                0x00000000080019c8                TIM_DMACmd
                0x00000000080019cc                TIM_InternalClockConfig
                0x00000000080019dc                TIM_ITRxExternalClockConfig
                0x00000000080019f4                TIM_TIxExternalClockConfig
                0x0000000008001a28                TIM_ETRClockMode1Config
                0x0000000008001a50                TIM_ETRClockMode2Config
                0x0000000008001a70                TIM_ETRConfig
                0x0000000008001a88                TIM_PrescalerConfig
                0x0000000008001a90                TIM_CounterModeConfig
                0x0000000008001aa0                TIM_SelectInputTrigger
                0x0000000008001ab0                TIM_EncoderInterfaceConfig
                0x0000000008001aec                TIM_ForcedOC1Config
                0x0000000008001afc                TIM_ForcedOC2Config
                0x0000000008001b10                TIM_ForcedOC3Config
                0x0000000008001b20                TIM_ForcedOC4Config
                0x0000000008001b34                TIM_ARRPreloadConfig
                0x0000000008001b4c                TIM_SelectCOM
                0x0000000008001b64                TIM_SelectCCDMA
                0x0000000008001b7c                TIM_CCPreloadControl
                0x0000000008001b94                TIM_OC1PreloadConfig
                0x0000000008001ba4                TIM_OC2PreloadConfig
                0x0000000008001bb8                TIM_OC3PreloadConfig
                0x0000000008001bc8                TIM_OC4PreloadConfig
                0x0000000008001bdc                TIM_OC1FastConfig
                0x0000000008001bec                TIM_OC2FastConfig
                0x0000000008001c00                TIM_OC3FastConfig
                0x0000000008001c10                TIM_OC4FastConfig
                0x0000000008001c24                TIM_ClearOC1Ref
                0x0000000008001c34                TIM_ClearOC2Ref
                0x0000000008001c44                TIM_ClearOC3Ref
                0x0000000008001c54                TIM_ClearOC4Ref
                0x0000000008001c64                TIM_OC1PolarityConfig
                0x0000000008001c74                TIM_OC1NPolarityConfig
                0x0000000008001c84                TIM_OC2PolarityConfig
                0x0000000008001c98                TIM_OC2NPolarityConfig
                0x0000000008001cac                TIM_OC3PolarityConfig
                0x0000000008001cc0                TIM_OC3NPolarityConfig
                0x0000000008001cd4                TIM_OC4PolarityConfig
                0x0000000008001ce8                TIM_CCxCmd
                0x0000000008001d08                TIM_CCxNCmd
                0x0000000008001d28                TIM_SelectOCxM
                0x0000000008001d70                TIM_UpdateDisableConfig
                0x0000000008001d88                TIM_UpdateRequestConfig
                0x0000000008001da0                TIM_SelectHallSensor
                0x0000000008001db8                TIM_SelectOnePulseMode
                0x0000000008001dcc                TIM_SelectOutputTrigger
                0x0000000008001de0                TIM_SelectSlaveMode
                0x0000000008001df4                TIM_SelectMasterSlaveMode
                0x0000000008001e08                TIM_SetCounter
                0x0000000008001e0c                TIM_SetAutoreload
                0x0000000008001e10                TIM_SetCompare1
                0x0000000008001e14                TIM_SetCompare2
                0x0000000008001e18                TIM_SetCompare3
                0x0000000008001e1c                TIM_SetCompare4
                0x0000000008001e24                TIM_SetIC1Prescaler
                0x0000000008001e38                TIM_SetIC2Prescaler
                0x0000000008001e50                TIM_SetIC3Prescaler
                0x0000000008001e64                TIM_SetIC4Prescaler
                0x0000000008001e7c                TIM_SetClockDivision
                0x0000000008001e90                TIM_GetCapture1
                0x0000000008001e94                TIM_GetCapture2
                0x0000000008001e98                TIM_GetCapture3
                0x0000000008001e9c                TIM_GetCapture4
                0x0000000008001ea4                TIM_GetCounter
                0x0000000008001ea8                TIM_GetPrescaler
                0x0000000008001eac                TIM_GetFlagStatus
                0x0000000008001eb8                TIM_ClearFlag
                0x0000000008001ec0                TIM_GetITStatus
                0x0000000008001ed8                TIM_ClearITPendingBit
 .text          0x0000000008001ee0      0x3b8 /tmp/ccEarxRy.o
                0x0000000008001ee0                USART_DeInit
                0x0000000008001f90                USART_Init
                0x0000000008002044                USART_StructInit
                0x0000000008002058                USART_ClockInit
                0x0000000008002078                USART_ClockStructInit
                0x0000000008002084                USART_Cmd
                0x000000000800209c                USART_ITConfig
                0x00000000080020d4                USART_DMACmd
                0x00000000080020e8                USART_SetAddress
                0x00000000080020fc                USART_WakeUpConfig
                0x0000000008002110                USART_ReceiverWakeUpCmd
                0x0000000008002128                USART_LINBreakDetectLengthConfig
                0x000000000800213c                USART_LINCmd
                0x0000000008002154                USART_SendData
                0x000000000800215c                USART_ReceiveData
                0x0000000008002164                USART_SendBreak
                0x0000000008002170                USART_SetGuardTime
                0x0000000008002180                USART_SetPrescaler
                0x0000000008002190                USART_SmartCardCmd
                0x00000000080021a8                USART_SmartCardNACKCmd
                0x00000000080021c0                USART_HalfDuplexCmd
                0x00000000080021d8                USART_OverSampling8Cmd
                0x00000000080021ec                USART_OneBitMethodCmd
                0x0000000008002204                USART_IrDAConfig
                0x0000000008002218                USART_IrDACmd
                0x0000000008002230                USART_GetFlagStatus
                0x000000000800223c                USART_ClearFlag
                0x0000000008002244                USART_GetITStatus
                0x0000000008002288                USART_ClearITPendingBit
 .text          0x0000000008002298       0xb0 /tmp/ccyqK2jZ.o
                0x0000000008002298                NVIC_PriorityGroupConfig
                0x00000000080022ac                NVIC_Init
                0x0000000008002304                NVIC_SetVectorTable
                0x0000000008002318                NVIC_SystemLPConfig
                0x0000000008002330                SysTick_CLKSourceConfig
 .text          0x0000000008002348      0x2a8 /tmp/ccesSbid.o
                0x0000000008002348                I2C1_init
                0x00000000080023c8                I2C_SendByteByADDR
                0x000000000800243c                sendhalfbyte
                0x0000000008002484                sendbyte
                0x00000000080024c0                sendcharlcd
                0x00000000080024c8                setpos
                0x000000000800250c                lcd_init
                0x0000000008002598                clearlcd
                0x00000000080025b0                str_lcd
                0x00000000080025c8                createChar
 .text          0x00000000080025f0       0x80 /tmp/ccpRC8Er.o
                0x00000000080025f0                _delay_ms
                0x0000000008002624                _delay_us
                0x0000000008002658                get_cpuFreq
 .text          0x0000000008002670       0xbc /tmp/ccVo2btG.o
                0x0000000008002670                put32b
                0x00000000080026d8                make32b
                0x00000000080026f4                buzzerInit
 .text          0x000000000800272c      0x1ac /tmp/cc5xjWKV.o
                0x000000000800274c                USART_init
                0x00000000080027ec                USART1_IRQHandler
                0x0000000008002878                packetHandler
                0x0000000008002888                processPacket
                0x00000000080028b0                USART_SendString
 .text          0x00000000080028d8       0x3c /tmp/ccMWhNib.o
                0x00000000080028d8                _sbrk
                0x00000000080028f4                link
                0x00000000080028fc                _fstat
                0x0000000008002908                _read
                0x000000000800290c                _write
                0x0000000008002910                abort
 .text          0x0000000008002914      0x378 /opt/gcc-arm-none-eabi-7-2018-q2-update/bin/../lib/gcc/arm-none-eabi/7.3.1/thumb/v7-m/libgcc.a(_arm_addsubdf3.o)
                0x0000000008002914                __aeabi_drsub
                0x000000000800291c                __aeabi_dsub
                0x000000000800291c                __subdf3
                0x0000000008002920                __adddf3
                0x0000000008002920                __aeabi_dadd
                0x0000000008002b98                __aeabi_ui2d
                0x0000000008002b98                __floatunsidf
                0x0000000008002bb8                __floatsidf
                0x0000000008002bb8                __aeabi_i2d
                0x0000000008002bdc                __extendsfdf2
                0x0000000008002bdc                __aeabi_f2d
                0x0000000008002c20                __aeabi_ul2d
                0x0000000008002c20                __floatundidf
                0x0000000008002c30                __floatdidf
                0x0000000008002c30                __aeabi_l2d
 .text          0x0000000008002c8c      0x424 /opt/gcc-arm-none-eabi-7-2018-q2-update/bin/../lib/gcc/arm-none-eabi/7.3.1/thumb/v7-m/libgcc.a(_arm_muldivdf3.o)
                0x0000000008002c8c                __aeabi_dmul
                0x0000000008002c8c                __muldf3
                0x0000000008002ee0                __aeabi_ddiv
                0x0000000008002ee0                __divdf3
 .text          0x00000000080030b0       0x50 /opt/gcc-arm-none-eabi-7-2018-q2-update/bin/../lib/gcc/arm-none-eabi/7.3.1/thumb/v7-m/libgcc.a(_arm_fixdfsi.o)
                0x00000000080030b0                __fixdfsi
                0x00000000080030b0                __aeabi_d2iz
 .text          0x0000000008003100       0x40 /opt/gcc-arm-none-eabi-7-2018-q2-update/bin/../lib/gcc/arm-none-eabi/7.3.1/thumb/v7-m/libgcc.a(_arm_fixunsdfsi.o)
                0x0000000008003100                __fixunsdfsi
                0x0000000008003100                __aeabi_d2uiz
 .text          0x0000000008003140      0x110 /opt/gcc-arm-none-eabi-7-2018-q2-update/bin/../lib/gcc/arm-none-eabi/7.3.1/thumb/v7-m/libgcc.a(_arm_cmpdf2.o)
                0x0000000008003140                __gtdf2
                0x0000000008003140                __gedf2
                0x0000000008003148                __ltdf2
                0x0000000008003148                __ledf2
                0x0000000008003150                __cmpdf2
                0x0000000008003150                __eqdf2
                0x0000000008003150                __nedf2
                0x00000000080031cc                __aeabi_cdrcmple
                0x00000000080031dc                __aeabi_cdcmple
                0x00000000080031dc                __aeabi_cdcmpeq
                0x00000000080031ec                __aeabi_dcmpeq
                0x0000000008003200                __aeabi_dcmplt
                0x0000000008003214                __aeabi_dcmple
                0x0000000008003228                __aeabi_dcmpge
                0x000000000800323c                __aeabi_dcmpgt
 .text          0x0000000008003250       0x2c /opt/gcc-arm-none-eabi-7-2018-q2-update/bin/../lib/gcc/arm-none-eabi/7.3.1/thumb/v7-m/libgcc.a(_arm_unorddf2.o)
                0x0000000008003250                __aeabi_dcmpun
                0x0000000008003250                __unorddf2
 *(.text*)
 .text.__libc_init_array
                0x000000000800327c       0x48 /opt/gcc-arm-none-eabi-7-2018-q2-update/bin/../lib/gcc/arm-none-eabi/7.3.1/../../../../arm-none-eabi/lib/thumb/v7-m/libc_nano.a(lib_a-init.o)
                0x000000000800327c                __libc_init_array
 *fill*         0x00000000080032c4        0x4 
 .text.startup  0x00000000080032c8      0x2bc /tmp/ccy8N34B.o
                0x00000000080032c8                main
 .text.Reset_Handler
                0x0000000008003584       0x48 /tmp/ccVPYWSq.o
                0x0000000008003584                Reset_Handler
 .text.Default_Handler
                0x00000000080035cc        0x2 /tmp/ccVPYWSq.o
                0x00000000080035cc                EXTI2_IRQHandler
                0x00000000080035cc                DebugMon_Handler
                0x00000000080035cc                TIM1_CC_IRQHandler
                0x00000000080035cc                HardFault_Handler
                0x00000000080035cc                SysTick_Handler
                0x00000000080035cc                PVD_IRQHandler
                0x00000000080035cc                PendSV_Handler
                0x00000000080035cc                NMI_Handler
                0x00000000080035cc                EXTI3_IRQHandler
                0x00000000080035cc                EXTI0_IRQHandler
                0x00000000080035cc                I2C2_EV_IRQHandler
                0x00000000080035cc                UsageFault_Handler
                0x00000000080035cc                ADC1_2_IRQHandler
                0x00000000080035cc                SPI1_IRQHandler
                0x00000000080035cc                TAMPER_IRQHandler
                0x00000000080035cc                DMA1_Channel4_IRQHandler
                0x00000000080035cc                USART3_IRQHandler
                0x00000000080035cc                RTC_IRQHandler
                0x00000000080035cc                DMA1_Channel7_IRQHandler
                0x00000000080035cc                CAN1_RX1_IRQHandler
                0x00000000080035cc                I2C1_EV_IRQHandler
                0x00000000080035cc                DMA1_Channel6_IRQHandler
                0x00000000080035cc                TIM3_IRQHandler
                0x00000000080035cc                RCC_IRQHandler
                0x00000000080035cc                TIM1_TRG_COM_IRQHandler
                0x00000000080035cc                DMA1_Channel1_IRQHandler
                0x00000000080035cc                Default_Handler
                0x00000000080035cc                EXTI15_10_IRQHandler
                0x00000000080035cc                EXTI9_5_IRQHandler
                0x00000000080035cc                SPI2_IRQHandler
                0x00000000080035cc                MemManage_Handler
                0x00000000080035cc                SVC_Handler
                0x00000000080035cc                DMA1_Channel5_IRQHandler
                0x00000000080035cc                EXTI4_IRQHandler
                0x00000000080035cc                USB_LP_CAN1_RX0_IRQHandler
                0x00000000080035cc                USB_HP_CAN1_TX_IRQHandler
                0x00000000080035cc                DMA1_Channel3_IRQHandler
                0x00000000080035cc                TIM1_UP_IRQHandler
                0x00000000080035cc                WWDG_IRQHandler
                0x00000000080035cc                TIM2_IRQHandler
                0x00000000080035cc                TIM1_BRK_IRQHandler
                0x00000000080035cc                EXTI1_IRQHandler
                0x00000000080035cc                RTCAlarm_IRQHandler
                0x00000000080035cc                USART2_IRQHandler
                0x00000000080035cc                I2C2_ER_IRQHandler
                0x00000000080035cc                DMA1_Channel2_IRQHandler
                0x00000000080035cc                CAN1_SCE_IRQHandler
                0x00000000080035cc                FLASH_IRQHandler
                0x00000000080035cc                BusFault_Handler
                0x00000000080035cc                I2C1_ER_IRQHandler
                0x00000000080035cc                USBWakeUp_IRQHandler
 *fill*         0x00000000080035ce        0x2 
 .text.sprintf  0x00000000080035d0       0x40 /opt/gcc-arm-none-eabi-7-2018-q2-update/bin/../lib/gcc/arm-none-eabi/7.3.1/../../../../arm-none-eabi/lib/thumb/v7-m/libg_nano.a(lib_a-sprintf.o)
                0x00000000080035d0                sprintf
                0x00000000080035d0                siprintf
 .text.__ssputs_r
                0x0000000008003610       0xb4 /opt/gcc-arm-none-eabi-7-2018-q2-update/bin/../lib/gcc/arm-none-eabi/7.3.1/../../../../arm-none-eabi/lib/thumb/v7-m/libg_nano.a(lib_a-nano-svfprintf.o)
                0x0000000008003610                __ssputs_r
 .text._svfprintf_r
                0x00000000080036c4      0x1f0 /opt/gcc-arm-none-eabi-7-2018-q2-update/bin/../lib/gcc/arm-none-eabi/7.3.1/../../../../arm-none-eabi/lib/thumb/v7-m/libg_nano.a(lib_a-nano-svfprintf.o)
                0x00000000080036c4                _svfprintf_r
                0x00000000080036c4                _svfiprintf_r
 .text._printf_common
                0x00000000080038b4       0xec /opt/gcc-arm-none-eabi-7-2018-q2-update/bin/../lib/gcc/arm-none-eabi/7.3.1/../../../../arm-none-eabi/lib/thumb/v7-m/libg_nano.a(lib_a-nano-vfprintf_i.o)
                0x00000000080038b4                _printf_common
 .text._printf_i
                0x00000000080039a0      0x224 /opt/gcc-arm-none-eabi-7-2018-q2-update/bin/../lib/gcc/arm-none-eabi/7.3.1/../../../../arm-none-eabi/lib/thumb/v7-m/libg_nano.a(lib_a-nano-vfprintf_i.o)
                0x00000000080039a0                _printf_i
 .text.memchr   0x0000000008003bc4       0x1c /opt/gcc-arm-none-eabi-7-2018-q2-update/bin/../lib/gcc/arm-none-eabi/7.3.1/../../../../arm-none-eabi/lib/thumb/v7-m/libg_nano.a(lib_a-memchr-stub.o)
                0x0000000008003bc4                memchr
 .text.memcpy   0x0000000008003be0       0x16 /opt/gcc-arm-none-eabi-7-2018-q2-update/bin/../lib/gcc/arm-none-eabi/7.3.1/../../../../arm-none-eabi/lib/thumb/v7-m/libg_nano.a(lib_a-memcpy-stub.o)
                0x0000000008003be0                memcpy
 .text.memmove  0x0000000008003bf6       0x32 /opt/gcc-arm-none-eabi-7-2018-q2-update/bin/../lib/gcc/arm-none-eabi/7.3.1/../../../../arm-none-eabi/lib/thumb/v7-m/libg_nano.a(lib_a-memmove.o)
                0x0000000008003bf6                memmove
 .text._free_r  0x0000000008003c28       0x98 /opt/gcc-arm-none-eabi-7-2018-q2-update/bin/../lib/gcc/arm-none-eabi/7.3.1/../../../../arm-none-eabi/lib/thumb/v7-m/libg_nano.a(lib_a-nano-freer.o)
                0x0000000008003c28                _free_r
 .text._malloc_r
                0x0000000008003cc0       0xb4 /opt/gcc-arm-none-eabi-7-2018-q2-update/bin/../lib/gcc/arm-none-eabi/7.3.1/../../../../arm-none-eabi/lib/thumb/v7-m/libg_nano.a(lib_a-nano-mallocr.o)
                0x0000000008003cc0                _malloc_r
 .text._realloc_r
                0x0000000008003d74       0x4c /opt/gcc-arm-none-eabi-7-2018-q2-update/bin/../lib/gcc/arm-none-eabi/7.3.1/../../../../arm-none-eabi/lib/thumb/v7-m/libg_nano.a(lib_a-nano-reallocr.o)
                0x0000000008003d74                _realloc_r
 .text._sbrk_r  0x0000000008003dc0       0x20 /opt/gcc-arm-none-eabi-7-2018-q2-update/bin/../lib/gcc/arm-none-eabi/7.3.1/../../../../arm-none-eabi/lib/thumb/v7-m/libg_nano.a(lib_a-sbrkr.o)
                0x0000000008003dc0                _sbrk_r
 .text.__malloc_lock
                0x0000000008003de0        0x2 /opt/gcc-arm-none-eabi-7-2018-q2-update/bin/../lib/gcc/arm-none-eabi/7.3.1/../../../../arm-none-eabi/lib/thumb/v7-m/libg_nano.a(lib_a-mlock.o)
                0x0000000008003de0                __malloc_lock
 .text.__malloc_unlock
                0x0000000008003de2        0x2 /opt/gcc-arm-none-eabi-7-2018-q2-update/bin/../lib/gcc/arm-none-eabi/7.3.1/../../../../arm-none-eabi/lib/thumb/v7-m/libg_nano.a(lib_a-mlock.o)
                0x0000000008003de2                __malloc_unlock
 .text._malloc_usable_size_r
                0x0000000008003de4       0x10 /opt/gcc-arm-none-eabi-7-2018-q2-update/bin/../lib/gcc/arm-none-eabi/7.3.1/../../../../arm-none-eabi/lib/thumb/v7-m/libg_nano.a(lib_a-nano-msizer.o)
                0x0000000008003de4                _malloc_usable_size_r
 .text.__errno  0x0000000008003df4        0xc /opt/gcc-arm-none-eabi-7-2018-q2-update/bin/../lib/gcc/arm-none-eabi/7.3.1/../../../../arm-none-eabi/lib/thumb/v7-m/libc_nano.a(lib_a-errno.o)
                0x0000000008003df4                __errno
 .text.log      0x0000000008003e00       0xfc /opt/gcc-arm-none-eabi-7-2018-q2-update/bin/../lib/gcc/arm-none-eabi/7.3.1/../../../../arm-none-eabi/lib/thumb/v7-m/libm.a(lib_a-w_log.o)
                0x0000000008003e00                log
 *fill*         0x0000000008003efc        0x4 
 .text.__ieee754_log
                0x0000000008003f00      0x394 /opt/gcc-arm-none-eabi-7-2018-q2-update/bin/../lib/gcc/arm-none-eabi/7.3.1/../../../../arm-none-eabi/lib/thumb/v7-m/libm.a(lib_a-e_log.o)
                0x0000000008003f00                __ieee754_log
 .text.matherr  0x0000000008004294        0x4 /opt/gcc-arm-none-eabi-7-2018-q2-update/bin/../lib/gcc/arm-none-eabi/7.3.1/../../../../arm-none-eabi/lib/thumb/v7-m/libm.a(lib_a-s_matherr.o)
                0x0000000008004294                matherr
 .text.nan      0x0000000008004298        0xc /opt/gcc-arm-none-eabi-7-2018-q2-update/bin/../lib/gcc/arm-none-eabi/7.3.1/../../../../arm-none-eabi/lib/thumb/v7-m/libm.a(lib_a-s_nan.o)
                0x0000000008004298                nan
 *(.rodata)
 *(.rodata*)
 .rodata.str1.4
                0x00000000080042a4       0x14 /tmp/ccy8N34B.o
 .rodata._svfprintf_r.str1.1
                0x00000000080042b8       0x11 /opt/gcc-arm-none-eabi-7-2018-q2-update/bin/../lib/gcc/arm-none-eabi/7.3.1/../../../../arm-none-eabi/lib/thumb/v7-m/libg_nano.a(lib_a-nano-svfprintf.o)
 .rodata._printf_i.str1.1
                0x00000000080042c9       0x22 /opt/gcc-arm-none-eabi-7-2018-q2-update/bin/../lib/gcc/arm-none-eabi/7.3.1/../../../../arm-none-eabi/lib/thumb/v7-m/libg_nano.a(lib_a-nano-vfprintf_i.o)
 *fill*         0x00000000080042eb        0x1 
 .rodata.__sf_fake_stderr
                0x00000000080042ec       0x20 /opt/gcc-arm-none-eabi-7-2018-q2-update/bin/../lib/gcc/arm-none-eabi/7.3.1/../../../../arm-none-eabi/lib/thumb/v7-m/libc_nano.a(lib_a-findfp.o)
                0x00000000080042ec                __sf_fake_stderr
 .rodata.__sf_fake_stdin
                0x000000000800430c       0x20 /opt/gcc-arm-none-eabi-7-2018-q2-update/bin/../lib/gcc/arm-none-eabi/7.3.1/../../../../arm-none-eabi/lib/thumb/v7-m/libc_nano.a(lib_a-findfp.o)
                0x000000000800430c                __sf_fake_stdin
 .rodata.__sf_fake_stdout
                0x000000000800432c       0x20 /opt/gcc-arm-none-eabi-7-2018-q2-update/bin/../lib/gcc/arm-none-eabi/7.3.1/../../../../arm-none-eabi/lib/thumb/v7-m/libc_nano.a(lib_a-findfp.o)
                0x000000000800432c                __sf_fake_stdout
 .rodata.log.str1.4
                0x000000000800434c        0x8 /opt/gcc-arm-none-eabi-7-2018-q2-update/bin/../lib/gcc/arm-none-eabi/7.3.1/../../../../arm-none-eabi/lib/thumb/v7-m/libm.a(lib_a-w_log.o)
                                          0x5 (size before relaxing)
 *(.glue_7)
 .glue_7        0x0000000008004354        0x0 linker stubs
 *(.glue_7t)
 .glue_7t       0x0000000008004354        0x0 linker stubs
 *(.init)
 .init          0x0000000008004354        0x4 /opt/gcc-arm-none-eabi-7-2018-q2-update/bin/../lib/gcc/arm-none-eabi/7.3.1/thumb/v7-m/crti.o
                0x0000000008004354                _init
 .init          0x0000000008004358        0x8 /opt/gcc-arm-none-eabi-7-2018-q2-update/bin/../lib/gcc/arm-none-eabi/7.3.1/thumb/v7-m/crtn.o
 *(.fini)
 .fini          0x0000000008004360        0x4 /opt/gcc-arm-none-eabi-7-2018-q2-update/bin/../lib/gcc/arm-none-eabi/7.3.1/thumb/v7-m/crti.o
                0x0000000008004360                _fini
 .fini          0x0000000008004364        0x8 /opt/gcc-arm-none-eabi-7-2018-q2-update/bin/../lib/gcc/arm-none-eabi/7.3.1/thumb/v7-m/crtn.o
                0x000000000800436c                . = ALIGN (0x4)
                0x000000000800436c                _etext = .

.vfp11_veneer   0x000000000800436c        0x0
 .vfp11_veneer  0x000000000800436c        0x0 linker stubs

.v4_bx          0x000000000800436c        0x0
 .v4_bx         0x000000000800436c        0x0 linker stubs

.iplt           0x000000000800436c        0x0
 .iplt          0x000000000800436c        0x0 /opt/gcc-arm-none-eabi-7-2018-q2-update/bin/../lib/gcc/arm-none-eabi/7.3.1/thumb/v7-m/crtbegin.o

.rel.dyn        0x000000000800436c        0x0
 .rel.iplt      0x000000000800436c        0x0 /opt/gcc-arm-none-eabi-7-2018-q2-update/bin/../lib/gcc/arm-none-eabi/7.3.1/thumb/v7-m/crtbegin.o

.ARM.extab
 *(.ARM.extab* .gnu.linkonce.armextab.*)

.ARM            0x000000000800436c        0x0
                0x000000000800436c                __exidx_start = .
 *(.ARM.exidx*)
                0x000000000800436c                __exidx_end = .

.ARM.attributes
                0x000000000800436c       0x29
 *(.ARM.attributes)
 .ARM.attributes
                0x000000000800436c       0x1d /opt/gcc-arm-none-eabi-7-2018-q2-update/bin/../lib/gcc/arm-none-eabi/7.3.1/thumb/v7-m/crti.o
 .ARM.attributes
                0x0000000008004389       0x2d /opt/gcc-arm-none-eabi-7-2018-q2-update/bin/../lib/gcc/arm-none-eabi/7.3.1/thumb/v7-m/crtbegin.o
 .ARM.attributes
                0x00000000080043b6       0x2d /opt/gcc-arm-none-eabi-7-2018-q2-update/bin/../lib/gcc/arm-none-eabi/7.3.1/../../../../arm-none-eabi/lib/thumb/v7-m/libc_nano.a(lib_a-impure.o)
 .ARM.attributes
                0x00000000080043e3       0x2d /opt/gcc-arm-none-eabi-7-2018-q2-update/bin/../lib/gcc/arm-none-eabi/7.3.1/../../../../arm-none-eabi/lib/thumb/v7-m/libc_nano.a(lib_a-init.o)
 .ARM.attributes
                0x0000000008004410       0x33 /tmp/ccy8N34B.o
 .ARM.attributes
                0x0000000008004443       0x33 /tmp/ccHYCStA.o
 .ARM.attributes
                0x0000000008004476       0x33 /tmp/ccqZxPOz.o
 .ARM.attributes
                0x00000000080044a9       0x33 /tmp/ccKmYngc.o
 .ARM.attributes
                0x00000000080044dc       0x33 /tmp/ccpX8Izj.o
 .ARM.attributes
                0x000000000800450f       0x33 /tmp/ccCbT9DH.o
 .ARM.attributes
                0x0000000008004542       0x33 /tmp/ccNGym8l.o
 .ARM.attributes
                0x0000000008004575       0x33 /tmp/ccEarxRy.o
 .ARM.attributes
                0x00000000080045a8       0x33 /tmp/ccyqK2jZ.o
 .ARM.attributes
                0x00000000080045db       0x33 /tmp/ccesSbid.o
 .ARM.attributes
                0x000000000800460e       0x33 /tmp/ccpRC8Er.o
 .ARM.attributes
                0x0000000008004641       0x33 /tmp/ccVo2btG.o
 .ARM.attributes
                0x0000000008004674       0x33 /tmp/cc5xjWKV.o
 .ARM.attributes
                0x00000000080046a7       0x33 /tmp/ccMWhNib.o
 .ARM.attributes
                0x00000000080046da       0x21 /tmp/ccVPYWSq.o
 .ARM.attributes
                0x00000000080046fb       0x1d /opt/gcc-arm-none-eabi-7-2018-q2-update/bin/../lib/gcc/arm-none-eabi/7.3.1/thumb/v7-m/libgcc.a(_arm_addsubdf3.o)
 .ARM.attributes
                0x0000000008004718       0x1d /opt/gcc-arm-none-eabi-7-2018-q2-update/bin/../lib/gcc/arm-none-eabi/7.3.1/thumb/v7-m/libgcc.a(_arm_muldivdf3.o)
 .ARM.attributes
                0x0000000008004735       0x1d /opt/gcc-arm-none-eabi-7-2018-q2-update/bin/../lib/gcc/arm-none-eabi/7.3.1/thumb/v7-m/libgcc.a(_arm_fixdfsi.o)
 .ARM.attributes
                0x0000000008004752       0x1d /opt/gcc-arm-none-eabi-7-2018-q2-update/bin/../lib/gcc/arm-none-eabi/7.3.1/thumb/v7-m/libgcc.a(_arm_fixunsdfsi.o)
 .ARM.attributes
                0x000000000800476f       0x2d /opt/gcc-arm-none-eabi-7-2018-q2-update/bin/../lib/gcc/arm-none-eabi/7.3.1/../../../../arm-none-eabi/lib/thumb/v7-m/libg_nano.a(lib_a-sprintf.o)
 .ARM.attributes
                0x000000000800479c       0x2d /opt/gcc-arm-none-eabi-7-2018-q2-update/bin/../lib/gcc/arm-none-eabi/7.3.1/../../../../arm-none-eabi/lib/thumb/v7-m/libg_nano.a(lib_a-nano-svfprintf.o)
 .ARM.attributes
                0x00000000080047c9       0x2d /opt/gcc-arm-none-eabi-7-2018-q2-update/bin/../lib/gcc/arm-none-eabi/7.3.1/../../../../arm-none-eabi/lib/thumb/v7-m/libg_nano.a(lib_a-nano-vfprintf_i.o)
 .ARM.attributes
                0x00000000080047f6       0x2d /opt/gcc-arm-none-eabi-7-2018-q2-update/bin/../lib/gcc/arm-none-eabi/7.3.1/../../../../arm-none-eabi/lib/thumb/v7-m/libg_nano.a(lib_a-memchr-stub.o)
 .ARM.attributes
                0x0000000008004823       0x2d /opt/gcc-arm-none-eabi-7-2018-q2-update/bin/../lib/gcc/arm-none-eabi/7.3.1/../../../../arm-none-eabi/lib/thumb/v7-m/libg_nano.a(lib_a-memcpy-stub.o)
 .ARM.attributes
                0x0000000008004850       0x2d /opt/gcc-arm-none-eabi-7-2018-q2-update/bin/../lib/gcc/arm-none-eabi/7.3.1/../../../../arm-none-eabi/lib/thumb/v7-m/libg_nano.a(lib_a-memmove.o)
 .ARM.attributes
                0x000000000800487d       0x2d /opt/gcc-arm-none-eabi-7-2018-q2-update/bin/../lib/gcc/arm-none-eabi/7.3.1/../../../../arm-none-eabi/lib/thumb/v7-m/libg_nano.a(lib_a-nano-freer.o)
 .ARM.attributes
                0x00000000080048aa       0x2d /opt/gcc-arm-none-eabi-7-2018-q2-update/bin/../lib/gcc/arm-none-eabi/7.3.1/../../../../arm-none-eabi/lib/thumb/v7-m/libg_nano.a(lib_a-nano-mallocr.o)
 .ARM.attributes
                0x00000000080048d7       0x2d /opt/gcc-arm-none-eabi-7-2018-q2-update/bin/../lib/gcc/arm-none-eabi/7.3.1/../../../../arm-none-eabi/lib/thumb/v7-m/libg_nano.a(lib_a-nano-reallocr.o)
 .ARM.attributes
                0x0000000008004904       0x2d /opt/gcc-arm-none-eabi-7-2018-q2-update/bin/../lib/gcc/arm-none-eabi/7.3.1/../../../../arm-none-eabi/lib/thumb/v7-m/libg_nano.a(lib_a-sbrkr.o)
 .ARM.attributes
                0x0000000008004931       0x2d /opt/gcc-arm-none-eabi-7-2018-q2-update/bin/../lib/gcc/arm-none-eabi/7.3.1/../../../../arm-none-eabi/lib/thumb/v7-m/libg_nano.a(lib_a-mlock.o)
 .ARM.attributes
                0x000000000800495e       0x2d /opt/gcc-arm-none-eabi-7-2018-q2-update/bin/../lib/gcc/arm-none-eabi/7.3.1/../../../../arm-none-eabi/lib/thumb/v7-m/libg_nano.a(lib_a-nano-msizer.o)
 .ARM.attributes
                0x000000000800498b       0x2d /opt/gcc-arm-none-eabi-7-2018-q2-update/bin/../lib/gcc/arm-none-eabi/7.3.1/../../../../arm-none-eabi/lib/thumb/v7-m/libg_nano.a(lib_a-reent.o)
 .ARM.attributes
                0x00000000080049b8       0x2d /opt/gcc-arm-none-eabi-7-2018-q2-update/bin/../lib/gcc/arm-none-eabi/7.3.1/../../../../arm-none-eabi/lib/thumb/v7-m/libc_nano.a(lib_a-errno.o)
 .ARM.attributes
                0x00000000080049e5       0x2d /opt/gcc-arm-none-eabi-7-2018-q2-update/bin/../lib/gcc/arm-none-eabi/7.3.1/../../../../arm-none-eabi/lib/thumb/v7-m/libc_nano.a(lib_a-findfp.o)
 .ARM.attributes
                0x0000000008004a12       0x1d /opt/gcc-arm-none-eabi-7-2018-q2-update/bin/../lib/gcc/arm-none-eabi/7.3.1/thumb/v7-m/crtn.o
 .ARM.attributes
                0x0000000008004a2f       0x2d /opt/gcc-arm-none-eabi-7-2018-q2-update/bin/../lib/gcc/arm-none-eabi/7.3.1/../../../../arm-none-eabi/lib/thumb/v7-m/libm.a(lib_a-w_log.o)
 .ARM.attributes
                0x0000000008004a5c       0x2d /opt/gcc-arm-none-eabi-7-2018-q2-update/bin/../lib/gcc/arm-none-eabi/7.3.1/../../../../arm-none-eabi/lib/thumb/v7-m/libm.a(lib_a-e_log.o)
 .ARM.attributes
                0x0000000008004a89       0x2d /opt/gcc-arm-none-eabi-7-2018-q2-update/bin/../lib/gcc/arm-none-eabi/7.3.1/../../../../arm-none-eabi/lib/thumb/v7-m/libm.a(lib_a-s_lib_ver.o)
 .ARM.attributes
                0x0000000008004ab6       0x2d /opt/gcc-arm-none-eabi-7-2018-q2-update/bin/../lib/gcc/arm-none-eabi/7.3.1/../../../../arm-none-eabi/lib/thumb/v7-m/libm.a(lib_a-s_matherr.o)
 .ARM.attributes
                0x0000000008004ae3       0x2d /opt/gcc-arm-none-eabi-7-2018-q2-update/bin/../lib/gcc/arm-none-eabi/7.3.1/../../../../arm-none-eabi/lib/thumb/v7-m/libm.a(lib_a-s_nan.o)
 .ARM.attributes
                0x0000000008004b10       0x1d /opt/gcc-arm-none-eabi-7-2018-q2-update/bin/../lib/gcc/arm-none-eabi/7.3.1/thumb/v7-m/libgcc.a(_arm_cmpdf2.o)
 .ARM.attributes
                0x0000000008004b2d       0x1d /opt/gcc-arm-none-eabi-7-2018-q2-update/bin/../lib/gcc/arm-none-eabi/7.3.1/thumb/v7-m/libgcc.a(_arm_unorddf2.o)

.preinit_array  0x000000000800436c        0x0
                0x000000000800436c                PROVIDE (__preinit_array_start = .)
 *(.preinit_array*)
                0x000000000800436c                PROVIDE (__preinit_array_end = .)

.init_array     0x000000000800436c        0x4
                0x000000000800436c                PROVIDE (__init_array_start = .)
 *(SORT_BY_NAME(.init_array.*))
 *(.init_array*)
 .init_array    0x000000000800436c        0x4 /opt/gcc-arm-none-eabi-7-2018-q2-update/bin/../lib/gcc/arm-none-eabi/7.3.1/thumb/v7-m/crtbegin.o
                0x0000000008004370                PROVIDE (__init_array_end = .)

.fini_array     0x0000000008004370        0x4
                [!provide]                        PROVIDE (__fini_array_start = .)
 *(.fini_array*)
 .fini_array    0x0000000008004370        0x4 /opt/gcc-arm-none-eabi-7-2018-q2-update/bin/../lib/gcc/arm-none-eabi/7.3.1/thumb/v7-m/crtbegin.o
 *(SORT_BY_NAME(.fini_array.*))
                [!provide]                        PROVIDE (__fini_array_end = .)
                0x0000000008004374                _sidata = .

.data           0x0000000020000000       0x98 load address 0x0000000008004374
                0x0000000020000000                . = ALIGN (0x4)
                0x0000000020000000                _sdata = .
 *(.data)
 .data          0x0000000020000000       0x14 /tmp/ccHYCStA.o
                0x0000000020000000                AHBPrescTable
                0x0000000020000010                SystemCoreClock
 .data          0x0000000020000014       0x14 /tmp/ccCbT9DH.o
 .data          0x0000000020000028        0x5 /tmp/cc5xjWKV.o
                0x0000000020000028                deneme
                0x000000002000002c                timeoutCnt
 *(.data*)
 *fill*         0x000000002000002d        0x3 
 .data._impure_ptr
                0x0000000020000030        0x4 /opt/gcc-arm-none-eabi-7-2018-q2-update/bin/../lib/gcc/arm-none-eabi/7.3.1/../../../../arm-none-eabi/lib/thumb/v7-m/libc_nano.a(lib_a-impure.o)
                0x0000000020000030                _impure_ptr
 .data.impure_data
                0x0000000020000034       0x60 /opt/gcc-arm-none-eabi-7-2018-q2-update/bin/../lib/gcc/arm-none-eabi/7.3.1/../../../../arm-none-eabi/lib/thumb/v7-m/libc_nano.a(lib_a-impure.o)
 .data.__fdlib_version
                0x0000000020000094        0x1 /opt/gcc-arm-none-eabi-7-2018-q2-update/bin/../lib/gcc/arm-none-eabi/7.3.1/../../../../arm-none-eabi/lib/thumb/v7-m/libm.a(lib_a-s_lib_ver.o)
                0x0000000020000094                __fdlib_version
                0x0000000020000098                . = ALIGN (0x4)
 *fill*         0x0000000020000095        0x3 
                0x0000000020000098                _edata = .

.igot.plt       0x0000000020000098        0x0 load address 0x000000000800440c
 .igot.plt      0x0000000020000098        0x0 /opt/gcc-arm-none-eabi-7-2018-q2-update/bin/../lib/gcc/arm-none-eabi/7.3.1/thumb/v7-m/crtbegin.o
                0x0000000020000098                . = ALIGN (0x4)

.bss            0x0000000020000098       0xe4 load address 0x0000000008004410
                0x0000000020000098                _sbss = .
                0x0000000020000098                __bss_start__ = _sbss
 *(.bss)
 .bss           0x0000000020000098       0x1c /opt/gcc-arm-none-eabi-7-2018-q2-update/bin/../lib/gcc/arm-none-eabi/7.3.1/thumb/v7-m/crtbegin.o
 .bss           0x00000000200000b4        0x4 /tmp/ccy8N34B.o
                0x00000000200000b4                avgSum
 .bss           0x00000000200000b8        0x1 /tmp/ccesSbid.o
                0x00000000200000b8                portlcd
 .bss           0x00000000200000b9        0x1 /tmp/cc5xjWKV.o
                0x00000000200000b9                newMessageFlag
 *fill*         0x00000000200000ba        0x2 
 .bss           0x00000000200000bc        0x4 /tmp/ccMWhNib.o
 *(.bss*)
 .bss.__malloc_free_list
                0x00000000200000c0        0x4 /opt/gcc-arm-none-eabi-7-2018-q2-update/bin/../lib/gcc/arm-none-eabi/7.3.1/../../../../arm-none-eabi/lib/thumb/v7-m/libg_nano.a(lib_a-nano-mallocr.o)
                0x00000000200000c0                __malloc_free_list
 .bss.__malloc_sbrk_start
                0x00000000200000c4        0x4 /opt/gcc-arm-none-eabi-7-2018-q2-update/bin/../lib/gcc/arm-none-eabi/7.3.1/../../../../arm-none-eabi/lib/thumb/v7-m/libg_nano.a(lib_a-nano-mallocr.o)
                0x00000000200000c4                __malloc_sbrk_start
 *(COMMON)
 COMMON         0x00000000200000c8       0x48 /tmp/ccy8N34B.o
                0x00000000200000c8                averaged
                0x00000000200000d0                TIM_Pulse
                0x00000000200000d4                buffer2
                0x00000000200000e8                buffer
                0x0000000020000100                celcius
                0x0000000020000108                R
 COMMON         0x0000000020000110       0x65 /tmp/cc5xjWKV.o
                0x0000000020000110                packetbuffer
                0x0000000020000174                packetbufferIndex
 *fill*         0x0000000020000175        0x3 
 COMMON         0x0000000020000178        0x4 /opt/gcc-arm-none-eabi-7-2018-q2-update/bin/../lib/gcc/arm-none-eabi/7.3.1/../../../../arm-none-eabi/lib/thumb/v7-m/libg_nano.a(lib_a-reent.o)
                0x0000000020000178                errno
                0x000000002000017c                . = ALIGN (0x4)
                0x000000002000017c                _ebss = .
                0x000000002000017c                __bss_end__ = _ebss
                0x000000002000017c                PROVIDE (end = _ebss)
                0x000000002000017c                PROVIDE (_end = _ebss)

._user_heap_stack
                0x000000002000017c      0x100 load address 0x00000000080044f4
                0x000000002000017c                . = ALIGN (0x4)
                0x000000002000017c                . = (. + _Min_Heap_Size)
                0x000000002000027c                . = (. + _Min_Stack_Size)
 *fill*         0x000000002000017c      0x100 
                0x000000002000027c                . = ALIGN (0x4)

.memory_b1_text
 *(.mb1text)
 *(.mb1text*)
 *(.mb1rodata)
 *(.mb1rodata*)

/DISCARD/
 libc.a(*)
 libm.a(*)
 libgcc.a(*)
OUTPUT(heat.elf elf32-littlearm)

.debug_frame    0x0000000000000000     0x1d3c
 .debug_frame   0x0000000000000000       0x2c /opt/gcc-arm-none-eabi-7-2018-q2-update/bin/../lib/gcc/arm-none-eabi/7.3.1/../../../../arm-none-eabi/lib/thumb/v7-m/libc_nano.a(lib_a-init.o)
 .debug_frame   0x000000000000002c       0x90 /tmp/ccy8N34B.o
 .debug_frame   0x00000000000000bc       0x48 /tmp/ccHYCStA.o
 .debug_frame   0x0000000000000104      0x2c0 /tmp/ccqZxPOz.o
 .debug_frame   0x00000000000003c4      0x1b0 /tmp/ccKmYngc.o
 .debug_frame   0x0000000000000574      0x26c /tmp/ccpX8Izj.o
 .debug_frame   0x00000000000007e0      0x224 /tmp/ccCbT9DH.o
 .debug_frame   0x0000000000000a04      0x76c /tmp/ccNGym8l.o
 .debug_frame   0x0000000000001170      0x258 /tmp/ccEarxRy.o
 .debug_frame   0x00000000000013c8       0x7c /tmp/ccyqK2jZ.o
 .debug_frame   0x0000000000001444      0x120 /tmp/ccesSbid.o
 .debug_frame   0x0000000000001564       0x6c /tmp/ccpRC8Er.o
 .debug_frame   0x00000000000015d0       0x74 /tmp/ccVo2btG.o
 .debug_frame   0x0000000000001644       0xbc /tmp/cc5xjWKV.o
 .debug_frame   0x0000000000001700       0x70 /tmp/ccMWhNib.o
 .debug_frame   0x0000000000001770       0xac /opt/gcc-arm-none-eabi-7-2018-q2-update/bin/../lib/gcc/arm-none-eabi/7.3.1/thumb/v7-m/libgcc.a(_arm_addsubdf3.o)
 .debug_frame   0x000000000000181c       0x50 /opt/gcc-arm-none-eabi-7-2018-q2-update/bin/../lib/gcc/arm-none-eabi/7.3.1/thumb/v7-m/libgcc.a(_arm_muldivdf3.o)
 .debug_frame   0x000000000000186c       0x24 /opt/gcc-arm-none-eabi-7-2018-q2-update/bin/../lib/gcc/arm-none-eabi/7.3.1/thumb/v7-m/libgcc.a(_arm_fixdfsi.o)
 .debug_frame   0x0000000000001890       0x24 /opt/gcc-arm-none-eabi-7-2018-q2-update/bin/../lib/gcc/arm-none-eabi/7.3.1/thumb/v7-m/libgcc.a(_arm_fixunsdfsi.o)
 .debug_frame   0x00000000000018b4       0x6c /opt/gcc-arm-none-eabi-7-2018-q2-update/bin/../lib/gcc/arm-none-eabi/7.3.1/../../../../arm-none-eabi/lib/thumb/v7-m/libg_nano.a(lib_a-sprintf.o)
 .debug_frame   0x0000000000001920       0x90 /opt/gcc-arm-none-eabi-7-2018-q2-update/bin/../lib/gcc/arm-none-eabi/7.3.1/../../../../arm-none-eabi/lib/thumb/v7-m/libg_nano.a(lib_a-nano-svfprintf.o)
 .debug_frame   0x00000000000019b0       0x60 /opt/gcc-arm-none-eabi-7-2018-q2-update/bin/../lib/gcc/arm-none-eabi/7.3.1/../../../../arm-none-eabi/lib/thumb/v7-m/libg_nano.a(lib_a-nano-vfprintf_i.o)
 .debug_frame   0x0000000000001a10       0x28 /opt/gcc-arm-none-eabi-7-2018-q2-update/bin/../lib/gcc/arm-none-eabi/7.3.1/../../../../arm-none-eabi/lib/thumb/v7-m/libg_nano.a(lib_a-memchr-stub.o)
 .debug_frame   0x0000000000001a38       0x28 /opt/gcc-arm-none-eabi-7-2018-q2-update/bin/../lib/gcc/arm-none-eabi/7.3.1/../../../../arm-none-eabi/lib/thumb/v7-m/libg_nano.a(lib_a-memcpy-stub.o)
 .debug_frame   0x0000000000001a60       0x28 /opt/gcc-arm-none-eabi-7-2018-q2-update/bin/../lib/gcc/arm-none-eabi/7.3.1/../../../../arm-none-eabi/lib/thumb/v7-m/libg_nano.a(lib_a-memmove.o)
 .debug_frame   0x0000000000001a88       0x38 /opt/gcc-arm-none-eabi-7-2018-q2-update/bin/../lib/gcc/arm-none-eabi/7.3.1/../../../../arm-none-eabi/lib/thumb/v7-m/libg_nano.a(lib_a-nano-freer.o)
 .debug_frame   0x0000000000001ac0       0x2c /opt/gcc-arm-none-eabi-7-2018-q2-update/bin/../lib/gcc/arm-none-eabi/7.3.1/../../../../arm-none-eabi/lib/thumb/v7-m/libg_nano.a(lib_a-nano-mallocr.o)
 .debug_frame   0x0000000000001aec       0x3c /opt/gcc-arm-none-eabi-7-2018-q2-update/bin/../lib/gcc/arm-none-eabi/7.3.1/../../../../arm-none-eabi/lib/thumb/v7-m/libg_nano.a(lib_a-nano-reallocr.o)
 .debug_frame   0x0000000000001b28       0x2c /opt/gcc-arm-none-eabi-7-2018-q2-update/bin/../lib/gcc/arm-none-eabi/7.3.1/../../../../arm-none-eabi/lib/thumb/v7-m/libg_nano.a(lib_a-sbrkr.o)
 .debug_frame   0x0000000000001b54       0x30 /opt/gcc-arm-none-eabi-7-2018-q2-update/bin/../lib/gcc/arm-none-eabi/7.3.1/../../../../arm-none-eabi/lib/thumb/v7-m/libg_nano.a(lib_a-mlock.o)
 .debug_frame   0x0000000000001b84       0x20 /opt/gcc-arm-none-eabi-7-2018-q2-update/bin/../lib/gcc/arm-none-eabi/7.3.1/../../../../arm-none-eabi/lib/thumb/v7-m/libg_nano.a(lib_a-nano-msizer.o)
 .debug_frame   0x0000000000001ba4       0x5c /opt/gcc-arm-none-eabi-7-2018-q2-update/bin/../lib/gcc/arm-none-eabi/7.3.1/../../../../arm-none-eabi/lib/thumb/v7-m/libg_nano.a(lib_a-reent.o)
 .debug_frame   0x0000000000001c00       0x20 /opt/gcc-arm-none-eabi-7-2018-q2-update/bin/../lib/gcc/arm-none-eabi/7.3.1/../../../../arm-none-eabi/lib/thumb/v7-m/libc_nano.a(lib_a-errno.o)
 .debug_frame   0x0000000000001c20      0x11c /opt/gcc-arm-none-eabi-7-2018-q2-update/bin/../lib/gcc/arm-none-eabi/7.3.1/../../../../arm-none-eabi/lib/thumb/v7-m/libc_nano.a(lib_a-findfp.o)

.debug_info     0x0000000000000000     0xc076
 .debug_info    0x0000000000000000     0x191b /tmp/ccy8N34B.o
 .debug_info    0x000000000000191b      0x470 /tmp/ccHYCStA.o
 .debug_info    0x0000000000001d8b      0xc1d /tmp/ccqZxPOz.o
 .debug_info    0x00000000000029a8      0x881 /tmp/ccKmYngc.o
 .debug_info    0x0000000000003229      0xb76 /tmp/ccpX8Izj.o
 .debug_info    0x0000000000003d9f      0x92a /tmp/ccCbT9DH.o
 .debug_info    0x00000000000046c9     0x239e /tmp/ccNGym8l.o
 .debug_info    0x0000000000006a67      0xb1a /tmp/ccEarxRy.o
 .debug_info    0x0000000000007581      0x4e7 /tmp/ccyqK2jZ.o
 .debug_info    0x0000000000007a68     0x1255 /tmp/ccesSbid.o
 .debug_info    0x0000000000008cbd      0x9fe /tmp/ccpRC8Er.o
 .debug_info    0x00000000000096bb      0xd3c /tmp/ccVo2btG.o
 .debug_info    0x000000000000a3f7     0x1061 /tmp/cc5xjWKV.o
 .debug_info    0x000000000000b458      0xbfc /tmp/ccMWhNib.o
 .debug_info    0x000000000000c054       0x22 /tmp/ccVPYWSq.o

.debug_abbrev   0x0000000000000000     0x1ff1
 .debug_abbrev  0x0000000000000000      0x2cf /tmp/ccy8N34B.o
 .debug_abbrev  0x00000000000002cf      0x1b9 /tmp/ccHYCStA.o
 .debug_abbrev  0x0000000000000488      0x1fb /tmp/ccqZxPOz.o
 .debug_abbrev  0x0000000000000683      0x217 /tmp/ccKmYngc.o
 .debug_abbrev  0x000000000000089a      0x266 /tmp/ccpX8Izj.o
 .debug_abbrev  0x0000000000000b00      0x281 /tmp/ccCbT9DH.o
 .debug_abbrev  0x0000000000000d81      0x2d2 /tmp/ccNGym8l.o
 .debug_abbrev  0x0000000000001053      0x1f9 /tmp/ccEarxRy.o
 .debug_abbrev  0x000000000000124c      0x192 /tmp/ccyqK2jZ.o
 .debug_abbrev  0x00000000000013de      0x2c6 /tmp/ccesSbid.o
 .debug_abbrev  0x00000000000016a4      0x1dc /tmp/ccpRC8Er.o
 .debug_abbrev  0x0000000000001880      0x265 /tmp/ccVo2btG.o
 .debug_abbrev  0x0000000000001ae5      0x2bb /tmp/cc5xjWKV.o
 .debug_abbrev  0x0000000000001da0      0x23f /tmp/ccMWhNib.o
 .debug_abbrev  0x0000000000001fdf       0x12 /tmp/ccVPYWSq.o

.debug_loc      0x0000000000000000     0x48ad
 .debug_loc     0x0000000000000000       0x34 /tmp/ccy8N34B.o
 .debug_loc     0x0000000000000034       0xbc /tmp/ccHYCStA.o
 .debug_loc     0x00000000000000f0      0x9a6 /tmp/ccqZxPOz.o
 .debug_loc     0x0000000000000a96      0x5dc /tmp/ccKmYngc.o
 .debug_loc     0x0000000000001072      0x631 /tmp/ccpX8Izj.o
 .debug_loc     0x00000000000016a3      0x6c6 /tmp/ccCbT9DH.o
 .debug_loc     0x0000000000001d69     0x1c4f /tmp/ccNGym8l.o
 .debug_loc     0x00000000000039b8      0x800 /tmp/ccEarxRy.o
 .debug_loc     0x00000000000041b8      0x16b /tmp/ccyqK2jZ.o
 .debug_loc     0x0000000000004323      0x314 /tmp/ccesSbid.o
 .debug_loc     0x0000000000004637       0x58 /tmp/ccpRC8Er.o
 .debug_loc     0x000000000000468f      0x13a /tmp/ccVo2btG.o
 .debug_loc     0x00000000000047c9       0x49 /tmp/cc5xjWKV.o
 .debug_loc     0x0000000000004812       0x9b /tmp/ccMWhNib.o

.debug_aranges  0x0000000000000000      0x1f0
 .debug_aranges
                0x0000000000000000       0x28 /tmp/ccy8N34B.o
 .debug_aranges
                0x0000000000000028       0x20 /tmp/ccHYCStA.o
 .debug_aranges
                0x0000000000000048       0x20 /tmp/ccqZxPOz.o
 .debug_aranges
                0x0000000000000068       0x20 /tmp/ccKmYngc.o
 .debug_aranges
                0x0000000000000088       0x20 /tmp/ccpX8Izj.o
 .debug_aranges
                0x00000000000000a8       0x20 /tmp/ccCbT9DH.o
 .debug_aranges
                0x00000000000000c8       0x20 /tmp/ccNGym8l.o
 .debug_aranges
                0x00000000000000e8       0x20 /tmp/ccEarxRy.o
 .debug_aranges
                0x0000000000000108       0x20 /tmp/ccyqK2jZ.o
 .debug_aranges
                0x0000000000000128       0x20 /tmp/ccesSbid.o
 .debug_aranges
                0x0000000000000148       0x20 /tmp/ccpRC8Er.o
 .debug_aranges
                0x0000000000000168       0x20 /tmp/ccVo2btG.o
 .debug_aranges
                0x0000000000000188       0x20 /tmp/cc5xjWKV.o
 .debug_aranges
                0x00000000000001a8       0x20 /tmp/ccMWhNib.o
 .debug_aranges
                0x00000000000001c8       0x28 /tmp/ccVPYWSq.o

.debug_ranges   0x0000000000000000      0x180
 .debug_ranges  0x0000000000000000       0x18 /tmp/ccy8N34B.o
 .debug_ranges  0x0000000000000018       0x28 /tmp/ccHYCStA.o
 .debug_ranges  0x0000000000000040       0x20 /tmp/ccCbT9DH.o
 .debug_ranges  0x0000000000000060       0xd0 /tmp/ccNGym8l.o
 .debug_ranges  0x0000000000000130       0x30 /tmp/cc5xjWKV.o
 .debug_ranges  0x0000000000000160       0x20 /tmp/ccVPYWSq.o

.debug_line     0x0000000000000000     0x33d3
 .debug_line    0x0000000000000000      0x411 /tmp/ccy8N34B.o
 .debug_line    0x0000000000000411      0x21c /tmp/ccHYCStA.o
 .debug_line    0x000000000000062d      0x427 /tmp/ccqZxPOz.o
 .debug_line    0x0000000000000a54      0x385 /tmp/ccKmYngc.o
 .debug_line    0x0000000000000dd9      0x3f9 /tmp/ccpX8Izj.o
 .debug_line    0x00000000000011d2      0x3ce /tmp/ccCbT9DH.o
 .debug_line    0x00000000000015a0      0x941 /tmp/ccNGym8l.o
 .debug_line    0x0000000000001ee1      0x3f6 /tmp/ccEarxRy.o
 .debug_line    0x00000000000022d7      0x275 /tmp/ccyqK2jZ.o
 .debug_line    0x000000000000254c      0x352 /tmp/ccesSbid.o
 .debug_line    0x000000000000289e      0x287 /tmp/ccpRC8Er.o
 .debug_line    0x0000000000002b25      0x2dc /tmp/ccVo2btG.o
 .debug_line    0x0000000000002e01      0x32f /tmp/cc5xjWKV.o
 .debug_line    0x0000000000003130      0x1cf /tmp/ccMWhNib.o
 .debug_line    0x00000000000032ff       0xd4 /tmp/ccVPYWSq.o

.debug_str      0x0000000000000000     0x3193
 .debug_str     0x0000000000000000     0x100b /tmp/ccy8N34B.o
                                       0x10c5 (size before relaxing)
 .debug_str     0x000000000000100b      0x13b /tmp/ccHYCStA.o
                                        0x339 (size before relaxing)
 .debug_str     0x0000000000001146      0x430 /tmp/ccqZxPOz.o
                                        0x775 (size before relaxing)
 .debug_str     0x0000000000001576      0x25c /tmp/ccKmYngc.o
                                        0x593 (size before relaxing)
 .debug_str     0x00000000000017d2      0x471 /tmp/ccpX8Izj.o
                                        0x6f2 (size before relaxing)
 .debug_str     0x0000000000001c43      0x303 /tmp/ccCbT9DH.o
                                        0x67d (size before relaxing)
 .debug_str     0x0000000000001f46      0x96e /tmp/ccNGym8l.o
                                        0xe6e (size before relaxing)
 .debug_str     0x00000000000028b4      0x42c /tmp/ccEarxRy.o
                                        0x733 (size before relaxing)
 .debug_str     0x0000000000002ce0      0x15f /tmp/ccyqK2jZ.o
                                        0x41b (size before relaxing)
 .debug_str     0x0000000000002e3f       0x88 /tmp/ccesSbid.o
                                        0x960 (size before relaxing)
 .debug_str     0x0000000000002ec7       0x20 /tmp/ccpRC8Er.o
                                        0x661 (size before relaxing)
 .debug_str     0x0000000000002ee7       0x3c /tmp/ccVo2btG.o
                                        0x810 (size before relaxing)
 .debug_str     0x0000000000002f23       0x96 /tmp/cc5xjWKV.o
                                        0xcaa (size before relaxing)
 .debug_str     0x0000000000002fb9      0x154 /tmp/ccMWhNib.o
                                        0x735 (size before relaxing)
 .debug_str     0x000000000000310d       0x86 /tmp/ccVPYWSq.o
                                         0xb6 (size before relaxing)

.comment        0x0000000000000000       0x7f
 .comment       0x0000000000000000       0x7f /tmp/ccy8N34B.o
                                         0x80 (size before relaxing)
 .comment       0x000000000000007f       0x80 /tmp/ccHYCStA.o
 .comment       0x000000000000007f       0x80 /tmp/ccqZxPOz.o
 .comment       0x000000000000007f       0x80 /tmp/ccKmYngc.o
 .comment       0x000000000000007f       0x80 /tmp/ccpX8Izj.o
 .comment       0x000000000000007f       0x80 /tmp/ccCbT9DH.o
 .comment       0x000000000000007f       0x80 /tmp/ccNGym8l.o
 .comment       0x000000000000007f       0x80 /tmp/ccEarxRy.o
 .comment       0x000000000000007f       0x80 /tmp/ccyqK2jZ.o
 .comment       0x000000000000007f       0x80 /tmp/ccesSbid.o
 .comment       0x000000000000007f       0x80 /tmp/ccpRC8Er.o
 .comment       0x000000000000007f       0x80 /tmp/ccVo2btG.o
 .comment       0x000000000000007f       0x80 /tmp/cc5xjWKV.o
 .comment       0x000000000000007f       0x80 /tmp/ccMWhNib.o
