Archive member included to satisfy reference by file (symbol)

/opt/gcc-arm-none-eabi-7-2018-q2-update/bin/../lib/gcc/arm-none-eabi/7.3.1/../../../../arm-none-eabi/lib/thumb/v7-m/libc_nano.a(lib_a-exit.o)
                              /opt/gcc-arm-none-eabi-7-2018-q2-update/bin/../lib/gcc/arm-none-eabi/7.3.1/../../../../arm-none-eabi/lib/thumb/v7-m/rdimon-crt0.o (exit)
/opt/gcc-arm-none-eabi-7-2018-q2-update/bin/../lib/gcc/arm-none-eabi/7.3.1/../../../../arm-none-eabi/lib/thumb/v7-m/libc_nano.a(lib_a-impure.o)
                              /opt/gcc-arm-none-eabi-7-2018-q2-update/bin/../lib/gcc/arm-none-eabi/7.3.1/../../../../arm-none-eabi/lib/thumb/v7-m/libc_nano.a(lib_a-exit.o) (_global_impure_ptr)
/opt/gcc-arm-none-eabi-7-2018-q2-update/bin/../lib/gcc/arm-none-eabi/7.3.1/../../../../arm-none-eabi/lib/thumb/v7-m/libc_nano.a(lib_a-init.o)
                              /opt/gcc-arm-none-eabi-7-2018-q2-update/bin/../lib/gcc/arm-none-eabi/7.3.1/../../../../arm-none-eabi/lib/thumb/v7-m/rdimon-crt0.o (__libc_init_array)
/opt/gcc-arm-none-eabi-7-2018-q2-update/bin/../lib/gcc/arm-none-eabi/7.3.1/../../../../arm-none-eabi/lib/thumb/v7-m/libc_nano.a(lib_a-memset.o)
                              /opt/gcc-arm-none-eabi-7-2018-q2-update/bin/../lib/gcc/arm-none-eabi/7.3.1/../../../../arm-none-eabi/lib/thumb/v7-m/rdimon-crt0.o (memset)
/opt/gcc-arm-none-eabi-7-2018-q2-update/bin/../lib/gcc/arm-none-eabi/7.3.1/thumb/v7-m/libgcc.a(_arm_addsubdf3.o)
                              /tmp/ccmcgjOj.o (__aeabi_dsub)
/opt/gcc-arm-none-eabi-7-2018-q2-update/bin/../lib/gcc/arm-none-eabi/7.3.1/thumb/v7-m/libgcc.a(_arm_muldivdf3.o)
                              /tmp/ccmcgjOj.o (__aeabi_dmul)
/opt/gcc-arm-none-eabi-7-2018-q2-update/bin/../lib/gcc/arm-none-eabi/7.3.1/thumb/v7-m/libgcc.a(_arm_cmpdf2.o)
                              /tmp/ccmcgjOj.o (__aeabi_dcmplt)
/opt/gcc-arm-none-eabi-7-2018-q2-update/bin/../lib/gcc/arm-none-eabi/7.3.1/thumb/v7-m/libgcc.a(_arm_fixdfsi.o)
                              /tmp/ccmcgjOj.o (__aeabi_d2iz)
/opt/gcc-arm-none-eabi-7-2018-q2-update/bin/../lib/gcc/arm-none-eabi/7.3.1/thumb/v7-m/libgcc.a(_arm_fixunsdfsi.o)
                              /tmp/ccmcgjOj.o (__aeabi_d2uiz)
/opt/gcc-arm-none-eabi-7-2018-q2-update/bin/../lib/gcc/arm-none-eabi/7.3.1/../../../../arm-none-eabi/lib/thumb/v7-m/libg_nano.a(lib_a-sprintf.o)
                              /tmp/ccmcgjOj.o (sprintf)
/opt/gcc-arm-none-eabi-7-2018-q2-update/bin/../lib/gcc/arm-none-eabi/7.3.1/../../../../arm-none-eabi/lib/thumb/v7-m/libg_nano.a(lib_a-nano-svfprintf.o)
                              /opt/gcc-arm-none-eabi-7-2018-q2-update/bin/../lib/gcc/arm-none-eabi/7.3.1/../../../../arm-none-eabi/lib/thumb/v7-m/libg_nano.a(lib_a-sprintf.o) (_svfprintf_r)
/opt/gcc-arm-none-eabi-7-2018-q2-update/bin/../lib/gcc/arm-none-eabi/7.3.1/../../../../arm-none-eabi/lib/thumb/v7-m/libg_nano.a(lib_a-nano-vfprintf_i.o)
                              /opt/gcc-arm-none-eabi-7-2018-q2-update/bin/../lib/gcc/arm-none-eabi/7.3.1/../../../../arm-none-eabi/lib/thumb/v7-m/libg_nano.a(lib_a-nano-svfprintf.o) (_printf_i)
/opt/gcc-arm-none-eabi-7-2018-q2-update/bin/../lib/gcc/arm-none-eabi/7.3.1/../../../../arm-none-eabi/lib/thumb/v7-m/libg_nano.a(lib_a-memchr-stub.o)
                              /opt/gcc-arm-none-eabi-7-2018-q2-update/bin/../lib/gcc/arm-none-eabi/7.3.1/../../../../arm-none-eabi/lib/thumb/v7-m/libg_nano.a(lib_a-nano-svfprintf.o) (memchr)
/opt/gcc-arm-none-eabi-7-2018-q2-update/bin/../lib/gcc/arm-none-eabi/7.3.1/../../../../arm-none-eabi/lib/thumb/v7-m/libg_nano.a(lib_a-memcpy-stub.o)
                              /opt/gcc-arm-none-eabi-7-2018-q2-update/bin/../lib/gcc/arm-none-eabi/7.3.1/../../../../arm-none-eabi/lib/thumb/v7-m/libg_nano.a(lib_a-nano-svfprintf.o) (memcpy)
/opt/gcc-arm-none-eabi-7-2018-q2-update/bin/../lib/gcc/arm-none-eabi/7.3.1/../../../../arm-none-eabi/lib/thumb/v7-m/libg_nano.a(lib_a-memmove.o)
                              /opt/gcc-arm-none-eabi-7-2018-q2-update/bin/../lib/gcc/arm-none-eabi/7.3.1/../../../../arm-none-eabi/lib/thumb/v7-m/libg_nano.a(lib_a-nano-svfprintf.o) (memmove)
/opt/gcc-arm-none-eabi-7-2018-q2-update/bin/../lib/gcc/arm-none-eabi/7.3.1/../../../../arm-none-eabi/lib/thumb/v7-m/libg_nano.a(lib_a-nano-freer.o)
                              /opt/gcc-arm-none-eabi-7-2018-q2-update/bin/../lib/gcc/arm-none-eabi/7.3.1/../../../../arm-none-eabi/lib/thumb/v7-m/libg_nano.a(lib_a-nano-svfprintf.o) (_free_r)
/opt/gcc-arm-none-eabi-7-2018-q2-update/bin/../lib/gcc/arm-none-eabi/7.3.1/../../../../arm-none-eabi/lib/thumb/v7-m/libg_nano.a(lib_a-nano-mallocr.o)
                              /opt/gcc-arm-none-eabi-7-2018-q2-update/bin/../lib/gcc/arm-none-eabi/7.3.1/../../../../arm-none-eabi/lib/thumb/v7-m/libg_nano.a(lib_a-nano-svfprintf.o) (_malloc_r)
/opt/gcc-arm-none-eabi-7-2018-q2-update/bin/../lib/gcc/arm-none-eabi/7.3.1/../../../../arm-none-eabi/lib/thumb/v7-m/libg_nano.a(lib_a-nano-reallocr.o)
[...]
Memory Configuration

Name             Origin             Length             Attributes
FLASH            0x0000000008000000 0x0000000000020000 xr
RAM              0x0000000020000000 0x0000000000005000 xrw
MEMORY_B1        0x0000000060000000 0x0000000000000000 xr
*default*        0x0000000000000000 0xffffffffffffffff

Linker script and memory map

LOAD /opt/gcc-arm-none-eabi-7-2018-q2-update/bin/../lib/gcc/arm-none-eabi/7.3.1/thumb/v7-m/crti.o
LOAD /opt/gcc-arm-none-eabi-7-2018-q2-update/bin/../lib/gcc/arm-none-eabi/7.3.1/thumb/v7-m/crtbegin.o
LOAD /opt/gcc-arm-none-eabi-7-2018-q2-update/bin/../lib/gcc/arm-none-eabi/7.3.1/../../../../arm-none-eabi/lib/thumb/v7-m/rdimon-crt0.o
LOAD /opt/gcc-arm-none-eabi-7-2018-q2-update/bin/../lib/gcc/arm-none-eabi/7.3.1/thumb/v7-m/libgcc.a
LOAD /opt/gcc-arm-none-eabi-7-2018-q2-update/bin/../lib/gcc/arm-none-eabi/7.3.1/../../../../arm-none-eabi/lib/thumb/v7-m/libc_nano.a
LOAD /opt/gcc-arm-none-eabi-7-2018-q2-update/bin/../lib/gcc/arm-none-eabi/7.3.1/../../../../arm-none-eabi/lib/thumb/v7-m/libm.a
LOAD /tmp/ccmcgjOj.o
LOAD /tmp/ccnXl9xX.o
LOAD /tmp/ccKcXtoC.o
LOAD /tmp/ccqtVEIh.o
LOAD /tmp/cc2py8dY.o
LOAD /tmp/ccq9Ux7E.o
LOAD /tmp/ccvo8nim.o
LOAD /tmp/ccujLHQ3.o
LOAD /tmp/ccZTgcEL.o
LOAD /tmp/ccjbYARt.o
LOAD /tmp/ccK9z5oc.o
LOAD /tmp/ccq0HZGV.o
LOAD /tmp/ccSXVgIF.o
LOAD /tmp/ccgLNmiq.o
LOAD /tmp/cc1l6yDb.o
LOAD /tmp/cc5KT8fX.o
LOAD /tmp/cczdPAbJ.o
LOAD /tmp/cchgNQJv.o
LOAD /tmp/cc0UVeGi.o
LOAD /tmp/cc5HAo75.o
LOAD /tmp/cc1z1E9T.o
LOAD /tmp/ccAE9HYJ.o
LOAD /tmp/cciwIpzA.o
LOAD /tmp/ccD4HNsr.o
LOAD /tmp/cclFYADi.o
LOAD /tmp/ccSSz5ma.o
LOAD /tmp/cck1SOu2.o
LOAD /tmp/ccKk5F0U.o
LOAD /tmp/ccLdSgZN.o
LOAD /tmp/ccw83IcH.o
LOAD /tmp/ccNg3gsA.o
START GROUP
LOAD /opt/gcc-arm-none-eabi-7-2018-q2-update/bin/../lib/gcc/arm-none-eabi/7.3.1/thumb/v7-m/libgcc.a
LOAD /opt/gcc-arm-none-eabi-7-2018-q2-update/bin/../lib/gcc/arm-none-eabi/7.3.1/../../../../arm-none-eabi/lib/thumb/v7-m/libg_nano.a
LOAD /opt/gcc-arm-none-eabi-7-2018-q2-update/bin/../lib/gcc/arm-none-eabi/7.3.1/../../../../arm-none-eabi/lib/thumb/v7-m/libc_nano.a
END GROUP
START GROUP
LOAD /opt/gcc-arm-none-eabi-7-2018-q2-update/bin/../lib/gcc/arm-none-eabi/7.3.1/thumb/v7-m/libgcc.a
LOAD /opt/gcc-arm-none-eabi-7-2018-q2-update/bin/../lib/gcc/arm-none-eabi/7.3.1/../../../../arm-none-eabi/lib/thumb/v7-m/libc_nano.a
LOAD /opt/gcc-arm-none-eabi-7-2018-q2-update/bin/../lib/gcc/arm-none-eabi/7.3.1/../../../../arm-none-eabi/lib/thumb/v7-m/librdimon_nano.a
END GROUP
START GROUP
LOAD /opt/gcc-arm-none-eabi-7-2018-q2-update/bin/../lib/gcc/arm-none-eabi/7.3.1/thumb/v7-m/libgcc.a
LOAD /opt/gcc-arm-none-eabi-7-2018-q2-update/bin/../lib/gcc/arm-none-eabi/7.3.1/../../../../arm-none-eabi/lib/thumb/v7-m/libc_nano.a
LOAD /opt/gcc-arm-none-eabi-7-2018-q2-update/bin/../lib/gcc/arm-none-eabi/7.3.1/../../../../arm-none-eabi/lib/thumb/v7-m/librdimon_nano.a
END GROUP
LOAD /opt/gcc-arm-none-eabi-7-2018-q2-update/bin/../lib/gcc/arm-none-eabi/7.3.1/thumb/v7-m/crtend.o
LOAD /opt/gcc-arm-none-eabi-7-2018-q2-update/bin/../lib/gcc/arm-none-eabi/7.3.1/thumb/v7-m/crtn.o
                0x0000000020005000                _estack = 0x20005000
                0x0000000000000000                _Min_Heap_Size = 0x0
                0x0000000000000100                _Min_Stack_Size = 0x100

.isr_vector     0x0000000008000000      0x10c
                0x0000000008000000                . = ALIGN (0x4)
 *(.isr_vector)
 .isr_vector    0x0000000008000000      0x10c /tmp/ccNg3gsA.o
                0x0000000008000000                g_pfnVectors
                0x000000000800010c                . = ALIGN (0x4)

.eh_frame       0x000000000800010c        0x0
 .eh_frame      0x000000000800010c        0x0 /opt/gcc-arm-none-eabi-7-2018-q2-update/bin/../lib/gcc/arm-none-eabi/7.3.1/thumb/v7-m/crtbegin.o

.text           0x0000000008000110     0x435c
                0x0000000008000110                . = ALIGN (0x4)
 *(.text)
 .text          0x0000000008000110       0x40 /opt/gcc-arm-none-eabi-7-2018-q2-update/bin/../lib/gcc/arm-none-eabi/7.3.1/thumb/v7-m/crtbegin.o
 .text          0x0000000008000150      0x324 /tmp/ccmcgjOj.o
                0x0000000008000150                adc_init
                0x00000000080001dc                tim_init
                0x0000000008000234                getTemp
                0x0000000008000338                TIM4_IRQHandler
 .text          0x0000000008000474      0x15c /tmp/ccnXl9xX.o
                0x0000000008000474                SystemInit
                0x0000000008000578                SystemCoreClockUpdate
 .text          0x00000000080005d0      0x398 /tmp/ccKcXtoC.o
                0x00000000080005d0                ADC_DeInit
                0x000000000800063c                ADC_Init
                0x0000000008000684                ADC_StructInit
                0x0000000008000698                ADC_Cmd
                0x00000000080006ac                ADC_DMACmd
                0x00000000080006c0                ADC_ITConfig
                0x00000000080006d4                ADC_ResetCalibration
                0x00000000080006e0                ADC_GetResetCalibrationStatus
                0x00000000080006e8                ADC_StartCalibration
                0x00000000080006f4                ADC_GetCalibrationStatus
                0x00000000080006fc                ADC_SoftwareStartConvCmd
                0x0000000008000710                ADC_GetSoftwareStartConvStatus
                0x0000000008000718                ADC_DiscModeChannelCountConfig
                0x0000000008000728                ADC_DiscModeCmd
                0x000000000800073c                ADC_RegularChannelConfig
                0x00000000080007cc                ADC_ExternalTrigConvCmd
                0x00000000080007e0                ADC_GetConversionValue
                0x00000000080007e8                ADC_GetDualModeConversionValue
                0x00000000080007f4                ADC_AutoInjectedConvCmd
                0x0000000008000808                ADC_InjectedDiscModeCmd
                0x000000000800081c                ADC_ExternalTrigInjectedConvConfig
                0x0000000008000828                ADC_ExternalTrigInjectedConvCmd
                0x000000000800083c                ADC_SoftwareStartInjectedConvCmd
                0x0000000008000850                ADC_GetSoftwareStartInjectedConvCmdStatus
                0x0000000008000858                ADC_InjectedChannelConfig
                0x00000000080008b0                ADC_InjectedSequencerLengthConfig
                0x00000000080008c0                ADC_SetInjectedOffset
                0x00000000080008d8                ADC_GetInjectedConversionValue
                0x00000000080008f4                ADC_AnalogWatchdogCmd
                0x0000000008000904                ADC_AnalogWatchdogThresholdsConfig
                0x000000000800090c                ADC_AnalogWatchdogSingleChannelConfig
                0x0000000008000918                ADC_TempSensorVrefintCmd
                0x0000000008000934                ADC_GetFlagStatus
                0x0000000008000940                ADC_ClearFlag
                0x0000000008000948                ADC_GetITStatus
                0x0000000008000960                ADC_ClearITPendingBit
 .text          0x0000000008000968      0x2e0 /tmp/ccgLNmiq.o
                0x0000000008000968                GPIO_DeInit
                0x0000000008000a44                GPIO_AFIODeInit
                0x0000000008000a5c                GPIO_Init
                0x0000000008000b18                GPIO_StructInit
                0x0000000008000b28                GPIO_ReadInputDataBit
                0x0000000008000b34                GPIO_ReadInputData
                0x0000000008000b3c                GPIO_ReadOutputDataBit
                0x0000000008000b48                GPIO_ReadOutputData
                0x0000000008000b50                GPIO_SetBits
                0x0000000008000b54                GPIO_ResetBits
                0x0000000008000b58                GPIO_WriteBit
                0x0000000008000b64                GPIO_Write
                0x0000000008000b68                GPIO_PinLockConfig
                0x0000000008000b78                GPIO_EventOutputConfig
                0x0000000008000b94                GPIO_EventOutputCmd
                0x0000000008000ba0                GPIO_PinRemapConfig
                0x0000000008000c0c                GPIO_EXTILineConfig
                0x0000000008000c3c                GPIO_ETH_MediaInterfaceConfig
 .text          0x0000000008000c48      0x3a4 /tmp/cc1l6yDb.o
                0x0000000008000c48                I2C_DeInit
                0x0000000008000c84                I2C_Init
                0x0000000008000d54                I2C_StructInit
                0x0000000008000d74                I2C_Cmd
                0x0000000008000d8c                I2C_DMACmd
                0x0000000008000da4                I2C_DMALastTransferCmd
                0x0000000008000dbc                I2C_GenerateSTART
                0x0000000008000dd4                I2C_GenerateSTOP
                0x0000000008000dec                I2C_AcknowledgeConfig
                0x0000000008000e04                I2C_OwnAddress2Config
                0x0000000008000e18                I2C_DualAddressCmd
                0x0000000008000e30                I2C_GeneralCallCmd
                0x0000000008000e48                I2C_ITConfig
                0x0000000008000e5c                I2C_SendData
                0x0000000008000e60                I2C_ReceiveData
                0x0000000008000e68                I2C_Send7bitAddress
                0x0000000008000e80                I2C_ReadRegister
                0x0000000008000e98                I2C_SoftwareResetCmd
                0x0000000008000eac                I2C_NACKPositionConfig
                0x0000000008000ec4                I2C_SMBusAlertConfig
                0x0000000008000edc                I2C_TransmitPEC
                0x0000000008000ef4                I2C_PECPositionConfig
                0x0000000008000ef8                I2C_CalculatePEC
                0x0000000008000f10                I2C_GetPEC
                0x0000000008000f18                I2C_ARPCmd
                0x0000000008000f30                I2C_StretchClockCmd
                0x0000000008000f48                I2C_FastModeDutyCycleConfig
                0x0000000008000f60                I2C_CheckEvent
                0x0000000008000f78                I2C_GetLastEvent
                0x0000000008000f88                I2C_GetFlagStatus
                0x0000000008000fc0                I2C_ClearFlag
                0x0000000008000fc8                I2C_GetITStatus
                0x0000000008000fe4                I2C_ClearITPendingBit
 .text          0x0000000008000fec      0x354 /tmp/cchgNQJv.o
                0x0000000008000fec                RCC_DeInit
                0x000000000800102c                RCC_HSEConfig
                0x0000000008001064                RCC_WaitForHSEStartUp
                0x0000000008001094                RCC_AdjustHSICalibrationValue
                0x00000000080010a8                RCC_HSICmd
                0x00000000080010b4                RCC_PLLConfig
                0x00000000080010c8                RCC_PLLCmd
                0x00000000080010d4                RCC_SYSCLKConfig
                0x00000000080010e8                RCC_GetSYSCLKSource
                0x00000000080010f8                RCC_HCLKConfig
                0x000000000800110c                RCC_PCLK1Config
                0x0000000008001120                RCC_PCLK2Config
                0x0000000008001134                RCC_ITConfig
                0x000000000800114c                RCC_USBCLKConfig
                0x0000000008001158                RCC_ADCCLKConfig
                0x000000000800116c                RCC_LSEConfig
                0x000000000800118c                RCC_LSICmd
                0x0000000008001198                RCC_RTCCLKConfig
                0x00000000080011a8                RCC_RTCCLKCmd
                0x00000000080011b4                RCC_GetClocksFreq
                0x0000000008001240                RCC_AHBPeriphClockCmd
                0x0000000008001258                RCC_APB2PeriphClockCmd
                0x0000000008001270                RCC_APB1PeriphClockCmd
                0x0000000008001288                RCC_APB2PeriphResetCmd
                0x00000000080012a0                RCC_APB1PeriphResetCmd
                0x00000000080012b8                RCC_BackupResetCmd
                0x00000000080012c4                RCC_ClockSecuritySystemCmd
                0x00000000080012d0                RCC_MCOConfig
                0x00000000080012dc                RCC_GetFlagStatus
                0x0000000008001310                RCC_ClearFlag
                0x0000000008001320                RCC_GetITStatus
                0x0000000008001334                RCC_ClearITPendingBit
 .text          0x0000000008001340      0xdb0 /tmp/ccAE9HYJ.o
                0x0000000008001438                TIM_DeInit
                0x0000000008001668                TIM_TimeBaseInit
                0x0000000008001714                TIM_OC1Init
                0x000000000800179c                TIM_OC2Init
                0x0000000008001820                TIM_OC3Init
                0x00000000080018a4                TIM_OC4Init
                0x0000000008001910                TIM_ICInit
                0x0000000008001a78                TIM_PWMIConfig
                0x0000000008001b14                TIM_BDTRConfig
                0x0000000008001b38                TIM_TimeBaseStructInit
                0x0000000008001b4c                TIM_OCStructInit
                0x0000000008001b60                TIM_ICStructInit
                0x0000000008001b70                TIM_BDTRStructInit
                0x0000000008001b84                TIM_Cmd
                0x0000000008001b9c                TIM_CtrlPWMOutputs
                0x0000000008001bb8                TIM_ITConfig
                0x0000000008001bcc                TIM_GenerateEvent
                0x0000000008001bd0                TIM_DMAConfig
                0x0000000008001bd8                TIM_DMACmd
                0x0000000008001bdc                TIM_InternalClockConfig
                0x0000000008001bec                TIM_ITRxExternalClockConfig
                0x0000000008001c04                TIM_TIxExternalClockConfig
                0x0000000008001c38                TIM_ETRClockMode1Config
                0x0000000008001c60                TIM_ETRClockMode2Config
                0x0000000008001c80                TIM_ETRConfig
                0x0000000008001c98                TIM_PrescalerConfig
                0x0000000008001ca0                TIM_CounterModeConfig
                0x0000000008001cb0                TIM_SelectInputTrigger
                0x0000000008001cc0                TIM_EncoderInterfaceConfig
                0x0000000008001cfc                TIM_ForcedOC1Config
                0x0000000008001d0c                TIM_ForcedOC2Config
                0x0000000008001d20                TIM_ForcedOC3Config
                0x0000000008001d30                TIM_ForcedOC4Config
                0x0000000008001d44                TIM_ARRPreloadConfig
                0x0000000008001d5c                TIM_SelectCOM
                0x0000000008001d74                TIM_SelectCCDMA
                0x0000000008001d8c                TIM_CCPreloadControl
                0x0000000008001da4                TIM_OC1PreloadConfig
                0x0000000008001db4                TIM_OC2PreloadConfig
                0x0000000008001dc8                TIM_OC3PreloadConfig
                0x0000000008001dd8                TIM_OC4PreloadConfig
                0x0000000008001dec                TIM_OC1FastConfig
                0x0000000008001dfc                TIM_OC2FastConfig
                0x0000000008001e10                TIM_OC3FastConfig
                0x0000000008001e20                TIM_OC4FastConfig
                0x0000000008001e34                TIM_ClearOC1Ref
                0x0000000008001e44                TIM_ClearOC2Ref
                0x0000000008001e54                TIM_ClearOC3Ref
                0x0000000008001e64                TIM_ClearOC4Ref
                0x0000000008001e74                TIM_OC1PolarityConfig
                0x0000000008001e84                TIM_OC1NPolarityConfig
                0x0000000008001e94                TIM_OC2PolarityConfig
                0x0000000008001ea8                TIM_OC2NPolarityConfig
                0x0000000008001ebc                TIM_OC3PolarityConfig
                0x0000000008001ed0                TIM_OC3NPolarityConfig
                0x0000000008001ee4                TIM_OC4PolarityConfig
                0x0000000008001ef8                TIM_CCxCmd
                0x0000000008001f18                TIM_CCxNCmd
                0x0000000008001f38                TIM_SelectOCxM
                0x0000000008001f80                TIM_UpdateDisableConfig
                0x0000000008001f98                TIM_UpdateRequestConfig
                0x0000000008001fb0                TIM_SelectHallSensor
                0x0000000008001fc8                TIM_SelectOnePulseMode
                0x0000000008001fdc                TIM_SelectOutputTrigger
                0x0000000008001ff0                TIM_SelectSlaveMode
                0x0000000008002004                TIM_SelectMasterSlaveMode
                0x0000000008002018                TIM_SetCounter
                0x000000000800201c                TIM_SetAutoreload
                0x0000000008002020                TIM_SetCompare1
                0x0000000008002024                TIM_SetCompare2
                0x0000000008002028                TIM_SetCompare3
                0x000000000800202c                TIM_SetCompare4
                0x0000000008002034                TIM_SetIC1Prescaler
                0x0000000008002048                TIM_SetIC2Prescaler
                0x0000000008002060                TIM_SetIC3Prescaler
                0x0000000008002074                TIM_SetIC4Prescaler
                0x000000000800208c                TIM_SetClockDivision
                0x00000000080020a0                TIM_GetCapture1
                0x00000000080020a4                TIM_GetCapture2
                0x00000000080020a8                TIM_GetCapture3
                0x00000000080020ac                TIM_GetCapture4
                0x00000000080020b4                TIM_GetCounter
                0x00000000080020b8                TIM_GetPrescaler
                0x00000000080020bc                TIM_GetFlagStatus
                0x00000000080020c8                TIM_ClearFlag
                0x00000000080020d0                TIM_GetITStatus
                0x00000000080020e8                TIM_ClearITPendingBit
 .text          0x00000000080020f0      0x3b8 /tmp/cciwIpzA.o
                0x00000000080020f0                USART_DeInit
                0x00000000080021a0                USART_Init
                0x0000000008002254                USART_StructInit
                0x0000000008002268                USART_ClockInit
                0x0000000008002288                USART_ClockStructInit
                0x0000000008002294                USART_Cmd
                0x00000000080022ac                USART_ITConfig
                0x00000000080022e4                USART_DMACmd
                0x00000000080022f8                USART_SetAddress
                0x000000000800230c                USART_WakeUpConfig
                0x0000000008002320                USART_ReceiverWakeUpCmd
                0x0000000008002338                USART_LINBreakDetectLengthConfig
                0x000000000800234c                USART_LINCmd
                0x0000000008002364                USART_SendData
                0x000000000800236c                USART_ReceiveData
                0x0000000008002374                USART_SendBreak
                0x0000000008002380                USART_SetGuardTime
                0x0000000008002390                USART_SetPrescaler
                0x00000000080023a0                USART_SmartCardCmd
                0x00000000080023b8                USART_SmartCardNACKCmd
                0x00000000080023d0                USART_HalfDuplexCmd
                0x00000000080023e8                USART_OverSampling8Cmd
                0x00000000080023fc                USART_OneBitMethodCmd
                0x0000000008002414                USART_IrDAConfig
                0x0000000008002428                USART_IrDACmd
                0x0000000008002440                USART_GetFlagStatus
                0x000000000800244c                USART_ClearFlag
                0x0000000008002454                USART_GetITStatus
                0x0000000008002498                USART_ClearITPendingBit
 .text          0x00000000080024a8       0xb0 /tmp/cclFYADi.o
                0x00000000080024a8                NVIC_PriorityGroupConfig
                0x00000000080024bc                NVIC_Init
                0x0000000008002514                NVIC_SetVectorTable
                0x0000000008002528                NVIC_SystemLPConfig
                0x0000000008002540                SysTick_CLKSourceConfig
 .text          0x0000000008002558      0x2a8 /tmp/ccSSz5ma.o
                0x0000000008002558                I2C1_init
                0x00000000080025d8                I2C_SendByteByADDR
                0x000000000800264c                sendhalfbyte
                0x0000000008002694                sendbyte
                0x00000000080026d0                sendcharlcd
                0x00000000080026d8                setpos
                0x000000000800271c                lcd_init
                0x00000000080027a8                clearlcd
                0x00000000080027c0                str_lcd
                0x00000000080027d8                createChar
 .text          0x0000000008002800       0x80 /tmp/cck1SOu2.o
                0x0000000008002800                _delay_ms
                0x0000000008002834                _delay_us
                0x0000000008002868                get_cpuFreq
 .text          0x0000000008002880       0xbc /tmp/ccKk5F0U.o
                0x0000000008002880                put32b
                0x00000000080028e8                make32b
                0x0000000008002904                buzzerInit
 .text          0x000000000800293c      0x1ac /tmp/ccLdSgZN.o
                0x000000000800295c                USART_init
                0x00000000080029fc                USART1_IRQHandler
                0x0000000008002a88                packetHandler
                0x0000000008002a98                processPacket
                0x0000000008002ac0                USART_SendString
 .text          0x0000000008002ae8       0x3c /tmp/ccw83IcH.o
                0x0000000008002ae8                _sbrk
                0x0000000008002b04                link
                0x0000000008002b0c                _fstat
                0x0000000008002b18                _read
                0x0000000008002b1c                _write
                0x0000000008002b20                abort
 .text          0x0000000008002b24      0x378 /opt/gcc-arm-none-eabi-7-2018-q2-update/bin/../lib/gcc/arm-none-eabi/7.3.1/thumb/v7-m/libgcc.a(_arm_addsubdf3.o)
                0x0000000008002b24                __aeabi_drsub
                0x0000000008002b2c                __aeabi_dsub
                0x0000000008002b2c                __subdf3
                0x0000000008002b30                __adddf3
                0x0000000008002b30                __aeabi_dadd
                0x0000000008002da8                __aeabi_ui2d
                0x0000000008002da8                __floatunsidf
                0x0000000008002dc8                __floatsidf
                0x0000000008002dc8                __aeabi_i2d
                0x0000000008002dec                __extendsfdf2
                0x0000000008002dec                __aeabi_f2d
                0x0000000008002e30                __aeabi_ul2d
                0x0000000008002e30                __floatundidf
                0x0000000008002e40                __floatdidf
                0x0000000008002e40                __aeabi_l2d
 .text          0x0000000008002e9c      0x424 /opt/gcc-arm-none-eabi-7-2018-q2-update/bin/../lib/gcc/arm-none-eabi/7.3.1/thumb/v7-m/libgcc.a(_arm_muldivdf3.o)
                0x0000000008002e9c                __aeabi_dmul
                0x0000000008002e9c                __muldf3
                0x00000000080030f0                __aeabi_ddiv
                0x00000000080030f0                __divdf3
 .text          0x00000000080032c0      0x110 /opt/gcc-arm-none-eabi-7-2018-q2-update/bin/../lib/gcc/arm-none-eabi/7.3.1/thumb/v7-m/libgcc.a(_arm_cmpdf2.o)
                0x00000000080032c0                __gtdf2
                0x00000000080032c0                __gedf2
                0x00000000080032c8                __ltdf2
                0x00000000080032c8                __ledf2
                0x00000000080032d0                __cmpdf2
                0x00000000080032d0                __eqdf2
                0x00000000080032d0                __nedf2
                0x000000000800334c                __aeabi_cdrcmple
                0x000000000800335c                __aeabi_cdcmple
                0x000000000800335c                __aeabi_cdcmpeq
                0x000000000800336c                __aeabi_dcmpeq
                0x0000000008003380                __aeabi_dcmplt
                0x0000000008003394                __aeabi_dcmple
                0x00000000080033a8                __aeabi_dcmpge
                0x00000000080033bc                __aeabi_dcmpgt
 .text          0x00000000080033d0       0x50 /opt/gcc-arm-none-eabi-7-2018-q2-update/bin/../lib/gcc/arm-none-eabi/7.3.1/thumb/v7-m/libgcc.a(_arm_fixdfsi.o)
                0x00000000080033d0                __fixdfsi
                0x00000000080033d0                __aeabi_d2iz
 .text          0x0000000008003420       0x40 /opt/gcc-arm-none-eabi-7-2018-q2-update/bin/../lib/gcc/arm-none-eabi/7.3.1/thumb/v7-m/libgcc.a(_arm_fixunsdfsi.o)
                0x0000000008003420                __fixunsdfsi
                0x0000000008003420                __aeabi_d2uiz
 .text          0x0000000008003460       0x2c /opt/gcc-arm-none-eabi-7-2018-q2-update/bin/../lib/gcc/arm-none-eabi/7.3.1/thumb/v7-m/libgcc.a(_arm_unorddf2.o)
                0x0000000008003460                __aeabi_dcmpun
                0x0000000008003460                __unorddf2
 *(.text*)
 .text.__libc_init_array
                0x000000000800348c       0x48 /opt/gcc-arm-none-eabi-7-2018-q2-update/bin/../lib/gcc/arm-none-eabi/7.3.1/../../../../arm-none-eabi/lib/thumb/v7-m/libc_nano.a(lib_a-init.o)
                0x000000000800348c                __libc_init_array
 *fill*         0x00000000080034d4        0x4 
 .text.startup  0x00000000080034d8      0x1b4 /tmp/ccmcgjOj.o
                0x00000000080034d8                main
 .text.Reset_Handler
                0x000000000800368c       0x48 /tmp/ccNg3gsA.o
                0x000000000800368c                Reset_Handler
 .text.Default_Handler
                0x00000000080036d4        0x2 /tmp/ccNg3gsA.o
                0x00000000080036d4                EXTI2_IRQHandler
                0x00000000080036d4                DebugMon_Handler
                0x00000000080036d4                TIM1_CC_IRQHandler
                0x00000000080036d4                HardFault_Handler
                0x00000000080036d4                SysTick_Handler
                0x00000000080036d4                PVD_IRQHandler
                0x00000000080036d4                PendSV_Handler
                0x00000000080036d4                NMI_Handler
                0x00000000080036d4                EXTI3_IRQHandler
                0x00000000080036d4                EXTI0_IRQHandler
                0x00000000080036d4                I2C2_EV_IRQHandler
                0x00000000080036d4                UsageFault_Handler
                0x00000000080036d4                ADC1_2_IRQHandler
                0x00000000080036d4                SPI1_IRQHandler
                0x00000000080036d4                TAMPER_IRQHandler
                0x00000000080036d4                DMA1_Channel4_IRQHandler
                0x00000000080036d4                USART3_IRQHandler
                0x00000000080036d4                RTC_IRQHandler
                0x00000000080036d4                DMA1_Channel7_IRQHandler
                0x00000000080036d4                CAN1_RX1_IRQHandler
                0x00000000080036d4                I2C1_EV_IRQHandler
                0x00000000080036d4                DMA1_Channel6_IRQHandler
                0x00000000080036d4                TIM3_IRQHandler
                0x00000000080036d4                RCC_IRQHandler
                0x00000000080036d4                TIM1_TRG_COM_IRQHandler
                0x00000000080036d4                DMA1_Channel1_IRQHandler
                0x00000000080036d4                Default_Handler
                0x00000000080036d4                EXTI15_10_IRQHandler
                0x00000000080036d4                EXTI9_5_IRQHandler
                0x00000000080036d4                SPI2_IRQHandler
                0x00000000080036d4                MemManage_Handler
                0x00000000080036d4                SVC_Handler
                0x00000000080036d4                DMA1_Channel5_IRQHandler
                0x00000000080036d4                EXTI4_IRQHandler
                0x00000000080036d4                USB_LP_CAN1_RX0_IRQHandler
                0x00000000080036d4                USB_HP_CAN1_TX_IRQHandler
                0x00000000080036d4                DMA1_Channel3_IRQHandler
                0x00000000080036d4                TIM1_UP_IRQHandler
                0x00000000080036d4                WWDG_IRQHandler
                0x00000000080036d4                TIM2_IRQHandler
                0x00000000080036d4                TIM1_BRK_IRQHandler
                0x00000000080036d4                EXTI1_IRQHandler
                0x00000000080036d4                RTCAlarm_IRQHandler
                0x00000000080036d4                USART2_IRQHandler
                0x00000000080036d4                I2C2_ER_IRQHandler
                0x00000000080036d4                DMA1_Channel2_IRQHandler
                0x00000000080036d4                CAN1_SCE_IRQHandler
                0x00000000080036d4                FLASH_IRQHandler
                0x00000000080036d4                BusFault_Handler
                0x00000000080036d4                I2C1_ER_IRQHandler
                0x00000000080036d4                USBWakeUp_IRQHandler
 *fill*         0x00000000080036d6        0x2 
 .text.sprintf  0x00000000080036d8       0x40 /opt/gcc-arm-none-eabi-7-2018-q2-update/bin/../lib/gcc/arm-none-eabi/7.3.1/../../../../arm-none-eabi/lib/thumb/v7-m/libg_nano.a(lib_a-sprintf.o)
                0x00000000080036d8                sprintf
                0x00000000080036d8                siprintf
 .text.__ssputs_r
                0x0000000008003718       0xb4 /opt/gcc-arm-none-eabi-7-2018-q2-update/bin/../lib/gcc/arm-none-eabi/7.3.1/../../../../arm-none-eabi/lib/thumb/v7-m/libg_nano.a(lib_a-nano-svfprintf.o)
                0x0000000008003718                __ssputs_r
 .text._svfprintf_r
                0x00000000080037cc      0x1f0 /opt/gcc-arm-none-eabi-7-2018-q2-update/bin/../lib/gcc/arm-none-eabi/7.3.1/../../../../arm-none-eabi/lib/thumb/v7-m/libg_nano.a(lib_a-nano-svfprintf.o)
                0x00000000080037cc                _svfprintf_r
                0x00000000080037cc                _svfiprintf_r
 .text._printf_common
                0x00000000080039bc       0xec /opt/gcc-arm-none-eabi-7-2018-q2-update/bin/../lib/gcc/arm-none-eabi/7.3.1/../../../../arm-none-eabi/lib/thumb/v7-m/libg_nano.a(lib_a-nano-vfprintf_i.o)
                0x00000000080039bc                _printf_common
 .text._printf_i
                0x0000000008003aa8      0x224 /opt/gcc-arm-none-eabi-7-2018-q2-update/bin/../lib/gcc/arm-none-eabi/7.3.1/../../../../arm-none-eabi/lib/thumb/v7-m/libg_nano.a(lib_a-nano-vfprintf_i.o)
                0x0000000008003aa8                _printf_i
 .text.memchr   0x0000000008003ccc       0x1c /opt/gcc-arm-none-eabi-7-2018-q2-update/bin/../lib/gcc/arm-none-eabi/7.3.1/../../../../arm-none-eabi/lib/thumb/v7-m/libg_nano.a(lib_a-memchr-stub.o)
                0x0000000008003ccc                memchr
 .text.memcpy   0x0000000008003ce8       0x16 /opt/gcc-arm-none-eabi-7-2018-q2-update/bin/../lib/gcc/arm-none-eabi/7.3.1/../../../../arm-none-eabi/lib/thumb/v7-m/libg_nano.a(lib_a-memcpy-stub.o)
                0x0000000008003ce8                memcpy
 .text.memmove  0x0000000008003cfe       0x32 /opt/gcc-arm-none-eabi-7-2018-q2-update/bin/../lib/gcc/arm-none-eabi/7.3.1/../../../../arm-none-eabi/lib/thumb/v7-m/libg_nano.a(lib_a-memmove.o)
                0x0000000008003cfe                memmove
 .text._free_r  0x0000000008003d30       0x98 /opt/gcc-arm-none-eabi-7-2018-q2-update/bin/../lib/gcc/arm-none-eabi/7.3.1/../../../../arm-none-eabi/lib/thumb/v7-m/libg_nano.a(lib_a-nano-freer.o)
                0x0000000008003d30                _free_r
 .text._malloc_r
                0x0000000008003dc8       0xb4 /opt/gcc-arm-none-eabi-7-2018-q2-update/bin/../lib/gcc/arm-none-eabi/7.3.1/../../../../arm-none-eabi/lib/thumb/v7-m/libg_nano.a(lib_a-nano-mallocr.o)
                0x0000000008003dc8                _malloc_r
 .text._realloc_r
                0x0000000008003e7c       0x4c /opt/gcc-arm-none-eabi-7-2018-q2-update/bin/../lib/gcc/arm-none-eabi/7.3.1/../../../../arm-none-eabi/lib/thumb/v7-m/libg_nano.a(lib_a-nano-reallocr.o)
                0x0000000008003e7c                _realloc_r
 .text._sbrk_r  0x0000000008003ec8       0x20 /opt/gcc-arm-none-eabi-7-2018-q2-update/bin/../lib/gcc/arm-none-eabi/7.3.1/../../../../arm-none-eabi/lib/thumb/v7-m/libg_nano.a(lib_a-sbrkr.o)
                0x0000000008003ec8                _sbrk_r
 .text.__malloc_lock
                0x0000000008003ee8        0x2 /opt/gcc-arm-none-eabi-7-2018-q2-update/bin/../lib/gcc/arm-none-eabi/7.3.1/../../../../arm-none-eabi/lib/thumb/v7-m/libg_nano.a(lib_a-mlock.o)
                0x0000000008003ee8                __malloc_lock
 .text.__malloc_unlock
                0x0000000008003eea        0x2 /opt/gcc-arm-none-eabi-7-2018-q2-update/bin/../lib/gcc/arm-none-eabi/7.3.1/../../../../arm-none-eabi/lib/thumb/v7-m/libg_nano.a(lib_a-mlock.o)
                0x0000000008003eea                __malloc_unlock
 .text._malloc_usable_size_r
                0x0000000008003eec       0x10 /opt/gcc-arm-none-eabi-7-2018-q2-update/bin/../lib/gcc/arm-none-eabi/7.3.1/../../../../arm-none-eabi/lib/thumb/v7-m/libg_nano.a(lib_a-nano-msizer.o)
                0x0000000008003eec                _malloc_usable_size_r
 .text.__errno  0x0000000008003efc        0xc /opt/gcc-arm-none-eabi-7-2018-q2-update/bin/../lib/gcc/arm-none-eabi/7.3.1/../../../../arm-none-eabi/lib/thumb/v7-m/libc_nano.a(lib_a-errno.o)
                0x0000000008003efc                __errno
 .text.log      0x0000000008003f08       0xfc /opt/gcc-arm-none-eabi-7-2018-q2-update/bin/../lib/gcc/arm-none-eabi/7.3.1/../../../../arm-none-eabi/lib/thumb/v7-m/libm.a(lib_a-w_log.o)
                0x0000000008003f08                log
 *fill*         0x0000000008004004        0x4 
 .text.__ieee754_log
                0x0000000008004008      0x394 /opt/gcc-arm-none-eabi-7-2018-q2-update/bin/../lib/gcc/arm-none-eabi/7.3.1/../../../../arm-none-eabi/lib/thumb/v7-m/libm.a(lib_a-e_log.o)
                0x0000000008004008                __ieee754_log
 .text.matherr  0x000000000800439c        0x4 /opt/gcc-arm-none-eabi-7-2018-q2-update/bin/../lib/gcc/arm-none-eabi/7.3.1/../../../../arm-none-eabi/lib/thumb/v7-m/libm.a(lib_a-s_matherr.o)
                0x000000000800439c                matherr
 .text.nan      0x00000000080043a0        0xc /opt/gcc-arm-none-eabi-7-2018-q2-update/bin/../lib/gcc/arm-none-eabi/7.3.1/../../../../arm-none-eabi/lib/thumb/v7-m/libm.a(lib_a-s_nan.o)
                0x00000000080043a0                nan
 *(.rodata)
 *(.rodata*)
 .rodata.str1.4
                0x00000000080043ac        0xa /tmp/ccmcgjOj.o
 .rodata._svfprintf_r.str1.1
                0x00000000080043b6       0x11 /opt/gcc-arm-none-eabi-7-2018-q2-update/bin/../lib/gcc/arm-none-eabi/7.3.1/../../../../arm-none-eabi/lib/thumb/v7-m/libg_nano.a(lib_a-nano-svfprintf.o)
 .rodata._printf_i.str1.1
                0x00000000080043c7       0x22 /opt/gcc-arm-none-eabi-7-2018-q2-update/bin/../lib/gcc/arm-none-eabi/7.3.1/../../../../arm-none-eabi/lib/thumb/v7-m/libg_nano.a(lib_a-nano-vfprintf_i.o)
 *fill*         0x00000000080043e9        0x3 
 .rodata.__sf_fake_stderr
                0x00000000080043ec       0x20 /opt/gcc-arm-none-eabi-7-2018-q2-update/bin/../lib/gcc/arm-none-eabi/7.3.1/../../../../arm-none-eabi/lib/thumb/v7-m/libc_nano.a(lib_a-findfp.o)
                0x00000000080043ec                __sf_fake_stderr
 .rodata.__sf_fake_stdin
                0x000000000800440c       0x20 /opt/gcc-arm-none-eabi-7-2018-q2-update/bin/../lib/gcc/arm-none-eabi/7.3.1/../../../../arm-none-eabi/lib/thumb/v7-m/libc_nano.a(lib_a-findfp.o)
                0x000000000800440c                __sf_fake_stdin
 .rodata.__sf_fake_stdout
                0x000000000800442c       0x20 /opt/gcc-arm-none-eabi-7-2018-q2-update/bin/../lib/gcc/arm-none-eabi/7.3.1/../../../../arm-none-eabi/lib/thumb/v7-m/libc_nano.a(lib_a-findfp.o)
                0x000000000800442c                __sf_fake_stdout
 .rodata.log.str1.4
                0x000000000800444c        0x8 /opt/gcc-arm-none-eabi-7-2018-q2-update/bin/../lib/gcc/arm-none-eabi/7.3.1/../../../../arm-none-eabi/lib/thumb/v7-m/libm.a(lib_a-w_log.o)
                                          0x5 (size before relaxing)
 *(.glue_7)
 .glue_7        0x0000000008004454        0x0 linker stubs
 *(.glue_7t)
 .glue_7t       0x0000000008004454        0x0 linker stubs
 *(.init)
 .init          0x0000000008004454        0x4 /opt/gcc-arm-none-eabi-7-2018-q2-update/bin/../lib/gcc/arm-none-eabi/7.3.1/thumb/v7-m/crti.o
                0x0000000008004454                _init
 .init          0x0000000008004458        0x8 /opt/gcc-arm-none-eabi-7-2018-q2-update/bin/../lib/gcc/arm-none-eabi/7.3.1/thumb/v7-m/crtn.o
 *(.fini)
 .fini          0x0000000008004460        0x4 /opt/gcc-arm-none-eabi-7-2018-q2-update/bin/../lib/gcc/arm-none-eabi/7.3.1/thumb/v7-m/crti.o
                0x0000000008004460                _fini
 .fini          0x0000000008004464        0x8 /opt/gcc-arm-none-eabi-7-2018-q2-update/bin/../lib/gcc/arm-none-eabi/7.3.1/thumb/v7-m/crtn.o
                0x000000000800446c                . = ALIGN (0x4)
                0x000000000800446c                _etext = .

.vfp11_veneer   0x000000000800446c        0x0
 .vfp11_veneer  0x000000000800446c        0x0 linker stubs

.v4_bx          0x000000000800446c        0x0
 .v4_bx         0x000000000800446c        0x0 linker stubs

.iplt           0x000000000800446c        0x0
 .iplt          0x000000000800446c        0x0 /opt/gcc-arm-none-eabi-7-2018-q2-update/bin/../lib/gcc/arm-none-eabi/7.3.1/thumb/v7-m/crtbegin.o

.rel.dyn        0x000000000800446c        0x0
 .rel.iplt      0x000000000800446c        0x0 /opt/gcc-arm-none-eabi-7-2018-q2-update/bin/../lib/gcc/arm-none-eabi/7.3.1/thumb/v7-m/crtbegin.o

.ARM.extab
 *(.ARM.extab* .gnu.linkonce.armextab.*)

.ARM            0x000000000800446c        0x0
                0x000000000800446c                __exidx_start = .
 *(.ARM.exidx*)
                0x000000000800446c                __exidx_end = .

.ARM.attributes
                0x000000000800446c       0x29
 *(.ARM.attributes)
 .ARM.attributes
                0x000000000800446c       0x1d /opt/gcc-arm-none-eabi-7-2018-q2-update/bin/../lib/gcc/arm-none-eabi/7.3.1/thumb/v7-m/crti.o
 .ARM.attributes
                0x0000000008004489       0x2d /opt/gcc-arm-none-eabi-7-2018-q2-update/bin/../lib/gcc/arm-none-eabi/7.3.1/thumb/v7-m/crtbegin.o
 .ARM.attributes
                0x00000000080044b6       0x2d /opt/gcc-arm-none-eabi-7-2018-q2-update/bin/../lib/gcc/arm-none-eabi/7.3.1/../../../../arm-none-eabi/lib/thumb/v7-m/libc_nano.a(lib_a-impure.o)
 .ARM.attributes
                0x00000000080044e3       0x2d /opt/gcc-arm-none-eabi-7-2018-q2-update/bin/../lib/gcc/arm-none-eabi/7.3.1/../../../../arm-none-eabi/lib/thumb/v7-m/libc_nano.a(lib_a-init.o)
 .ARM.attributes
                0x0000000008004510       0x33 /tmp/ccmcgjOj.o
 .ARM.attributes
                0x0000000008004543       0x33 /tmp/ccnXl9xX.o
 .ARM.attributes
                0x0000000008004576       0x33 /tmp/ccKcXtoC.o
 .ARM.attributes
                0x00000000080045a9       0x33 /tmp/ccgLNmiq.o
 .ARM.attributes
                0x00000000080045dc       0x33 /tmp/cc1l6yDb.o
 .ARM.attributes
                0x000000000800460f       0x33 /tmp/cchgNQJv.o
 .ARM.attributes
                0x0000000008004642       0x33 /tmp/ccAE9HYJ.o
 .ARM.attributes
                0x0000000008004675       0x33 /tmp/cciwIpzA.o
 .ARM.attributes
                0x00000000080046a8       0x33 /tmp/cclFYADi.o
 .ARM.attributes
                0x00000000080046db       0x33 /tmp/ccSSz5ma.o
 .ARM.attributes
                0x000000000800470e       0x33 /tmp/cck1SOu2.o
 .ARM.attributes
                0x0000000008004741       0x33 /tmp/ccKk5F0U.o
 .ARM.attributes
                0x0000000008004774       0x33 /tmp/ccLdSgZN.o
 .ARM.attributes
                0x00000000080047a7       0x33 /tmp/ccw83IcH.o
 .ARM.attributes
                0x00000000080047da       0x21 /tmp/ccNg3gsA.o
 .ARM.attributes
                0x00000000080047fb       0x1d /opt/gcc-arm-none-eabi-7-2018-q2-update/bin/../lib/gcc/arm-none-eabi/7.3.1/thumb/v7-m/libgcc.a(_arm_addsubdf3.o)
 .ARM.attributes
                0x0000000008004818       0x1d /opt/gcc-arm-none-eabi-7-2018-q2-update/bin/../lib/gcc/arm-none-eabi/7.3.1/thumb/v7-m/libgcc.a(_arm_muldivdf3.o)
 .ARM.attributes
                0x0000000008004835       0x1d /opt/gcc-arm-none-eabi-7-2018-q2-update/bin/../lib/gcc/arm-none-eabi/7.3.1/thumb/v7-m/libgcc.a(_arm_cmpdf2.o)
 .ARM.attributes
                0x0000000008004852       0x1d /opt/gcc-arm-none-eabi-7-2018-q2-update/bin/../lib/gcc/arm-none-eabi/7.3.1/thumb/v7-m/libgcc.a(_arm_fixdfsi.o)
 .ARM.attributes
                0x000000000800486f       0x1d /opt/gcc-arm-none-eabi-7-2018-q2-update/bin/../lib/gcc/arm-none-eabi/7.3.1/thumb/v7-m/libgcc.a(_arm_fixunsdfsi.o)
 .ARM.attributes
                0x000000000800488c       0x2d /opt/gcc-arm-none-eabi-7-2018-q2-update/bin/../lib/gcc/arm-none-eabi/7.3.1/../../../../arm-none-eabi/lib/thumb/v7-m/libg_nano.a(lib_a-sprintf.o)
 .ARM.attributes
                0x00000000080048b9       0x2d /opt/gcc-arm-none-eabi-7-2018-q2-update/bin/../lib/gcc/arm-none-eabi/7.3.1/../../../../arm-none-eabi/lib/thumb/v7-m/libg_nano.a(lib_a-nano-svfprintf.o)
 .ARM.attributes
                0x00000000080048e6       0x2d /opt/gcc-arm-none-eabi-7-2018-q2-update/bin/../lib/gcc/arm-none-eabi/7.3.1/../../../../arm-none-eabi/lib/thumb/v7-m/libg_nano.a(lib_a-nano-vfprintf_i.o)
 .ARM.attributes
                0x0000000008004913       0x2d /opt/gcc-arm-none-eabi-7-2018-q2-update/bin/../lib/gcc/arm-none-eabi/7.3.1/../../../../arm-none-eabi/lib/thumb/v7-m/libg_nano.a(lib_a-memchr-stub.o)
 .ARM.attributes
                0x0000000008004940       0x2d /opt/gcc-arm-none-eabi-7-2018-q2-update/bin/../lib/gcc/arm-none-eabi/7.3.1/../../../../arm-none-eabi/lib/thumb/v7-m/libg_nano.a(lib_a-memcpy-stub.o)
 .ARM.attributes
                0x000000000800496d       0x2d /opt/gcc-arm-none-eabi-7-2018-q2-update/bin/../lib/gcc/arm-none-eabi/7.3.1/../../../../arm-none-eabi/lib/thumb/v7-m/libg_nano.a(lib_a-memmove.o)
 .ARM.attributes
                0x000000000800499a       0x2d /opt/gcc-arm-none-eabi-7-2018-q2-update/bin/../lib/gcc/arm-none-eabi/7.3.1/../../../../arm-none-eabi/lib/thumb/v7-m/libg_nano.a(lib_a-nano-freer.o)
 .ARM.attributes
                0x00000000080049c7       0x2d /opt/gcc-arm-none-eabi-7-2018-q2-update/bin/../lib/gcc/arm-none-eabi/7.3.1/../../../../arm-none-eabi/lib/thumb/v7-m/libg_nano.a(lib_a-nano-mallocr.o)
 .ARM.attributes
                0x00000000080049f4       0x2d /opt/gcc-arm-none-eabi-7-2018-q2-update/bin/../lib/gcc/arm-none-eabi/7.3.1/../../../../arm-none-eabi/lib/thumb/v7-m/libg_nano.a(lib_a-nano-reallocr.o)
 .ARM.attributes
                0x0000000008004a21       0x2d /opt/gcc-arm-none-eabi-7-2018-q2-update/bin/../lib/gcc/arm-none-eabi/7.3.1/../../../../arm-none-eabi/lib/thumb/v7-m/libg_nano.a(lib_a-sbrkr.o)
 .ARM.attributes
                0x0000000008004a4e       0x2d /opt/gcc-arm-none-eabi-7-2018-q2-update/bin/../lib/gcc/arm-none-eabi/7.3.1/../../../../arm-none-eabi/lib/thumb/v7-m/libg_nano.a(lib_a-mlock.o)
 .ARM.attributes
                0x0000000008004a7b       0x2d /opt/gcc-arm-none-eabi-7-2018-q2-update/bin/../lib/gcc/arm-none-eabi/7.3.1/../../../../arm-none-eabi/lib/thumb/v7-m/libg_nano.a(lib_a-nano-msizer.o)
 .ARM.attributes
                0x0000000008004aa8       0x2d /opt/gcc-arm-none-eabi-7-2018-q2-update/bin/../lib/gcc/arm-none-eabi/7.3.1/../../../../arm-none-eabi/lib/thumb/v7-m/libg_nano.a(lib_a-reent.o)
 .ARM.attributes
                0x0000000008004ad5       0x2d /opt/gcc-arm-none-eabi-7-2018-q2-update/bin/../lib/gcc/arm-none-eabi/7.3.1/../../../../arm-none-eabi/lib/thumb/v7-m/libc_nano.a(lib_a-errno.o)
 .ARM.attributes
                0x0000000008004b02       0x2d /opt/gcc-arm-none-eabi-7-2018-q2-update/bin/../lib/gcc/arm-none-eabi/7.3.1/../../../../arm-none-eabi/lib/thumb/v7-m/libc_nano.a(lib_a-findfp.o)
 .ARM.attributes
                0x0000000008004b2f       0x1d /opt/gcc-arm-none-eabi-7-2018-q2-update/bin/../lib/gcc/arm-none-eabi/7.3.1/thumb/v7-m/crtn.o
 .ARM.attributes
                0x0000000008004b4c       0x2d /opt/gcc-arm-none-eabi-7-2018-q2-update/bin/../lib/gcc/arm-none-eabi/7.3.1/../../../../arm-none-eabi/lib/thumb/v7-m/libm.a(lib_a-w_log.o)
 .ARM.attributes
                0x0000000008004b79       0x2d /opt/gcc-arm-none-eabi-7-2018-q2-update/bin/../lib/gcc/arm-none-eabi/7.3.1/../../../../arm-none-eabi/lib/thumb/v7-m/libm.a(lib_a-e_log.o)
 .ARM.attributes
                0x0000000008004ba6       0x2d /opt/gcc-arm-none-eabi-7-2018-q2-update/bin/../lib/gcc/arm-none-eabi/7.3.1/../../../../arm-none-eabi/lib/thumb/v7-m/libm.a(lib_a-s_lib_ver.o)
 .ARM.attributes
                0x0000000008004bd3       0x2d /opt/gcc-arm-none-eabi-7-2018-q2-update/bin/../lib/gcc/arm-none-eabi/7.3.1/../../../../arm-none-eabi/lib/thumb/v7-m/libm.a(lib_a-s_matherr.o)
 .ARM.attributes
                0x0000000008004c00       0x2d /opt/gcc-arm-none-eabi-7-2018-q2-update/bin/../lib/gcc/arm-none-eabi/7.3.1/../../../../arm-none-eabi/lib/thumb/v7-m/libm.a(lib_a-s_nan.o)
 .ARM.attributes
                0x0000000008004c2d       0x1d /opt/gcc-arm-none-eabi-7-2018-q2-update/bin/../lib/gcc/arm-none-eabi/7.3.1/thumb/v7-m/libgcc.a(_arm_unorddf2.o)

.preinit_array  0x000000000800446c        0x0
                0x000000000800446c                PROVIDE (__preinit_array_start = .)
 *(.preinit_array*)
                0x000000000800446c                PROVIDE (__preinit_array_end = .)

.init_array     0x000000000800446c        0x4
                0x000000000800446c                PROVIDE (__init_array_start = .)
 *(SORT_BY_NAME(.init_array.*))
 *(.init_array*)
 .init_array    0x000000000800446c        0x4 /opt/gcc-arm-none-eabi-7-2018-q2-update/bin/../lib/gcc/arm-none-eabi/7.3.1/thumb/v7-m/crtbegin.o
                0x0000000008004470                PROVIDE (__init_array_end = .)

.fini_array     0x0000000008004470        0x4
                [!provide]                        PROVIDE (__fini_array_start = .)
 *(.fini_array*)
 .fini_array    0x0000000008004470        0x4 /opt/gcc-arm-none-eabi-7-2018-q2-update/bin/../lib/gcc/arm-none-eabi/7.3.1/thumb/v7-m/crtbegin.o
 *(SORT_BY_NAME(.fini_array.*))
                [!provide]                        PROVIDE (__fini_array_end = .)
                0x0000000008004474                _sidata = .

.data           0x0000000020000000       0xc0 load address 0x0000000008004474
                0x0000000020000000                . = ALIGN (0x4)
                0x0000000020000000                _sdata = .
 *(.data)
 .data          0x0000000020000000       0x28 /tmp/ccmcgjOj.o
                0x0000000020000000                Setpoint
                0x0000000020000008                ki
                0x0000000020000010                kd
                0x0000000020000018                outMax
                0x0000000020000020                kp
 .data          0x0000000020000028       0x14 /tmp/ccnXl9xX.o
                0x0000000020000028                AHBPrescTable
                0x0000000020000038                SystemCoreClock
 .data          0x000000002000003c       0x14 /tmp/cchgNQJv.o
 .data          0x0000000020000050        0x5 /tmp/ccLdSgZN.o
                0x0000000020000050                deneme
                0x0000000020000054                timeoutCnt
 *(.data*)
 *fill*         0x0000000020000055        0x3 
 .data._impure_ptr
                0x0000000020000058        0x4 /opt/gcc-arm-none-eabi-7-2018-q2-update/bin/../lib/gcc/arm-none-eabi/7.3.1/../../../../arm-none-eabi/lib/thumb/v7-m/libc_nano.a(lib_a-impure.o)
                0x0000000020000058                _impure_ptr
 .data.impure_data
                0x000000002000005c       0x60 /opt/gcc-arm-none-eabi-7-2018-q2-update/bin/../lib/gcc/arm-none-eabi/7.3.1/../../../../arm-none-eabi/lib/thumb/v7-m/libc_nano.a(lib_a-impure.o)
 .data.__fdlib_version
                0x00000000200000bc        0x1 /opt/gcc-arm-none-eabi-7-2018-q2-update/bin/../lib/gcc/arm-none-eabi/7.3.1/../../../../arm-none-eabi/lib/thumb/v7-m/libm.a(lib_a-s_lib_ver.o)
                0x00000000200000bc                __fdlib_version
                0x00000000200000c0                . = ALIGN (0x4)
 *fill*         0x00000000200000bd        0x3 
                0x00000000200000c0                _edata = .

.igot.plt       0x00000000200000c0        0x0 load address 0x0000000008004534
 .igot.plt      0x00000000200000c0        0x0 /opt/gcc-arm-none-eabi-7-2018-q2-update/bin/../lib/gcc/arm-none-eabi/7.3.1/thumb/v7-m/crtbegin.o
                0x00000000200000c0                . = ALIGN (0x4)

.bss            0x00000000200000c0      0x10c load address 0x0000000008004538
                0x00000000200000c0                _sbss = .
                0x00000000200000c0                __bss_start__ = _sbss
 *(.bss)
 .bss           0x00000000200000c0       0x1c /opt/gcc-arm-none-eabi-7-2018-q2-update/bin/../lib/gcc/arm-none-eabi/7.3.1/thumb/v7-m/crtbegin.o
 *fill*         0x00000000200000dc        0x4 
 .bss           0x00000000200000e0       0x20 /tmp/ccmcgjOj.o
                0x00000000200000e0                ITerm
                0x00000000200000e8                lastErr
                0x00000000200000f0                DTerm
                0x00000000200000f8                outMin
 .bss           0x0000000020000100        0x1 /tmp/ccSSz5ma.o
                0x0000000020000100                portlcd
 .bss           0x0000000020000101        0x1 /tmp/ccLdSgZN.o
                0x0000000020000101                newMessageFlag
 *fill*         0x0000000020000102        0x2 
 .bss           0x0000000020000104        0x4 /tmp/ccw83IcH.o
 *(.bss*)
 .bss.__malloc_free_list
                0x0000000020000108        0x4 /opt/gcc-arm-none-eabi-7-2018-q2-update/bin/../lib/gcc/arm-none-eabi/7.3.1/../../../../arm-none-eabi/lib/thumb/v7-m/libg_nano.a(lib_a-nano-mallocr.o)
                0x0000000020000108                __malloc_free_list
 .bss.__malloc_sbrk_start
                0x000000002000010c        0x4 /opt/gcc-arm-none-eabi-7-2018-q2-update/bin/../lib/gcc/arm-none-eabi/7.3.1/../../../../arm-none-eabi/lib/thumb/v7-m/libg_nano.a(lib_a-nano-mallocr.o)
                0x000000002000010c                __malloc_sbrk_start
 *(COMMON)
 COMMON         0x0000000020000110       0x50 /tmp/ccmcgjOj.o
                0x0000000020000110                TIM_Pulse
                0x0000000020000114                buffer2
                0x0000000020000128                Output
                0x0000000020000130                rem
                0x0000000020000138                buffer
                0x0000000020000150                errorSum
                0x0000000020000158                Input
 COMMON         0x0000000020000160       0x65 /tmp/ccLdSgZN.o
                0x0000000020000160                packetbuffer
                0x00000000200001c4                packetbufferIndex
 *fill*         0x00000000200001c5        0x3 
 COMMON         0x00000000200001c8        0x4 /opt/gcc-arm-none-eabi-7-2018-q2-update/bin/../lib/gcc/arm-none-eabi/7.3.1/../../../../arm-none-eabi/lib/thumb/v7-m/libg_nano.a(lib_a-reent.o)
                0x00000000200001c8                errno
                0x00000000200001cc                . = ALIGN (0x4)
                0x00000000200001cc                _ebss = .
                0x00000000200001cc                __bss_end__ = _ebss
                0x00000000200001cc                PROVIDE (end = _ebss)
                0x00000000200001cc                PROVIDE (_end = _ebss)

._user_heap_stack
                0x00000000200001cc      0x100 load address 0x0000000008004644
                0x00000000200001cc                . = ALIGN (0x4)
                0x00000000200001cc                . = (. + _Min_Heap_Size)
                0x00000000200002cc                . = (. + _Min_Stack_Size)
 *fill*         0x00000000200001cc      0x100 
                0x00000000200002cc                . = ALIGN (0x4)

.memory_b1_text
 *(.mb1text)
 *(.mb1text*)
 *(.mb1rodata)
 *(.mb1rodata*)

/DISCARD/
 libc.a(*)
 libm.a(*)
 libgcc.a(*)
OUTPUT(heat.elf elf32-littlearm)

.debug_frame    0x0000000000000000     0x1e30
 .debug_frame   0x0000000000000000       0x2c /opt/gcc-arm-none-eabi-7-2018-q2-update/bin/../lib/gcc/arm-none-eabi/7.3.1/../../../../arm-none-eabi/lib/thumb/v7-m/libc_nano.a(lib_a-init.o)
 .debug_frame   0x000000000000002c       0xc0 /tmp/ccmcgjOj.o
 .debug_frame   0x00000000000000ec       0x48 /tmp/ccnXl9xX.o
 .debug_frame   0x0000000000000134      0x2c0 /tmp/ccKcXtoC.o
 .debug_frame   0x00000000000003f4      0x1b0 /tmp/ccgLNmiq.o
 .debug_frame   0x00000000000005a4      0x26c /tmp/cc1l6yDb.o
 .debug_frame   0x0000000000000810      0x224 /tmp/cchgNQJv.o
 .debug_frame   0x0000000000000a34      0x76c /tmp/ccAE9HYJ.o
 .debug_frame   0x00000000000011a0      0x258 /tmp/cciwIpzA.o
 .debug_frame   0x00000000000013f8       0x7c /tmp/cclFYADi.o
 .debug_frame   0x0000000000001474      0x120 /tmp/ccSSz5ma.o
 .debug_frame   0x0000000000001594       0x6c /tmp/cck1SOu2.o
 .debug_frame   0x0000000000001600       0x74 /tmp/ccKk5F0U.o
 .debug_frame   0x0000000000001674       0xbc /tmp/ccLdSgZN.o
 .debug_frame   0x0000000000001730       0x70 /tmp/ccw83IcH.o
 .debug_frame   0x00000000000017a0       0xac /opt/gcc-arm-none-eabi-7-2018-q2-update/bin/../lib/gcc/arm-none-eabi/7.3.1/thumb/v7-m/libgcc.a(_arm_addsubdf3.o)
 .debug_frame   0x000000000000184c       0x50 /opt/gcc-arm-none-eabi-7-2018-q2-update/bin/../lib/gcc/arm-none-eabi/7.3.1/thumb/v7-m/libgcc.a(_arm_muldivdf3.o)
 .debug_frame   0x000000000000189c       0xc4 /opt/gcc-arm-none-eabi-7-2018-q2-update/bin/../lib/gcc/arm-none-eabi/7.3.1/thumb/v7-m/libgcc.a(_arm_cmpdf2.o)
 .debug_frame   0x0000000000001960       0x24 /opt/gcc-arm-none-eabi-7-2018-q2-update/bin/../lib/gcc/arm-none-eabi/7.3.1/thumb/v7-m/libgcc.a(_arm_fixdfsi.o)
 .debug_frame   0x0000000000001984       0x24 /opt/gcc-arm-none-eabi-7-2018-q2-update/bin/../lib/gcc/arm-none-eabi/7.3.1/thumb/v7-m/libgcc.a(_arm_fixunsdfsi.o)
 .debug_frame   0x00000000000019a8       0x6c /opt/gcc-arm-none-eabi-7-2018-q2-update/bin/../lib/gcc/arm-none-eabi/7.3.1/../../../../arm-none-eabi/lib/thumb/v7-m/libg_nano.a(lib_a-sprintf.o)
 .debug_frame   0x0000000000001a14       0x90 /opt/gcc-arm-none-eabi-7-2018-q2-update/bin/../lib/gcc/arm-none-eabi/7.3.1/../../../../arm-none-eabi/lib/thumb/v7-m/libg_nano.a(lib_a-nano-svfprintf.o)
 .debug_frame   0x0000000000001aa4       0x60 /opt/gcc-arm-none-eabi-7-2018-q2-update/bin/../lib/gcc/arm-none-eabi/7.3.1/../../../../arm-none-eabi/lib/thumb/v7-m/libg_nano.a(lib_a-nano-vfprintf_i.o)
 .debug_frame   0x0000000000001b04       0x28 /opt/gcc-arm-none-eabi-7-2018-q2-update/bin/../lib/gcc/arm-none-eabi/7.3.1/../../../../arm-none-eabi/lib/thumb/v7-m/libg_nano.a(lib_a-memchr-stub.o)
 .debug_frame   0x0000000000001b2c       0x28 /opt/gcc-arm-none-eabi-7-2018-q2-update/bin/../lib/gcc/arm-none-eabi/7.3.1/../../../../arm-none-eabi/lib/thumb/v7-m/libg_nano.a(lib_a-memcpy-stub.o)
 .debug_frame   0x0000000000001b54       0x28 /opt/gcc-arm-none-eabi-7-2018-q2-update/bin/../lib/gcc/arm-none-eabi/7.3.1/../../../../arm-none-eabi/lib/thumb/v7-m/libg_nano.a(lib_a-memmove.o)
 .debug_frame   0x0000000000001b7c       0x38 /opt/gcc-arm-none-eabi-7-2018-q2-update/bin/../lib/gcc/arm-none-eabi/7.3.1/../../../../arm-none-eabi/lib/thumb/v7-m/libg_nano.a(lib_a-nano-freer.o)
 .debug_frame   0x0000000000001bb4       0x2c /opt/gcc-arm-none-eabi-7-2018-q2-update/bin/../lib/gcc/arm-none-eabi/7.3.1/../../../../arm-none-eabi/lib/thumb/v7-m/libg_nano.a(lib_a-nano-mallocr.o)
 .debug_frame   0x0000000000001be0       0x3c /opt/gcc-arm-none-eabi-7-2018-q2-update/bin/../lib/gcc/arm-none-eabi/7.3.1/../../../../arm-none-eabi/lib/thumb/v7-m/libg_nano.a(lib_a-nano-reallocr.o)
 .debug_frame   0x0000000000001c1c       0x2c /opt/gcc-arm-none-eabi-7-2018-q2-update/bin/../lib/gcc/arm-none-eabi/7.3.1/../../../../arm-none-eabi/lib/thumb/v7-m/libg_nano.a(lib_a-sbrkr.o)
 .debug_frame   0x0000000000001c48       0x30 /opt/gcc-arm-none-eabi-7-2018-q2-update/bin/../lib/gcc/arm-none-eabi/7.3.1/../../../../arm-none-eabi/lib/thumb/v7-m/libg_nano.a(lib_a-mlock.o)
 .debug_frame   0x0000000000001c78       0x20 /opt/gcc-arm-none-eabi-7-2018-q2-update/bin/../lib/gcc/arm-none-eabi/7.3.1/../../../../arm-none-eabi/lib/thumb/v7-m/libg_nano.a(lib_a-nano-msizer.o)
 .debug_frame   0x0000000000001c98       0x5c /opt/gcc-arm-none-eabi-7-2018-q2-update/bin/../lib/gcc/arm-none-eabi/7.3.1/../../../../arm-none-eabi/lib/thumb/v7-m/libg_nano.a(lib_a-reent.o)
 .debug_frame   0x0000000000001cf4       0x20 /opt/gcc-arm-none-eabi-7-2018-q2-update/bin/../lib/gcc/arm-none-eabi/7.3.1/../../../../arm-none-eabi/lib/thumb/v7-m/libc_nano.a(lib_a-errno.o)
 .debug_frame   0x0000000000001d14      0x11c /opt/gcc-arm-none-eabi-7-2018-q2-update/bin/../lib/gcc/arm-none-eabi/7.3.1/../../../../arm-none-eabi/lib/thumb/v7-m/libc_nano.a(lib_a-findfp.o)

.debug_info     0x0000000000000000     0xc118
 .debug_info    0x0000000000000000     0x19bd /tmp/ccmcgjOj.o
 .debug_info    0x00000000000019bd      0x470 /tmp/ccnXl9xX.o
 .debug_info    0x0000000000001e2d      0xc1d /tmp/ccKcXtoC.o
 .debug_info    0x0000000000002a4a      0x881 /tmp/ccgLNmiq.o
 .debug_info    0x00000000000032cb      0xb76 /tmp/cc1l6yDb.o
 .debug_info    0x0000000000003e41      0x92a /tmp/cchgNQJv.o
 .debug_info    0x000000000000476b     0x239e /tmp/ccAE9HYJ.o
 .debug_info    0x0000000000006b09      0xb1a /tmp/cciwIpzA.o
 .debug_info    0x0000000000007623      0x4e7 /tmp/cclFYADi.o
 .debug_info    0x0000000000007b0a     0x1255 /tmp/ccSSz5ma.o
 .debug_info    0x0000000000008d5f      0x9fe /tmp/cck1SOu2.o
 .debug_info    0x000000000000975d      0xd3c /tmp/ccKk5F0U.o
 .debug_info    0x000000000000a499     0x1061 /tmp/ccLdSgZN.o
 .debug_info    0x000000000000b4fa      0xbfc /tmp/ccw83IcH.o
 .debug_info    0x000000000000c0f6       0x22 /tmp/ccNg3gsA.o

.debug_abbrev   0x0000000000000000     0x206c
 .debug_abbrev  0x0000000000000000      0x34a /tmp/ccmcgjOj.o
 .debug_abbrev  0x000000000000034a      0x1b9 /tmp/ccnXl9xX.o
 .debug_abbrev  0x0000000000000503      0x1fb /tmp/ccKcXtoC.o
 .debug_abbrev  0x00000000000006fe      0x217 /tmp/ccgLNmiq.o
 .debug_abbrev  0x0000000000000915      0x266 /tmp/cc1l6yDb.o
 .debug_abbrev  0x0000000000000b7b      0x281 /tmp/cchgNQJv.o
 .debug_abbrev  0x0000000000000dfc      0x2d2 /tmp/ccAE9HYJ.o
 .debug_abbrev  0x00000000000010ce      0x1f9 /tmp/cciwIpzA.o
 .debug_abbrev  0x00000000000012c7      0x192 /tmp/cclFYADi.o
 .debug_abbrev  0x0000000000001459      0x2c6 /tmp/ccSSz5ma.o
 .debug_abbrev  0x000000000000171f      0x1dc /tmp/cck1SOu2.o
 .debug_abbrev  0x00000000000018fb      0x265 /tmp/ccKk5F0U.o
 .debug_abbrev  0x0000000000001b60      0x2bb /tmp/ccLdSgZN.o
 .debug_abbrev  0x0000000000001e1b      0x23f /tmp/ccw83IcH.o
 .debug_abbrev  0x000000000000205a       0x12 /tmp/ccNg3gsA.o

.debug_loc      0x0000000000000000     0x48e8
 .debug_loc     0x0000000000000000       0x6f /tmp/ccmcgjOj.o
 .debug_loc     0x000000000000006f       0xbc /tmp/ccnXl9xX.o
 .debug_loc     0x000000000000012b      0x9a6 /tmp/ccKcXtoC.o
 .debug_loc     0x0000000000000ad1      0x5dc /tmp/ccgLNmiq.o
 .debug_loc     0x00000000000010ad      0x631 /tmp/cc1l6yDb.o
 .debug_loc     0x00000000000016de      0x6c6 /tmp/cchgNQJv.o
 .debug_loc     0x0000000000001da4     0x1c4f /tmp/ccAE9HYJ.o
 .debug_loc     0x00000000000039f3      0x800 /tmp/cciwIpzA.o
 .debug_loc     0x00000000000041f3      0x16b /tmp/cclFYADi.o
 .debug_loc     0x000000000000435e      0x314 /tmp/ccSSz5ma.o
 .debug_loc     0x0000000000004672       0x58 /tmp/cck1SOu2.o
 .debug_loc     0x00000000000046ca      0x13a /tmp/ccKk5F0U.o
 .debug_loc     0x0000000000004804       0x49 /tmp/ccLdSgZN.o
 .debug_loc     0x000000000000484d       0x9b /tmp/ccw83IcH.o

.debug_aranges  0x0000000000000000      0x1f0
 .debug_aranges
                0x0000000000000000       0x28 /tmp/ccmcgjOj.o
 .debug_aranges
                0x0000000000000028       0x20 /tmp/ccnXl9xX.o
 .debug_aranges
                0x0000000000000048       0x20 /tmp/ccKcXtoC.o
 .debug_aranges
                0x0000000000000068       0x20 /tmp/ccgLNmiq.o
 .debug_aranges
                0x0000000000000088       0x20 /tmp/cc1l6yDb.o
 .debug_aranges
                0x00000000000000a8       0x20 /tmp/cchgNQJv.o
 .debug_aranges
                0x00000000000000c8       0x20 /tmp/ccAE9HYJ.o
 .debug_aranges
                0x00000000000000e8       0x20 /tmp/cciwIpzA.o
 .debug_aranges
                0x0000000000000108       0x20 /tmp/cclFYADi.o
 .debug_aranges
                0x0000000000000128       0x20 /tmp/ccSSz5ma.o
 .debug_aranges
                0x0000000000000148       0x20 /tmp/cck1SOu2.o
 .debug_aranges
                0x0000000000000168       0x20 /tmp/ccKk5F0U.o
 .debug_aranges
                0x0000000000000188       0x20 /tmp/ccLdSgZN.o
 .debug_aranges
                0x00000000000001a8       0x20 /tmp/ccw83IcH.o
 .debug_aranges
                0x00000000000001c8       0x28 /tmp/ccNg3gsA.o

.debug_ranges   0x0000000000000000      0x198
 .debug_ranges  0x0000000000000000       0x30 /tmp/ccmcgjOj.o
 .debug_ranges  0x0000000000000030       0x28 /tmp/ccnXl9xX.o
 .debug_ranges  0x0000000000000058       0x20 /tmp/cchgNQJv.o
 .debug_ranges  0x0000000000000078       0xd0 /tmp/ccAE9HYJ.o
 .debug_ranges  0x0000000000000148       0x30 /tmp/ccLdSgZN.o
 .debug_ranges  0x0000000000000178       0x20 /tmp/ccNg3gsA.o

.debug_line     0x0000000000000000     0x343c
 .debug_line    0x0000000000000000      0x47a /tmp/ccmcgjOj.o
 .debug_line    0x000000000000047a      0x21c /tmp/ccnXl9xX.o
 .debug_line    0x0000000000000696      0x427 /tmp/ccKcXtoC.o
 .debug_line    0x0000000000000abd      0x385 /tmp/ccgLNmiq.o
 .debug_line    0x0000000000000e42      0x3f9 /tmp/cc1l6yDb.o
 .debug_line    0x000000000000123b      0x3ce /tmp/cchgNQJv.o
 .debug_line    0x0000000000001609      0x941 /tmp/ccAE9HYJ.o
 .debug_line    0x0000000000001f4a      0x3f6 /tmp/cciwIpzA.o
 .debug_line    0x0000000000002340      0x275 /tmp/cclFYADi.o
 .debug_line    0x00000000000025b5      0x352 /tmp/ccSSz5ma.o
 .debug_line    0x0000000000002907      0x287 /tmp/cck1SOu2.o
 .debug_line    0x0000000000002b8e      0x2dc /tmp/ccKk5F0U.o
 .debug_line    0x0000000000002e6a      0x32f /tmp/ccLdSgZN.o
 .debug_line    0x0000000000003199      0x1cf /tmp/ccw83IcH.o
 .debug_line    0x0000000000003368       0xd4 /tmp/ccNg3gsA.o

.debug_str      0x0000000000000000     0x31e2
 .debug_str     0x0000000000000000     0x1041 /tmp/ccmcgjOj.o
                                       0x1102 (size before relaxing)
 .debug_str     0x0000000000001041      0x13b /tmp/ccnXl9xX.o
                                        0x339 (size before relaxing)
 .debug_str     0x000000000000117c      0x430 /tmp/ccKcXtoC.o
                                        0x775 (size before relaxing)
 .debug_str     0x00000000000015ac      0x25c /tmp/ccgLNmiq.o
                                        0x593 (size before relaxing)
 .debug_str     0x0000000000001808      0x471 /tmp/cc1l6yDb.o
                                        0x6f2 (size before relaxing)
 .debug_str     0x0000000000001c79      0x303 /tmp/cchgNQJv.o
                                        0x67d (size before relaxing)
 .debug_str     0x0000000000001f7c      0x96e /tmp/ccAE9HYJ.o
                                        0xe6e (size before relaxing)
 .debug_str     0x00000000000028ea      0x42c /tmp/cciwIpzA.o
                                        0x733 (size before relaxing)
 .debug_str     0x0000000000002d16      0x15f /tmp/cclFYADi.o
                                        0x41b (size before relaxing)
 .debug_str     0x0000000000002e75       0xa1 /tmp/ccSSz5ma.o
                                        0x960 (size before relaxing)
 .debug_str     0x0000000000002f16       0x20 /tmp/cck1SOu2.o
                                        0x661 (size before relaxing)
 .debug_str     0x0000000000002f36       0x3c /tmp/ccKk5F0U.o
                                        0x810 (size before relaxing)
 .debug_str     0x0000000000002f72       0x96 /tmp/ccLdSgZN.o
                                        0xcaa (size before relaxing)
 .debug_str     0x0000000000003008      0x154 /tmp/ccw83IcH.o
                                        0x735 (size before relaxing)
 .debug_str     0x000000000000315c       0x86 /tmp/ccNg3gsA.o
                                         0xb6 (size before relaxing)

.comment        0x0000000000000000       0x7f
 .comment       0x0000000000000000       0x7f /tmp/ccmcgjOj.o
                                         0x80 (size before relaxing)
 .comment       0x000000000000007f       0x80 /tmp/ccnXl9xX.o
 .comment       0x000000000000007f       0x80 /tmp/ccKcXtoC.o
 .comment       0x000000000000007f       0x80 /tmp/ccgLNmiq.o
 .comment       0x000000000000007f       0x80 /tmp/cc1l6yDb.o
 .comment       0x000000000000007f       0x80 /tmp/cchgNQJv.o
 .comment       0x000000000000007f       0x80 /tmp/ccAE9HYJ.o
 .comment       0x000000000000007f       0x80 /tmp/cciwIpzA.o
 .comment       0x000000000000007f       0x80 /tmp/cclFYADi.o
 .comment       0x000000000000007f       0x80 /tmp/ccSSz5ma.o
 .comment       0x000000000000007f       0x80 /tmp/cck1SOu2.o
 .comment       0x000000000000007f       0x80 /tmp/ccKk5F0U.o
 .comment       0x000000000000007f       0x80 /tmp/ccLdSgZN.o
 .comment       0x000000000000007f       0x80 /tmp/ccw83IcH.o
